forced write latency scan, channel 0, from step 0, every 1 steps (16.7 ps), 64 MiB BIST per step, FPGA 54.9 C, board 48.0 C
  wl 0 +  0 .#.......  windows  0 10  0  0  0  0  0  0  0  BIST wrong beats 1048576 0 1048576 1048576 1048576 1048576 1048576 1048576 1048576
  wl 0 +  1 ##.......  windows 10 10  0  0  0  0  0  0  0  BIST wrong beats 0 0 1048576 1048576 1048576 1048576 1048576 1048576 1048576
  wl 0 +  2 ##.......  windows 10 10  0  0  0  0  0  0  0  BIST wrong beats 0 0 1048576 1048576 1048576 1048576 1048576 1048576 1048576
  wl 0 +  3 ##.......  windows 10 10  0  0  0  0  0  0  0  BIST wrong beats 0 0 1048576 1048576 1048576 1048576 1048576 1048576 1048576
  wl 0 +  4 ##.......  windows 10 10  0  0  0  0  0  0  0  BIST wrong beats 0 0 1048576 1048576 1048576 1048576 1048576 1048576 1048576
  wl 0 +  5 ##.......  windows 10 10  0  0  0  0  0  0  0  BIST wrong beats 0 0 1048576 1048576 1048576 1048576 1048576 1048576 1048576
  wl 0 +  6 ##.......  windows 10  9  0  0  0  0  0  0  0  BIST wrong beats 0 0 1048576 1048576 1048576 1048576 1048576 1048576 1048576
  wl 0 +  7 ##.......  windows 10 10  0  0  0  0  0  0  0  BIST wrong beats 0 0 1048576 1048576 1048576 1048576 1048576 1048576 1048576
  wl 0 +  8 ##.......  windows 10 10  0  0  0  0  0  0  0  BIST wrong beats 0 0 1048576 1048576 1048576 1048576 1048576 1048576 1048576
  wl 0 +  9 ##.......  windows 10 10  0  0  0  0  0  0  0  BIST wrong beats 0 0 1048576 1048576 1048576 1048576 1048576 1048576 1048576
  wl 0 + 10 ##.......  windows 10 10  0  0  0  0  0  0  0  BIST wrong beats 0 0 1048576 1048576 1048576 1048576 1048576 1048576 1048576
  wl 0 + 11 ##.......  windows 10 10  0  0  0  0  0  0  0  BIST wrong beats 0 0 1048576 1048576 1048576 1048576 1048576 1048576 1048576
  wl 0 + 12 ##.......  windows 10 10  0  0  0  0  0  0  0  BIST wrong beats 0 0 1048576 1048576 1048576 1048576 1048576 1048576 1048576
  wl 0 + 13 ##.......  windows 10 10  0  0  0  0  0  0  0  BIST wrong beats 0 0 1048576 1048576 1048576 1048576 1048576 1048576 1048576
  wl 0 + 14 #........  windows 10 10  0  0  0  0  0  0  0  BIST wrong beats 0 94 1048576 1048576 1048576 1048576 1048576 1048576 1048576
  wl 0 + 15 #........  windows 10 10  0  0  0  0  0  0  0  BIST wrong beats 0 447428 1048576 1048576 1048576 1048576 1048576 1048576 1048576
  wl 0 + 16 #........  windows 10  0  0  0  0  0  0  0  0  BIST wrong beats 0 1048576 1048576 1048576 1048576 1048576 1048576 1048576 1048576
  wl 0 + 17 .........  windows 10  0  0  0  0  0  0  0  0  BIST wrong beats 25 1048576 1048576 1048576 1048576 1048576 1048576 1048576 1048576
  wl 0 + 18 .........  windows 10  0  0  0  0  0  0  0  0  BIST wrong beats 208141 1048576 1048576 1048576 1048576 1048576 1048576 1048576 1048576
  wl 0 + 19 .........  windows  4  0  0  0  0  0  0  0  0  BIST wrong beats 1047153 1048576 1048576 1048576 1048576 1048576 1048576 1048576 1048576
  wl 0 + 20 .........  windows  0  0  0  0  0  0  0  0  0  BIST wrong beats 1048576 1048576 1048576 1048576 1048576 1048576 1048576 1048576 1048576
  wl 0 + 21 .........  windows  0  0  0  0  0  0  0  0  0  BIST wrong beats 1048576 1048576 1048576 1048576 1048576 1048576 1048576 1048576 1048576
  wl 0 + 22 .........  windows  0  0  0  0  0  0  0  0  0  BIST wrong beats 1048576 1048576 1048576 1048576 1048576 1048576 1048576 1048576 1048576
  wl 0 + 23 .........  windows  0  0  0  0  0  0  0  0  0  BIST wrong beats 1048576 1048576 1048576 1048576 1048576 1048576 1048576 1048576 1048576
  wl 0 + 24 .........  windows  0  0  0  0  0  0  0  0  0  BIST wrong beats 1048576 1048576 1048576 1048576 1048576 1048576 1048576 1048576 1048576
  wl 0 + 25 .........  windows  0  0  0  0  0  0  0  0  0  BIST wrong beats 1048576 1048576 1048576 1048576 1048576 1048576 1048576 1048576 1048576
  wl 0 + 26 .........  windows  0  0  0  0  0  0  0  0  0  BIST wrong beats 1048576 1048576 1048576 1048576 1048576 1048576 1048576 1048576 1048576
  wl 0 + 27 .........  windows  0  0  0  0  0  0  0  0  0  BIST wrong beats 1048576 1048576 1048576 1048576 1048576 1048576 1048576 1048576 1048576
  wl 0 + 28 .........  windows  0  0  0  0  0  0  0  0  0  BIST wrong beats 1048576 1048576 1048576 1048576 1048576 1048576 1048576 1048576 1048576
  wl 0 + 29 .........  windows  0  0  0  0  0  0  0  0  0  BIST wrong beats 1048576 1048576 1048576 1048576 1048576 1048576 1048576 1048576 1048576
  wl 0 + 30 .........  windows  0  0  0  0  0  0  0  0  0  BIST wrong beats 1048576 1048576 1048576 1048576 1048576 1048576 1048576 1048576 1048576
  wl 0 + 31 .........  windows  0  0  0  0  0  0  0  0  0  BIST wrong beats 1048576 1048576 1048576 1048576 1048576 1048576 1048576 1048576 1048576
  wl 0 + 32 .........  windows  0  0  0  0  0  0  0  0  0  BIST wrong beats 1048576 1048576 1048576 1048576 1048576 1048576 1048576 1048576 1048576
  wl 0 + 33 .........  windows  0  0  0  0  0  0  0  0  0  BIST wrong beats 1048576 1048576 1048576 1048576 1048576 1048576 1048576 1048576 1048576
  wl 0 + 34 .........  windows  0  0  0  0  0  0  0  0  0  BIST wrong beats 1048576 1048576 1048576 1048576 1048576 1048576 1048576 1048576 1048576
  wl 0 + 35 .........  windows  0  0  0  0  0  0  0  0  0  BIST wrong beats 1048576 1048576 1048576 1048576 1048576 1048576 1048576 1048576 1048576
  wl 0 + 36 .........  windows  0  0  0  0  0  0  0  0  0  BIST wrong beats 1048576 1048576 1048576 1048576 1048576 1048576 1048576 1048576 1048576
  wl 0 + 37 .........  windows  0  0  0  0  0  0  0  0  0  BIST wrong beats 1048576 1048576 1048576 1048576 1048576 1048576 1048576 1048576 1048576
  wl 0 + 38 .........  windows  0  0  0  0  0  0  0  0  0  BIST wrong beats 1048576 1048576 1048576 1048576 1048576 1048576 1048576 1048576 1048576
  wl 0 + 39 .........  windows  0  0  0  0  0  0  0  0  0  BIST wrong beats 1048576 1048576 1048576 1048576 1048576 1048576 1048576 1048576 1048576
  wl 0 + 40 .........  windows  0  0  0  0  0  0  0  0  0  BIST wrong beats 1048576 1048576 1048576 1048576 1048576 1048576 1048576 1048576 1048576
  wl 0 + 41 .........  windows  0  0  0  0  0  0  0  0  0  BIST wrong beats 1048576 1048576 1048576 1048576 1048576 1048576 1048576 1048576 1048576
  wl 0 + 42 .........  windows  0  0  0  0  0  0  0  0  0  BIST wrong beats 1048576 1048576 1048576 1048576 1048576 1048576 1048576 1048576 1048576
  wl 0 + 43 .........  windows  0  0  0  0  0  0  0  0  0  BIST wrong beats 1048576 1048576 1048576 1048576 1048576 1048576 1048576 1048576 1048576
  wl 0 + 44 .........  windows  0  0  0  0  0  0  0  0  0  BIST wrong beats 1048576 1048576 1048576 1048576 1048576 1048576 1048576 1048576 1048576
  wl 0 + 45 .........  windows  0  0  0  0  0  0  0  0  0  BIST wrong beats 1048576 1048576 1048576 1048576 1048576 1048576 1048576 1048576 1048576
  wl 0 + 46 .........  windows  0  0  0  0  0  0  0  0  0  BIST wrong beats 1048576 1048576 1048576 1048576 1048576 1048576 1048576 1048576 1048576
  wl 0 + 47 .........  windows  0  0  0  0  0  0  0  0  0  BIST wrong beats 1048576 1048576 1048576 1048576 1048576 1048576 1048576 1048576 1048576
  wl 0 + 48 .........  windows  0  0  0  0  0  0  0  0  0  BIST wrong beats 1048576 1048576 1048576 1048576 1048576 1048576 1048576 1048576 1048576
  wl 0 + 49 .........  windows  0  0  0  0  0  0  0  0  0  BIST wrong beats 1048576 1048576 1048576 1048576 1048576 1048576 1048576 1048576 1048576
  wl 0 + 50 .........  windows  0  0  0  0  0  0  0  0  0  BIST wrong beats 1048576 1048576 1048576 1048576 1048576 1048576 1048576 1048576 1048576
  wl 0 + 51 .........  windows  0  0  0  0  0  0  0  0  0  BIST wrong beats 1048576 1048576 1048576 1048576 1048576 1048576 1048576 1048576 1048576
  wl 0 + 52 .........  windows  0  0  0  0  0  0  0  0  0  BIST wrong beats 1048576 1048576 1048576 1048576 1048576 1048576 1048576 1048576 1048576
  wl 0 + 53 .........  windows  0  0  0  0  0  0  0  0  0  BIST wrong beats 1048576 1048576 1048576 1048576 1048576 1048576 1048576 1048576 1048576
  wl 0 + 54 .........  windows  0  0  0  0  0  0  0  0  0  BIST wrong beats 1048576 1048576 1048576 1048576 1048576 1048576 1048576 1048576 1048576
  wl 0 + 55 .........  windows  0  0  0  0  0  0  0  0  0  BIST wrong beats 1048576 1048576 1048576 1048576 1048576 1048576 1048576 1048576 1048576
  wl 0 + 56 #######.#  windows 10  9 10 10  9 11 10  0 11  BIST wrong beats 0 0 0 0 0 0 0 1048576 0
  wl 0 + 57 #######.#  windows 10  9 11 10 10 11 10  0 10  BIST wrong beats 0 0 0 0 0 0 0 1048576 0
  wl 0 + 58 #######.#  windows 10  9 10 10 11 10 10  0 10  BIST wrong beats 0 0 0 0 0 0 0 1048576 0
  wl 0 + 59 #######.#  windows 10  9 10 10 11 10 10  0 10  BIST wrong beats 0 0 0 0 0 0 0 1048576 0
  wl 0 + 60 #######.#  windows 10 10 10 10 11 10 10  0 10  BIST wrong beats 0 0 0 0 0 0 0 1048576 0
  wl 0 + 61 #######.#  windows 10 10 10 10 11 10 10  0 10  BIST wrong beats 0 0 0 0 0 0 0 1048576 0
  wl 0 + 62 #######.#  windows 10  9  9 10 10 10 10  0 10  BIST wrong beats 0 0 0 0 0 0 0 1048576 0
  wl 0 + 63 #######.#  windows 10 10 10 10 11 10 10  0 10  BIST wrong beats 0 0 0 0 0 0 0 1048576 0
  wl 0 + 64 #######.#  windows 10 10  9 10 11 10 10  0 10  BIST wrong beats 0 0 0 0 0 0 0 1048576 0
  wl 0 + 65 #######.#  windows 10 10  9 10 11 10 11  0 10  BIST wrong beats 0 0 0 0 0 0 0 1048576 0
  wl 0 + 66 #######.#  windows 10 10 10 10 10 10 10  0 10  BIST wrong beats 0 0 0 0 0 0 0 1048576 0
  wl 0 + 67 #######.#  windows 10 10  9 10 10 10 10  0 10  BIST wrong beats 0 0 0 0 0 0 0 1048576 0
  wl 0 + 68 #######.#  windows 10 10  9 10 10 10 10  0 10  BIST wrong beats 0 0 0 0 0 0 0 1048576 0
  wl 0 + 69 #######.#  windows 10 10  9 10 11 10 11  0 10  BIST wrong beats 0 0 0 0 0 0 0 1048576 0
  wl 0 + 70 ######..#  windows 10 10 10 10 11 10 10  0 10  BIST wrong beats 0 0 0 0 0 0 1211 1048576 0
  wl 0 + 71 ######..#  windows 10  9  9 10 11 10  2  0 10  BIST wrong beats 0 0 0 0 0 0 128645 1048576 0
  wl 0 + 72 ######..#  windows 10 10 10 10 10 10  0  0 10  BIST wrong beats 0 0 0 0 0 0 1048576 1048576 0
  wl 0 + 73 ######..#  windows 10 10 10 10 11 10  0  0 10  BIST wrong beats 0 0 0 0 0 0 1048576 1048576 0
  wl 0 + 74 ######..#  windows 10  9  9 10  9 10  0  0 10  BIST wrong beats 0 0 0 0 0 0 1048576 1048576 0
  wl 0 + 75 ######..#  windows  9 10 10 10 10 10  0  0 10  BIST wrong beats 0 0 0 0 0 0 1048576 1048576 0
  wl 0 + 76 #####...#  windows 10 10 10 10 10 10  0  0 10  BIST wrong beats 0 0 0 0 0 16 1048576 1048576 0
  wl 0 + 77 ####....#  windows 10 10 10 10 11  1  0  0 10  BIST wrong beats 0 0 0 0 1 79469 1048576 1048576 0
  wl 0 + 78 ####....#  windows 10 10 10 10  9  0  0  0 10  BIST wrong beats 0 0 0 0 4946 1048576 1048576 1048576 0
  wl 0 + 79 ####....#  windows 10  9 10 10  0  0  0  0 10  BIST wrong beats 0 0 0 0 1048576 1048576 1048576 1048576 0
  wl 0 + 80 ####....#  windows 10 10 10 10  0  0  0  0 10  BIST wrong beats 0 0 0 0 1048576 1048576 1048576 1048576 0
  wl 0 + 81 ####....#  windows 10 10 10 10  0  0  0  0 10  BIST wrong beats 0 0 0 0 1048576 1048576 1048576 1048576 0
  wl 0 + 82 ####....#  windows 10 10  9 10  0  0  0  0 10  BIST wrong beats 0 0 0 0 1048576 1048576 1048576 1048576 0
  wl 0 + 83 ####....#  windows 10 10 10 10  0  0  0  0 10  BIST wrong beats 0 0 0 0 1048576 1048576 1048576 1048576 0
  wl 0 + 84 ####.....  windows 10 10 10 10  0  0  0  0 10  BIST wrong beats 0 0 0 0 1048576 1048576 1048576 1048576 143
  wl 0 + 85 ####.....  windows 10 10  9 10  0  0  0  0  6  BIST wrong beats 0 0 0 0 1048576 1048576 1048576 1048576 55509
  wl 0 + 86 ####.....  windows 10 10 11 10  0  0  0  0  0  BIST wrong beats 0 0 0 0 1048576 1048576 1048576 1048576 1048576
  wl 0 + 87 ####.....  windows 10 10 10 10  0  0  0  0  0  BIST wrong beats 0 0 0 0 1048576 1048576 1048576 1048576 1048576
  wl 0 + 88 ####.....  windows 10  9 10 10  0  0  0  0  0  BIST wrong beats 0 0 0 0 1048576 1048576 1048576 1048576 1048576
  wl 0 + 89 ####.....  windows 10 10 10 10  0  0  0  0  0  BIST wrong beats 0 0 0 0 1048576 1048576 1048576 1048576 1048576
  wl 0 + 90 ####.....  windows 10  9 10 10  0  0  0  0  0  BIST wrong beats 0 0 0 0 1048576 1048576 1048576 1048576 1048576
  wl 0 + 91 ####.....  windows 10 10 10 10  0  0  0  0  0  BIST wrong beats 0 0 0 0 1048576 1048576 1048576 1048576 1048576
  wl 0 + 92 ####.....  windows 10 10 10 10  0  0  0  0  0  BIST wrong beats 0 0 0 0 1048576 1048576 1048576 1048576 1048576
  wl 0 + 93 ####.....  windows 10 10 10 10  0  0  0  0  0  BIST wrong beats 0 0 0 0 1048576 1048576 1048576 1048576 1048576
  wl 0 + 94 ####.....  windows 10 10 11 10  0  0  0  0  0  BIST wrong beats 0 0 0 0 1048576 1048576 1048576 1048576 1048576
  wl 0 + 95 ####.....  windows 10 10 10 10  0  0  0  0  0  BIST wrong beats 0 0 0 0 1048576 1048576 1048576 1048576 1048576
  wl 0 + 96 ####.....  windows 10 10 10 10  0  0  0  0  0  BIST wrong beats 0 0 0 0 1048576 1048576 1048576 1048576 1048576
  wl 0 + 97 ####.....  windows 10 10  9 10  0  0  0  0  0  BIST wrong beats 0 0 0 0 1048576 1048576 1048576 1048576 1048576
  wl 0 + 98 ####.....  windows 10 10 10 10  0  0  0  0  0  BIST wrong beats 0 0 0 0 1048576 1048576 1048576 1048576 1048576
  wl 0 + 99 ####.....  windows 10 10  9 10  0  0  0  0  0  BIST wrong beats 0 0 0 0 1048576 1048576 1048576 1048576 1048576
  wl 0 +100 ####.....  windows 10 10 10 10  0  0  0  0  0  BIST wrong beats 0 0 0 0 1048576 1048576 1048576 1048576 1048576
  wl 0 +101 ####.....  windows 10 10 11 10  0  0  0  0  0  BIST wrong beats 0 0 0 0 1048576 1048576 1048576 1048576 1048576
  wl 0 +102 ####.....  windows 10 10 10 10  0  0  0  0  0  BIST wrong beats 0 0 0 0 1048576 1048576 1048576 1048576 1048576
  wl 0 +103 ####.....  windows 10 10 11 10  0  0  0  0  0  BIST wrong beats 0 0 0 0 1048576 1048576 1048576 1048576 1048576
  wl 0 +104 ####.....  windows 10 10 10 10  0  0  0  0  0  BIST wrong beats 0 0 0 0 1048576 1048576 1048576 1048576 1048576
  wl 0 +105 ###......  windows 10 10 11  5  0  0  0  0  0  BIST wrong beats 0 0 0 1029152 1048576 1048576 1048576 1048576 1048576
  wl 0 +106 ###......  windows 10 10 10  0  0  0  0  0  0  BIST wrong beats 0 0 0 1048576 1048576 1048576 1048576 1048576 1048576
  wl 0 +107 ###......  windows 11 10 10  0  0  0  0  0  0  BIST wrong beats 0 0 0 1048576 1048576 1048576 1048576 1048576 1048576
  wl 0 +108 ###......  windows 10 10 10  0  0  0  0  0  0  BIST wrong beats 0 0 0 1048576 1048576 1048576 1048576 1048576 1048576
  wl 0 +109 ##.......  windows 10 10 10  0  0  0  0  0  0  BIST wrong beats 0 0 111 1048576 1048576 1048576 1048576 1048576 1048576
  wl 0 +110 .#.......  windows  0 10  0  0  0  0  0  0  0  BIST wrong beats 1048576 0 1048576 1048576 1048576 1048576 1048576 1048576 1048576
  wl 0 +111 .#.......  windows  0 10  2  0  0  0  0  0  0  BIST wrong beats 1048576 0 1048398 1048576 1048576 1048576 1048576 1048576 1048576
  wl 2 +  0 .........  windows  0  0  0  0  0  0  0  0  0  BIST wrong beats 1048576 1048576 1048576 1048576 549747 1018429 1048576 1048576 1048576
  wl 2 +  1 .........  windows  0  0  0  0  0  0  0  0  0  BIST wrong beats 1048576 1048576 1048576 1048576 530265 1032495 1044481 1048576 1048576
  wl 2 +  2 .........  windows  0  0  0  0  0  0  0  0  0  BIST wrong beats 1048576 1048576 1048576 1048576 533433 1016470 9998 1048576 1048576
  wl 2 +  3 .........  windows  0  0  0  0  0  0  0  0  0  BIST wrong beats 1048576 1048576 1048576 1048576 548961 1020494 9997 1048576 1048576
  wl 2 +  4 .........  windows  0  0  0  0  0  0  0  0  0  BIST wrong beats 1048576 1048576 1048576 1048576 569466 1035402 9996 1048576 1048576
  wl 2 +  5 .........  windows  0  0  0  0  0  0  0  0  0  BIST wrong beats 1048576 1048576 1048576 1048576 581012 1028894 9997 1048576 1048576
  wl 2 +  6 .........  windows  0  0  0  0  0  0  0  0  0  BIST wrong beats 1048576 1048576 1048576 1048576 600130 1037614 9996 1048576 1048576
  wl 2 +  7 .........  windows  0  0  0  0  0  0  0  0  0  BIST wrong beats 1048576 1048576 1048576 1048576 605634 1031545 9997 1048576 1048576
  wl 2 +  8 .........  windows  0  0  0  0  0  0  0  0  0  BIST wrong beats 1048576 1048576 1048576 1048576 611644 1028691 9997 1048576 1048576
  wl 2 +  9 .........  windows  0  0  0  0  0  0  0  0  0  BIST wrong beats 1048576 1048576 1048576 1048576 609928 1038633 10001 1048576 1048576
  wl 2 + 10 .........  windows  0  0  0  0  0  0  0  0  0  BIST wrong beats 1048576 1048576 1048576 1048576 610088 1039108 9998 1048576 1048576
  wl 2 + 11 .........  windows  0  0  0  0  0  0  0  0  0  BIST wrong beats 1048576 1048576 1048576 1048576 613353 1028770 9999 1048576 1048576
  wl 2 + 12 .........  windows  0  0  0  0  0  0  0  0  0  BIST wrong beats 1048576 1048576 1048576 1048576 611892 1039423 9999 1048576 1048576
  wl 2 + 13 .........  windows  0  0  0  0  0  0  0  0  0  BIST wrong beats 1048576 1048576 1048576 1048576 612757 1032324 9993 1048576 1048576
  wl 2 + 14 .........  windows  0  0  0  0  0  0  0  0  0  BIST wrong beats 1048576 1048576 1048576 1048576 601091 1038118 9993 1048576 1048576
  wl 2 + 15 .........  windows  0  0  0  0  0  0  0  0  0  BIST wrong beats 1048576 1048576 1048576 1048576 598270 1037982 9998 1048576 1048576
  wl 2 + 16 .........  windows  0  0  0  0  0  0  0  0  0  BIST wrong beats 1048576 1048576 1048576 1048576 592256 1037800 9994 1048576 1048576
  wl 2 + 17 .........  windows  0  0  0  0  0  0  0  0  0  BIST wrong beats 1048576 1048576 1048576 1048576 584638 1037505 9999 1048576 1048576
  wl 2 + 18 .........  windows  0  0  0  0  0  0  0  0  0  BIST wrong beats 1048576 1048576 1048576 1048576 589223 1024650 10000 1048576 1048576
  wl 2 + 19 .........  windows  0  0  0  0  0  0  0  0  0  BIST wrong beats 1048576 1048576 1048576 1048576 598263 1025480 10000 1048576 1048576
  wl 2 + 20 .........  windows  0  0  0  0  0  0  0  0  0  BIST wrong beats 1048576 1048576 1048576 1048576 594323 1037010 9996 1048576 1048576
  wl 2 + 21 .........  windows  0  0  0  0  0  0  0  0  0  BIST wrong beats 1048576 1048576 1048576 1048576 597798 1028500 9998 1048576 1048576
  wl 2 + 22 .........  windows  0  0  0  0  0  0  0  0  0  BIST wrong beats 1048576 1048576 1048576 1048576 578859 1022705 9996 1048576 1048576
  wl 2 + 23 .........  windows  0  0  0  0  0  0  0  0  0  BIST wrong beats 1048576 1048576 1048576 1048576 479005 1022666 9995 1048576 1048576
  wl 2 + 24 .........  windows  0  0  0  0  0  0  0  0  0  BIST wrong beats 1048576 1048576 1048576 1048576 566041 1020195 9999 1048576 1048576
  wl 2 + 25 .........  windows  0  0  0  0  0  0  0  0  0  BIST wrong beats 1048576 1048576 1048576 1048576 558556 1034318 9999 1048576 1048576
  wl 2 + 26 .........  windows  0  0  0  0  0  0  0  0  0  BIST wrong beats 1048576 1048576 1048576 1048576 557967 1034180 9994 1048576 1048576
  wl 2 + 27 .........  windows  0  0  0  0  0  0  0  0  0  BIST wrong beats 1048576 1048576 1048576 1048576 560014 1017914 9995 1048576 1048576
  wl 2 + 28 .........  windows  0  0  0  0  0  0  0  0  0  BIST wrong beats 1048576 1048576 1048576 1048576 513705 1026934 9997 1048576 1048576
  wl 2 + 29 .........  windows  0  0  0  0  0  0  0  0  0  BIST wrong beats 1048576 1048576 1048576 1048576 507106 1006931 10003 1048576 1048576
  wl 2 + 30 .........  windows  0  0  0  0  0  0  0  0  0  BIST wrong beats 1048576 1048576 1048576 1048576 509272 1025994 10001 1048576 1048576
  wl 2 + 31 .........  windows  0  0  0  0  0  0  0  0  0  BIST wrong beats 1048576 1048576 1048576 1048576 509878 1006706 10001 1048576 1048576
  wl 2 + 32 .........  windows  0  0  0  0  0  0  0  0  0  BIST wrong beats 1048576 1048576 1048576 1048576 510486 1027247 9993 1048576 1048576
  wl 2 + 33 .........  windows  0  0  0  0  0  0  0  0  0  BIST wrong beats 1048576 1048576 1048576 1048576 518401 1027951 10000 1048576 1048576
  wl 2 + 34 .........  windows  0  0  0  0  0  0  0  0  0  BIST wrong beats 1048576 1048576 1048576 1048576 512278 1007371 9993 1048576 1048576
  wl 2 + 35 .........  windows  0  0  0  0  0  0  0  0  0  BIST wrong beats 1048576 1048576 1048576 1048576 499463 1007330 9998 1048576 1048576
  wl 2 + 36 .........  windows  0  0  0  0  0  0  0  0  0  BIST wrong beats 1048576 1048576 1048576 1048576 504828 1012468 9999 1048576 1048576
  wl 2 + 37 .........  windows  0  0  0  0  0  0  0  0  0  BIST wrong beats 1048576 1048576 1048576 1048576 502082 1005252 10000 1048576 1048576
  wl 2 + 38 .........  windows  0  0  0  0  0  0  0  0  0  BIST wrong beats 1048576 1048576 1048576 1048576 509495 1025496 9997 1048576 1048576
  wl 2 + 39 .........  windows  0  0  0  0  0  0  0  0  0  BIST wrong beats 1048576 1048576 1048576 1048576 498848 1003374 9993 1048576 1048576
  wl 2 + 40 .........  windows  0  0  0  0  0  0  0  0  0  BIST wrong beats 1048576 1048576 1048576 1048576 497136 1025483 9995 1048576 1048576
  wl 2 + 41 .........  windows  0  0  0  0  0  0  0  0  0  BIST wrong beats 1048576 1048576 1048576 1048576 496959 1025442 9995 1048576 1048576
  wl 2 + 42 .........  windows  0  0  0  0  0  0  0  0  0  BIST wrong beats 1048576 1048576 1048576 1048576 499810 1025503 9998 1048576 1048576
  wl 2 + 43 .........  windows  0  0  0  0  0  0  0  0  0  BIST wrong beats 1048576 1048576 1048576 1048576 499564 1010999 9996 1048576 1048576
  wl 2 + 44 .........  windows  0  0  0  0  0  0  0  0  0  BIST wrong beats 1048576 1048576 1048576 1048576 507485 1010647 9996 1048576 1048576
  wl 2 + 45 .........  windows  0  0  0  0  0  0  0  0  0  BIST wrong beats 1048576 1048576 1048576 1048576 498245 1010172 9996 1048576 1048576
  wl 2 + 46 .........  windows  0  0  0  0  0  0  0  0  0  BIST wrong beats 1048576 1048576 1048576 1048576 512359 1006182 9993 1048576 1048576
  wl 2 + 47 .........  windows  0  0  0  0  0  0  0  0  0  BIST wrong beats 1048576 1048576 1048576 1048576 526909 1009570 9996 1048576 1048576
  wl 2 + 48 .........  windows  0  0  0  0  0  0  0  0  0  BIST wrong beats 1048576 1048576 1048576 1048576 521273 1015454 9994 1048576 1048576
  wl 2 + 49 .........  windows  0  0  0  0  0  0  0  0  0  BIST wrong beats 1048576 1048576 1048576 1048576 525920 1029046 10000 1048576 1048576
  wl 2 + 50 .........  windows  0  0  0  0  0  0  0  0  0  BIST wrong beats 1048576 1048576 1048576 1048576 542638 1030574 9999 1048576 1048576
  wl 2 + 51 .........  windows  0  0  0  0  0  0  0  0  0  BIST wrong beats 1048576 1048576 1048576 1048576 547591 1014734 9993 1048576 1048576
  wl 2 + 52 .........  windows  0  0  0  0  0  0  0  0  0  BIST wrong beats 1048576 1048576 1048576 1048576 575586 1034273 9996 1048576 1048576
  wl 2 + 53 .........  windows  0  0  0  0  0  0  0  0  0  BIST wrong beats 1048576 1048576 1048576 1048576 587195 1024654 9996 1048576 1048576
  wl 2 + 54 .........  windows  0  0  0  0  0  0  0  0  0  BIST wrong beats 1048576 1048576 1048576 1048576 595988 1026275 9996 1048576 1048576
  wl 2 + 55 .........  windows  0  0  0  0  0  0  0  0  0  BIST wrong beats 1048576 1048576 1048576 1048576 595006 1036750 9998 1048576 1048576
  wl 2 + 56 .........  windows  0  0  0  0  0  0  0  0  0  BIST wrong beats 1048576 1048576 1048576 1048576 1048576 1048576 1048576 1048576 1048576
  wl 2 + 57 .........  windows  0  0  0  0  0  0  0  0  0  BIST wrong beats 1048576 1048576 1048576 1048576 1048576 1048576 1048576 1048576 1048576
  wl 2 + 58 .........  windows  0  0  0  0  0  0  0  0  0  BIST wrong beats 1048576 1048576 1048576 1048576 1048576 1048576 1048576 1048576 1048576
  wl 2 + 59 .........  windows  0  0  0  0  0  0  0  0  0  BIST wrong beats 1048576 1048576 1048576 1048576 1048576 1048576 1048576 1048576 1048576
  wl 2 + 60 .........  windows  0  0  0  0  0  0  0  0  0  BIST wrong beats 1048576 1048576 1048576 1048576 1048576 1048576 1048576 1048576 1048576
  wl 2 + 61 .........  windows  0  0  0  0  0  0  0  0  0  BIST wrong beats 1048576 1048576 1048576 1048576 1048576 1048576 1048576 1048576 1048576
  wl 2 + 62 .........  windows  0  0  0  0  0  0  0  0  0  BIST wrong beats 1048576 1048576 1048576 1048576 1048576 1048576 1048576 1048576 1048576
  wl 2 + 63 .........  windows  0  0  0  0  0  0  0  0  0  BIST wrong beats 1048576 1048576 1048576 1048576 1048576 1048576 1048576 1048576 1048576
  wl 2 + 64 .........  windows  0  0  0  0  0  0  0  0  0  BIST wrong beats 1048576 1048576 1048576 1048576 1048576 1048576 1048576 1048576 1048576
  wl 2 + 65 .........  windows  0  0  0  0  0  0  0  0  0  BIST wrong beats 1048576 1048576 1048576 1048576 1048576 1048576 1048576 1048576 1048576
  wl 2 + 66 .........  windows  0  0  0  0  0  0  0  0  0  BIST wrong beats 1048576 1048576 1048576 1048576 1048576 1048576 1048576 1048576 1048576
  wl 2 + 67 .........  windows  0  0  0  0  0  0  0  0  0  BIST wrong beats 1048576 1048576 1048576 1048576 1048576 1048576 1048576 1048576 1048576
  wl 2 + 68 .........  windows  0  0  0  0  0  0  0  0  0  BIST wrong beats 1048576 1048576 1048576 1048576 1048576 1048576 1048576 1048576 1048576
  wl 2 + 69 .........  windows  0  0  0  0  0  0  0  0  0  BIST wrong beats 1048576 1048576 1048576 1048576 1048576 1048576 1048576 1048576 1048576
  wl 2 + 70 .........  windows  0  0  0  0  0  0  0  0  0  BIST wrong beats 1048576 1048576 1048576 1048576 1048576 1048576 1048576 1048576 1048576
  wl 2 + 71 .........  windows  0  0  0  0  0  0  0  0  0  BIST wrong beats 1048576 1048576 1048576 1048576 1048576 1048576 1048576 1048576 1048576
  wl 2 + 72 .........  windows  0  0  0  0  0  0  0  0  0  BIST wrong beats 1048576 1048576 1048576 1048576 1048576 1048576 1048576 1048576 1048576
  wl 2 + 73 .........  windows  0  0  0  0  0  0  0  0  0  BIST wrong beats 1048576 1048576 1048576 1048576 1048576 1048576 1048576 1048576 1048576
  wl 2 + 74 .........  windows  0  0  0  0  0  0  0  0  0  BIST wrong beats 1048576 1048576 1048576 1048576 1048576 1048576 1048576 1048576 1048576
  wl 2 + 75 .........  windows  0  0  0  0  0  0  0  0  0  BIST wrong beats 1048576 1048576 1048576 1048576 1048576 1048576 829844 1048576 1048576
  wl 2 + 76 .........  windows  0  0  0  0  0  0  0  0  0  BIST wrong beats 1048576 1048576 1048576 1048576 1048576 1048576 22874 1048576 1048576
  wl 2 + 77 .........  windows  0  0  0  0  0  0  0  0  0  BIST wrong beats 1048576 1048576 1048576 1048576 1048576 1048576 9998 1048576 1048576
  wl 2 + 78 .........  windows  0  0  0  0  0  0  0  0  0  BIST wrong beats 1048576 1048576 1048576 1048576 1048576 1048576 9997 1048576 1048576
  wl 2 + 79 .........  windows  0  0  0  0  0  0  0  0  0  BIST wrong beats 1048576 1048576 1048576 1048576 1048576 1048576 9997 1048576 1048576
  wl 2 + 80 .........  windows  0  0  0  0  0  0  0  0  0  BIST wrong beats 1048576 1048576 1048576 1048576 1048576 1048575 9991 1048576 1048576
  wl 2 + 81 .........  windows  0  0  0  0  0  0  0  0  0  BIST wrong beats 1048576 1048576 1048576 1048576 1048576 1035253 9991 1048576 1048576
  wl 2 + 82 .........  windows  0  0  0  0  0  0  0  0  0  BIST wrong beats 1048576 1048576 1048576 1048576 1048565 1029150 9998 1048576 1048576
  wl 2 + 83 .........  windows  0  0  0  0  0  0  0  0  0  BIST wrong beats 1048576 1048576 1048576 1048576 915774 1029980 9996 1048576 1048576
  wl 2 + 84 .........  windows  0  0  0  0  0  0  0  0  0  BIST wrong beats 1048576 1048576 1048576 1048576 516554 1030450 9996 1048576 1048576
  wl 2 + 85 .........  windows  0  0  0  0  0  0  0  0  0  BIST wrong beats 1048576 1048576 1048576 1048576 506512 1029290 10000 1048576 1048576
  wl 2 + 86 .........  windows  0  0  0  0  0  0  0  0  0  BIST wrong beats 1048576 1048576 1048576 1048576 496151 1008104 9994 1048576 1048576
  wl 2 + 87 .........  windows  0  0  0  0  0  0  0  0  0  BIST wrong beats 1048576 1048576 1048576 1048576 492713 1006763 10001 1048576 1048576
  wl 2 + 88 .........  windows  0  0  0  0  0  0  0  0  0  BIST wrong beats 1048576 1048576 1048576 1048576 495311 1026057 9997 1048576 1048576
  wl 2 + 89 .........  windows  0  0  0  0  0  0  0  0  0  BIST wrong beats 1048576 1048576 1048576 1048576 482005 1004552 9996 1048576 1048576
  wl 2 + 90 .........  windows  0  0  0  0  0  0  0  0  0  BIST wrong beats 1048576 1048576 1048576 1048576 477157 1010373 9998 1048576 1048576
  wl 2 + 91 .........  windows  0  0  0  0  0  0  0  0  0  BIST wrong beats 1048576 1048576 1048576 1048576 472977 1023057 9997 1048576 1048576
  wl 2 + 92 .........  windows  0  0  0  0  0  0  0  0  0  BIST wrong beats 1048576 1048576 1048576 1048576 470951 999848 9998 1048576 1048576
  wl 2 + 93 .........  windows  0  0  0  0  0  0  0  0  0  BIST wrong beats 1048576 1048576 1048576 1048576 459506 997972 9996 1048576 1048576
  wl 2 + 94 .........  windows  0  0  0  0  0  0  0  0  0  BIST wrong beats 1048576 1048576 1048576 1048576 457701 998360 10000 1048576 1048576
  wl 2 + 95 .........  windows  0  0  0  0  0  0  0  0  0  BIST wrong beats 1048576 1048576 1048576 1048576 450227 997656 9994 1048576 1048576
  wl 2 + 96 .........  windows  0  0  0  0  0  0  0  0  0  BIST wrong beats 1048576 1048576 1048576 1048576 453388 1005381 9993 1048576 1048576
  wl 2 + 97 .........  windows  0  0  0  0  0  0  0  0  0  BIST wrong beats 1048576 1048576 1048576 1048576 465972 1002297 10003 1048576 1048576
  wl 2 + 98 .........  windows  0  0  0  0  0  0  0  0  0  BIST wrong beats 1048576 1048576 1048576 1048576 471849 1022334 9997 1048576 1048576
  wl 2 + 99 .........  windows  0  0  0  0  0  0  0  0  0  BIST wrong beats 1048576 1048576 1048576 1048576 473414 1001648 9994 1048576 1048576
  wl 2 +100 .........  windows  0  0  0  0  0  0  0  0  0  BIST wrong beats 1048576 1048576 1048576 1048576 475458 1023672 9994 1048576 1048576
  wl 2 +101 .........  windows  0  0  0  0  0  0  0  0  0  BIST wrong beats 1048576 1048576 1048576 1048576 483342 1002140 9998 1048576 1048576
  wl 2 +102 .........  windows  0  0  0  0  0  0  0  0  0  BIST wrong beats 1048576 1048576 1048576 1048576 476212 1004680 9996 1048576 1048576
  wl 2 +103 .........  windows  0  0  0  0  0  0  0  0  0  BIST wrong beats 1048576 1048576 1048576 1048576 486680 1025025 9995 1048576 1048576
  wl 2 +104 .........  windows  0  0  0  0  0  0  0  0  0  BIST wrong beats 1048576 1048576 1048576 1048576 490429 1025027 9997 1048576 1048576
  wl 2 +105 .........  windows  0  0  0  0  0  0  0  0  0  BIST wrong beats 1048576 1048576 1048576 1048576 504632 1009531 9993 1048576 1048576
  wl 2 +106 .........  windows  0  0  0  0  0  0  0  0  0  BIST wrong beats 1048576 1048576 1048576 1048576 502318 1028168 9999 1048576 1048576
  wl 2 +107 .........  windows  0  0  0  0  0  0  0  0  0  BIST wrong beats 1048576 1048576 1048576 1048576 519302 1017450 9998 1048576 1048576
  wl 2 +108 .........  windows  0  0  0  0  0  0  0  0  0  BIST wrong beats 1048576 1048576 1048576 1048576 487095 1015483 9998 1048576 1048576
  wl 2 +109 .........  windows  0  0  0  0  0  0  0  0  0  BIST wrong beats 1048576 1048576 1048576 1048576 455621 1024646 1048561 1048576 1048576
  wl 2 +110 .........  windows  0  0  0  0  0  0  0  0  0  BIST wrong beats 1048576 1048576 1048576 1048576 482918 1006267 1044479 1048576 1048576
  wl 2 +111 .........  windows  0  0  0  0  0  0  0  0  0  BIST wrong beats 1048576 1048576 1048576 1048576 491096 1029332 1044553 1048576 1048576
  wl 4 +  0 .........  windows  0  0  0  0  0  0  0  0  0  BIST wrong beats 1048576 1048576 1048576 1048576 1048576 1048576 1048576 1048576 1048576
  wl 4 +  1 .........  windows  0  0  0  0  0  0  0  0  0  BIST wrong beats 1048576 1048576 1048576 1048576 1048576 1048576 1048576 1048576 1048576
  wl 4 +  2 .........  windows  0  0  0  0  0  0  0  0  0  BIST wrong beats 1048576 1048576 1048576 1048576 1048576 1048576 1048576 1048576 1048576
  wl 4 +  3 .........  windows  0  0  0  0  0  0  0  0  0  BIST wrong beats 1048576 1048576 1048576 1048576 1048576 1048576 1048576 1048576 1048576
  wl 4 +  4 .........  windows  0  0  0  0  0  0  0  0  0  BIST wrong beats 1048576 1048576 1048576 1048576 1048576 1048576 1048576 1048576 1048576
  wl 4 +  5 .........  windows  0  0  0  0  0  0  0  0  0  BIST wrong beats 1048576 1048576 1048576 1048576 1048576 1048576 1048576 1048576 1048576
  wl 4 +  6 .........  windows  0  0  0  0  0  0  0  0  0  BIST wrong beats 1048576 1048576 1048576 1048576 1048576 1048576 1048576 1048576 1048576
  wl 4 +  7 .........  windows  0  0  0  0  0  0  0  0  0  BIST wrong beats 1048576 1048576 1048576 1048576 1048576 1048576 1048576 1048576 1048576
  wl 4 +  8 .........  windows  0  0  0  0  0  0  0  0  0  BIST wrong beats 1048576 1048576 1048576 1048576 1048576 1048576 1048576 1048576 1048576
  wl 4 +  9 .........  windows  0  0  0  0  0  0  0  0  0  BIST wrong beats 1048576 1048576 1048576 1048576 1048576 1048576 1048576 1048576 1048576
  wl 4 + 10 .........  windows  0  0  0  0  0  0  0  0  0  BIST wrong beats 1048576 1048576 1048576 1048576 1048576 1048576 1048576 1048576 1048576
  wl 4 + 11 .........  windows  0  0  0  0  0  0  0  0  0  BIST wrong beats 1048576 1048576 1048576 1048576 1048576 1048576 1048576 1048576 1048576
  wl 4 + 12 .........  windows  0  0  0  0  0  0  0  0  0  BIST wrong beats 1048576 1048576 1048576 1048576 1048576 1048576 1048576 1048576 1048576
  wl 4 + 13 .........  windows  0  0  0  0  0  0  0  0  0  BIST wrong beats 1048576 1048576 1048576 1048576 1048576 1048576 1048576 1048576 1048576
  wl 4 + 14 .........  windows  0  0  0  0  0  0  0  0  0  BIST wrong beats 1048576 1048576 1048576 1048576 1048576 1048576 1048576 1048576 1048576
  wl 4 + 15 .........  windows  0  0  0  0  0  0  0  0  0  BIST wrong beats 1048576 1048576 1048576 1048576 1048576 1048576 1048576 1048576 1048576
  wl 4 + 16 .........  windows  0  0  0  0  0  0  0  0  0  BIST wrong beats 1048576 1048576 1048576 1048576 1048576 1048576 1048576 1048576 1048576
  wl 4 + 17 .........  windows  0  0  0  0  0  0  0  0  0  BIST wrong beats 1048576 1048576 1048576 1048576 1048576 1048576 1048576 1048576 1048576
  wl 4 + 18 .........  windows  0  0  0  0  0  0  0  0  0  BIST wrong beats 1048576 1048576 1048576 1048576 1048576 1048576 1048576 1048576 1048576
  wl 4 + 19 .........  windows  0  0  0  0  0  0  0  0  0  BIST wrong beats 1048576 1048576 1048576 1048576 1048576 1048576 1048576 1048576 1048576
  wl 4 + 20 .........  windows  0  0  0  0  0  0  0  0  0  BIST wrong beats 1048576 1048576 1048576 1048576 1048576 1048576 1048576 1048576 1048576
  wl 4 + 21 .........  windows  0  0  0  0  0  0  0  0  0  BIST wrong beats 1048576 1048576 1048576 1048576 1048576 1048576 1048576 1048576 1048576
  wl 4 + 22 .........  windows  0  0  0  0  0  0  0  0  0  BIST wrong beats 1048576 1048576 1048576 1048576 1048576 1048576 1048576 1048576 1048576
  wl 4 + 23 .........  windows  0  0  0  0  0  0  0  0  0  BIST wrong beats 1048576 1048576 1048576 1048576 1048576 1048576 1048576 1048576 1048576
  wl 4 + 24 .........  windows  0  0  0  0  0  0  0  0  0  BIST wrong beats 1048576 1048576 1048576 1048576 1048576 1048576 1048576 1048576 1048576
  wl 4 + 25 .........  windows  0  0  0  0  0  0  0  0  0  BIST wrong beats 1048576 1048576 1048576 1048576 1048576 1048576 1048576 1048576 1048576
  wl 4 + 26 .........  windows  0  0  0  0  0  0  0  0  0  BIST wrong beats 1048576 1048576 1048576 1048576 1048576 1048576 1048576 1048576 1048576
  wl 4 + 27 .........  windows  0  0  0  0  0  0  0  0  0  BIST wrong beats 1048576 1048576 1048576 1048576 1048576 1048576 1048576 1048576 1048576
  wl 4 + 28 .........  windows  0  0  0  0  0  0  0  0  0  BIST wrong beats 1048576 1048576 1048576 1048576 1048576 1048576 1048576 1048576 1048576
  wl 4 + 29 .........  windows  0  0  0  0  0  0  0  0  0  BIST wrong beats 1048576 1048576 1048576 1048576 1048576 1048576 1048576 1048576 1048576
  wl 4 + 30 .........  windows  0  0  0  0  0  0  0  0  0  BIST wrong beats 1048576 1048576 1048576 1048576 1048576 1048576 1048576 1048576 1048576
  wl 4 + 31 .........  windows  0  0  0  0  0  0  0  0  0  BIST wrong beats 1048576 1048576 1048576 1048576 1048576 1048576 1048576 1048576 1048576
  wl 4 + 32 .........  windows  0  0  0  0  0  0  0  0  0  BIST wrong beats 1048576 1048576 1048576 1048576 1048576 1048576 1048576 1048576 1048576
  wl 4 + 33 .........  windows  0  0  0  0  0  0  0  0  0  BIST wrong beats 1048576 1048576 1048576 1048576 1048576 1048576 1048576 1048576 1048576
  wl 4 + 34 .........  windows  0  0  0  0  0  0  0  0  0  BIST wrong beats 1048576 1048576 1048576 1048576 1048576 1048576 1048576 1048576 1048576
  wl 4 + 35 .........  windows  0  0  0  0  0  0  0  0  0  BIST wrong beats 1048576 1048576 1048576 1048576 1048576 1048576 1048576 1048576 1048576
  wl 4 + 36 .........  windows  0  0  0  0  0  0  0  0  0  BIST wrong beats 1048576 1048576 1048576 1048576 1048576 1048576 1048576 1048576 1048576
  wl 4 + 37 .........  windows  0  0  0  0  0  0  0  0  0  BIST wrong beats 1048576 1048576 1048576 1048576 1048576 1048576 1048576 1048576 1048576
  wl 4 + 38 .........  windows  0  0  0  0  0  0  0  0  0  BIST wrong beats 1048576 1048576 1048576 1048576 1048576 1048576 1048576 1048576 1048576
  wl 4 + 39 .........  windows  0  0  0  0  0  0  0  0  0  BIST wrong beats 1048576 1048576 1048576 1048576 1048576 1048576 1048576 1048576 1048576
  wl 4 + 40 .........  windows  0  0  0  0  0  0  0  0  0  BIST wrong beats 1048576 1048576 1048576 1048576 1048576 1048576 1048576 1048576 1048576
  wl 4 + 41 .........  windows  0  0  0  0  0  0  0  0  0  BIST wrong beats 1048576 1048576 1048576 1048576 1048576 1048576 1048576 1048576 1048576
  wl 4 + 42 .........  windows  0  0  0  0  0  0  0  0  0  BIST wrong beats 1048576 1048576 1048576 1048576 1048576 1048576 1048576 1048576 1048576
  wl 4 + 43 .........  windows  0  0  0  0  0  0  0  0  0  BIST wrong beats 1048576 1048576 1048576 1048576 1048576 1048576 1048576 1048576 1048576
  wl 4 + 44 .........  windows  0  0  0  0  0  0  0  0  0  BIST wrong beats 1048576 1048576 1048576 1048576 1048576 1048576 1048576 1048576 1048576
  wl 4 + 45 .........  windows  0  0  0  0  0  0  0  0  0  BIST wrong beats 1048576 1048576 1048576 1048576 1048576 1048576 1048576 1048576 1048576
  wl 4 + 46 .........  windows  0  0  0  0  0  0  0  0  0  BIST wrong beats 1048576 1048576 1048576 1048576 1048576 1048576 1048576 1048576 1048576
  wl 4 + 47 .........  windows  0  0  0  0  0  0  0  0  0  BIST wrong beats 1048576 1048576 1048576 1048576 1048576 1048576 1048576 1048576 1048576
  wl 4 + 48 .........  windows  0  0  0  0  0  0  0  0  0  BIST wrong beats 1048576 1048576 1048576 1048576 1048576 1048576 1048576 1048576 1048576
  wl 4 + 49 .........  windows  0  0  0  0  0  0  0  0  0  BIST wrong beats 1048576 1048576 1048576 1048576 1048576 1048576 1048576 1048576 1048576
  wl 4 + 50 .........  windows  0  0  0  0  0  0  0  0  0  BIST wrong beats 1048576 1048576 1048576 1048576 1048576 1048576 1048576 1048576 1048576
  wl 4 + 51 .........  windows  0  0  0  0  0  0  0  0  0  BIST wrong beats 1048576 1048576 1048576 1048576 1048576 1048576 1048576 1048576 1048576
  wl 4 + 52 .........  windows  0  0  0  0  0  0  0  0  0  BIST wrong beats 1048576 1048576 1048576 1048576 1048576 1048576 1048576 1048576 1048576
  wl 4 + 53 .........  windows  0  0  0  0  0  0  0  0  0  BIST wrong beats 1048576 1048576 1048576 1048576 1048576 1048576 1048576 1048576 1048576
  wl 4 + 54 .........  windows  0  0  0  0  0  0  0  0  0  BIST wrong beats 1048576 1048576 1048576 1048576 1048576 1048576 1048576 1048576 1048576
  wl 4 + 55 .........  windows  0  0  0  0  0  0  0  0  0  BIST wrong beats 1048576 1048576 1048576 1048576 1048576 1048576 1048576 1048576 1048576
  wl 4 + 56 .........  windows  0  0  0  0  0  0  0  0  0  BIST wrong beats 1048576 1048576 1048576 1048576 555116 1037518 10000 1048576 1048576
  wl 4 + 57 .........  windows  0  0  0  0  0  0  0  0  0  BIST wrong beats 1048576 1048576 1048576 1048576 564400 1038399 9997 1048576 1048576
  wl 4 + 58 .........  windows  0  0  0  0  0  0  0  0  0  BIST wrong beats 1048576 1048576 1048576 1048576 552877 1023733 10001 1048576 1048576
  wl 4 + 59 .........  windows  0  0  0  0  0  0  0  0  0  BIST wrong beats 1048576 1048576 1048576 1048576 519833 1034476 10000 1048576 1048576
  wl 4 + 60 .........  windows  0  0  0  0  0  0  0  0  0  BIST wrong beats 1048576 1048576 1048576 1048576 530651 1033417 9998 1048576 1048576
  wl 4 + 61 .........  windows  0  0  0  0  0  0  0  0  0  BIST wrong beats 1048576 1048576 1048576 1048576 515111 1017030 9997 1048576 1048576
  wl 4 + 62 .........  windows  0  0  0  0  0  0  0  0  0  BIST wrong beats 1048576 1048576 1048576 1048576 517841 1031862 9994 1048576 1048576
  wl 4 + 63 .........  windows  0  0  0  0  0  0  0  0  0  BIST wrong beats 1048576 1048576 1048576 1048576 517105 1016773 9994 1048576 1048576
  wl 4 + 64 .........  windows  0  0  0  0  0  0  0  0  0  BIST wrong beats 1048576 1048576 1048576 1048576 519500 1017183 9995 1048576 1048576
  wl 4 + 65 .........  windows  0  0  0  0  0  0  0  0  0  BIST wrong beats 1048576 1048576 1048576 1048576 523831 1017260 9999 1048576 1048576
  wl 4 + 66 .........  windows  0  0  0  0  0  0  0  0  0  BIST wrong beats 1048576 1048576 1048576 1048576 517657 1016326 10001 1048576 1048576
  wl 4 + 67 .........  windows  0  0  0  0  0  0  0  0  0  BIST wrong beats 1048576 1048576 1048576 1048576 517274 1032482 9994 1048576 1048576
  wl 4 + 68 .........  windows  0  0  0  0  0  0  0  0  0  BIST wrong beats 1048576 1048576 1048576 1048576 527762 1018301 9999 1048576 1048576
  wl 4 + 69 .........  windows  0  0  0  0  0  0  0  0  0  BIST wrong beats 1048576 1048576 1048576 1048576 533596 1033921 9998 1048576 1048576
  wl 4 + 70 .........  windows  0  0  0  0  0  0  0  0  0  BIST wrong beats 1048576 1048576 1048576 1048576 538585 1023564 12420 1048576 1048576
  wl 4 + 71 .........  windows  0  0  0  0  0  0  0  0  0  BIST wrong beats 1048576 1048576 1048576 1048576 528342 1023080 148459 1048576 1048576
  wl 4 + 72 .........  windows  0  0  0  0  0  0  0  0  0  BIST wrong beats 1048576 1048576 1048576 1048576 525490 1024585 1048540 1048576 1048576
  wl 4 + 73 .........  windows  0  0  0  0  0  0  0  0  0  BIST wrong beats 1048576 1048576 1048576 1048576 531548 1033574 1048576 1048576 1048576
  wl 4 + 74 .........  windows  0  0  0  0  0  0  0  0  0  BIST wrong beats 1048576 1048576 1048576 1048576 524721 1019286 1048576 1048576 1048576
  wl 4 + 75 .........  windows  0  0  0  0  0  0  0  0  0  BIST wrong beats 1048576 1048576 1048576 1048576 516813 1032415 1048576 1048576 1048576
  wl 4 + 76 .........  windows  0  0  0  0  0  0  0  0  0  BIST wrong beats 1048576 1048576 1048576 1048576 523234 1024539 1048576 1048576 1048576
  wl 4 + 77 .........  windows  0  0  0  0  0  0  0  0  0  BIST wrong beats 1048576 1048576 1048576 1048576 514741 1036490 1048576 1048576 1048576
  wl 4 + 78 .........  windows  0  0  0  0  0  0  0  0  0  BIST wrong beats 1048576 1048576 1048576 1048576 533373 1048532 1048576 1048576 1048576
  wl 4 + 79 .........  windows  0  0  0  0  0  0  0  0  0  BIST wrong beats 1048576 1048576 1048576 1048576 990138 1048576 1048576 1048576 1048576
  wl 4 + 80 .........  windows  0  0  0  0  0  0  0  0  0  BIST wrong beats 1048576 1048576 1048576 1048576 1048576 1048576 1048576 1048576 1048576
  wl 4 + 81 .........  windows  0  0  0  0  0  0  0  0  0  BIST wrong beats 1048576 1048576 1048576 1048576 1048576 1048576 1048576 1048576 1048576
  wl 4 + 82 .........  windows  0  0  0  0  0  0  0  0  0  BIST wrong beats 1048576 1048576 1048576 1048576 1048576 1048576 1048576 1048576 1048576
  wl 4 + 83 .........  windows  0  0  0  0  0  0  0  0  0  BIST wrong beats 1048576 1048576 1048576 1048576 1048576 1048576 1048576 1048576 1048576
  wl 4 + 84 .........  windows  0  0  0  0  0  0  0  0  0  BIST wrong beats 1048576 1048576 1048576 1048576 1048576 1048576 1048576 1048576 1048576
  wl 4 + 85 .........  windows  0  0  0  0  0  0  0  0  0  BIST wrong beats 1048576 1048576 1048576 1048576 1048576 1048576 1048576 1048576 1048576
  wl 4 + 86 .........  windows  0  0  0  0  0  0  0  0  0  BIST wrong beats 1048576 1048576 1048576 1048576 1048576 1048576 1048576 1048576 1048576
  wl 4 + 87 .........  windows  0  0  0  0  0  0  0  0  0  BIST wrong beats 1048576 1048576 1048576 1048576 1048576 1048576 1048576 1048576 1048576
  wl 4 + 88 .........  windows  0  0  0  0  0  0  0  0  0  BIST wrong beats 1048576 1048576 1048576 1048576 1048576 1048576 1048576 1048576 1048576
  wl 4 + 89 .........  windows  0  0  0  0  0  0  0  0  0  BIST wrong beats 1048576 1048576 1048576 1048576 1048576 1048576 1048576 1048576 1048576
  wl 4 + 90 .........  windows  0  0  0  0  0  0  0  0  0  BIST wrong beats 1048576 1048576 1048576 1048576 1048576 1048576 1048576 1048576 1048576
  wl 4 + 91 .........  windows  0  0  0  0  0  0  0  0  0  BIST wrong beats 1048576 1048576 1048576 1048576 1048576 1048576 1048576 1048576 1048576
  wl 4 + 92 .........  windows  0  0  0  0  0  0  0  0  0  BIST wrong beats 1048576 1048576 1048576 1048576 1048576 1048576 1048576 1048576 1048576
  wl 4 + 93 .........  windows  0  0  0  0  0  0  0  0  0  BIST wrong beats 1048576 1048576 1048576 1048576 1048576 1048576 1048576 1048576 1048576
  wl 4 + 94 .........  windows  0  0  0  0  0  0  0  0  0  BIST wrong beats 1048576 1048576 1048576 1048576 1048576 1048576 1048576 1048576 1048576
  wl 4 + 95 .........  windows  0  0  0  0  0  0  0  0  0  BIST wrong beats 1048576 1048576 1048576 1048576 1048576 1048576 1048576 1048576 1048576
  wl 4 + 96 .........  windows  0  0  0  0  0  0  0  0  0  BIST wrong beats 1048576 1048576 1048576 1048576 1048576 1048576 1048576 1048576 1048576
  wl 4 + 97 .........  windows  0  0  0  0  0  0  0  0  0  BIST wrong beats 1048576 1048576 1048576 1048576 1048576 1048576 1048576 1048576 1048576
  wl 4 + 98 .........  windows  0  0  0  0  0  0  0  0  0  BIST wrong beats 1048576 1048576 1048576 1048576 1048576 1048576 1048576 1048576 1048576
  wl 4 + 99 .........  windows  0  0  0  0  0  0  0  0  0  BIST wrong beats 1048576 1048576 1048576 1048576 1048576 1048576 1048576 1048576 1048576
  wl 4 +100 .........  windows  0  0  0  0  0  0  0  0  0  BIST wrong beats 1048576 1048576 1048576 1048576 1048576 1048576 1048576 1048576 1048576
  wl 4 +101 .........  windows  0  0  0  0  0  0  0  0  0  BIST wrong beats 1048576 1048576 1048576 1048576 1048576 1048576 1048576 1048576 1048576
  wl 4 +102 .........  windows  0  0  0  0  0  0  0  0  0  BIST wrong beats 1048576 1048576 1048576 1048576 1048576 1048576 1048576 1048576 1048576
  wl 4 +103 .........  windows  0  0  0  0  0  0  0  0  0  BIST wrong beats 1048576 1048576 1048576 1048576 1048576 1048576 1048576 1048576 1048576
  wl 4 +104 .........  windows  0  0  0  0  0  0  0  0  0  BIST wrong beats 1048576 1048576 1048576 1048576 1048576 1048576 1048576 1048576 1048576
  wl 4 +105 .........  windows  0  0  0  0  0  0  0  0  0  BIST wrong beats 1048576 1048576 1048576 1048576 1048576 1048576 1048576 1048576 1048576
  wl 4 +106 .........  windows  0  0  0  0  0  0  0  0  0  BIST wrong beats 1048576 1048576 1048576 1048576 1048576 1048576 1048576 1048576 1048576
  wl 4 +107 .........  windows  0  0  0  0  0  0  0  0  0  BIST wrong beats 1048576 1048576 1048576 1048576 1048576 1048576 1048576 1048576 1048576
  wl 4 +108 .........  windows  0  0  0  0  0  0  0  0  0  BIST wrong beats 1048576 1048576 1048576 1048576 1048576 1048576 1048576 1048576 1048576
  wl 4 +109 .........  windows  0  0  0  0  0  0  0  0  0  BIST wrong beats 1048576 1048576 1048576 1048576 1048576 1048576 1048576 1048576 1048576
  wl 4 +110 .........  windows  0  0  0  0  0  0  0  0  0  BIST wrong beats 1048576 1048576 1048576 1048576 1048576 1048576 1048576 1048576 1048576
  wl 4 +111 .........  windows  0  0  0  0  0  0  0  0  0  BIST wrong beats 1048576 1048576 1048576 1048576 1048576 1048576 1048576 1048576 1048576
  wl 6 +  0 ....##..#  windows  0  0  0  0 10 10  0  0 10  BIST wrong beats 1048576 1048576 1048576 1048576 0 0 1048576 1048576 0
  wl 6 +  1 ....##..#  windows  0  0  0  0 10 10  0  0 10  BIST wrong beats 1048576 1048576 1048576 1048576 0 0 1048576 1048576 0
  wl 6 +  2 ...####.#  windows  0  0  9 10 11 10 10  0 10  BIST wrong beats 1048576 1048576 823512 0 0 0 0 1048576 0
  wl 6 +  3 ...####.#  windows  0  0  9 10 10 10 10  0 10  BIST wrong beats 1048576 1048576 564 0 0 0 0 1048576 0
  wl 6 +  4 ..#####.#  windows  0  0 10 10 11 10 10  0 10  BIST wrong beats 1048576 1048576 0 0 0 0 0 1048576 0
  wl 6 +  5 ..#####.#  windows  0  0  9 10 11 10 10  0 10  BIST wrong beats 1048576 1048576 0 0 0 0 0 1048576 0
  wl 6 +  6 ..#####.#  windows  0  0 10 10 10 10 11  0 10  BIST wrong beats 1048576 1048576 0 0 0 0 0 1048576 0
  wl 6 +  7 ..#####.#  windows  0  0 10 10 10 10 10  0 10  BIST wrong beats 1048576 1048576 0 0 0 0 0 1048576 0
  wl 6 +  8 ..#####.#  windows  0  0 10 10 10 10 11  0 10  BIST wrong beats 1048576 1048576 0 0 0 0 0 1048576 0
  wl 6 +  9 ..#####.#  windows  0  0  9 10 10 10 10  0 10  BIST wrong beats 1048576 1048576 0 0 0 0 0 1048576 0
  wl 6 + 10 ..#####.#  windows  0  0 10 10 11 10 10  0 10  BIST wrong beats 1048576 1048576 0 0 0 0 0 1048576 0
  wl 6 + 11 ..#####.#  windows  0  0 10 10 11 10 10  0 10  BIST wrong beats 1048576 1048576 0 0 0 0 0 1048576 0
  wl 6 + 12 ..#####.#  windows  0  0  9 10 10 10 11  0 10  BIST wrong beats 1048576 1048576 0 0 0 0 0 1048576 0
  wl 6 + 13 ..#####.#  windows  0  0 11 10 11 10 11  0 10  BIST wrong beats 1048576 1048576 0 0 0 0 0 1048576 0
  wl 6 + 14 ..#####.#  windows  0  0 10 10 10 10 10  0 10  BIST wrong beats 1048576 1048576 0 0 0 0 0 1048576 0
  wl 6 + 15 ..#####.#  windows  0  0 10 10 10 10 11  0 10  BIST wrong beats 1048576 1048576 0 0 0 0 0 1048576 0
  wl 6 + 16 ..#####.#  windows  0  0 10 10 10 10 10  0 10  BIST wrong beats 1048576 1048576 0 0 0 0 0 1048576 0
  wl 6 + 17 ..#####.#  windows  0  0 10 10 11 10 10  0 10  BIST wrong beats 1048576 1048576 0 0 0 0 0 1048576 0
  wl 6 + 18 ..#####.#  windows  0  0 10 10 10 10 10  0 10  BIST wrong beats 1048576 1048576 0 0 0 0 0 1048576 0
  wl 6 + 19 ..#####.#  windows  0  0 11 10 11 10 10  0 10  BIST wrong beats 1048576 1048576 0 0 0 0 0 1048576 0
  wl 6 + 20 ..#####.#  windows  0 10 10 10 10 10 10  0 10  BIST wrong beats 1048576 234885 0 0 0 0 0 1048576 0
  wl 6 + 21 .######.#  windows  0 10  9 10 10 10 10  0 10  BIST wrong beats 1048576 0 0 0 0 0 0 1048576 0
  wl 6 + 22 .######.#  windows  0  9 10 10 11 10 10  0 10  BIST wrong beats 1048576 0 0 0 0 0 0 1048576 0
  wl 6 + 23 .######.#  windows  2 10 10 10 10 10 10  0 10  BIST wrong beats 694700 0 0 0 0 0 0 1048576 0
  wl 6 + 24 .######.#  windows 10 10 10 10  9 10 10  0 10  BIST wrong beats 149 0 0 0 0 0 0 1048576 0
  wl 6 + 25 #######.#  windows 10 10 10 10 11 10 10  0 10  BIST wrong beats 0 0 0 0 0 0 0 1048576 0
  wl 6 + 26 #######.#  windows 10 10 10 10 10 10 10  0 10  BIST wrong beats 0 0 0 0 0 0 0 1048576 0
  wl 6 + 27 #######.#  windows 10 10 11 10 11 10 11  0 10  BIST wrong beats 0 0 0 0 0 0 0 1048576 0
  wl 6 + 28 #######.#  windows 10 10 10 10 11 10 10  0 10  BIST wrong beats 0 0 0 0 0 0 0 1048576 0
  wl 6 + 29 #######.#  windows 10 10 10 10 10 10 10  0 10  BIST wrong beats 0 0 0 0 0 0 0 1048576 0
  wl 6 + 30 #######.#  windows 10 10 10 10 11 10 10  0 10  BIST wrong beats 0 0 0 0 0 0 0 1048576 0
  wl 6 + 31 #######.#  windows 10 10 10 10 10 10 10  0  9  BIST wrong beats 0 0 0 0 0 0 0 1048576 0
  wl 6 + 32 #######.#  windows 10 10 11 10 11 10 10  0 10  BIST wrong beats 0 0 0 0 0 0 0 1048576 0
  wl 6 + 33 #######.#  windows 10 10 10 10 10 10 11  0 10  BIST wrong beats 0 0 0 0 0 0 0 1048576 0
  wl 6 + 34 #######.#  windows 11 10 10 10 11 10 11  0 10  BIST wrong beats 0 0 0 0 0 0 0 1048576 0
  wl 6 + 35 #######.#  windows 10 10 10 10 11 10 10  0 10  BIST wrong beats 0 0 0 0 0 0 0 1048576 0
  wl 6 + 36 #######.#  windows 10 10 10 10 10 10 11  0 10  BIST wrong beats 0 0 0 0 0 0 0 1048576 0
  wl 6 + 37 #######.#  windows  9 10 10 10 10 10 11  0  9  BIST wrong beats 0 0 0 0 0 0 0 1048576 0
  wl 6 + 38 #######.#  windows 11 10 10 10 10 10 10  0 10  BIST wrong beats 0 0 0 0 0 0 0 1048576 0
  wl 6 + 39 #######.#  windows 10 10 10 10 10 10 11  0 10  BIST wrong beats 0 0 0 0 0 0 0 1048576 0
  wl 6 + 40 #######.#  windows 10 10 10 10 10 10 10  0 10  BIST wrong beats 0 0 0 0 0 0 0 1048576 0
  wl 6 + 41 #######.#  windows 10 10 10 10 10 10 10  0 10  BIST wrong beats 0 0 0 0 0 0 0 1048576 0
  wl 6 + 42 #######.#  windows 10 10 10 10 10 10 11  0 10  BIST wrong beats 0 0 0 0 0 0 0 1048576 0
  wl 6 + 43 #######.#  windows 10 10 10 10 11 10 10  0 10  BIST wrong beats 0 0 0 0 0 0 0 1048576 0
  wl 6 + 44 #######.#  windows 10 10 11 10 11 10 11  0 10  BIST wrong beats 0 0 0 0 0 0 0 1048576 0
  wl 6 + 45 #######.#  windows 11 10 10 10 10 10 10  0 10  BIST wrong beats 0 0 0 0 0 0 0 1048576 0
  wl 6 + 46 #######.#  windows 10 10 10 10 10 10 10  0 10  BIST wrong beats 0 0 0 0 0 0 0 1048576 0
  wl 6 + 47 #######.#  windows 10 10 10 10 11 10 10  0 10  BIST wrong beats 0 0 0 0 0 0 0 1048576 0
  wl 6 + 48 #######.#  windows 10 10 10 10 10 10 11  0 10  BIST wrong beats 0 0 0 0 0 0 0 1048576 0
  wl 6 + 49 #######.#  windows 11 10 10 10 10 10 10  0 10  BIST wrong beats 0 0 0 0 0 0 0 1048576 0
  wl 6 + 50 #######.#  windows 11 10 10 10 10 10 11  0 10  BIST wrong beats 0 0 0 0 0 0 0 1048576 0
  wl 6 + 51 #######.#  windows 10 10 10 10 11 11 10  0 10  BIST wrong beats 0 0 0 0 0 0 0 1048576 0
  wl 6 + 52 #######.#  windows 11 10 10 10 11 10 11  0 10  BIST wrong beats 0 0 0 0 0 0 0 1048576 0
  wl 6 + 53 #######.#  windows 10 10 10 10 10 10 11  0 10  BIST wrong beats 0 0 0 0 0 0 0 1048576 0
  wl 6 + 54 #######.#  windows 10 10 10 10 10 10 11  0 10  BIST wrong beats 0 0 0 0 0 0 0 1048576 0
  wl 6 + 55 #######.#  windows 10 10 10 10 11 10 11  0 10  BIST wrong beats 0 0 0 0 0 0 0 1048576 0
  wl 6 + 56 .........  windows  0  0  0  0  0  0  0  0  0  BIST wrong beats 1048576 1048576 1048576 1048576 1048576 1048576 1048576 1048576 1048576
  wl 6 + 57 .........  windows  0  0  0  0  0  0  0  0  0  BIST wrong beats 1048576 1048576 1048576 1048576 1048576 1048576 1048576 1048576 1048576
  wl 6 + 58 .........  windows  0  0  0  0  0  0  0  0  0  BIST wrong beats 1048576 1048576 1048576 1048576 1048576 1048576 1048576 1048576 1048576
  wl 6 + 59 .........  windows  0  0  0  0  0  0  0  0  0  BIST wrong beats 1048576 1048576 1048576 1048576 1048576 1048576 1048576 1048576 1048576
  wl 6 + 60 .........  windows  0  0  0  0  0  0  0  0  0  BIST wrong beats 1048576 1048576 1048576 1048576 1048576 1048576 1048576 1048576 1048576
  wl 6 + 61 .........  windows  0  0  0  0  0  0  0  0  0  BIST wrong beats 1048576 1048576 1048576 1048576 1048576 1048576 1048576 1048576 1048576
  wl 6 + 62 .........  windows  0  0  0  0  0  0  0  0  0  BIST wrong beats 1048576 1048576 1048576 1048576 1048576 1048576 1048576 1048576 1048576
  wl 6 + 63 .........  windows  0  0  0  0  0  0  0  0  0  BIST wrong beats 1048576 1048576 1048576 1048576 1048576 1048576 1048576 1048576 1048576
  wl 6 + 64 .........  windows  0  0  0  0  0  0  0  0  0  BIST wrong beats 1048576 1048576 1048576 1048576 1048576 1048576 1048576 1048576 1048576
  wl 6 + 65 .........  windows  0  0  0  0  0  0  0  0  0  BIST wrong beats 1048576 1048576 1048576 1048576 1048576 1048576 1048576 1048576 1048576
  wl 6 + 66 .........  windows  0  0  0  0  0  0  0  0  0  BIST wrong beats 1048576 1048576 1048576 1048576 1048576 1048576 1048576 1048576 1048576
  wl 6 + 67 .........  windows  0  0  0  0  0  0  0  0  0  BIST wrong beats 1048576 1048576 1048576 1048576 1048576 1048576 1048576 1048576 1048576
  wl 6 + 68 .........  windows  0  0  0  0  0  0  0  0  0  BIST wrong beats 1048576 1048576 1048576 1048576 1048576 1048576 1048576 1048576 1048576
  wl 6 + 69 .........  windows  0  0  0  0  0  0  0  0  0  BIST wrong beats 1048576 1048576 1048576 1048576 1048576 1048576 1048576 1048576 1048576
  wl 6 + 70 .........  windows  0  0  0  0  0  0  0  0  0  BIST wrong beats 1048576 1048576 1048576 1048576 1048576 1048576 1048576 1048576 1048576
  wl 6 + 71 .........  windows  0  0  0  0  0  0  0  0  0  BIST wrong beats 1048576 1048576 1048576 1048576 1048576 1048576 1048576 1048576 1048576
  wl 6 + 72 .........  windows  0  0  0  0  0  0  0  0  0  BIST wrong beats 1048576 1048576 1048576 1048576 1048576 1048576 1048576 1048576 1048576
  wl 6 + 73 .........  windows  0  0  0  0  0  0  0  0  0  BIST wrong beats 1048576 1048576 1048576 1048576 1048576 1048576 1048576 1048576 1048576
  wl 6 + 74 .........  windows  0  0  0  0  0  0  0  0  0  BIST wrong beats 1048576 1048576 1048576 1048576 1048576 1048576 1048576 1048576 1048576
  wl 6 + 75 .........  windows  0  0  0  0  0  0  0  0  0  BIST wrong beats 1048576 1048576 1048576 1048576 1048576 1048576 1048576 1048576 1048576
  wl 6 + 76 .........  windows  0  0  0  0  0  0 11  0  0  BIST wrong beats 1048576 1048576 1048576 1048576 1048576 1048576 1351 1048576 1048576
  wl 6 + 77 ......#..  windows  0  0  0  0  0  0 11  0  0  BIST wrong beats 1048576 1048576 1048576 1048576 1048576 1048576 0 1048576 1048576
  wl 6 + 78 ......#..  windows  0  0  0  0  0  0 11  0  0  BIST wrong beats 1048576 1048576 1048576 1048576 1048576 1048576 0 1048576 1048576
  wl 6 + 79 ......#..  windows  0  0  0  0  0  0 11  0  0  BIST wrong beats 1048576 1048576 1048576 1048576 1048576 1048576 0 1048576 1048576
  wl 6 + 80 ......#..  windows  0  0  0  0  0  0 10  0  0  BIST wrong beats 1048576 1048576 1048576 1048576 1048576 1048576 0 1048576 1048576
  wl 6 + 81 ......#..  windows  0  0  0  0  0  1 10  0  0  BIST wrong beats 1048576 1048576 1048576 1048576 1048576 142995 0 1048576 1048576
  wl 6 + 82 ......#..  windows  0  0  0  0  0 10 10  0  0  BIST wrong beats 1048576 1048576 1048576 1048576 1048576 10 0 1048576 1048576
  wl 6 + 83 .....##..  windows  0  0  0  0  0 10 10  0  0  BIST wrong beats 1048576 1048576 1048576 1048576 1048576 0 0 1048576 1048576
  wl 6 + 84 ....###..  windows  0  0  0  0 11 10 11  0  0  BIST wrong beats 1048576 1048576 1048576 1048576 0 0 0 1048576 1048576
  wl 6 + 85 ....###..  windows  0  0  0  0 10 10 10  0  0  BIST wrong beats 1048576 1048576 1048576 1048576 0 0 0 1048576 1048576
  wl 6 + 86 ....###..  windows  0  0  0  0 10 10 11  0  0  BIST wrong beats 1048576 1048576 1048576 1048576 0 0 0 1048576 1048576
  wl 6 + 87 ....###..  windows  0  0  0  0 11 10 10  0  0  BIST wrong beats 1048576 1048576 1048576 1048576 0 0 0 1048576 1048576
  wl 6 + 88 ....###..  windows  0  0  0  0 10 10 11  0  0  BIST wrong beats 1048576 1048576 1048576 1048576 0 0 0 1048576 1048576
  wl 6 + 89 ....###..  windows  0  0  0  0 11 10 10  0  0  BIST wrong beats 1048576 1048576 1048576 1048576 0 0 0 1048576 1048576
  wl 6 + 90 ....###..  windows  0  0  0  0 11 10 10  0  9  BIST wrong beats 1048576 1048576 1048576 1048576 0 0 0 1048576 5233
  wl 6 + 91 ....###.#  windows  0  0  0  0 10 10 11  0 10  BIST wrong beats 1048576 1048576 1048576 1048576 0 0 0 1048576 0
  wl 6 + 92 ....###.#  windows  0  0  0  0 10 10 10  0 10  BIST wrong beats 1048576 1048576 1048576 1048576 0 0 0 1048576 0
  wl 6 + 93 ....###.#  windows  0  0  0  0 10 10 10  0 10  BIST wrong beats 1048576 1048576 1048576 1048576 0 0 0 1048576 0
  wl 6 + 94 ....###.#  windows  0  0  0  0 10 10 10  0 10  BIST wrong beats 1048576 1048576 1048576 1048576 0 0 0 1048576 0
  wl 6 + 95 ....###.#  windows  0  0  0  0 10 10 10  0 10  BIST wrong beats 1048576 1048576 1048576 1048576 0 0 0 1048576 0
  wl 6 + 96 ....###.#  windows  0  0  0  0 11 10 10  0 10  BIST wrong beats 1048576 1048576 1048576 1048576 0 0 0 1048576 0
  wl 6 + 97 ....###.#  windows  0  0  0  0  9 10 10  0 10  BIST wrong beats 1048576 1048576 1048576 1048576 0 0 0 1048576 0
  wl 6 + 98 ....###.#  windows  0  0  0  0 10 10 11  0 10  BIST wrong beats 1048576 1048576 1048576 1048576 0 0 0 1048576 0
  wl 6 + 99 ....###.#  windows  0  0  0  0 11 10 11  0 10  BIST wrong beats 1048576 1048576 1048576 1048576 0 0 0 1048576 0
  wl 6 +100 ....###.#  windows  0  0  0  0 11 10 10  0 10  BIST wrong beats 1048576 1048576 1048576 1048576 0 0 0 1048576 0
  wl 6 +101 ....###.#  windows  0  0  0  0 10 10 10  0 10  BIST wrong beats 1048576 1048576 1048576 1048576 0 0 0 1048576 0
  wl 6 +102 ....###.#  windows  0  0  0  0 10 10 11  0 10  BIST wrong beats 1048576 1048576 1048576 1048576 0 0 0 1048576 0
  wl 6 +103 ....###.#  windows  0  0  0  0 10 10 11  0 10  BIST wrong beats 1048576 1048576 1048576 1048576 0 0 0 1048576 0
  wl 6 +104 ....###.#  windows  0  0  0  0 11 10 10  0 10  BIST wrong beats 1048576 1048576 1048576 1048576 0 0 0 1048576 0
  wl 6 +105 ....###.#  windows  0  0  0  0 10 10 10  0 10  BIST wrong beats 1048576 1048576 1048576 1048576 0 0 0 1048576 0
  wl 6 +106 ....###.#  windows  0  0  0  0 11 10 10  0 10  BIST wrong beats 1048576 1048576 1048576 1048576 0 0 0 1048576 0
  wl 6 +107 ....###.#  windows  0  0  0  0 11 10 11  0 10  BIST wrong beats 1048576 1048576 1048576 1048576 0 0 0 1048576 0
  wl 6 +108 ....###.#  windows  0  0  0  0 11 10 11  0 10  BIST wrong beats 1048576 1048576 1048576 1048576 0 0 0 1048576 0
  wl 6 +109 ....##..#  windows  0  0  0  0  9 10  0  0 10  BIST wrong beats 1048576 1048576 1048576 1048576 0 0 1048576 1048576 0
  wl 6 +110 ....##..#  windows  0  0  0  0 11 10  0  0 10  BIST wrong beats 1048576 1048576 1048576 1048576 0 0 1048576 1048576 0
  wl 6 +111 ....##..#  windows  0  0  0  0 10 10  0  0 10  BIST wrong beats 1048576 1048576 1048576 1048576 0 0 1048576 1048576 0
per lane and write latency: the passing runs in steps from 0 (width in steps / ps; edges: steps from the run's end to half the beats wrong), FPGA 55.0 C, board 48.0 C
  m0 wl 0: +56..+109 (54 / 904 ps; edges 1 / 1), +1..+16 (16 / 268 ps; edges 1 / 3)
  m1 wl 0: +56..+125 (70 / 1172 ps; edges 1 / 3)
  m2 wl 0: +56..+108 (53 / 887 ps; edges 1 / 2)
  m3 wl 0: +56..+104 (49 / 820 ps; edges 1 / 1)
  m4 wl 0: +56..+76 (21 / 352 ps; edges 1 / 3)
  m5 wl 0: +56..+75 (20 / 335 ps; edges 1 / 3)
  m6 wl 0: +56..+69 (14 / 234 ps; edges 1 / 3)
  m7 wl 0: none
  m8 wl 0: +56..+83 (28 / 469 ps; edges 1 / 3)
  m0 wl 2: none
  m1 wl 2: none
  m2 wl 2: none
  m3 wl 2: none
  m4 wl 2: none
  m5 wl 2: none
  m6 wl 2: none
  m7 wl 2: none
  m8 wl 2: none
  m0 wl 4: none
  m1 wl 4: none
  m2 wl 4: none
  m3 wl 4: none
  m4 wl 4: none
  m5 wl 4: none
  m6 wl 4: none
  m7 wl 4: none
  m8 wl 4: none
  m0 wl 6: +25..+55 (31 / 519 ps; edges 2 / 1)
  m1 wl 6: +21..+55 (35 / 586 ps; edges 2 / 1)
  m2 wl 6: +4..+55 (52 / 871 ps; edges 2 / 1)
  m3 wl 6: +2..+55 (54 / 904 ps; edges 1 / 1)
  m4 wl 6: +84..+167 (84 / 1406 ps; edges 1 / 1)
  m5 wl 6: +83..+167 (85 / 1423 ps; edges 3 / 1)
  m6 wl 6: +2..+55 (54 / 904 ps; edges 1 / 1), +77..+108 (32 / 536 ps; edges 2 / 1)
  m7 wl 6: none
  m8 wl 6: +91..+167 (77 / 1289 ps; edges 2 / 1)
  group 0 (lanes [0, 1, 2, 3]), best latency per lane: +25..+104 (80 / 1339 ps), +4..+13 (10 / 167 ps)
  group 1 (lanes [4, 5, 6, 7, 8]), best latency per lane: none
raw data: wscan_ch0.json
