scratch 0x12345678 (ok), bus errors 0, channels [0, 1], DQS phase steps ch0 50, ch1 -48 (16.7 ps each, 112 per tCK), sys 133.33 MHz, CL 7 CWL 6, FPGA 54.4 C, board 47.5 C
ch0 write clocks: groups [0, 0, 0, 0, 0, 0, 0, 0, 0], group 1 offset 0 x 1/8 VCO (CLKOUT3..6 static phases {3: 0, 4: 4, 5: 0, 6: 4}), MMCM locked 1
ch1 write clocks: groups [0, 0, 0, 0, 0, 0, 0, 0, 0], group 1 offset 0 x 1/8 VCO (CLKOUT3..6 static phases {3: 0, 4: 4, 5: 0, 6: 4}), MMCM locked 1
temperature run: channels [0, 1], 35 min of BIST, window rescans every 300 s (scan stride 1); LM73 at 0x4a
  0:00 FPGA 54.5 C, board 47.5 C
  0:23 ch0 group 0 (lanes [0, 1, 2, 3, 4, 5, 6, 7, 8]): 45 steps (753 ps) around +50
  0:23 ch0 all lanes: 45 steps (753 ps) around +50
  0:23 channel 0 scan from step 0, FPGA 54.5 C, board 47.5 C:
    m0 g0 ############################################################################........#############################
    m1 g0 #########################################################################.......#################################
    m2 g0 ########################################################........#################################################
    m3 g0 ###################################################.......#######################################################
    m4 g0 ##########################.....##################################################################################
    m5 g0 #######################.......###################################################################################
    m6 g0 #################......##########################################################################################
    m7 g0 ###########################....##################################################################################
    m8 g0 ###############################.......###########################################################################
    common window 45 steps (753 ps); runs at its centre, step 50; write latency [6, 6, 6, 6, 6, 6, 6, 6, 6], read windows [10, 10, 10, 10, 10, 11, 11, 9, 9]
  0:48 ch1 group 0 (lanes [0, 1, 2, 3, 4, 5, 6, 7, 8]): 73 steps (1222 ps) around +64
  0:48 ch1 all lanes: 73 steps (1222 ps) around +64
  0:48 channel 1 scan from step 0, FPGA 54.4 C, board 47.5 C:
    m0 g0 ####################################################################......#######################################
    m1 g0 ##################################################################......#########################################
    m2 g0 #############################################################################.......#############################
    m3 g0 ########################################################....#####################################################
    m4 g0 ###########################################################........##############################################
    m5 g0 ####################################################......#######################################################
    m6 g0 #################################################################......##########################################
    m7 g0 #############################################################........############################################
    m8 g0 #############################################.......#############################################################
    common window 73 steps (1222 ps); runs at its centre, step -48; write latency [0, 0, 0, 0, 0, 0, 0, 0, 0], read windows [10, 10, 9, 10, 10, 10, 10, 9, 10]
  1:48 FPGA 54.6 C, board 47.8 C; BIST passes 107, wrong beats in the last minute: ch0 0, ch1 0
  2:48 FPGA 54.6 C, board 47.8 C; BIST passes 214, wrong beats in the last minute: ch0 0, ch1 0
  3:49 FPGA 54.9 C, board 47.8 C; BIST passes 321, wrong beats in the last minute: ch0 0, ch1 0
  4:49 FPGA 54.6 C, board 47.8 C; BIST passes 428, wrong beats in the last minute: ch0 0, ch1 0
  5:49 FPGA 54.9 C, board 47.8 C; BIST passes 535, wrong beats in the last minute: ch0 0, ch1 0
  6:13 channel 0 rescan from its step 50, FPGA 54.9 C, board 47.8 C: common window 44 steps (737 ps), from -22 to +21 around the running phase; groups 0 44 steps (-22..+21)
    m0 g0 ##########################........###############################################################################
    m1 g0 #######################.......###################################################################################
    m2 g0 ######........###################################################################################################
    m3 g0 #.......#########################################################################################################
    m4 g0 ########################################################################################.....####################
    m5 g0 #####################################################################################......######################
    m6 g0 ##############################################################################.......############################
    m7 g0 #########################################################################################....####################
    m8 g0 #############################################################################################.......#############
  6:37 channel 1 rescan from its step -48, FPGA 54.8 C, board 47.8 C: common window 73 steps (1222 ps), from -36 to +36 around the running phase; groups 0 73 steps (-36..+36)
    m0 g0 ####......#######################################################################################################
    m1 g0 ##......#########################################################################################################
    m2 g0 #############.......#############################################################################################
    m3 g0 ########################################################################################################....#####
    m4 g0 ..#########################################################################################################......
    m5 g0 ####################################################################################################.....########
    m6 g0 .......#########################################################################################################.
    m7 g0 .....########################################################################################################....
    m8 g0 #############################################################################################.......#############
  6:49 FPGA 55.2 C, board 47.8 C; BIST passes 555, wrong beats in the last minute: ch0 0, ch1 0
  7:49 FPGA 54.8 C, board 47.8 C; BIST passes 662, wrong beats in the last minute: ch0 0, ch1 0
  8:49 FPGA 54.8 C, board 47.8 C; BIST passes 769, wrong beats in the last minute: ch0 0, ch1 0
  9:49 FPGA 54.9 C, board 47.8 C; BIST passes 876, wrong beats in the last minute: ch0 0, ch1 0
 10:49 FPGA 55.1 C, board 48.0 C; BIST passes 983, wrong beats in the last minute: ch0 0, ch1 0
 12:01 channel 0 rescan from its step 50, FPGA 54.9 C, board 47.8 C: common window 45 steps (753 ps), from -22 to +22 around the running phase; groups 0 45 steps (-22..+22)
    m0 g0 ##########################........###############################################################################
    m1 g0 #######################.......###################################################################################
    m2 g0 ######........###################################################################################################
    m3 g0 #.......#########################################################################################################
    m4 g0 ########################################################################################.....####################
    m5 g0 #####################################################################################......######################
    m6 g0 ###############################################################################......############################
    m7 g0 ########################################################################################.....####################
    m8 g0 #############################################################################################.......#############
 12:26 channel 1 rescan from its step -48, FPGA 54.9 C, board 47.8 C: common window 73 steps (1222 ps), from -36 to +36 around the running phase; groups 0 73 steps (-36..+36)
    m0 g0 ####......#######################################################################################################
    m1 g0 ##......#########################################################################################################
    m2 g0 #############.......#############################################################################################
    m3 g0 ########################################################################################################....#####
    m4 g0 ...########################################################################################################......
    m5 g0 ####################################################################################################.....########
    m6 g0 #......##########################################################################################################
    m7 g0 .....########################################################################################################....
    m8 g0 #############################################################################################.......#############
 12:27 FPGA 55.0 C, board 47.8 C; BIST passes 1070, wrong beats in the last minute: ch0 0, ch1 0
 13:27 FPGA 55.0 C, board 48.0 C; BIST passes 1177, wrong beats in the last minute: ch0 0, ch1 0
 14:27 FPGA 55.0 C, board 48.0 C; BIST passes 1284, wrong beats in the last minute: ch0 0, ch1 0
 15:28 FPGA 55.1 C, board 48.0 C; BIST passes 1391, wrong beats in the last minute: ch0 0, ch1 0
 16:28 FPGA 55.0 C, board 48.0 C; BIST passes 1498, wrong beats in the last minute: ch0 0, ch1 0
 17:51 channel 0 rescan from its step 50, FPGA 55.0 C, board 48.0 C: common window 44 steps (737 ps), from -22 to +21 around the running phase; groups 0 44 steps (-22..+21)
    m0 g0 ##########################........###############################################################################
    m1 g0 #######################.......###################################################################################
    m2 g0 ######........###################################################################################################
    m3 g0 #........########################################################################################################
    m4 g0 ########################################################################################.....####################
    m5 g0 #####################################################################################......######################
    m6 g0 ##############################################################################.......############################
    m7 g0 ########################################################################################.....####################
    m8 g0 #############################################################################################.......#############
 18:15 channel 1 rescan from its step -48, FPGA 54.9 C, board 47.8 C: common window 73 steps (1222 ps), from -36 to +36 around the running phase; groups 0 73 steps (-36..+36)
    m0 g0 ####......#######################################################################################################
    m1 g0 ##......#########################################################################################################
    m2 g0 #############.......#############################################################################################
    m3 g0 ########################################################################################################....#####
    m4 g0 ..#########################################################################################################......
    m5 g0 ####################################################################################################.....########
    m6 g0 #......##########################################################################################################
    m7 g0 .....########################################################################################################....
    m8 g0 #############################################################################################.......#############
 18:17 FPGA 55.2 C, board 47.8 C; BIST passes 1605, wrong beats in the last minute: ch0 0, ch1 0
 19:17 FPGA 54.9 C, board 47.8 C; BIST passes 1712, wrong beats in the last minute: ch0 0, ch1 0
 20:17 FPGA 54.9 C, board 47.8 C; BIST passes 1819, wrong beats in the last minute: ch0 0, ch1 0
 21:17 FPGA 54.9 C, board 47.8 C; BIST passes 1926, wrong beats in the last minute: ch0 0, ch1 0
 22:17 FPGA 55.1 C, board 47.8 C; BIST passes 2033, wrong beats in the last minute: ch0 0, ch1 0
 23:40 channel 0 rescan from its step 50, FPGA 55.0 C, board 47.8 C: common window 44 steps (737 ps), from -22 to +21 around the running phase; groups 0 44 steps (-22..+21)
    m0 g0 ##########################........###############################################################################
    m1 g0 #######################.......###################################################################################
    m2 g0 ######........###################################################################################################
    m3 g0 #.......#########################################################################################################
    m4 g0 ########################################################################################.....####################
    m5 g0 #####################################################################################.......#####################
    m6 g0 ##############################################################################.......############################
    m7 g0 #########################################################################################....####################
    m8 g0 #############################################################################################.......#############
 24:05 channel 1 rescan from its step -48, FPGA 54.6 C, board 47.8 C: common window 73 steps (1222 ps), from -36 to +36 around the running phase; groups 0 73 steps (-36..+36)
    m0 g0 ####......#######################################################################################################
    m1 g0 ##......#########################################################################################################
    m2 g0 #############.......#############################################################################################
    m3 g0 ########################################################################################################....#####
    m4 g0 ...########################################################################################################......
    m5 g0 ####################################################################################################......#######
    m6 g0 .......#########################################################################################################.
    m7 g0 .....########################################################################################################....
    m8 g0 #############################################################################################.......#############
 24:06 FPGA 54.6 C, board 47.8 C; BIST passes 2140, wrong beats in the last minute: ch0 0, ch1 0
 25:06 FPGA 54.8 C, board 47.5 C; BIST passes 2247, wrong beats in the last minute: ch0 0, ch1 0
 26:06 FPGA 54.6 C, board 47.8 C; BIST passes 2354, wrong beats in the last minute: ch0 0, ch1 0
 27:06 FPGA 55.0 C, board 47.8 C; BIST passes 2461, wrong beats in the last minute: ch0 0, ch1 0
 28:06 FPGA 54.9 C, board 47.8 C; BIST passes 2568, wrong beats in the last minute: ch0 0, ch1 0
 29:29 channel 0 rescan from its step 50, FPGA 55.0 C, board 47.8 C: common window 45 steps (753 ps), from -22 to +22 around the running phase; groups 0 45 steps (-22..+22)
    m0 g0 ##########################........###############################################################################
    m1 g0 #######################.......###################################################################################
    m2 g0 ######........###################################################################################################
    m3 g0 #........########################################################################################################
    m4 g0 ########################################################################################.....####################
    m5 g0 #####################################################################################......######################
    m6 g0 ###############################################################################......############################
    m7 g0 ########################################################################################.....####################
    m8 g0 #############################################################################################.......#############
 29:54 channel 1 rescan from its step -48, FPGA 55.0 C, board 47.8 C: common window 73 steps (1222 ps), from -36 to +36 around the running phase; groups 0 73 steps (-36..+36)
    m0 g0 ####.....########################################################################################################
    m1 g0 ##......#########################################################################################################
    m2 g0 #############.......#############################################################################################
    m3 g0 ########################################################################################################....#####
    m4 g0 ...########################################################################################################......
    m5 g0 ####################################################################################################.....########
    m6 g0 .......#########################################################################################################.
    m7 g0 .....########################################################################################################....
    m8 g0 #############################################################################################.......#############
 29:55 FPGA 55.1 C, board 47.8 C; BIST passes 2675, wrong beats in the last minute: ch0 0, ch1 0
 30:55 FPGA 54.9 C, board 47.8 C; BIST passes 2782, wrong beats in the last minute: ch0 0, ch1 0
 31:55 FPGA 55.0 C, board 47.8 C; BIST passes 2889, wrong beats in the last minute: ch0 0, ch1 0
 32:55 FPGA 54.6 C, board 47.8 C; BIST passes 2996, wrong beats in the last minute: ch0 0, ch1 0
 33:56 FPGA 55.1 C, board 48.0 C; BIST passes 3103, wrong beats in the last minute: ch0 0, ch1 0
 35:19 channel 0 rescan from its step 50, FPGA 55.1 C, board 47.8 C: common window 45 steps (753 ps), from -22 to +22 around the running phase; groups 0 45 steps (-22..+22)
    m0 g0 ##########################........###############################################################################
    m1 g0 #######################.......###################################################################################
    m2 g0 ######........###################################################################################################
    m3 g0 #.......#########################################################################################################
    m4 g0 ########################################################################################.....####################
    m5 g0 #####################################################################################......######################
    m6 g0 ###############################################################################......############################
    m7 g0 ########################################################################################.....####################
    m8 g0 #############################################################################################.......#############
 35:43 channel 1 rescan from its step -48, FPGA 54.9 C, board 47.8 C: common window 73 steps (1222 ps), from -36 to +36 around the running phase; groups 0 73 steps (-36..+36)
    m0 g0 ####......#######################################################################################################
    m1 g0 ##......#########################################################################################################
    m2 g0 #############.......#############################################################################################
    m3 g0 ########################################################################################################....#####
    m4 g0 ...########################################################################################################......
    m5 g0 ####################################################################################################.....########
    m6 g0 .......#########################################################################################################.
    m7 g0 .....########################################################################################################....
    m8 g0 #############################################################################################.......#############
 35:44 FPGA 55.1 C, board 47.8 C; done: 3209 BIST passes of 2 GiB per channel
channel 0: 3209 passes, 0 wrong beats (per lane [0, 0, 0, 0, 0, 0, 0, 0, 0]); common window 737 to 753 ps over 7 scans; the running phase stayed inside every window
      0.0 min:  45 steps ( 753 ps), margins -22 / +22 steps
      6.2 min:  44 steps ( 737 ps), margins -22 / +21 steps
     12.0 min:  45 steps ( 753 ps), margins -22 / +22 steps
     17.9 min:  44 steps ( 737 ps), margins -22 / +21 steps
     23.7 min:  44 steps ( 737 ps), margins -22 / +21 steps
     29.5 min:  45 steps ( 753 ps), margins -22 / +22 steps
     35.3 min:  45 steps ( 753 ps), margins -22 / +22 steps
    group 0: 737 to 753 ps over 6 rescans
channel 1: 3209 passes, 0 wrong beats (per lane [0, 0, 0, 0, 0, 0, 0, 0, 0]); common window 1222 to 1222 ps over 7 scans; the running phase stayed inside every window
      0.0 min:  73 steps (1222 ps), margins -36 / +36 steps
      6.6 min:  73 steps (1222 ps), margins -36 / +36 steps
     12.4 min:  73 steps (1222 ps), margins -36 / +36 steps
     18.3 min:  73 steps (1222 ps), margins -36 / +36 steps
     24.1 min:  73 steps (1222 ps), margins -36 / +36 steps
     29.9 min:  73 steps (1222 ps), margins -36 / +36 steps
     35.7 min:  73 steps (1222 ps), margins -36 / +36 steps
    group 0: 1222 to 1222 ps over 6 rescans
temperature run: PASS
