write latency: m0:6 m1:6 m2:0 m3:6 m4:6 m5:6 m6:6 m7:6 m8:6
  wb0:  0  0  8  0  0  0  0  0  0  (widest read window per lane, taps)
  wb2:  0  0  0  0  0  0  0  0  0  (widest read window per lane, taps)
  wb4:  0  0  0  0  0  0  0  0  0  (widest read window per lane, taps)
  wb6: 10 10  0  9 11 10  9 10 10  (widest read window per lane, taps)
read leveling:
  m0: b5 |00000000000000000001111111111000| window 10 taps (781 ps), tap 24
  m1: b4 |00000011111111110000000000000000| window 10 taps (781 ps), tap 11
  m2: b5 |00000000000000000111111111000000| window 9 taps (703 ps), tap 21
  m3: b4 |00001111111110000000000000000000| window 9 taps (703 ps), tap 8
  m4: b5 |00000000000000111111111100000000| window 10 taps (781 ps), tap 19
  m5: b4 |01111111111000000000000000000000| window 10 taps (781 ps), tap 6
  m6: b5 |00000000000111111111000000000000| window 9 taps (703 ps), tap 15
  m7: b5 |00000000000111111111100000000000| window 10 taps (781 ps), tap 16
  m8: b4 |00111111111000000000000000000000| window 9 taps (703 ps), tap 6
  check at the chosen taps: pass
calibration: PASS
read taps under traffic (1: no wrong beat, x: < 1% wrong, 0: more):
  m0: b5 |00000000000000000000000000000000| 0 taps under traffic
  m1: b4 |00000000000000000000000000000000| 0 taps under traffic
  m2: b5 |00000000000000000000000000000000| 0 taps under traffic
  m3: b4 |00000000000000000000000000000000| 0 taps under traffic
  m4: b5 |00000000000000000000000000000000| 0 taps under traffic
  m5: b4 |00000000000000000000000000000000| 0 taps under traffic
  m6: b5 |000000000000xxxxxxxx000000000000| 0 taps under traffic
  m7: b5 |000000000000xxxxxxxxx00000000000| 0 taps under traffic
  m8: b4 |00000000000000000000000000000000| 0 taps under traffic
BIST over 2 GiB:
  pass 0 random data: write 7.69 GB/s (90.1%), read 7.76 GB/s (91.0%), errors 5434483 (per lane [569013, 366885, 4985012, 416943, 746497, 372244, 170698, 13251, 825530], bits 0xffffffffffffffffff)
  pass 0 address data: write 7.69 GB/s (90.1%), read 7.76 GB/s (91.0%), errors 169985 (per lane [108567, 1351, 39058, 22263, 277, 1233, 2693, 7, 2077], bits 0xff7dfefbffffffffff)
  pass 1 random data: write 7.69 GB/s (90.1%), read 7.76 GB/s (91.0%), errors 5482586 (per lane [577442, 364587, 5022437, 408994, 728604, 371306, 170079, 13221, 816433], bits 0xffffffffffffffffff)
  pass 1 address data: write 7.69 GB/s (90.1%), read 7.76 GB/s (91.0%), errors 176064 (per lane [117026, 1078, 40102, 18535, 221, 1166, 2323, 6, 1116], bits 0xff74ffffffffffffff)
BIST: FAIL
