forced write latency scan, channel 1, from step 0, every 1 steps (16.7 ps), 64 MiB BIST per step, FPGA 54.9 C, board 48.0 C
  wl 0 +  0 .##.#.##.  windows  0 10  9  0 10  0 10 10  0  BIST wrong beats 1048576 0 0 1048576 0 1048576 0 0 1048576
  wl 0 +  1 ###.#.##.  windows 10 10  9  0 10  0 10 10  0  BIST wrong beats 0 0 0 1048576 0 1048576 0 0 1048576
  wl 0 +  2 ###.#.##.  windows 10 10  9  0 10  0  9 10  0  BIST wrong beats 0 0 0 1048576 0 1048576 0 0 1048576
  wl 0 +  3 ###.#.##.  windows 10 10 10  0 10  0  9 10  0  BIST wrong beats 0 0 0 1048576 0 1048576 0 0 1048576
  wl 0 +  4 ###.#.##.  windows 10 10  9  0 10  0 10 10  0  BIST wrong beats 0 0 0 1048576 0 1048576 0 0 1048576
  wl 0 +  5 ###.#.##.  windows 10 10 10  0 11  0  9 10  0  BIST wrong beats 0 0 0 1048576 0 1048576 0 0 1048576
  wl 0 +  6 ###...##.  windows 10 10  9  0 10  0  9 10  0  BIST wrong beats 0 0 0 1048576 601 1048576 0 0 1048576
  wl 0 +  7 ###...#..  windows 10 10  9  0  5  0  9 10  0  BIST wrong beats 0 0 0 1048576 1048564 1048576 0 7 1048576
  wl 0 +  8 ###...#..  windows 10 10 10  0  0  0  9 10  0  BIST wrong beats 0 0 0 1048576 1048576 1048576 0 4291 1048576
  wl 0 +  9 #.#...#..  windows 10 10 10  0  0  0 10 10  0  BIST wrong beats 0 231549 0 1048576 1048576 1048576 0 1042707 1048576
  wl 0 + 10 #.#...#..  windows 10  1 10  0  0  0  9  0  0  BIST wrong beats 0 1048444 0 1048576 1048576 1048576 0 1048576 1048576
  wl 0 + 11 #.#......  windows 10  0 10  0  0  0  9  0  0  BIST wrong beats 0 1048576 0 1048576 1048576 1048576 923 1048576 1048576
  wl 0 + 12 ..#......  windows 10  0 10  0  0  0  9  0  0  BIST wrong beats 64946 1048576 0 1048576 1048576 1048576 945067 1048576 1048576
  wl 0 + 13 ..#......  windows 10  0 10  0  0  0  0  0  0  BIST wrong beats 1003018 1048576 0 1048576 1048576 1048576 1048576 1048576 1048576
  wl 0 + 14 ..#......  windows  0  0 10  0  0  0  0  0  0  BIST wrong beats 1048576 1048576 0 1048576 1048576 1048576 1048576 1048576 1048576
  wl 0 + 15 ..#......  windows  0  0  9  0  0  0  0  0  0  BIST wrong beats 1048576 1048576 0 1048576 1048576 1048576 1048576 1048576 1048576
  wl 0 + 16 ..#......  windows  0  0 11  0  0  0  0  0  0  BIST wrong beats 1048576 1048576 0 1048576 1048576 1048576 1048576 1048576 1048576
  wl 0 + 17 ..#......  windows  0  0  9  0  0  0  0  0  0  BIST wrong beats 1048576 1048576 0 1048576 1048576 1048576 1048576 1048576 1048576
  wl 0 + 18 ..#......  windows  0  0 10  0  0  0  0  0  0  BIST wrong beats 1048576 1048576 0 1048576 1048576 1048576 1048576 1048576 1048576
  wl 0 + 19 ..#......  windows  0  0  9  0  0  0  0  0  0  BIST wrong beats 1048576 1048576 0 1048576 1048576 1048576 1048576 1048576 1048576
  wl 0 + 20 ..#......  windows  0  0  9  0  0  0  0  0  0  BIST wrong beats 1048576 1048576 0 1048576 1048576 1048576 1048576 1048576 1048576
  wl 0 + 21 ..#......  windows  0  0 10  0  0  0  0  0  0  BIST wrong beats 1048576 1048576 0 1048576 1048576 1048576 1048576 1048576 1048576
  wl 0 + 22 ..#......  windows  0  0  9  0  0  0  0  0  0  BIST wrong beats 1048576 1048576 0 1048576 1048576 1048576 1048576 1048576 1048576
  wl 0 + 23 ..#......  windows  0  0 10  0  0  0  0  0  0  BIST wrong beats 1048576 1048576 0 1048576 1048576 1048576 1048576 1048576 1048576
  wl 0 + 24 .........  windows  0  0  9  0  0  0  0  0  0  BIST wrong beats 1048576 1048576 1084 1048576 1048576 1048576 1048576 1048576 1048576
  wl 0 + 25 .........  windows  0  0  9  0  0  0  0  0  0  BIST wrong beats 1048576 1048576 905617 1048576 1048576 1048576 1048576 1048576 1048576
  wl 0 + 26 .........  windows  0  0  1  0  0  0  0  0  0  BIST wrong beats 1048576 1048576 1048407 1048576 1048576 1048576 1048576 1048576 1048576
  wl 0 + 27 .........  windows  0  0  0  0  0  0  0  0  0  BIST wrong beats 1048576 1048576 1048576 1048576 1048576 1048576 1048576 1048576 1048576
  wl 0 + 28 .........  windows  0  0  0  0  0  0  0  0  0  BIST wrong beats 1048576 1048576 1048576 1048576 1048576 1048576 1048576 1048576 1048576
  wl 0 + 29 .........  windows  0  0  0  0  0  0  0  0  0  BIST wrong beats 1048576 1048576 1048576 1048576 1048576 1048576 1048576 1048576 1048576
  wl 0 + 30 .........  windows  0  0  0  0  0  0  0  0  0  BIST wrong beats 1048576 1048576 1048576 1048576 1048576 1048576 1048576 1048576 1048576
  wl 0 + 31 .........  windows  0  0  0  0  0  0  0  0  0  BIST wrong beats 1048576 1048576 1048576 1048576 1048576 1048576 1048576 1048576 1048576
  wl 0 + 32 .........  windows  0  0  0  0  0  0  0  0  0  BIST wrong beats 1048576 1048576 1048576 1048576 1048576 1048576 1048576 1048576 1048576
  wl 0 + 33 .........  windows  0  0  0  0  0  0  0  0  0  BIST wrong beats 1048576 1048576 1048576 1048576 1048576 1048576 1048576 1048576 1048576
  wl 0 + 34 .........  windows  0  0  0  0  0  0  0  0  0  BIST wrong beats 1048576 1048576 1048576 1048576 1048576 1048576 1048576 1048576 1048576
  wl 0 + 35 .........  windows  0  0  0  0  0  0  0  0  0  BIST wrong beats 1048576 1048576 1048576 1048576 1048576 1048576 1048576 1048576 1048576
  wl 0 + 36 .........  windows  0  0  0  0  0  0  0  0  0  BIST wrong beats 1048576 1048576 1048576 1048576 1048576 1048576 1048576 1048576 1048576
  wl 0 + 37 .........  windows  0  0  0  0  0  0  0  0  0  BIST wrong beats 1048576 1048576 1048576 1048576 1048576 1048576 1048576 1048576 1048576
  wl 0 + 38 .........  windows  0  0  0  0  0  0  0  0  0  BIST wrong beats 1048576 1048576 1048576 1048576 1048576 1048576 1048576 1048576 1048576
  wl 0 + 39 .........  windows  0  0  0  0  0  0  0  0  0  BIST wrong beats 1048576 1048576 1048576 1048576 1048576 1048576 1048576 1048576 1048576
  wl 0 + 40 .........  windows  0  0  0  0  0  0  0  0  0  BIST wrong beats 1048576 1048576 1048576 1048576 1048576 1048576 1048576 1048576 1048576
  wl 0 + 41 .........  windows  0  0  0  0  0  0  0  0  0  BIST wrong beats 1048576 1048576 1048576 1048576 1048576 1048576 1048576 1048576 1048576
  wl 0 + 42 .........  windows  0  0  0  0  0  0  0  0  0  BIST wrong beats 1048576 1048576 1048576 1048576 1048576 1048576 1048576 1048576 1048576
  wl 0 + 43 .........  windows  0  0  0  0  0  0  0  0  0  BIST wrong beats 1048576 1048576 1048576 1048576 1048576 1048576 1048576 1048576 1048576
  wl 0 + 44 .........  windows  0  0  0  0  0  0  0  0  0  BIST wrong beats 1048576 1048576 1048576 1048576 1048576 1048576 1048576 1048576 1048576
  wl 0 + 45 .........  windows  0  0  0  0  0  0  0  0  0  BIST wrong beats 1048576 1048576 1048576 1048576 1048576 1048576 1048576 1048576 1048576
  wl 0 + 46 .........  windows  0  0  0  0  0  0  0  0  0  BIST wrong beats 1048576 1048576 1048576 1048576 1048576 1048576 1048576 1048576 1048576
  wl 0 + 47 .........  windows  0  0  0  0  0  0  0  0  0  BIST wrong beats 1048576 1048576 1048576 1048576 1048576 1048576 1048576 1048576 1048576
  wl 0 + 48 .........  windows  0  0  0  0  0  0  0  0  0  BIST wrong beats 1048576 1048576 1048576 1048576 1048576 1048576 1048576 1048576 1048576
  wl 0 + 49 .........  windows  0  0  0  0  0  0  0  0  0  BIST wrong beats 1048576 1048576 1048576 1048576 1048576 1048576 1048576 1048576 1048576
  wl 0 + 50 .........  windows  0  0  0  0  0  0  0  0  0  BIST wrong beats 1048576 1048576 1048576 1048576 1048576 1048576 1048576 1048576 1048576
  wl 0 + 51 .........  windows  0  0  0  0  0  0  0  0  0  BIST wrong beats 1048576 1048576 1048576 1048576 1048576 1048576 1048576 1048576 1048576
  wl 0 + 52 .........  windows  0  0  0  0  0  0  0  0  0  BIST wrong beats 1048576 1048576 1048576 1048576 1048576 1048576 1048576 1048576 1048576
  wl 0 + 53 .........  windows  0  0  0  0  0  0  0  0  0  BIST wrong beats 1048576 1048576 1048576 1048576 1048576 1048576 1048576 1048576 1048576
  wl 0 + 54 .........  windows  0  0  0  0  0  0  0  0  0  BIST wrong beats 1048576 1048576 1048576 1048576 1048576 1048576 1048576 1048576 1048576
  wl 0 + 55 .........  windows  0  0  0  0  0  0  0  0  0  BIST wrong beats 1048576 1048576 1048576 1048576 1048576 1048576 1048576 1048576 1048576
  wl 0 + 56 ########.  windows 10  9  9 10 11 10  9  9  0  BIST wrong beats 0 0 0 0 0 0 0 0 1048576
  wl 0 + 57 ########.  windows  9  9  9 10 10 11  9  9  0  BIST wrong beats 0 0 0 0 0 0 0 0 1048576
  wl 0 + 58 ########.  windows  9  9  9 10 10 11  9 10  0  BIST wrong beats 0 0 0 0 0 0 0 0 1048576
  wl 0 + 59 ########.  windows 10  9  9  9 10 10  9 10  0  BIST wrong beats 0 0 0 0 0 0 0 0 1048576
  wl 0 + 60 ########.  windows 10 10  9  9 10 10  9 10  0  BIST wrong beats 0 0 0 0 0 0 0 0 1048576
  wl 0 + 61 ########.  windows 10 10  9 10 10 10  9 10  0  BIST wrong beats 0 0 0 0 0 0 0 0 1048576
  wl 0 + 62 ########.  windows  9  9  9 10 10 10  9 10  0  BIST wrong beats 0 0 0 0 0 0 0 0 1048576
  wl 0 + 63 ########.  windows 10 10 10 10 10 10 10 10  0  BIST wrong beats 0 0 0 0 0 0 0 0 1048576
  wl 0 + 64 ########.  windows 10 10  9  9 11 10  9  9  0  BIST wrong beats 0 0 0 0 0 0 0 0 1048576
  wl 0 + 65 ########.  windows 10 10  9 10 10 10  9 10  0  BIST wrong beats 0 0 0 0 0 0 0 0 1048576
  wl 0 + 66 ########.  windows 10  9 10 10 10 11  9 10  0  BIST wrong beats 0 0 0 0 0 0 0 0 1048576
  wl 0 + 67 ########.  windows 10 10  9 10 10 10  9 10  0  BIST wrong beats 0 0 0 0 0 0 0 0 1048576
  wl 0 + 68 ########.  windows 10 10  9  9 10 10  9 10  0  BIST wrong beats 0 0 0 0 0 0 0 0 1048576
  wl 0 + 69 ########.  windows 10 10  9 10 10 10  9 10  0  BIST wrong beats 0 0 0 0 0 0 0 0 1048576
  wl 0 + 70 ########.  windows 10  9 10 10 10 11  9 10  0  BIST wrong beats 0 0 0 0 0 0 0 0 1048576
  wl 0 + 71 ########.  windows 10 10  9  9 10 10  9 10  0  BIST wrong beats 0 0 0 0 0 0 0 0 1048576
  wl 0 + 72 ########.  windows 10 10 10 10 11 10  9 10  0  BIST wrong beats 0 0 0 0 0 0 0 0 1048576
  wl 0 + 73 ########.  windows 10 10  9 10 10 10  9 10  0  BIST wrong beats 0 0 0 0 0 0 0 0 1048576
  wl 0 + 74 ########.  windows 10 10  9 10 11 10  9 10  0  BIST wrong beats 0 0 0 0 0 0 0 0 1048576
  wl 0 + 75 ########.  windows 10 10 10 10 10 10  9 10  0  BIST wrong beats 0 0 0 0 0 0 0 0 1048576
  wl 0 + 76 ########.  windows 10 10 10 10 10 10 10 10  0  BIST wrong beats 0 0 0 0 0 0 0 0 1048576
  wl 0 + 77 ########.  windows 10 10 10 10 10 10  9 10  0  BIST wrong beats 0 0 0 0 0 0 0 0 1048576
  wl 0 + 78 ########.  windows 10 10 10 10 10 10  9 10  0  BIST wrong beats 0 0 0 0 0 0 0 0 1048576
  wl 0 + 79 ########.  windows 10 10  9 10 10 10  9 10  0  BIST wrong beats 0 0 0 0 0 0 0 0 1048576
  wl 0 + 80 ########.  windows 10 10  9 10 10 10  9 10  0  BIST wrong beats 0 0 0 0 0 0 0 0 1048576
  wl 0 + 81 ########.  windows 10 10 10 10 10 10  9 10  0  BIST wrong beats 0 0 0 0 0 0 0 0 1048576
  wl 0 + 82 ########.  windows 10 10  9  9 11 10  9  9  0  BIST wrong beats 0 0 0 0 0 0 0 0 1048576
  wl 0 + 83 ########.  windows 10 10  9  9 10 10  9 10  0  BIST wrong beats 0 0 0 0 0 0 0 0 1048576
  wl 0 + 84 ########.  windows 10 10  9 10 10 10  9 10  0  BIST wrong beats 0 0 0 0 0 0 0 0 1048576
  wl 0 + 85 #########  windows 10 10  9 10 10 10  9 10 10  BIST wrong beats 0 0 0 0 0 0 0 0 0
  wl 0 + 86 ########.  windows 10 10 10 10 10 10  9 10  0  BIST wrong beats 0 0 0 0 0 0 0 0 1048576
  wl 0 + 87 ########.  windows 10  9  9 10 10 10  9 10  0  BIST wrong beats 0 0 0 0 0 0 0 0 1048576
  wl 0 + 88 ########.  windows 10 10  9 10 10 11  9 10  0  BIST wrong beats 0 0 0 0 0 0 0 0 1048576
  wl 0 + 89 ########.  windows 10 10  9 10 10 10  9 10  0  BIST wrong beats 0 0 0 0 0 0 0 0 1048576
  wl 0 + 90 ########.  windows 10 10  9 10 10 10  9 10  0  BIST wrong beats 0 0 0 0 0 0 0 0 1048576
  wl 0 + 91 ########.  windows 10 10  9  9 10 10  9 10  0  BIST wrong beats 0 0 0 0 0 0 0 0 1048576
  wl 0 + 92 ########.  windows 10 10 10 10 10 10  9 10  0  BIST wrong beats 0 0 0 0 0 0 0 0 1048576
  wl 0 + 93 ########.  windows 10 10  9 10 10 10  9 10  0  BIST wrong beats 0 0 0 0 0 0 0 0 1048576
  wl 0 + 94 ########.  windows 10 10  9 10 10 10  9  9  0  BIST wrong beats 0 0 0 0 0 0 0 0 1048576
  wl 0 + 95 ########.  windows 10 10  9 10 10 11 10  9  0  BIST wrong beats 0 0 0 0 0 0 0 0 1048576
  wl 0 + 96 ########.  windows 10 10  9 10 10 10  9 10  0  BIST wrong beats 0 0 0 0 0 0 0 0 1048576
  wl 0 + 97 ########.  windows 10 10  9  9 10 10  9 10  0  BIST wrong beats 0 0 0 0 0 0 0 0 1048576
  wl 0 + 98 ########.  windows 10 10  9 10 10 10 10 10  0  BIST wrong beats 0 0 0 0 0 0 0 0 1048576
  wl 0 + 99 ########.  windows 10 10  9 10 10 10  9  9  0  BIST wrong beats 0 0 0 0 0 0 0 0 1048576
  wl 0 +100 ########.  windows 10 10  9 10 10 10  9 10  0  BIST wrong beats 0 0 0 0 0 0 0 0 1048576
  wl 0 +101 ########.  windows 10 10  9 10 10 10  9  9  0  BIST wrong beats 0 0 0 0 0 0 0 0 1048576
  wl 0 +102 ########.  windows 10 10  9 10 11 10  9  9  0  BIST wrong beats 0 0 0 0 0 0 0 0 1048576
  wl 0 +103 ########.  windows 10 10  9 10 10 10  9 10  0  BIST wrong beats 0 0 0 0 0 0 0 0 1048576
  wl 0 +104 ########.  windows 10 10 10 10 10 10  9 10  0  BIST wrong beats 0 0 0 0 0 0 0 0 1048576
  wl 0 +105 ########.  windows 10 10 10 10 10 10  9 10  0  BIST wrong beats 0 0 0 0 0 0 0 0 1048576
  wl 0 +106 ########.  windows 10 10  9 10 10 10  9 10  0  BIST wrong beats 0 0 0 0 0 0 0 0 1048576
  wl 0 +107 ########.  windows 10 10  9 10 10 10  9 10  0  BIST wrong beats 0 0 0 0 0 0 0 0 1048576
  wl 0 +108 ########.  windows 10 10 10 10 10 11  9 10  0  BIST wrong beats 0 0 0 0 0 0 0 0 1048576
  wl 0 +109 ###.####.  windows 10 10  9 10 10 10  9 10  0  BIST wrong beats 0 0 0 205 0 0 0 0 1048576
  wl 0 +110 ###.#.##.  windows 10 10 10  9 10 10  9 10  0  BIST wrong beats 0 0 0 850803 0 1074 0 0 1048576
  wl 0 +111 ###.#.##.  windows 10 10 10  0 10  0  9 10  0  BIST wrong beats 0 0 0 1048576 0 1048576 0 0 1048576
  wl 2 +  0 .........  windows  0  0  0  0  0  0  0  0  0  BIST wrong beats 1048576 1048576 1048576 1048576 1048576 1048576 1048576 1048576 1048576
  wl 2 +  1 .........  windows  0  0  0  0  0  0  0  0  0  BIST wrong beats 1048576 1048576 1048576 1048576 1048576 1048576 1048576 1048576 1048576
  wl 2 +  2 .........  windows  0  0  0  0  0  0  0  0  0  BIST wrong beats 1048576 1048576 1048576 1048576 1048576 1048565 1048576 1048576 1048576
  wl 2 +  3 .........  windows  0  0  0  0  0  0  0  0  0  BIST wrong beats 1048576 1048576 1048576 1048576 1048576 1040535 1048576 1048576 1048576
  wl 2 +  4 .........  windows  0  0  0  0  0  0  0  0  0  BIST wrong beats 1048576 1048576 1048576 1048576 1048576 1039500 1048576 1048576 1048576
  wl 2 +  5 .........  windows  0  0  0  0  0  0  0  0  0  BIST wrong beats 1048576 1048576 1048576 1048576 1048576 1038707 1048576 1048576 1048576
  wl 2 +  6 .........  windows  0  0  0  0  0  0  0  0  0  BIST wrong beats 1048576 1048576 1048576 1048576 1048576 1038758 1048576 1048576 1048576
  wl 2 +  7 .........  windows  0  0  0  0  0  0  0  0  0  BIST wrong beats 1048576 1048576 1048576 1048576 1048576 1037824 1048576 1048576 1048576
  wl 2 +  8 .........  windows  0  0  0  0  0  0  0  0  0  BIST wrong beats 1048576 1048576 1048576 1048576 1048576 1038553 1048576 1048576 1048576
  wl 2 +  9 .........  windows  0  0  0  0  0  0  0  0  0  BIST wrong beats 1048576 1048576 1048576 1048576 1048576 1038034 1048576 1048576 1048576
  wl 2 + 10 .........  windows  0  0  0  0  0  0  0  0  0  BIST wrong beats 1048576 1048576 1048576 1048576 1048576 1037862 1048576 1048576 1048576
  wl 2 + 11 .........  windows  0  0  0  0  0  0  0  0  0  BIST wrong beats 1048576 1048576 1048576 1048576 1048576 1037435 1048576 1048576 1048576
  wl 2 + 12 .........  windows  0  0  0  0  0  0  0  0  0  BIST wrong beats 1048576 1048576 1048576 1048576 1048576 1038451 1048576 1048576 1048576
  wl 2 + 13 .........  windows  0  0  0  0  0  0  0  0  0  BIST wrong beats 1048576 1048576 1048576 1048576 1048576 1037500 1048576 1048576 1048576
  wl 2 + 14 .........  windows  0  0  0  0  0  0  0  0  0  BIST wrong beats 1048576 1048576 1048576 1048576 1048576 1037538 1048576 351864 1048576
  wl 2 + 15 .........  windows  0  0  0  0  0  0  0  0  0  BIST wrong beats 1048576 1048576 1048576 1048576 1048576 1037808 1048556 10005 1048576
  wl 2 + 16 .........  windows  0  0  0  0  0  0  0  0  0  BIST wrong beats 1048576 1048576 1048576 1048576 1048576 1036804 762246 9998 1048576
  wl 2 + 17 .........  windows  0  0  0  0  0  0  0  0  0  BIST wrong beats 1048576 1048576 1048576 1048576 1048576 1037828 9998 9998 1048576
  wl 2 + 18 .........  windows  0  0  0  0  0  0  0  0  0  BIST wrong beats 1048576 1048576 1048576 1048576 1048576 1036689 9999 9999 1048576
  wl 2 + 19 .........  windows  0  0  0  0  0  0  0  0  0  BIST wrong beats 1048576 1048576 1048576 1048576 1048576 1036786 9999 9999 1048576
  wl 2 + 20 .........  windows  0  0  0  0  0  0  0  0  0  BIST wrong beats 1048576 1048576 1048576 1048576 1048576 1037980 9998 9998 1048576
  wl 2 + 21 .........  windows  0  0  0  0  0  0  0  0  0  BIST wrong beats 1048576 1048576 1048576 1048576 1048575 1036612 9998 9998 1048576
  wl 2 + 22 .........  windows  0  0  0  0  0  0  0  0  0  BIST wrong beats 1048576 1048576 1048576 1048576 1048576 1035756 9995 9995 1048576
  wl 2 + 23 .........  windows  0  0  0  0  0  0  0  0  0  BIST wrong beats 1048576 1048576 1048576 1048576 1048576 1035121 9996 9996 1048576
  wl 2 + 24 .........  windows  0  0  0  0  0  0  0  0  0  BIST wrong beats 1048576 1048576 1048576 1048576 1048576 1034444 9999 9999 1048576
  wl 2 + 25 .........  windows  0  0  0  0  0  0  0  0  0  BIST wrong beats 1048576 1048576 1048576 1048576 1048576 1034802 9997 9997 1048576
  wl 2 + 26 .........  windows  0  0  0  0  0  0  0  0  0  BIST wrong beats 1048576 1048576 1048576 1048576 1048576 1033454 9994 9994 1048576
  wl 2 + 27 .........  windows  0  0  0  0  0  0  0  0  0  BIST wrong beats 1048576 1048576 1048576 1048576 1048575 1030322 9996 9996 1048576
  wl 2 + 28 .........  windows  0  0  0  0  0  0  0  0  0  BIST wrong beats 1048576 1048576 1048576 1048576 1048576 1027891 9995 9995 1048576
  wl 2 + 29 .........  windows  0  0  0  0  0  0  0  0  0  BIST wrong beats 1048576 1048576 1048576 1048576 1048576 1021614 9998 9998 1048576
  wl 2 + 30 .........  windows  0  0  0  0  0  0  0  0  0  BIST wrong beats 1048576 1048576 1048576 1048576 1048576 1029308 9998 9998 1048576
  wl 2 + 31 .........  windows  0  0  0  0  0  0  0  0  0  BIST wrong beats 1048576 1048576 1048576 1048576 1048576 1029950 9997 9997 1048576
  wl 2 + 32 .........  windows  0  0  0  0  0  0  0  0  0  BIST wrong beats 1048576 1048576 1048576 1048576 1048576 1031464 9997 9997 1048576
  wl 2 + 33 .........  windows  0  0  0  0  0  0  0  0  0  BIST wrong beats 1048576 1048576 1048576 1048576 1048576 1032611 10000 10000 1048576
  wl 2 + 34 .........  windows  0  0  0  0  0  0  0  0  0  BIST wrong beats 1048576 1048576 1048576 1048576 1048576 1032800 9997 9997 1048576
  wl 2 + 35 .........  windows  0  0  0  0  0  0  0  0  0  BIST wrong beats 1048576 1048576 1048576 1048576 1048576 1032178 9995 9995 1048576
  wl 2 + 36 .........  windows  0  0  0  0  0  0  0  0  0  BIST wrong beats 1048576 1048576 1048576 1048576 1048576 1030852 9995 9995 1048576
  wl 2 + 37 .........  windows  0  0  0  0  0  0  0  0  0  BIST wrong beats 1048576 1048576 1048576 1048576 1048576 1032609 9998 9998 1048576
  wl 2 + 38 .........  windows  0  0  0  0  0  0  0  0  0  BIST wrong beats 1048576 1048576 1048576 1048576 1048576 1031853 9995 9995 1048576
  wl 2 + 39 .........  windows  0  0  0  0  0  0  0  0  0  BIST wrong beats 1048576 1048576 1048576 1048576 1048576 1032844 10000 10000 1048576
  wl 2 + 40 .........  windows  0  0  0  0  0  0  0  0  0  BIST wrong beats 1048576 1048576 1048576 1048576 1048576 1032946 9995 9995 1048576
  wl 2 + 41 .........  windows  0  0  0  0  0  0  0  0  0  BIST wrong beats 1048576 1048576 1048576 1048576 1048576 1032407 9995 9995 1048576
  wl 2 + 42 .........  windows  0  0  0  0  0  0  0  0  0  BIST wrong beats 1048576 1048576 1048576 1048576 1048574 1032119 9997 9997 1048576
  wl 2 + 43 .........  windows  0  0  0  0  0  0  0  0  0  BIST wrong beats 1048576 1048576 1048576 1048576 1048575 1033258 9998 9998 1048576
  wl 2 + 44 .........  windows  0  0  0  0  0  0  0  0  0  BIST wrong beats 1048576 1048576 1048576 1048576 1048575 1033256 9996 9996 1048576
  wl 2 + 45 .........  windows  0  0  0  0  0  0  0  0  0  BIST wrong beats 1048576 1048576 1048576 1048576 1048576 1033983 10000 10000 1048576
  wl 2 + 46 .........  windows  0  0  0  0  0  0  0  0  0  BIST wrong beats 1048576 1048576 1048576 1048576 1048576 1033696 9996 9996 1048576
  wl 2 + 47 .........  windows  0  0  0  0  0  0  0  0  0  BIST wrong beats 1048576 1048576 1048576 1048576 1048574 1034513 9995 9995 1048576
  wl 2 + 48 .........  windows  0  0  0  0  0  0  0  0  0  BIST wrong beats 1048576 1048576 1048576 1048576 1048576 1034536 9996 9996 1048576
  wl 2 + 49 .........  windows  0  0  0  0  0  0  0  0  0  BIST wrong beats 1048576 1048576 1048576 1048576 1048576 1034463 9998 9998 1048576
  wl 2 + 50 .........  windows  0  0  0  0  0  0  0  0  0  BIST wrong beats 1048576 1048576 1048576 1048576 1048576 1034070 10002 10002 1048576
  wl 2 + 51 .........  windows  0  0  0  0  0  0  0  0  0  BIST wrong beats 1048576 1048576 1048576 1048576 1048575 1031023 9996 9996 1048576
  wl 2 + 52 .........  windows  0  0  0  0  0  0  0  0  0  BIST wrong beats 1048576 1048576 1048576 1048576 1048576 1028046 9994 9994 1048576
  wl 2 + 53 .........  windows  0  0  0  0  0  0  0  0  0  BIST wrong beats 1048576 1048576 1048576 1048576 1048576 1026226 9996 9996 1048576
  wl 2 + 54 .........  windows  0  0  0  0  0  0  0  0  0  BIST wrong beats 1048576 1048576 1048576 1048576 1048576 1026056 9995 9995 1048576
  wl 2 + 55 .........  windows  0  0  0  0  0  0  0  0  0  BIST wrong beats 1048576 1048576 1048576 1048576 1048574 1023996 10000 10000 1048576
  wl 2 + 56 .........  windows  0  0  0  0  0  0  0  0  0  BIST wrong beats 1048576 1048576 1048576 1048576 1048576 1048576 1048576 1048576 1048576
  wl 2 + 57 .........  windows  0  0  0  0  0  0  0  0  0  BIST wrong beats 1048576 1048576 1048576 1048576 1048576 1048576 1048576 1048576 1048576
  wl 2 + 58 .........  windows  0  0  0  0  0  0  0  0  0  BIST wrong beats 1048576 1048576 1048576 1048576 1048576 1048576 1048576 1048576 1048576
  wl 2 + 59 .........  windows  0  0  0  0  0  0  0  0  0  BIST wrong beats 1048576 1048576 1048576 1048576 1048576 1048576 1048576 1048576 1048576
  wl 2 + 60 .........  windows  0  0  0  0  0  0  0  0  0  BIST wrong beats 1048576 1048576 1048576 1048576 1048576 1048576 1048576 1048576 1048576
  wl 2 + 61 .........  windows  0  0  0  0  0  0  0  0  0  BIST wrong beats 1048576 1048576 1048576 1048576 1048576 1048576 1048576 1048576 1048576
  wl 2 + 62 .........  windows  0  0  0  0  0  0  0  0  0  BIST wrong beats 1048576 1048576 1048576 1048576 1048576 1048576 1048576 1048576 1048576
  wl 2 + 63 .........  windows  0  0  0  0  0  0  0  0  0  BIST wrong beats 1048576 1048576 1048576 1048576 1048576 1048576 1048576 1048576 1048576
  wl 2 + 64 .........  windows  0  0  0  0  0  0  0  0  0  BIST wrong beats 1048576 1048576 1048576 1048576 1048576 1048576 1048576 1048576 1048576
  wl 2 + 65 .........  windows  0  0  0  0  0  0  0  0  0  BIST wrong beats 1048576 1048576 1048576 1048576 1048576 1048576 1048576 1048576 1048576
  wl 2 + 66 .........  windows  0  0  0  0  0  0  0  0  0  BIST wrong beats 1048576 1048576 1048576 1048576 1048576 1048576 1048576 1048576 1048576
  wl 2 + 67 .........  windows  0  0  0  0  0  0  0  0  0  BIST wrong beats 1048576 1048576 1048576 1048576 1048576 1048576 1048576 1048576 1048576
  wl 2 + 68 .........  windows  0  0  0  0  0  0  0  0  0  BIST wrong beats 1048576 1048576 1048576 1048576 1048576 1048576 1048576 1048576 1048576
  wl 2 + 69 .........  windows  0  0  0  0  0  0  0  0  0  BIST wrong beats 1048576 1048576 1048576 1048576 1048576 1048576 1048576 1048576 1048576
  wl 2 + 70 .........  windows  0  0  0  0  0  0  0  0  0  BIST wrong beats 1048576 1048576 1048576 1048576 1048576 1048576 1048576 1048576 1048576
  wl 2 + 71 .........  windows  0  0  0  0  0  0  0  0  0  BIST wrong beats 1048576 1048576 1048576 1048576 1048576 1048576 1048576 1048576 1048576
  wl 2 + 72 .........  windows  0  0  0  0  0  0  0  0  0  BIST wrong beats 1048576 1048576 1048576 1048576 1048576 1048576 1048576 1048576 1048576
  wl 2 + 73 .........  windows  0  0  0  0  0  0  0  0  0  BIST wrong beats 1048576 1048576 1048576 1048576 1048576 1048576 1048576 1048576 1048576
  wl 2 + 74 .........  windows  0  0  0  0  0  0  0  0  0  BIST wrong beats 1048576 1048576 1048576 1048576 1048576 1048576 1048576 1048576 1048576
  wl 2 + 75 .........  windows  0  0  0  0  0  0  0  0  0  BIST wrong beats 1048576 1048576 1048576 1048576 1048576 1048576 1048576 1048576 1048576
  wl 2 + 76 .........  windows  0  0  0  0  0  0  0  0  0  BIST wrong beats 1048576 1048576 1048576 1048576 1048576 1048576 1048576 1048576 1048576
  wl 2 + 77 .........  windows  0  0  0  0  0  0  0  0  0  BIST wrong beats 1048576 1048576 1048576 1048576 1048576 1048576 1048576 1048576 1048576
  wl 2 + 78 .........  windows  0  0  0  0  0  0  0  0  0  BIST wrong beats 1048576 1048576 1048576 1048576 1048576 1048576 1048576 1048576 1048576
  wl 2 + 79 .........  windows  0  0  0  0  0  0  0  0  0  BIST wrong beats 1048576 1048576 1048576 1048576 1048576 1048576 1048576 1048576 1048576
  wl 2 + 80 .........  windows  0  0  0  0  0  0  0  0  0  BIST wrong beats 1048576 1048576 1048576 1048576 1048576 1048576 1048576 1048576 1048576
  wl 2 + 81 .........  windows  0  0  0  0  0  0  0  0  0  BIST wrong beats 1048576 1048576 1048576 1048576 1048576 1048576 1048576 1048576 1048576
  wl 2 + 82 .........  windows  0  0  0  0  0  0  0  0  0  BIST wrong beats 1048576 1048576 1048576 1048576 1048576 1048576 1048576 1048576 1048576
  wl 2 + 83 .........  windows  0  0  0  0  0  0  0  0  0  BIST wrong beats 1048576 1048576 1048576 1048576 1048576 1048576 1048576 1048576 1048576
  wl 2 + 84 .........  windows  0  0  0  0  0  0  0  0  0  BIST wrong beats 1048576 1048576 1048576 1048576 1048576 1048576 1048576 1048576 1048576
  wl 2 + 85 .........  windows  0  0  0  0  0  0  0  0  0  BIST wrong beats 1048576 1048576 1048576 1048576 1048576 1048576 1048576 1048576 1048576
  wl 2 + 86 .........  windows  0  0  0  0  0  0  0  0  0  BIST wrong beats 1048576 1048576 1048576 1048576 1048576 1048576 1048576 1048576 1048576
  wl 2 + 87 .........  windows  0  0  0  0  0  0  0  0  0  BIST wrong beats 1048576 1048576 1048576 1048576 1048576 1048576 1048576 1048576 1048576
  wl 2 + 88 .........  windows  0  0  0  0  0  0  0  0  0  BIST wrong beats 1048576 1048576 1048576 1048576 1048576 1048576 1048576 1048576 1048576
  wl 2 + 89 .........  windows  0  0  0  0  0  0  0  0  0  BIST wrong beats 1048576 1048576 1048576 1048576 1048576 1048576 1048576 1048576 1048576
  wl 2 + 90 .........  windows  0  0  0  0  0  0  0  0  0  BIST wrong beats 1048576 1048576 1048576 1048576 1048576 1048576 1048576 1048576 1048576
  wl 2 + 91 .........  windows  0  0  0  0  0  0  0  0  0  BIST wrong beats 1048576 1048576 1048576 1048576 1048576 1048576 1048576 1048576 1048576
  wl 2 + 92 .........  windows  0  0  0  0  0  0  0  0  0  BIST wrong beats 1048576 1048576 1048576 1048576 1048576 1048576 1048576 1048576 1048576
  wl 2 + 93 .........  windows  0  0  0  0  0  0  0  0  0  BIST wrong beats 1048576 1048576 1048576 1048576 1048576 1048576 1048576 1048576 1048576
  wl 2 + 94 .........  windows  0  0  0  0  0  0  0  0  0  BIST wrong beats 1048576 1048576 1048576 1048576 1048576 1048576 1048576 1048576 1048576
  wl 2 + 95 .........  windows  0  0  0  0  0  0  0  0  0  BIST wrong beats 1048576 1048576 1048576 1048576 1048576 1048576 1048576 1048576 1048576
  wl 2 + 96 .........  windows  0  0  0  0  0  0  0  0  0  BIST wrong beats 1048576 1048576 1048576 1048576 1048576 1048576 1048576 1048576 1048576
  wl 2 + 97 .........  windows  0  0  0  0  0  0  0  0  0  BIST wrong beats 1048576 1048576 1048576 1048576 1048576 1048576 1048576 1048576 1048576
  wl 2 + 98 .........  windows  0  0  0  0  0  0  0  0  0  BIST wrong beats 1048576 1048576 1048576 1048576 1048576 1048576 1048576 1048576 1048576
  wl 2 + 99 .........  windows  0  0  0  0  0  0  0  0  0  BIST wrong beats 1048576 1048576 1048576 1048576 1048576 1048576 1048576 1048576 1048576
  wl 2 +100 .........  windows  0  0  0  0  0  0  0  0  0  BIST wrong beats 1048576 1048576 1048576 1048576 1048576 1048576 1048576 1048576 1048576
  wl 2 +101 .........  windows  0  0  0  0  0  0  0  0  0  BIST wrong beats 1048576 1048576 1048576 1048576 1048576 1048576 1048576 1048576 1048576
  wl 2 +102 .........  windows  0  0  0  0  0  0  0  0  0  BIST wrong beats 1048576 1048576 1048576 1048576 1048576 1048576 1048576 1048576 1048576
  wl 2 +103 .........  windows  0  0  0  0  0  0  0  0  0  BIST wrong beats 1048576 1048576 1048576 1048576 1048576 1048576 1048576 1048576 1048576
  wl 2 +104 .........  windows  0  0  0  0  0  0  0  0  0  BIST wrong beats 1048576 1048576 1048576 1048576 1048576 1048576 1048576 1048576 1048576
  wl 2 +105 .........  windows  0  0  0  0  0  0  0  0  0  BIST wrong beats 1048576 1048576 1048576 1048576 1048576 1048576 1048576 1048576 1048576
  wl 2 +106 .........  windows  0  0  0  0  0  0  0  0  0  BIST wrong beats 1048576 1048576 1048576 1048576 1048576 1048576 1048576 1048576 1048576
  wl 2 +107 .........  windows  0  0  0  0  0  0  0  0  0  BIST wrong beats 1048576 1048576 1048576 1048576 1048576 1048576 1048576 1048576 1048576
  wl 2 +108 .........  windows  0  0  0  0  0  0  0  0  0  BIST wrong beats 1048576 1048576 1048576 1048576 1048576 1048576 1048576 1048576 1048576
  wl 2 +109 .........  windows  0  0  0  0  0  0  0  0  0  BIST wrong beats 1048576 1048576 1048576 1048576 1048576 1048576 1048576 1048576 1048576
  wl 2 +110 .........  windows  0  0  0  0  0  0  0  0  0  BIST wrong beats 1048576 1048576 1048576 1048576 1048576 1048576 1048576 1048576 1048576
  wl 2 +111 .........  windows  0  0  0  0  0  0  0  0  0  BIST wrong beats 1048576 1048576 1048576 1048576 1048576 1048576 1048576 1048576 1048576
  wl 4 +  0 .........  windows  0  0  0  0  0  0  0  0  0  BIST wrong beats 1048576 1048576 1048576 1048576 1048576 1048576 9998 9998 1048576
  wl 4 +  1 .........  windows  0  0  0  0  0  0  0  0  0  BIST wrong beats 1048576 1048576 1048576 1048576 1048576 1048576 9999 9999 1048576
  wl 4 +  2 .........  windows  0  0  0  0  0  0  0  0  0  BIST wrong beats 1048576 1048576 1048576 1048576 1048576 1048576 10001 10001 1048576
  wl 4 +  3 .........  windows  0  0  0  0  0  0  0  0  0  BIST wrong beats 1048576 1048576 1048576 1048576 1048576 1048576 9996 9996 1048576
  wl 4 +  4 .........  windows  0  0  0  0  0  0  0  0  0  BIST wrong beats 1048576 1048576 1048576 1048576 1048576 1048576 10000 10000 1048576
  wl 4 +  5 .........  windows  0  0  0  0  0  0  0  0  0  BIST wrong beats 1048576 1048576 1048576 1048576 1048576 1048576 10000 10000 1048576
  wl 4 +  6 .........  windows  0  0  0  0  0  0  0  0  0  BIST wrong beats 1048576 1048576 1048576 1048576 1048576 1048576 9997 9997 1048576
  wl 4 +  7 .........  windows  0  0  0  0  0  0  0  0  0  BIST wrong beats 1048576 1048576 1048576 1048576 1048576 1048576 9996 10031 1048576
  wl 4 +  8 .........  windows  0  0  0  0  0  0  0  0  0  BIST wrong beats 1048576 1048576 1048576 1048576 1048576 1048576 9996 26074 1048576
  wl 4 +  9 .........  windows  0  0  0  0  0  0  0  0  0  BIST wrong beats 1048576 1048576 1048576 1048576 1048576 1048576 9998 1048473 1048576
  wl 4 + 10 .........  windows  0  0  0  0  0  0  0  0  0  BIST wrong beats 1048576 1048576 1048576 1048576 1048576 1048576 10000 1048576 1048576
  wl 4 + 11 .........  windows  0  0  0  0  0  0  0  0  0  BIST wrong beats 1048576 1048576 1048576 1048576 1048576 1048576 21473 1048576 1048576
  wl 4 + 12 .........  windows  0  0  0  0  0  0  0  0  0  BIST wrong beats 1048576 1048576 1048576 1048576 1048576 1048576 1025382 1048576 1048576
  wl 4 + 13 .........  windows  0  0  0  0  0  0  0  0  0  BIST wrong beats 1048576 1048576 1048576 1048576 1048576 1048576 1048576 1048576 1048576
  wl 4 + 14 .........  windows  0  0  0  0  0  0  0  0  0  BIST wrong beats 1048576 1048576 1048576 1048576 1048576 1048576 1048576 1048576 1048576
  wl 4 + 15 .........  windows  0  0  0  0  0  0  0  0  0  BIST wrong beats 1048576 1048576 1048576 1048576 1048576 1048576 1048576 1048576 1048576
  wl 4 + 16 .........  windows  0  0  0  0  0  0  0  0  0  BIST wrong beats 1048576 1048576 1048576 1048576 1048576 1048576 1048576 1048576 1048576
  wl 4 + 17 .........  windows  0  0  0  0  0  0  0  0  0  BIST wrong beats 1048576 1048576 1048576 1048576 1048576 1048576 1048576 1048576 1048576
  wl 4 + 18 .........  windows  0  0  0  0  0  0  0  0  0  BIST wrong beats 1048576 1048576 1048576 1048576 1048576 1048576 1048576 1048576 1048576
  wl 4 + 19 .........  windows  0  0  0  0  0  0  0  0  0  BIST wrong beats 1048576 1048576 1048576 1048576 1048576 1048576 1048576 1048576 1048576
  wl 4 + 20 .........  windows  0  0  0  0  0  0  0  0  0  BIST wrong beats 1048576 1048576 1048576 1048576 1048576 1048576 1048576 1048576 1048576
  wl 4 + 21 .........  windows  0  0  0  0  0  0  0  0  0  BIST wrong beats 1048576 1048576 1048576 1048576 1048576 1048576 1048576 1048576 1048576
  wl 4 + 22 .........  windows  0  0  0  0  0  0  0  0  0  BIST wrong beats 1048576 1048576 1048576 1048576 1048576 1048576 1048576 1048576 1048576
  wl 4 + 23 .........  windows  0  0  0  0  0  0  0  0  0  BIST wrong beats 1048576 1048576 1048576 1048576 1048576 1048576 1048576 1048576 1048576
  wl 4 + 24 .........  windows  0  0  0  0  0  0  0  0  0  BIST wrong beats 1048576 1048576 1048576 1048576 1048576 1048576 1048576 1048576 1048576
  wl 4 + 25 .........  windows  0  0  0  0  0  0  0  0  0  BIST wrong beats 1048576 1048576 1048576 1048576 1048576 1048576 1048576 1048576 1048576
  wl 4 + 26 .........  windows  0  0  0  0  0  0  0  0  0  BIST wrong beats 1048576 1048576 1048576 1048576 1048576 1048576 1048576 1048576 1048576
  wl 4 + 27 .........  windows  0  0  0  0  0  0  0  0  0  BIST wrong beats 1048576 1048576 1048576 1048576 1048576 1048576 1048576 1048576 1048576
  wl 4 + 28 .........  windows  0  0  0  0  0  0  0  0  0  BIST wrong beats 1048576 1048576 1048576 1048576 1048576 1048576 1048576 1048576 1048576
  wl 4 + 29 .........  windows  0  0  0  0  0  0  0  0  0  BIST wrong beats 1048576 1048576 1048576 1048576 1048576 1048576 1048576 1048576 1048576
  wl 4 + 30 .........  windows  0  0  0  0  0  0  0  0  0  BIST wrong beats 1048576 1048576 1048576 1048576 1048576 1048576 1048576 1048576 1048576
  wl 4 + 31 .........  windows  0  0  0  0  0  0  0  0  0  BIST wrong beats 1048576 1048576 1048576 1048576 1048576 1048576 1048576 1048576 1048576
  wl 4 + 32 .........  windows  0  0  0  0  0  0  0  0  0  BIST wrong beats 1048576 1048576 1048576 1048576 1048576 1048576 1048576 1048576 1048576
  wl 4 + 33 .........  windows  0  0  0  0  0  0  0  0  0  BIST wrong beats 1048576 1048576 1048576 1048576 1048576 1048576 1048576 1048576 1048576
  wl 4 + 34 .........  windows  0  0  0  0  0  0  0  0  0  BIST wrong beats 1048576 1048576 1048576 1048576 1048576 1048576 1048576 1048576 1048576
  wl 4 + 35 .........  windows  0  0  0  0  0  0  0  0  0  BIST wrong beats 1048576 1048576 1048576 1048576 1048576 1048576 1048576 1048576 1048576
  wl 4 + 36 .........  windows  0  0  0  0  0  0  0  0  0  BIST wrong beats 1048576 1048576 1048576 1048576 1048576 1048576 1048576 1048576 1048576
  wl 4 + 37 .........  windows  0  0  0  0  0  0  0  0  0  BIST wrong beats 1048576 1048576 1048576 1048576 1048576 1048576 1048576 1048576 1048576
  wl 4 + 38 .........  windows  0  0  0  0  0  0  0  0  0  BIST wrong beats 1048576 1048576 1048576 1048576 1048576 1048576 1048576 1048576 1048576
  wl 4 + 39 .........  windows  0  0  0  0  0  0  0  0  0  BIST wrong beats 1048576 1048576 1048576 1048576 1048576 1048576 1048576 1048576 1048576
  wl 4 + 40 .........  windows  0  0  0  0  0  0  0  0  0  BIST wrong beats 1048576 1048576 1048576 1048576 1048576 1048576 1048576 1048576 1048576
  wl 4 + 41 .........  windows  0  0  0  0  0  0  0  0  0  BIST wrong beats 1048576 1048576 1048576 1048576 1048576 1048576 1048576 1048576 1048576
  wl 4 + 42 .........  windows  0  0  0  0  0  0  0  0  0  BIST wrong beats 1048576 1048576 1048576 1048576 1048576 1048576 1048576 1048576 1048576
  wl 4 + 43 .........  windows  0  0  0  0  0  0  0  0  0  BIST wrong beats 1048576 1048576 1048576 1048576 1048576 1048576 1048576 1048576 1048576
  wl 4 + 44 .........  windows  0  0  0  0  0  0  0  0  0  BIST wrong beats 1048576 1048576 1048576 1048576 1048576 1048576 1048576 1048576 1048576
  wl 4 + 45 .........  windows  0  0  0  0  0  0  0  0  0  BIST wrong beats 1048576 1048576 1048576 1048576 1048576 1048576 1048576 1048576 1048576
  wl 4 + 46 .........  windows  0  0  0  0  0  0  0  0  0  BIST wrong beats 1048576 1048576 1048576 1048576 1048576 1048576 1048576 1048576 1048576
  wl 4 + 47 .........  windows  0  0  0  0  0  0  0  0  0  BIST wrong beats 1048576 1048576 1048576 1048576 1048576 1048576 1048576 1048576 1048576
  wl 4 + 48 .........  windows  0  0  0  0  0  0  0  0  0  BIST wrong beats 1048576 1048576 1048576 1048576 1048576 1048576 1048576 1048576 1048576
  wl 4 + 49 .........  windows  0  0  0  0  0  0  0  0  0  BIST wrong beats 1048576 1048576 1048576 1048576 1048576 1048576 1048576 1048576 1048576
  wl 4 + 50 .........  windows  0  0  0  0  0  0  0  0  0  BIST wrong beats 1048576 1048576 1048576 1048576 1048576 1048576 1048576 1048576 1048576
  wl 4 + 51 .........  windows  0  0  0  0  0  0  0  0  0  BIST wrong beats 1048576 1048576 1048576 1048576 1048576 1048576 1048576 1048576 1048576
  wl 4 + 52 .........  windows  0  0  0  0  0  0  0  0  0  BIST wrong beats 1048576 1048576 1048576 1048576 1048576 1048576 1048576 1048576 1048576
  wl 4 + 53 .........  windows  0  0  0  0  0  0  0  0  0  BIST wrong beats 1048576 1048576 1048576 1048576 1048576 1048576 1048576 1048576 1048576
  wl 4 + 54 .........  windows  0  0  0  0  0  0  0  0  0  BIST wrong beats 1048576 1048576 1048576 1048576 1048576 1048576 1048576 1048576 1048576
  wl 4 + 55 .........  windows  0  0  0  0  0  0  0  0  0  BIST wrong beats 1048576 1048576 1048576 1048576 1048576 1048576 1048576 1048576 1048576
  wl 4 + 56 .........  windows  0  0  0  0  0  0  0  0  0  BIST wrong beats 1048576 1048576 1048576 1048576 1048576 1033833 9997 9997 1048576
  wl 4 + 57 .........  windows  0  0  0  0  0  0  0  0  0  BIST wrong beats 1048576 1048576 1048576 1048576 1048576 1035681 9993 9993 1048576
  wl 4 + 58 .........  windows  0  0  0  0  0  0  0  0  0  BIST wrong beats 1048576 1048576 1048576 1048576 1048576 1033189 9997 9997 1048576
  wl 4 + 59 .........  windows  0  0  0  0  0  0  0  0  0  BIST wrong beats 1048576 1048576 1048576 1048576 1048576 1037759 9998 9998 1048576
  wl 4 + 60 .........  windows  0  0  0  0  0  0  0  0  0  BIST wrong beats 1048576 1048576 1048576 1048576 1048576 1038640 9996 9996 1048576
  wl 4 + 61 .........  windows  0  0  0  0  0  0  0  0  0  BIST wrong beats 1048576 1048576 1048576 1048576 1048576 1039313 10001 10001 1048576
  wl 4 + 62 .........  windows  0  0  0  0  0  0  0  0  0  BIST wrong beats 1048576 1048576 1048576 1048576 1048576 1039052 9998 9998 1048576
  wl 4 + 63 .........  windows  0  0  0  0  0  0  0  0  0  BIST wrong beats 1048576 1048576 1048576 1048576 1048576 1039826 10000 10000 1048576
  wl 4 + 64 .........  windows  0  0  0  0  0  0  0  0  0  BIST wrong beats 1048576 1048576 1048576 1048576 1048576 1039931 9996 9996 1048576
  wl 4 + 65 .........  windows  0  0  0  0  0  0  0  0  0  BIST wrong beats 1048576 1048576 1048576 1048576 1048576 1038859 9995 9995 1048576
  wl 4 + 66 .........  windows  0  0  0  0  0  0  0  0  0  BIST wrong beats 1048576 1048576 1048576 1048576 1048576 1039033 9996 9996 1048576
  wl 4 + 67 .........  windows  0  0  0  0  0  0  0  0  0  BIST wrong beats 1048576 1048576 1048576 1048576 1048576 1040082 9995 9995 1048576
  wl 4 + 68 .........  windows  0  0  0  0  0  0  0  0  0  BIST wrong beats 1048576 1048576 1048576 1048576 1048576 1040208 9998 9998 1048576
  wl 4 + 69 .........  windows  0  0  0  0  0  0  0  0  0  BIST wrong beats 1048576 1048576 1048576 1048576 1048576 1040761 9997 9997 1048576
  wl 4 + 70 .........  windows  0  0  0  0  0  0  0  0  0  BIST wrong beats 1048576 1048576 1048576 1048576 1048576 1040484 9992 9992 1048576
  wl 4 + 71 .........  windows  0  0  0  0  0  0  0  0  0  BIST wrong beats 1048576 1048576 1048576 1048576 1048576 1040631 9995 9995 1048576
  wl 4 + 72 .........  windows  0  0  0  0  0  0  0  0  0  BIST wrong beats 1048576 1048576 1048576 1048576 1048576 1039648 9998 9998 1048576
  wl 4 + 73 .........  windows  0  0  0  0  0  0  0  0  0  BIST wrong beats 1048576 1048576 1048576 1048576 1048576 1039995 9993 9993 1048576
  wl 4 + 74 .........  windows  0  0  0  0  0  0  0  0  0  BIST wrong beats 1048576 1048576 1048576 1048576 1048576 1039849 9999 9999 1048576
  wl 4 + 75 .........  windows  0  0  0  0  0  0  0  0  0  BIST wrong beats 1048576 1048576 1048576 1048576 1048576 1040361 9995 9995 1048576
  wl 4 + 76 .........  windows  0  0  0  0  0  0  0  0  0  BIST wrong beats 1048576 1048576 1048576 1048576 1048576 1040658 9999 9999 1048576
  wl 4 + 77 .........  windows  0  0  0  0  0  0  0  0  0  BIST wrong beats 1048576 1048576 1048576 1048576 1048576 1040605 9997 9997 1048576
  wl 4 + 78 .........  windows  0  0  0  0  0  0  0  0  0  BIST wrong beats 1048576 1048576 1048576 1048576 1048576 1040174 10001 10001 1048576
  wl 4 + 79 .........  windows  0  0  0  0  0  0  0  0  0  BIST wrong beats 1048576 1048576 1048576 1048576 1048576 1041078 9993 9993 1048576
  wl 4 + 80 .........  windows  0  0  0  0  0  0  0  0  0  BIST wrong beats 1048576 1048576 1048576 1048576 1048576 1041426 9997 9997 1048576
  wl 4 + 81 .........  windows  0  0  0  0  0  0  0  0  0  BIST wrong beats 1048576 1048576 1048576 1048576 1048576 1041158 9998 9998 1048576
  wl 4 + 82 .........  windows  0  0  0  0  0  0  0  0  0  BIST wrong beats 1048576 1048576 1048576 1048576 1048576 1040857 9996 9996 1048576
  wl 4 + 83 .........  windows  0  0  0  0  0  0  0  0  0  BIST wrong beats 1048576 1048576 1048576 1048576 1048576 1041476 9999 9999 1048576
  wl 4 + 84 .........  windows  0  0  0  0  0  0  0  0  0  BIST wrong beats 1048576 1048576 1048576 1048576 1048576 1041070 9994 9994 1048576
  wl 4 + 85 .........  windows  0  0  0  0  0  0  0  0  0  BIST wrong beats 1048576 1048576 1048576 1048576 1048576 1041407 9997 9997 1048576
  wl 4 + 86 .........  windows  0  0  0  0  0  0  0  0  0  BIST wrong beats 1048576 1048576 1048576 1048576 1048576 1042054 9999 9999 1048576
  wl 4 + 87 .........  windows  0  0  0  0  0  0  0  0  0  BIST wrong beats 1048576 1048576 1048576 1048576 1048576 1042669 9996 9996 1048576
  wl 4 + 88 .........  windows  0  0  0  0  0  0  0  0  0  BIST wrong beats 1048576 1048576 1048576 1048576 1048576 1042354 9994 9994 1048576
  wl 4 + 89 .........  windows  0  0  0  0  0  0  0  0  0  BIST wrong beats 1048576 1048576 1048576 1048576 1048576 1041779 9994 9994 1048576
  wl 4 + 90 .........  windows  0  0  0  0  0  0  0  0  0  BIST wrong beats 1048576 1048576 1048576 1048576 1048576 1044276 9995 9995 1048576
  wl 4 + 91 .........  windows  0  0  0  0  0  0  0  0  0  BIST wrong beats 1048576 1048576 1048576 1048576 1048576 1039549 9997 9997 1048576
  wl 4 + 92 .........  windows  0  0  0  0  0  0  0  0  0  BIST wrong beats 1048576 1048576 1048576 1048576 1048576 1039903 10001 10001 1048576
  wl 4 + 93 .........  windows  0  0  0  0  0  0  0  0  0  BIST wrong beats 1048576 1048576 1048576 1048576 1048576 1039569 9998 9998 1048576
  wl 4 + 94 .........  windows  0  0  0  0  0  0  0  0  0  BIST wrong beats 1048576 1048576 1048576 1048576 1048576 1039721 9997 9997 1048576
  wl 4 + 95 .........  windows  0  0  0  0  0  0  0  0  0  BIST wrong beats 1048576 1048576 1048576 1048576 1048576 1039171 9999 9999 1048576
  wl 4 + 96 .........  windows  0  0  0  0  0  0  0  0  0  BIST wrong beats 1048576 1048576 1048576 1048576 1048576 1038940 9997 9997 1048576
  wl 4 + 97 .........  windows  0  0  0  0  0  0  0  0  0  BIST wrong beats 1048576 1048576 1048576 1048576 1048576 1039173 10001 10001 1048576
  wl 4 + 98 .........  windows  0  0  0  0  0  0  0  0  0  BIST wrong beats 1048576 1048576 1048576 1048576 1048576 1037936 9995 9995 1048576
  wl 4 + 99 .........  windows  0  0  0  0  0  0  0  0  0  BIST wrong beats 1048576 1048576 1048576 1048576 1048576 1038278 9992 9992 1048576
  wl 4 +100 .........  windows  0  0  0  0  0  0  0  0  0  BIST wrong beats 1048576 1048576 1048576 1048576 1048576 1038346 9993 9993 1048576
  wl 4 +101 .........  windows  0  0  0  0  0  0  0  0  0  BIST wrong beats 1048576 1048576 1048576 1048576 1048576 1032769 9997 9997 1048576
  wl 4 +102 .........  windows  0  0  0  0  0  0  0  0  0  BIST wrong beats 1048576 1048576 1048576 1048576 1048576 1036875 9996 9996 1048576
  wl 4 +103 .........  windows  0  0  0  0  0  0  0  0  0  BIST wrong beats 1048576 1048576 1048576 1048576 1048576 1038062 9997 9997 1048576
  wl 4 +104 .........  windows  0  0  0  0  0  0  0  0  0  BIST wrong beats 1048576 1048576 1048576 1048576 1048576 1038099 9997 9997 1048576
  wl 4 +105 .........  windows  0  0  0  0  0  0  0  0  0  BIST wrong beats 1048576 1048576 1048576 1048576 1048575 1037611 9993 9993 1048576
  wl 4 +106 .........  windows  0  0  0  0  0  0  0  0  0  BIST wrong beats 1048576 1048576 1048576 1048576 1048576 1037377 9998 9998 1048576
  wl 4 +107 .........  windows  0  0  0  0  0  0  0  0  0  BIST wrong beats 1048576 1048576 1048576 1048576 1048576 1036909 9996 9996 1048576
  wl 4 +108 .........  windows  0  0  0  0  0  0  0  0  0  BIST wrong beats 1048576 1048576 1048576 1048576 1048576 1037325 9995 9995 1048576
  wl 4 +109 .........  windows  0  0  0  0  0  0  0  0  0  BIST wrong beats 1048576 1048576 1048576 1048576 1048576 1038750 10000 10000 1048576
  wl 4 +110 .........  windows  0  0  0  0  0  0  0  0  0  BIST wrong beats 1048576 1048576 1048576 1048576 1048576 1041123 9998 9998 1048576
  wl 4 +111 .........  windows  0  0  0  0  0  0  0  0  0  BIST wrong beats 1048576 1048576 1048576 1048576 1048576 1048576 1044422 9994 1048576
  wl 6 +  0 .........  windows  0  0  0  0  0  0  0  0  0  BIST wrong beats 1048576 1048576 1048576 1048576 1048576 1048576 1048576 1048576 1048576
  wl 6 +  1 .........  windows  0  0  0  4  0  0  0  0  0  BIST wrong beats 1048576 1048576 1048576 841393 1048576 1048576 1048576 1048576 1048576
  wl 6 +  2 .........  windows  0  0  0 10  0  0  0  0  0  BIST wrong beats 1048576 1048576 1048576 5411 1048576 1048576 1048576 1048576 1048576
  wl 6 +  3 ...#.....  windows  0  0  0 10  0 10  0  0  0  BIST wrong beats 1048576 1048576 1048576 0 1048576 24064 1048576 1048576 1048576
  wl 6 +  4 ...#.#...  windows  0  0  0 10  0 10  0  0  0  BIST wrong beats 1048576 1048576 1048576 0 1048576 0 1048576 1048576 1048576
  wl 6 +  5 ...#.#...  windows  0  0  0 10  0 10  0  0  0  BIST wrong beats 1048576 1048576 1048576 0 1048576 0 1048576 1048576 1048576
  wl 6 +  6 ...#.#...  windows  0  0  0 10  0 10  0  0  0  BIST wrong beats 1048576 1048576 1048576 0 1048576 0 1048576 1048576 1048576
  wl 6 +  7 ...#.#...  windows  0  0  0 10  0 10  0  0  0  BIST wrong beats 1048576 1048576 1048576 0 1048576 0 1048576 1048576 1048576
  wl 6 +  8 ...#.#...  windows  0  0  0 10  0 11  0  0  0  BIST wrong beats 1048576 1048576 1048576 0 1048576 0 1048576 1048576 1048576
  wl 6 +  9 ...#.#...  windows  0  0  0 10  0 11  0  0  0  BIST wrong beats 1048576 1048576 1048576 0 1048576 0 1048576 1048576 1048576
  wl 6 + 10 ...#.#...  windows  0  0  0 10  0 10  0  0  0  BIST wrong beats 1048576 1048576 1048576 0 1048576 0 1048576 1048576 1048576
  wl 6 + 11 ...#.#...  windows  0  0  0 10  6 10  0  0  0  BIST wrong beats 1048576 1048576 1048576 0 260082 0 1048576 1048576 1048576
  wl 6 + 12 ...###...  windows  0  0  0 10 11 10  0  0  0  BIST wrong beats 1048576 1048576 1048576 0 0 0 1048576 1048576 1048576
  wl 6 + 13 ...###...  windows  0  0  0 10 11 10  0  0  0  BIST wrong beats 1048576 1048576 1048576 0 0 0 1048576 1048576 1048576
  wl 6 + 14 ...###...  windows  0 10  0 10 11 10  0 10  0  BIST wrong beats 1048576 476416 1048576 0 0 0 1048576 129787 1048576
  wl 6 + 15 ...###.#.  windows  0 10  0 10 11 10  0 10  0  BIST wrong beats 1048576 261 1048576 0 0 0 1048576 0 1048576
  wl 6 + 16 .#.###.#.  windows  0 11  0 10 11 10  2 10  0  BIST wrong beats 1048576 0 1048576 0 0 0 411538 0 1048576
  wl 6 + 17 .#.#####.  windows 10 10  0 10 11 10  9 10  0  BIST wrong beats 208 0 1048576 0 0 0 0 0 1048576
  wl 6 + 18 ##.#####.  windows 10 10  0 10 11 10  9 10  0  BIST wrong beats 0 0 1048576 0 0 0 0 0 1048576
  wl 6 + 19 ##.#####.  windows 10 10  0 10 11 10 10 10  0  BIST wrong beats 0 0 1048576 0 0 0 0 0 1048576
  wl 6 + 20 ##.#####.  windows 10 10  0  9 10 10 10 10  0  BIST wrong beats 0 0 1048576 0 0 0 0 0 1048576
  wl 6 + 21 ##.#####.  windows 10 10  0 10 11 10  9 10  0  BIST wrong beats 0 0 1048576 0 0 0 0 0 1048576
  wl 6 + 22 ##.#####.  windows 10 10  0 10 11 10  9 10  0  BIST wrong beats 0 0 1048576 0 0 0 0 0 1048576
  wl 6 + 23 ##.#####.  windows 10 10  0  9 11 10  9 10  0  BIST wrong beats 0 0 1048576 0 0 0 0 0 1048576
  wl 6 + 24 ##.#####.  windows 10 10  0 10 11 10  9 10  0  BIST wrong beats 0 0 1048576 0 0 0 0 0 1048576
  wl 6 + 25 ##.#####.  windows 10 10  0 10 11 10  9 10  0  BIST wrong beats 0 0 1048576 0 0 0 0 0 1048576
  wl 6 + 26 ##.#####.  windows 10 10  0 10 11 10 10 10  0  BIST wrong beats 0 0 1048576 0 0 0 0 0 1048576
  wl 6 + 27 ##.#####.  windows 10 10  0 10 11 10  9 10  0  BIST wrong beats 0 0 1048576 0 0 0 0 0 1048576
  wl 6 + 28 ##.#####.  windows 10 10  0 10 11 10  9 10  0  BIST wrong beats 0 0 1048576 0 0 0 0 0 1048576
  wl 6 + 29 ##.#####.  windows 10 10  9 11 10 10 10 10  0  BIST wrong beats 0 0 151 0 0 0 0 0 1048576
  wl 6 + 30 ########.  windows 10 10 10 10 11 10  9 10  0  BIST wrong beats 0 0 0 0 0 0 0 0 1048576
  wl 6 + 31 ########.  windows 10 10 10 10 11 10 10 10  0  BIST wrong beats 0 0 0 0 0 0 0 0 1048576
  wl 6 + 32 ########.  windows 10 10  9 10 11 11 10 10  0  BIST wrong beats 0 0 0 0 0 0 0 0 1048576
  wl 6 + 33 ########.  windows 10 10 10 10 10 11  9 10  0  BIST wrong beats 0 0 0 0 0 0 0 0 1048576
  wl 6 + 34 ########.  windows 10 10 10 10 11 11 10 10  0  BIST wrong beats 0 0 0 0 0 0 0 0 1048576
  wl 6 + 35 ########.  windows 10 10  9 10 11 10  9 10  0  BIST wrong beats 0 0 0 0 0 0 0 0 1048576
  wl 6 + 36 ########.  windows 10 10  9  9 11 10  9 10  0  BIST wrong beats 0 0 0 0 0 0 0 0 1048576
  wl 6 + 37 ########.  windows 10 10  9  9 11 10  9 10  0  BIST wrong beats 0 0 0 0 0 0 0 0 1048576
  wl 6 + 38 ########.  windows 10 10  9 10 11 10  9 10  0  BIST wrong beats 0 0 0 0 0 0 0 0 1048576
  wl 6 + 39 ########.  windows 10 10  9 10 11 10  9 10  0  BIST wrong beats 0 0 0 0 0 0 0 0 1048576
  wl 6 + 40 ########.  windows 10 10  9 10 10 11  9 10  0  BIST wrong beats 0 0 0 0 0 0 0 0 1048576
  wl 6 + 41 ########.  windows 10 10  9 10 11 10  9 10  0  BIST wrong beats 0 0 0 0 0 0 0 0 1048576
  wl 6 + 42 ########.  windows 10 10 10 10 10 10  9 10  0  BIST wrong beats 0 0 0 0 0 0 0 0 1048576
  wl 6 + 43 ########.  windows 10 10 10 11 11 10 10 10  0  BIST wrong beats 0 0 0 0 0 0 0 0 1048576
  wl 6 + 44 ########.  windows 10 10 10 10 10 11 10 10  0  BIST wrong beats 0 0 0 0 0 0 0 0 1048576
  wl 6 + 45 ########.  windows 10 10 10 10 11 10 10 10  0  BIST wrong beats 0 0 0 0 0 0 0 0 1048576
  wl 6 + 46 ########.  windows 10 10  9 10 11 11 10 10  0  BIST wrong beats 0 0 0 0 0 0 0 0 1048576
  wl 6 + 47 ########.  windows 10 10  9 10 10 10  9 10  0  BIST wrong beats 0 0 0 0 0 0 0 0 1048576
  wl 6 + 48 ########.  windows 10 10 10 10 10 11 10 10  0  BIST wrong beats 0 0 0 0 0 0 0 0 1048576
  wl 6 + 49 ########.  windows 10 10  9 10 11 10  9 10  0  BIST wrong beats 0 0 0 0 0 0 0 0 1048576
  wl 6 + 50 ########.  windows 10 10 10 10 10 10 10 10  0  BIST wrong beats 0 0 0 0 0 0 0 0 1048576
  wl 6 + 51 ########.  windows 10 10  9 10 10 10  9  9  0  BIST wrong beats 0 0 0 0 0 0 0 0 1048576
  wl 6 + 52 ########.  windows 10 10 10 10 10 10  9 10  0  BIST wrong beats 0 0 0 0 0 0 0 0 1048576
  wl 6 + 53 ########.  windows 10  9 10 10 10 11 10 10  0  BIST wrong beats 0 0 0 0 0 0 0 0 1048576
  wl 6 + 54 ########.  windows 10 10  9 11 11 10  9 10  0  BIST wrong beats 0 0 0 0 0 0 0 0 1048576
  wl 6 + 55 ########.  windows 10 10 10 10 10 10  9 10  0  BIST wrong beats 0 0 0 0 0 0 0 0 1048576
  wl 6 + 56 .........  windows  0  0  0  0  0  0  0  0  0  BIST wrong beats 1048576 1048576 1048576 1048576 1048576 1048576 1048576 1048576 1048576
  wl 6 + 57 .........  windows  0  0  0  0  0  0  0  0  0  BIST wrong beats 1048576 1048576 1048576 1048576 1048576 1048576 1048576 1048576 1048576
  wl 6 + 58 .........  windows  0  0  0  0  0  0  0  0  0  BIST wrong beats 1048576 1048576 1048576 1048576 1048576 1048576 1048576 1048576 1048576
  wl 6 + 59 .........  windows  0  0  0  0  0  0  0  0  0  BIST wrong beats 1048576 1048576 1048576 1048576 1048576 1048576 1048576 1048576 1048576
  wl 6 + 60 .........  windows  0  0  0  0  0  0  0  0  0  BIST wrong beats 1048576 1048576 1048576 1048576 1048576 1048576 1048576 1048576 1048576
  wl 6 + 61 .........  windows  0  0  0  0  0  0  0  0  0  BIST wrong beats 1048576 1048576 1048576 1048576 1048576 1048576 1048576 1048576 1048576
  wl 6 + 62 .........  windows  0  0  0  0  0  0  0  0  0  BIST wrong beats 1048576 1048576 1048576 1048576 1048576 1048576 1048576 1048576 1048576
  wl 6 + 63 .........  windows  0  0  0  0  0  0  0  0  0  BIST wrong beats 1048576 1048576 1048576 1048576 1048576 1048576 1048576 1048576 1048576
  wl 6 + 64 .........  windows  0  0  0  0  0  0  0  0  0  BIST wrong beats 1048576 1048576 1048576 1048576 1048576 1048576 1048576 1048576 1048576
  wl 6 + 65 .........  windows  0  0  0  0  0  0  0  0  0  BIST wrong beats 1048576 1048576 1048576 1048576 1048576 1048576 1048576 1048576 1048576
  wl 6 + 66 .........  windows  0  0  0  0  0  0  0  0  0  BIST wrong beats 1048576 1048576 1048576 1048576 1048576 1048576 1048576 1048576 1048576
  wl 6 + 67 .........  windows  0  0  0  0  0  0  0  0  0  BIST wrong beats 1048576 1048576 1048576 1048576 1048576 1048576 1048576 1048576 1048576
  wl 6 + 68 .........  windows  0  0  0  0  0  0  0  0  0  BIST wrong beats 1048576 1048576 1048576 1048576 1048576 1048576 1048576 1048576 1048576
  wl 6 + 69 .........  windows  0  0  0  0  0  0  0  0  0  BIST wrong beats 1048576 1048576 1048576 1048576 1048576 1048576 1048576 1048576 1048576
  wl 6 + 70 .........  windows  0  0  0  0  0  0  0  0  0  BIST wrong beats 1048576 1048576 1048576 1048576 1048576 1048576 1048576 1048576 1048576
  wl 6 + 71 .........  windows  0  0  0  0  0  0  0  0  0  BIST wrong beats 1048576 1048576 1048576 1048576 1048576 1048576 1048576 1048576 1048576
  wl 6 + 72 .........  windows  0  0  0  0  0  0  0  0  0  BIST wrong beats 1048576 1048576 1048576 1048576 1048576 1048576 1048576 1048576 1048576
  wl 6 + 73 .........  windows  0  0  0  0  0  0  0  0  0  BIST wrong beats 1048576 1048576 1048576 1048576 1048576 1048576 1048576 1048576 1048576
  wl 6 + 74 .........  windows  0  0  0  0  0  0  0  0  0  BIST wrong beats 1048576 1048576 1048576 1048576 1048576 1048576 1048576 1048576 1048576
  wl 6 + 75 .........  windows  0  0  0  0  0  0  0  0  0  BIST wrong beats 1048576 1048576 1048576 1048576 1048576 1048576 1048576 1048576 1048576
  wl 6 + 76 .........  windows  0  0  0  0  0  0  0  0  0  BIST wrong beats 1048576 1048576 1048576 1048576 1048576 1048576 1048576 1048576 1048576
  wl 6 + 77 .........  windows  0  0  0  0  0  0  0  0  0  BIST wrong beats 1048576 1048576 1048576 1048576 1048576 1048576 1048576 1048576 1048576
  wl 6 + 78 .........  windows  0  0  0  0  0  0  0  0  0  BIST wrong beats 1048576 1048576 1048576 1048576 1048576 1048576 1048576 1048576 1048576
  wl 6 + 79 .........  windows  0  0  0  0  0  0  0  0  0  BIST wrong beats 1048576 1048576 1048576 1048576 1048576 1048576 1048576 1048576 1048576
  wl 6 + 80 .........  windows  0  0  0  0  0  0  0  0  0  BIST wrong beats 1048576 1048576 1048576 1048576 1048576 1048576 1048576 1048576 1048576
  wl 6 + 81 .........  windows  0  0  0  0  0  0  0  0  0  BIST wrong beats 1048576 1048576 1048576 1048576 1048576 1048576 1048576 1048576 1048576
  wl 6 + 82 .........  windows  0  0  0  0  0  0  0  0  0  BIST wrong beats 1048576 1048576 1048576 1048576 1048576 1048576 1048576 1048576 1048576
  wl 6 + 83 .........  windows  0  0  0  0  0  0  0  0  0  BIST wrong beats 1048576 1048576 1048576 1048576 1048576 1048576 1048576 1048576 1048576
  wl 6 + 84 .........  windows  0  0  0  0  0  0  0  0  0  BIST wrong beats 1048576 1048576 1048576 1048576 1048576 1048576 1048576 1048576 1048576
  wl 6 + 85 .........  windows  0  0  0  0  0  0  0  0  0  BIST wrong beats 1048576 1048576 1048576 1048576 1048576 1048576 1048576 1048576 1048576
  wl 6 + 86 .........  windows  0  0  0  0  0  0  0  0  0  BIST wrong beats 1048576 1048576 1048576 1048576 1048576 1048576 1048576 1048576 1048576
  wl 6 + 87 .........  windows  0  0  0  0  0  0  0  0  0  BIST wrong beats 1048576 1048576 1048576 1048576 1048576 1048576 1048576 1048576 1048576
  wl 6 + 88 .........  windows  0  0  0  0  0  0  0  0  0  BIST wrong beats 1048576 1048576 1048576 1048576 1048576 1048576 1048576 1048576 1048576
  wl 6 + 89 .........  windows  0  0  0  0  0  0  0  0  0  BIST wrong beats 1048576 1048576 1048576 1048576 1048576 1048576 1048576 1048576 1048576
  wl 6 + 90 .........  windows  0  0  0  0  0  0  0  0  0  BIST wrong beats 1048576 1048576 1048576 1048576 1048576 1048576 1048576 1048576 1048576
  wl 6 + 91 .........  windows  0  0  0  0  0  0  0  0  0  BIST wrong beats 1048576 1048576 1048576 1048576 1048576 1048576 1048576 1048576 1048576
  wl 6 + 92 .........  windows  0  0  0  0  0  0  0  0  0  BIST wrong beats 1048576 1048576 1048576 1048576 1048576 1048576 1048576 1048576 1048576
  wl 6 + 93 .........  windows  0  0  0  0  0  0  0  0  0  BIST wrong beats 1048576 1048576 1048576 1048576 1048576 1048576 1048576 1048576 1048576
  wl 6 + 94 .........  windows  0  0  0  0  0  0  0  0  0  BIST wrong beats 1048576 1048576 1048576 1048576 1048576 1048576 1048576 1048576 1048576
  wl 6 + 95 .........  windows  0  0  0  0  0  0  0  0  0  BIST wrong beats 1048576 1048576 1048576 1048576 1048576 1048576 1048576 1048576 1048576
  wl 6 + 96 .........  windows  0  0  0  0  0  0  0  0  0  BIST wrong beats 1048576 1048576 1048576 1048576 1048576 1048576 1048576 1048576 1048576
  wl 6 + 97 .........  windows  0  0  0  0  0  0  0  0  0  BIST wrong beats 1048576 1048576 1048576 1048576 1048576 1048576 1048576 1048576 1048576
  wl 6 + 98 .........  windows  0  0  0  0  0  0  0  0  0  BIST wrong beats 1048576 1048576 1048576 1048576 1048576 1048576 1048576 1048576 1048576
  wl 6 + 99 .........  windows  0  0  0  0  0  0  0  0  0  BIST wrong beats 1048576 1048576 1048576 1048576 1048576 1048576 1048576 1048576 1048576
  wl 6 +100 .........  windows  0  0  0  0  0  0  0  0  0  BIST wrong beats 1048576 1048576 1048576 1048576 1048576 1048576 1048576 1048576 1048576
  wl 6 +101 .........  windows  0  0  0  0  0  0  0  0  0  BIST wrong beats 1048576 1048576 1048576 1048576 1048576 1048576 1048576 1048576 1048576
  wl 6 +102 .........  windows  0  0  0  0  0  0  0  0  0  BIST wrong beats 1048576 1048576 1048576 1048576 1048576 1048576 1048576 1048576 1048576
  wl 6 +103 .........  windows  0  0  0  0  0  0  0  0  0  BIST wrong beats 1048576 1048576 1048576 1048576 1048576 1048576 1048576 1048576 1048576
  wl 6 +104 .........  windows  0  0  0  0  0  0  0  0  0  BIST wrong beats 1048576 1048576 1048576 1048576 1048576 1048576 1048576 1048576 1048576
  wl 6 +105 .........  windows  0  0  0  0  0  0  0  0  0  BIST wrong beats 1048576 1048576 1048576 1048576 1048576 1048576 1048576 1048576 1048576
  wl 6 +106 .........  windows  0  0  0  0  0  0  0  0  0  BIST wrong beats 1048576 1048576 1048576 1048576 1048576 1048576 1048576 1048576 1048576
  wl 6 +107 .........  windows  0  0  0  0  0  0  0  0  0  BIST wrong beats 1048576 1048576 1048576 1048576 1048576 1048576 1048576 1048576 1048576
  wl 6 +108 .........  windows  0  0  0  0  0  0  0  0  0  BIST wrong beats 1048576 1048576 1048576 1048576 1048576 1048576 1048576 1048576 1048576
  wl 6 +109 .........  windows  0  0  0  0  0  0  0  0  0  BIST wrong beats 1048576 1048576 1048576 1048576 1048576 1048576 1048576 1048576 1048576
  wl 6 +110 .........  windows  0  0  0  0  0  0  0  0  0  BIST wrong beats 1048576 1048576 1048576 1048576 1048576 1048576 1048576 1048576 1048576
  wl 6 +111 .........  windows  0  0  0  0  0  0  0  0  0  BIST wrong beats 1048576 1048576 1048576 1048576 1048576 1048576 1048576 1048576 1048576
per lane and write latency: the passing runs in steps from 0 (width in steps / ps; edges: steps from the run's end to half the beats wrong), FPGA 55.2 C, board 48.0 C
  m0 wl 0: +56..+111 (56 / 938 ps; edges 1 / 1), +1..+11 (11 / 184 ps; edges 1 / 2)
  m1 wl 0: +56..+120 (65 / 1088 ps; edges 1 / 2)
  m2 wl 0: +56..+135 (80 / 1339 ps; edges 1 / 2)
  m3 wl 0: +56..+108 (53 / 887 ps; edges 1 / 2)
  m4 wl 0: +56..+117 (62 / 1038 ps; edges 1 / 2)
  m5 wl 0: +56..+109 (54 / 904 ps; edges 1 / 2)
  m6 wl 0: +56..+122 (67 / 1122 ps; edges 1 / 2)
  m7 wl 0: +56..+118 (63 / 1055 ps; edges 1 / 3)
  m8 wl 0: +85..+85 (1 / 17 ps; edges 1 / 1)
  m0 wl 2: none
  m1 wl 2: none
  m2 wl 2: none
  m3 wl 2: none
  m4 wl 2: none
  m5 wl 2: none
  m6 wl 2: none
  m7 wl 2: none
  m8 wl 2: none
  m0 wl 4: none
  m1 wl 4: none
  m2 wl 4: none
  m3 wl 4: none
  m4 wl 4: none
  m5 wl 4: none
  m6 wl 4: none
  m7 wl 4: none
  m8 wl 4: none
  m0 wl 6: +18..+55 (38 / 636 ps; edges 2 / 1)
  m1 wl 6: +16..+55 (40 / 670 ps; edges 3 / 1)
  m2 wl 6: +30..+55 (26 / 435 ps; edges 2 / 1)
  m3 wl 6: +3..+55 (53 / 887 ps; edges 2 / 1)
  m4 wl 6: +12..+55 (44 / 737 ps; edges 2 / 1)
  m5 wl 6: +4..+55 (52 / 871 ps; edges 2 / 1)
  m6 wl 6: +17..+55 (39 / 653 ps; edges 2 / 1)
  m7 wl 6: +15..+55 (41 / 686 ps; edges 2 / 1)
  m8 wl 6: none
  group 0 (lanes [0, 1, 3, 8]), best latency per lane: +85..+85 (1 / 17 ps)
  group 1 (lanes [2, 4, 5, 6, 7]), best latency per lane: +30..+109 (80 / 1339 ps), +17..+23 (7 / 117 ps), +4..+5 (2 / 33 ps)
raw data: wscan_ch1.json
