forced write latency scan, channel 1, from step 0, every 1 steps (16.7 ps), 64 MiB BIST per step, FPGA 53.3 C, board 46.8 C
  wl 0 +  0 .##.#.##.  windows  0 10  9  0 11  0  9 10  0  BIST wrong beats 1048576 0 0 1048576 0 1048576 0 0 1048576
  wl 0 +  1 ###.#.##.  windows 10 10  9  0 11  0  9  9  0  BIST wrong beats 0 0 0 1048576 0 1048576 0 0 1048576
  wl 0 +  2 ###.#.##.  windows 10 10 10  0 11  0  9 10  0  BIST wrong beats 0 0 0 1048576 0 1048576 0 0 1048576
  wl 0 +  3 .##.#.##.  windows  0 10 10  0 10  0  9  9  0  BIST wrong beats 1048576 0 0 1048576 0 1048576 0 0 1048576
  wl 0 +  4 .##...##.  windows  0 10 10  0 10  0 10  9  0  BIST wrong beats 1048576 0 0 1048576 88669 1048576 0 0 1048576
  wl 0 +  5 .##...#..  windows  0  9 10  0 10  0  9  9  0  BIST wrong beats 1048576 0 0 1048576 1047245 1048576 0 633 1048576
  wl 0 +  6 ###...#..  windows 10 10 10  0  0  0  9  9  0  BIST wrong beats 0 0 0 1048576 1048576 1048576 0 853442 1048576
  wl 0 +  7 .##...#..  windows  0 10 10  0  0  0  9  0  0  BIST wrong beats 1048576 0 0 1048576 1048576 1048576 0 1048576 1048576
  wl 0 +  8 .##...#..  windows  0 10 10  0  0  0  9  0  0  BIST wrong beats 1048576 0 0 1048576 1048576 1048576 0 1048576 1048576
  wl 0 +  9 ..#......  windows  0 10 10  0  0  0 10  0  0  BIST wrong beats 1048576 2 0 1048576 1048576 1048576 93253 1048576 1048576
  wl 0 + 10 #.#......  windows 10 10 10  0  0  0  5  0  0  BIST wrong beats 0 677030 0 1048576 1048576 1048576 1048312 1048576 1048576
  wl 0 + 11 ..#......  windows 10  1 10  0  0  0  0  0  0  BIST wrong beats 3 1048569 0 1048576 1048576 1048576 1048576 1048576 1048576
  wl 0 + 12 ..#......  windows 10  0 10  0  0  0  0  0  0  BIST wrong beats 154656 1048576 0 1048576 1048576 1048576 1048576 1048576 1048576
  wl 0 + 13 ..#......  windows 10  0 10  0  0  0  0  0  0  BIST wrong beats 1025443 1048576 0 1048576 1048576 1048576 1048576 1048576 1048576
  wl 0 + 14 ..#......  windows  0  0 10  0  0  0  0  0  0  BIST wrong beats 1048576 1048576 0 1048576 1048576 1048576 1048576 1048576 1048576
  wl 0 + 15 ..#......  windows  0  0 10  0  0  0  0  0  0  BIST wrong beats 1048576 1048576 0 1048576 1048576 1048576 1048576 1048576 1048576
  wl 0 + 16 ..#......  windows  0  0 11  0  0  0  0  0  0  BIST wrong beats 1048576 1048576 0 1048576 1048576 1048576 1048576 1048576 1048576
  wl 0 + 17 ..#......  windows  0  0 10  0  0  0  0  0  0  BIST wrong beats 1048576 1048576 0 1048576 1048576 1048576 1048576 1048576 1048576
  wl 0 + 18 ..#......  windows  0  0 10  0  0  0  0  0  0  BIST wrong beats 1048576 1048576 0 1048576 1048576 1048576 1048576 1048576 1048576
  wl 0 + 19 ..#......  windows  0  0 10  0  0  0  0  0  0  BIST wrong beats 1048576 1048576 0 1048576 1048576 1048576 1048576 1048576 1048576
  wl 0 + 20 ..#......  windows  0  0 10  0  0  0  0  0  0  BIST wrong beats 1048576 1048576 0 1048576 1048576 1048576 1048576 1048576 1048576
  wl 0 + 21 ..#......  windows  0  0 10  0  0  0  0  0  0  BIST wrong beats 1048576 1048576 0 1048576 1048576 1048576 1048576 1048576 1048576
  wl 0 + 22 .........  windows  0  0 10  0  0  0  0  0  0  BIST wrong beats 1048576 1048576 193718 1048576 1048576 1048576 1048576 1048576 1048576
  wl 0 + 23 .........  windows  0  0  9  0  0  0  0  0  0  BIST wrong beats 1048576 1048576 1046001 1048576 1048576 1048576 1048576 1048576 1048576
  wl 0 + 24 .........  windows  0  0  0  0  0  0  0  0  0  BIST wrong beats 1048576 1048576 1048576 1048576 1048576 1048576 1048576 1048576 1048576
  wl 0 + 25 .........  windows  0  0  0  0  0  0  0  0  0  BIST wrong beats 1048576 1048576 1048576 1048576 1048576 1048576 1048576 1048576 1048576
  wl 0 + 26 .........  windows  0  0  0  0  0  0  0  0  0  BIST wrong beats 1048576 1048576 1048576 1048576 1048576 1048576 1048576 1048576 1048576
  wl 0 + 27 .........  windows  0  0  0  0  0  0  0  0  0  BIST wrong beats 1048576 1048576 1048576 1048576 1048576 1048576 1048576 1048576 1048576
  wl 0 + 28 .........  windows  0  0  0  0  0  0  0  0  0  BIST wrong beats 1048576 1048576 1048576 1048576 1048576 1048576 1048576 1048576 1048576
  wl 0 + 29 .........  windows  0  0  0  0  0  0  0  0  0  BIST wrong beats 1048576 1048576 1048576 1048576 1048576 1048576 1048576 1048576 1048576
  wl 0 + 30 .........  windows  0  0  0  0  0  0  0  0  0  BIST wrong beats 1048576 1048576 1048576 1048576 1048576 1048576 1048576 1048576 1048576
  wl 0 + 31 .........  windows  0  0  0  0  0  0  0  0  0  BIST wrong beats 1048576 1048576 1048576 1048576 1048576 1048576 1048576 1048576 1048576
  wl 0 + 32 .........  windows  0  0  0  0  0  0  0  0  0  BIST wrong beats 1048576 1048576 1048576 1048576 1048576 1048576 1048576 1048576 1048576
  wl 0 + 33 .........  windows  0  0  0  0  0  0  0  0  0  BIST wrong beats 1048576 1048576 1048576 1048576 1048576 1048576 1048576 1048576 1048576
  wl 0 + 34 .........  windows  0  0  0  0  0  0  0  0  0  BIST wrong beats 1048576 1048576 1048576 1048576 1048576 1048576 1048576 1048576 1048576
  wl 0 + 35 .........  windows  0  0  0  0  0  0  0  0  0  BIST wrong beats 1048576 1048576 1048576 1048576 1048576 1048576 1048576 1048576 1048576
  wl 0 + 36 .........  windows  0  0  0  0  0  0  0  0  0  BIST wrong beats 1048576 1048576 1048576 1048576 1048576 1048576 1048576 1048576 1048576
  wl 0 + 37 .........  windows  0  0  0  0  0  0  0  0  0  BIST wrong beats 1048576 1048576 1048576 1048576 1048576 1048576 1048576 1048576 1048576
  wl 0 + 38 .........  windows  0  0  0  0  0  0  0  0  0  BIST wrong beats 1048576 1048576 1048576 1048576 1048576 1048576 1048576 1048576 1048576
  wl 0 + 39 .........  windows  0  0  0  0  0  0  0  0  0  BIST wrong beats 1048576 1048576 1048576 1048576 1048576 1048576 1048576 1048576 1048576
  wl 0 + 40 .........  windows  0  0  0  0  0  0  0  0  0  BIST wrong beats 1048576 1048576 1048576 1048576 1048576 1048576 1048576 1048576 1048576
  wl 0 + 41 .........  windows  0  0  0  0  0  0  0  0  0  BIST wrong beats 1048576 1048576 1048576 1048576 1048576 1048576 1048576 1048576 1048576
  wl 0 + 42 .........  windows  0  0  0  0  0  0  0  0  0  BIST wrong beats 1048576 1048576 1048576 1048576 1048576 1048576 1048576 1048576 1048576
  wl 0 + 43 .........  windows  0  0  0  0  0  0  0  0  0  BIST wrong beats 1048576 1048576 1048576 1048576 1048576 1048576 1048576 1048576 1048576
  wl 0 + 44 .........  windows  0  0  0  0  0  0  0  0  0  BIST wrong beats 1048576 1048576 1048576 1048576 1048576 1048576 1048576 1048576 1048576
  wl 0 + 45 .........  windows  0  0  0  0  0  0  0  0  0  BIST wrong beats 1048576 1048576 1048576 1048576 1048576 1048576 1048576 1048576 1048576
  wl 0 + 46 .........  windows  0  0  0  0  0  0  0  0  0  BIST wrong beats 1048576 1048576 1048576 1048576 1048576 1048576 1048576 1048576 1048576
  wl 0 + 47 .........  windows  0  0  0  0  0  0  0  0  0  BIST wrong beats 1048576 1048576 1048576 1048576 1048576 1048576 1048576 1048576 1048576
  wl 0 + 48 .........  windows  0  0  0  0  0  0  0  0  0  BIST wrong beats 1048576 1048576 1048576 1048576 1048576 1048576 1048576 1048576 1048576
  wl 0 + 49 .........  windows  0  0  0  0  0  0  0  0  0  BIST wrong beats 1048576 1048576 1048576 1048576 1048576 1048576 1048576 1048576 1048576
  wl 0 + 50 .........  windows  0  0  0  0  0  0  0  0  0  BIST wrong beats 1048576 1048576 1048576 1048576 1048576 1048576 1048576 1048576 1048576
  wl 0 + 51 .........  windows  0  0  0  0  0  0  0  0  0  BIST wrong beats 1048576 1048576 1048576 1048576 1048576 1048576 1048576 1048576 1048576
  wl 0 + 52 .........  windows  0  0  0  0  0  0  0  0  0  BIST wrong beats 1048576 1048576 1048576 1048576 1048576 1048576 1048576 1048576 1048576
  wl 0 + 53 .........  windows  0  0  0  0  0  0  0  0  0  BIST wrong beats 1048576 1048576 1048576 1048576 1048576 1048576 1048576 1048576 1048576
  wl 0 + 54 .........  windows  0  0  0  0  0  0  0  0  0  BIST wrong beats 1048576 1048576 1048576 1048576 1048576 1048576 1048576 1048576 1048576
  wl 0 + 55 .........  windows  0  0  0  0  0  0  0  0  0  BIST wrong beats 1048576 1048576 1048576 1048576 1048576 1048576 1048576 1048576 1048576
  wl 0 + 56 ###.####.  windows 10 10 10  0 10 11  9 10  0  BIST wrong beats 0 0 0 1048576 0 0 0 0 1048576
  wl 0 + 57 ###.####.  windows 10 10 10  0 10 11  9 10  0  BIST wrong beats 0 0 0 1048576 0 0 0 0 1048576
  wl 0 + 58 ###.####.  windows 10 10  9  0 11 10 10 10  0  BIST wrong beats 0 0 0 1048576 0 0 0 0 1048576
  wl 0 + 59 ###.####.  windows 10 10 10  0 10 10 10  9  0  BIST wrong beats 0 0 0 1048576 0 0 0 0 1048576
  wl 0 + 60 ###.####.  windows 10 10  9  0 10 10  9  9  0  BIST wrong beats 0 0 0 1048576 0 0 0 0 1048576
  wl 0 + 61 ###.####.  windows  9  9 10  0 10 11  9  9  0  BIST wrong beats 0 0 0 1048576 0 0 0 0 1048576
  wl 0 + 62 ###.####.  windows 10  9  9  0 10 10  9 10  0  BIST wrong beats 0 0 0 1048576 0 0 0 0 1048576
  wl 0 + 63 ###.####.  windows 10 10  9  0 11 10 10  9  0  BIST wrong beats 0 0 0 1048576 0 0 0 0 1048576
  wl 0 + 64 ###.####.  windows 10 10  9  0 11 10 10  9  0  BIST wrong beats 0 0 0 1048576 0 0 0 0 1048576
  wl 0 + 65 ###.####.  windows 10 10 10  0 10 10  9  9  0  BIST wrong beats 0 0 0 1048576 0 0 0 0 1048576
  wl 0 + 66 ###.####.  windows 10 10 10  0 10 10 10 10  0  BIST wrong beats 0 0 0 1048576 0 0 0 0 1048576
  wl 0 + 67 ###.####.  windows 10 10 10  0 10 10 10 10  0  BIST wrong beats 0 0 0 1048576 0 0 0 0 1048576
  wl 0 + 68 ###.####.  windows 10 10  9  0 10 10 10 10  0  BIST wrong beats 0 0 0 1048576 0 0 0 0 1048576
  wl 0 + 69 ###.####.  windows 10 10  9  0 10 10 10  9  0  BIST wrong beats 0 0 0 1048576 0 0 0 0 1048576
  wl 0 + 70 ###.####.  windows 10 10 10  0 10 10  9 10  0  BIST wrong beats 0 0 0 1048576 0 0 0 0 1048576
  wl 0 + 71 ###.####.  windows 11 11 10  0 10 10  9 10  0  BIST wrong beats 0 0 0 1048576 0 0 0 0 1048576
  wl 0 + 72 ###.####.  windows 10 11 10  0 10 10  9 10  0  BIST wrong beats 0 0 0 1048576 0 0 0 0 1048576
  wl 0 + 73 ###.####.  windows 10 10  9  0 10 10 10  9  0  BIST wrong beats 0 0 0 1048576 0 0 0 0 1048576
  wl 0 + 74 .##.####.  windows  0 10 10  0 10 10 10 10  0  BIST wrong beats 1048576 0 0 1048576 0 0 0 0 1048576
  wl 0 + 75 .##.####.  windows  0 11 10  0 10 10  9 10  0  BIST wrong beats 1048576 0 0 1048576 0 0 0 0 1048576
  wl 0 + 76 ###.####.  windows  9 10 10  0 10 10  9 10  0  BIST wrong beats 0 0 0 1048576 0 0 0 0 1048576
  wl 0 + 77 .##.####.  windows  0 10 10  0 10 10 10 10  0  BIST wrong beats 1048576 0 0 1048576 0 0 0 0 1048576
  wl 0 + 78 ###.####.  windows 10 10 10  0 10 10 10 10  0  BIST wrong beats 0 0 0 1048576 0 0 0 0 1048576
  wl 0 + 79 ###.####.  windows 10 10 10  0 10 11 10 10  0  BIST wrong beats 0 0 0 1048576 0 0 0 0 1048576
  wl 0 + 80 ###.####.  windows 10 10 10  0 10 10  9 10  0  BIST wrong beats 0 0 0 1048576 0 0 0 0 1048576
  wl 0 + 81 ###.####.  windows 11 10 10  0 10 10 10 10  0  BIST wrong beats 0 0 0 1048576 0 0 0 0 1048576
  wl 0 + 82 ###.####.  windows 10 10 10  0 10 10 10 10  0  BIST wrong beats 0 0 0 1048576 0 0 0 0 1048576
  wl 0 + 83 ###.####.  windows 10 10 10  0 10 10 10 10  0  BIST wrong beats 0 0 0 1048576 0 0 0 0 1048576
  wl 0 + 84 ###.####.  windows 10 10  9  0 10 10 10 10  0  BIST wrong beats 0 0 0 1048576 0 0 0 0 1048576
  wl 0 + 85 .##.####.  windows  0 11  9  0 10 10  9 10  0  BIST wrong beats 1048576 0 0 1048576 0 0 0 0 1048576
  wl 0 + 86 ###.####.  windows 10 10  9  0 10 10 10 10  0  BIST wrong beats 0 0 0 1048576 0 0 0 0 1048576
  wl 0 + 87 ###.####.  windows 10 10 10  0 10 10 10  9  0  BIST wrong beats 0 0 0 1048576 0 0 0 0 1048576
  wl 0 + 88 ###.####.  windows 10 10  9  0 10 10 10 10  0  BIST wrong beats 0 0 0 1048576 0 0 0 0 1048576
  wl 0 + 89 ###.####.  windows 10 10  9  0 10 10 10 10  0  BIST wrong beats 0 0 0 1048576 0 0 0 0 1048576
  wl 0 + 90 ###.####.  windows 10 10  9  0 10 10 10 10  0  BIST wrong beats 0 0 0 1048576 0 0 0 0 1048576
  wl 0 + 91 ###.####.  windows 10 10  9  0 10 10 10 10  0  BIST wrong beats 0 0 0 1048576 0 0 0 0 1048576
  wl 0 + 92 ###.####.  windows 10 10 10  0 10 10 10 10  0  BIST wrong beats 0 0 0 1048576 0 0 0 0 1048576
  wl 0 + 93 ###.####.  windows  9  9 10  0 10 11 11 10  0  BIST wrong beats 0 0 0 1048576 0 0 0 0 1048576
  wl 0 + 94 ###.####.  windows  9  9  9  0 10 10 10 10  0  BIST wrong beats 0 0 0 1048576 0 0 0 0 1048576
  wl 0 + 95 ###.####.  windows  9 10  9  0 11 10 10 10  0  BIST wrong beats 0 0 0 1048576 0 0 0 0 1048576
  wl 0 + 96 ###.####.  windows 10 10  9  0 10 10 10 10  0  BIST wrong beats 0 0 0 1048576 0 0 0 0 1048576
  wl 0 + 97 ###.####.  windows  9 10  9  0 10 11 10 11  0  BIST wrong beats 0 0 0 1048576 0 0 0 0 1048576
  wl 0 + 98 ###.####.  windows  9 10 10  0 10 11 10 10  0  BIST wrong beats 0 0 0 1048576 0 0 0 0 1048576
  wl 0 + 99 ###.####.  windows  9  9  9  0 10 10 10 10  0  BIST wrong beats 0 0 0 1048576 0 0 0 0 1048576
  wl 0 +100 .##.####.  windows  0 10  9  0 11 10 10 10  0  BIST wrong beats 1048576 0 0 1048576 0 0 0 0 1048576
  wl 0 +101 ###.####.  windows 10 10  9  0 10 10 10 10  0  BIST wrong beats 0 0 0 1048576 0 0 0 0 1048576
  wl 0 +102 ###.####.  windows 10 10 10  0 10 11 10 11  0  BIST wrong beats 0 0 0 1048576 0 0 0 0 1048576
  wl 0 +103 ###.####.  windows 10 10 10  0 10 11 10 11  0  BIST wrong beats 0 0 0 1048576 0 0 0 0 1048576
  wl 0 +104 ###.####.  windows 10  9 10  0 10 10 11 10  0  BIST wrong beats 0 0 0 1048576 0 0 0 0 1048576
  wl 0 +105 ###.####.  windows 10 10  9  0 10 11 10 11  0  BIST wrong beats 0 0 0 1048576 0 0 0 0 1048576
  wl 0 +106 ###.####.  windows 10 10 10  0 10 11 10 11  0  BIST wrong beats 0 0 0 1048576 0 0 0 0 1048576
  wl 0 +107 ###.####.  windows 10 10 10  0 10 11 10 11  0  BIST wrong beats 0 0 0 1048576 0 0 0 0 1048576
  wl 0 +108 ###.#.##.  windows 10 11 10  0 10 10 10 10  0  BIST wrong beats 0 0 0 1048576 0 5 0 0 1048576
  wl 0 +109 ###.#.##.  windows 10 10  9  0 10  8  9 10  0  BIST wrong beats 0 0 0 1048576 0 353732 0 0 1048576
  wl 0 +110 ###.#.##.  windows 10 10  9  0 10  0  9 10  0  BIST wrong beats 0 0 0 1048576 0 1048576 0 0 1048576
  wl 0 +111 .##.#.##.  windows  0 10 10  0 10  0  9 10  0  BIST wrong beats 1048576 0 0 1048576 0 1048576 0 0 1048576
  wl 2 +  0 .........  windows  0  0  0  0  0  0  0  0  0  BIST wrong beats 1048576 1048576 1048576 1048576 1048576 1048576 1048576 1048576 1048576
  wl 2 +  1 .........  windows  0  0  0  0  0  0  0  0  0  BIST wrong beats 1048576 1048576 1048576 1048576 1048576 1048564 1048576 1048576 1048576
  wl 2 +  2 .........  windows  0  0  0  0  0  0  0  0  0  BIST wrong beats 1048576 1048576 1048576 1048576 1048576 1044117 1048576 1048576 1048576
  wl 2 +  3 .........  windows  0  0  0  0  0  0  0  0  0  BIST wrong beats 1048576 1048576 1048576 1048576 1048576 899836 1048576 1048576 1048576
  wl 2 +  4 .........  windows  0  0  0  0  0  0  0  0  0  BIST wrong beats 1048576 1048576 1048576 1048576 1048576 424232 1048576 1048576 1048576
  wl 2 +  5 .........  windows  0  0  0  0  0  0  0  0  0  BIST wrong beats 1048576 1048576 1048576 1048576 1048576 105998 1048576 1048576 1048576
  wl 2 +  6 .........  windows  0  0  0  0  0  0  0  0  0  BIST wrong beats 1048576 1048576 1048576 1048576 1048576 24407 1048576 1048576 1048576
  wl 2 +  7 .........  windows  0  0  0  0  0  0  0  0  0  BIST wrong beats 1048576 1048576 1048576 1048576 1048576 10014 1048576 1048576 1048576
  wl 2 +  8 .........  windows  0  0  0  0  0  0  0  0  0  BIST wrong beats 1048576 1048576 1048576 1048576 1048572 9996 1048576 1048576 1048576
  wl 2 +  9 .........  windows  0  0  0  0  0  0  0  0  0  BIST wrong beats 1048576 1048576 1048576 1048576 894213 9997 1048576 1048576 1048576
  wl 2 + 10 .........  windows  0  0  0  0  0  0  0  0  0  BIST wrong beats 1048576 1048576 1048576 1048576 9998 9998 1048576 1048576 1048576
  wl 2 + 11 .........  windows  0  0  0  0  0  0  0  0  0  BIST wrong beats 1048576 1048576 1048576 1048576 9996 9996 1048576 1041836 1048576
  wl 2 + 12 .........  windows  0  0  0  0  0  0  0  0  0  BIST wrong beats 1048576 1048576 1048576 1048576 9997 9997 1048576 82108 1048576
  wl 2 + 13 .........  windows  0  0  0  0  0  0  0  0  0  BIST wrong beats 1048576 1048576 1048576 1048576 10000 10000 1048560 10000 1048576
  wl 2 + 14 .........  windows  0  0  0  0  0  0  0  0  0  BIST wrong beats 1048576 1048576 1048576 1048576 9994 9994 91473 9994 1048576
  wl 2 + 15 .........  windows  0  0  0  0  0  0  0  0  0  BIST wrong beats 1048576 1048576 1048576 1048496 10000 10000 10000 10000 1048576
  wl 2 + 16 .........  windows  0  0  0  0  0  0  0  0  0  BIST wrong beats 1048576 1048576 1048576 1048572 9993 9993 9993 9993 1048576
  wl 2 + 17 .........  windows  0  0  0  0  0  0  0  0  0  BIST wrong beats 1048576 1048576 1048576 1048563 9994 9994 9994 9994 1048576
  wl 2 + 18 .........  windows  0  0  0  0  0  0  0  0  0  BIST wrong beats 1048576 1048576 1048576 1048560 10001 10001 10001 10001 1048576
  wl 2 + 19 .........  windows  0  0  0  0  0  0  0  0  0  BIST wrong beats 1048576 1048576 1048576 1048576 9996 9996 9996 9996 1048576
  wl 2 + 20 .........  windows  0  0  0  0  0  0  0  0  0  BIST wrong beats 1048576 1048576 1048576 1048556 9998 9998 9998 9998 1048576
  wl 2 + 21 .........  windows  0  0  0  0  0  0  0  0  0  BIST wrong beats 1048576 1048576 1048576 1044409 9995 9995 9995 9995 1048576
  wl 2 + 22 .........  windows  0  0  0  0  0  0  0  0  0  BIST wrong beats 1048576 1048576 1048576 1048560 9998 9998 9998 9998 1048576
  wl 2 + 23 .........  windows  0  0  0  0  0  0  0  0  0  BIST wrong beats 1048576 1048576 1048576 1044492 9994 9994 9994 9994 1048576
  wl 2 + 24 .........  windows  0  0  0  0  0  0  0  0  0  BIST wrong beats 1048576 1048346 1048576 1048555 9993 9993 9993 9993 1048576
  wl 2 + 25 .........  windows  0  0  0  0  0  0  0  0  0  BIST wrong beats 1044724 1017485 1048531 1048559 10000 10000 10000 10000 1048576
  wl 2 + 26 .........  windows  0  0  0  0  0  0  0  0  0  BIST wrong beats 983034 828955 988882 1044568 9993 9993 9993 9993 1048576
  wl 2 + 27 .........  windows  0  0  0  0  0  0  0  0  0  BIST wrong beats 683933 419783 88811 1048560 9997 9997 9997 9997 1048576
  wl 2 + 28 .........  windows  0  0  0  0  0  0  0  0  0  BIST wrong beats 30738 10657 9997 1044553 9997 9997 9997 9997 1048576
  wl 2 + 29 .........  windows  0  0  0  0  0  0  0  0  0  BIST wrong beats 11923 10001 9996 1048563 9996 9996 9996 9996 1048576
  wl 2 + 30 .........  windows  0  0  0  0  0  0  0  0  0  BIST wrong beats 10042 9993 9993 1048566 9993 9993 9993 9993 1048576
  wl 2 + 31 .........  windows  0  0  0  0  0  0  0  0  0  BIST wrong beats 9998 9998 9998 1048561 9998 9998 9998 9998 1048576
  wl 2 + 32 .........  windows  0  0  0  0  0  0  0  0  0  BIST wrong beats 9999 9999 9999 1044513 9999 9999 9999 9999 1048576
  wl 2 + 33 .........  windows  0  0  0  0  0  0  0  0  0  BIST wrong beats 9992 9992 9992 1048562 9992 9992 9992 9992 1048576
  wl 2 + 34 .........  windows  0  0  0  0  0  0  0  0  0  BIST wrong beats 9996 9996 9996 1048567 9996 9996 9996 9996 1048576
  wl 2 + 35 .........  windows  0  0  0  0  0  0  0  0  0  BIST wrong beats 9998 9998 9998 1048555 9998 9998 9998 9998 1048576
  wl 2 + 36 .........  windows  0  0  0  0  0  0  0  0  0  BIST wrong beats 9999 9999 9999 1044539 9999 9999 10009 9999 1048576
  wl 2 + 37 .........  windows  0  0  0  0  0  0  0  0  0  BIST wrong beats 9997 9997 9997 1044490 9997 9997 11144 9997 1048576
  wl 2 + 38 .........  windows  0  0  0  0  0  0  0  0  0  BIST wrong beats 9996 9996 9996 1044476 9996 9996 33530 9996 1048576
  wl 2 + 39 .........  windows  0  0  0  0  0  0  0  0  0  BIST wrong beats 1044497 9998 9998 1048560 9998 9998 176166 9998 1048576
  wl 2 + 40 .........  windows  0  0  0  0  0  0  0  0  0  BIST wrong beats 9994 9994 9994 1048566 9994 9994 484989 9994 1048576
  wl 2 + 41 .........  windows  0  0  0  0  0  0  0  0  0  BIST wrong beats 9991 9991 9991 1048559 9991 9991 807160 10006 1048576
  wl 2 + 42 .........  windows  0  0  0  0  0  0  0  0  0  BIST wrong beats 9997 9997 9997 1048558 9997 9997 1038115 18133 1048576
  wl 2 + 43 .........  windows  0  0  0  0  0  0  0  0  0  BIST wrong beats 9997 9997 9997 1048557 9997 9997 1048134 85216 1048576
  wl 2 + 44 .........  windows  0  0  0  0  0  0  0  0  0  BIST wrong beats 9996 9996 9996 1044537 9996 9996 1048575 396400 1048576
  wl 2 + 45 .........  windows  0  0  0  0  0  0  0  0  0  BIST wrong beats 9995 9995 9995 1044577 9995 9995 1048576 820140 1048576
  wl 2 + 46 .........  windows  0  0  0  0  0  0  0  0  0  BIST wrong beats 9994 9994 9994 1044482 9994 9994 1048576 1024075 1048576
  wl 2 + 47 .........  windows  0  0  0  0  0  0  0  0  0  BIST wrong beats 9999 9999 9999 1048576 9999 9999 1048576 1047789 1048576
  wl 2 + 48 .........  windows  0  0  0  0  0  0  0  0  0  BIST wrong beats 9997 9997 9997 1048560 9997 9997 1048576 1048559 1048576
  wl 2 + 49 .........  windows  0  0  0  0  0  0  0  0  0  BIST wrong beats 9999 9999 9999 1044489 9999 9999 1048576 1048576 1048576
  wl 2 + 50 .........  windows  0  0  0  0  0  0  0  0  0  BIST wrong beats 9992 9992 9992 1044511 9992 9996 1048576 1048576 1048576
  wl 2 + 51 .........  windows  0  0  0  0  0  0  0  0  0  BIST wrong beats 9998 9998 9998 1044494 9998 10688 1048576 1048576 1048576
  wl 2 + 52 .........  windows  0  0  0  0  0  0  0  0  0  BIST wrong beats 10000 10000 10000 1044528 10036 37307 1048576 1048576 1048576
  wl 2 + 53 .........  windows  0  0  0  0  0  0  0  0  0  BIST wrong beats 9994 9994 9994 1044537 16541 226389 1048576 1048576 1048576
  wl 2 + 54 .........  windows  0  0  0  0  0  0  0  0  0  BIST wrong beats 9998 9998 9998 1044448 98890 639789 1048576 1048576 1048576
  wl 2 + 55 .........  windows  0  0  0  0  0  0  0  0  0  BIST wrong beats 9998 9998 9998 1044576 395469 960690 1048576 1048576 1048576
  wl 2 + 56 .........  windows  0  0  0  0  0  0  0  0  0  BIST wrong beats 9998 9998 9998 9998 1030070 1048558 1048576 1048576 1048559
  wl 2 + 57 .........  windows  0  0  0  0  0  0  0  0  0  BIST wrong beats 9992 9992 9992 1044531 1048237 1048576 1048576 1048576 1048576
  wl 2 + 58 .........  windows  0  0  0  0  0  0  0  0  0  BIST wrong beats 9999 9999 9999 1044473 1048576 1048576 1048576 1048576 1048576
  wl 2 + 59 .........  windows  0  0  0  0  0  0  0  0  0  BIST wrong beats 10000 10000 10000 1048564 1048576 1048576 1048576 1048576 1048576
  wl 2 + 60 .........  windows  0  0  0  0  0  0  0  0  0  BIST wrong beats 9998 9998 9998 1044461 1048576 1048576 1048576 1048576 1048576
  wl 2 + 61 .........  windows  0  0  0  0  0  0  0  0  0  BIST wrong beats 9998 9998 9998 1044547 1048576 1048576 1048576 1048576 1048576
  wl 2 + 62 .........  windows  0  0  0  0  0  0  0  0  0  BIST wrong beats 9995 9995 9995 1044682 1048576 1048576 1048576 1048576 1048576
  wl 2 + 63 .........  windows  0  0  0  0  0  0  0  0  0  BIST wrong beats 10001 10001 10001 1048563 1048576 1048576 1048576 1048576 1048576
  wl 2 + 64 .........  windows  0  0  0  0  0  0  0  0  0  BIST wrong beats 9995 9995 9995 1048570 1048576 1048576 1048576 1048576 1048576
  wl 2 + 65 .........  windows  0  0  0  0  0  0  0  0  0  BIST wrong beats 9998 9998 9998 1048575 1048576 1048576 1048576 1048576 1048576
  wl 2 + 66 .........  windows  0  0  0  0  0  0  0  0  0  BIST wrong beats 9997 9997 9998 1048576 1048576 1048576 1048576 1048576 1048576
  wl 2 + 67 .........  windows  0  0  0  0  0  0  0  0  0  BIST wrong beats 9990 9990 10571 1048576 1048576 1048576 1048576 1048576 1048576
  wl 2 + 68 .........  windows  0  0  0  0  0  0  0  0  0  BIST wrong beats 9994 9994 27124 1048576 1048576 1048576 1048576 1048576 1048576
  wl 2 + 69 .........  windows  0  0  0  0  0  0  0  0  0  BIST wrong beats 9996 9996 132745 1048576 1048576 1048576 1048576 1048576 1048576
  wl 2 + 70 .........  windows  0  0  0  0  0  0  0  0  0  BIST wrong beats 9996 9996 894305 1048576 1048576 1048576 1048576 1048576 1048576
  wl 2 + 71 .........  windows  0  0  0  0  0  0  0  0  0  BIST wrong beats 1044497 9998 1037235 1048576 1048576 1048576 1048576 1048576 1048576
  wl 2 + 72 .........  windows  0  0  0  0  0  0  0  0  0  BIST wrong beats 10111 10429 1048545 1048576 1048576 1048576 1048576 1048576 1048576
  wl 2 + 73 .........  windows  0  0  0  0  0  0  0  0  0  BIST wrong beats 18710 27322 1048576 1048576 1048576 1048576 1048576 1048576 1048576
  wl 2 + 74 .........  windows  0  0  0  0  0  0  0  0  0  BIST wrong beats 1045410 224320 1048576 1048576 1048576 1048576 1048576 1048576 1048576
  wl 2 + 75 .........  windows  0  0  0  0  0  0  0  0  0  BIST wrong beats 1046727 656555 1048576 1048576 1048576 1048576 1048576 1048576 1048576
  wl 2 + 76 .........  windows  0  0  0  0  0  0  0  0  0  BIST wrong beats 905726 915889 1048576 1048576 1048576 1048576 1048576 1048576 1048576
  wl 2 + 77 .........  windows  0  0  0  0  0  0  0  0  0  BIST wrong beats 1046887 1048413 1048576 1048576 1048576 1048576 1048576 1048576 1048576
  wl 2 + 78 .........  windows  0  0  0  0  0  0  0  0  0  BIST wrong beats 1048549 1048569 1048576 1048576 1048576 1048576 1048576 1048576 1048576
  wl 2 + 79 .........  windows  0  0  0  0  0  0  0  0  0  BIST wrong beats 1048576 1048576 1048576 1048576 1048576 1048576 1048576 1048576 1048576
  wl 2 + 80 .........  windows  0  0  0  0  0  0  0  0  0  BIST wrong beats 1048576 1048576 1048576 1048576 1048576 1048576 1048576 1048576 1048576
  wl 2 + 81 .........  windows  0  0  0  0  0  0  0  0  0  BIST wrong beats 1048576 1048576 1048576 1048576 1048576 1048576 1048576 1048576 1048576
  wl 2 + 82 .........  windows  0  0  0  0  0  0  0  0  0  BIST wrong beats 1048576 1048576 1048576 1048576 1048576 1048576 1048576 1048576 1048576
  wl 2 + 83 .........  windows  0  0  0  0  0  0  0  0  0  BIST wrong beats 1048576 1048576 1048576 1048576 1048576 1048576 1048576 1048576 1048576
  wl 2 + 84 .........  windows  0  0  0  0  0  0  0  0  0  BIST wrong beats 1048576 1048576 1048576 1048576 1048576 1048576 1048576 1048576 1048576
  wl 2 + 85 .........  windows  0  0  0  0  0  0  0  0  0  BIST wrong beats 1048576 1048576 1048576 1048576 1048576 1048576 1048576 1048576 1048576
  wl 2 + 86 .........  windows  0  0  0  0  0  0  0  0  0  BIST wrong beats 1048576 1048576 1048576 1048576 1048576 1048576 1048576 1048576 1048576
  wl 2 + 87 .........  windows  0  0  0  0  0  0  0  0  0  BIST wrong beats 1048576 1048576 1048576 1048576 1048576 1048576 1048576 1048576 1048576
  wl 2 + 88 .........  windows  0  0  0  0  0  0  0  0  0  BIST wrong beats 1048576 1048576 1048576 1048576 1048576 1048576 1048576 1048576 1048576
  wl 2 + 89 .........  windows  0  0  0  0  0  0  0  0  0  BIST wrong beats 1048576 1048576 1048576 1048576 1048576 1048576 1048576 1048576 1048576
  wl 2 + 90 .........  windows  0  0  0  0  0  0  0  0  0  BIST wrong beats 1048576 1048576 1048576 1048576 1048576 1048576 1048576 1048576 1048576
  wl 2 + 91 .........  windows  0  0  0  0  0  0  0  0  0  BIST wrong beats 1048576 1048576 1048576 1048576 1048576 1048576 1048576 1048576 1048576
  wl 2 + 92 .........  windows  0  0  0  0  0  0  0  0  0  BIST wrong beats 1048576 1048576 1048576 1048576 1048576 1048576 1048576 1048576 1048576
  wl 2 + 93 .........  windows  0  0  0  0  0  0  0  0  0  BIST wrong beats 1048576 1048576 1048576 1048576 1048576 1048576 1048576 1048576 1048576
  wl 2 + 94 .........  windows  0  0  0  0  0  0  0  0  0  BIST wrong beats 1048576 1048576 1048576 1048576 1048576 1048576 1048576 1048576 1048576
  wl 2 + 95 .........  windows  0  0  0  0  0  0  0  0  0  BIST wrong beats 1048576 1048576 1048576 1048576 1048576 1048576 1048576 1048576 1048576
  wl 2 + 96 .........  windows  0  0  0  0  0  0  0  0  0  BIST wrong beats 1048576 1048576 1048576 1048576 1048576 1048576 1048576 1048576 1048576
  wl 2 + 97 .........  windows  0  0  0  0  0  0  0  0  0  BIST wrong beats 1048576 1048576 1048576 1048576 1048576 1048576 1048576 1048576 1048576
  wl 2 + 98 .........  windows  0  0  0  0  0  0  0  0  0  BIST wrong beats 1048576 1048576 1048576 1048576 1048576 1048576 1048576 1048576 1048576
  wl 2 + 99 .........  windows  0  0  0  0  0  0  0  0  0  BIST wrong beats 1048576 1048576 1048576 1048576 1048576 1048576 1048576 1048576 1048576
  wl 2 +100 .........  windows  0  0  0  0  0  0  0  0  0  BIST wrong beats 1048576 1048576 1048576 1048576 1048576 1048576 1048576 1048576 1048576
  wl 2 +101 .........  windows  0  0  0  0  0  0  0  0  0  BIST wrong beats 1048576 1048576 1048576 1048576 1048576 1048576 1048576 1048576 1048576
  wl 2 +102 .........  windows  0  0  0  0  0  0  0  0  0  BIST wrong beats 1048576 1048576 1048576 1048576 1048576 1048576 1048576 1048576 1048576
  wl 2 +103 .........  windows  0  0  0  0  0  0  0  0  0  BIST wrong beats 1048576 1048576 1048576 1048576 1048576 1048576 1048576 1048576 1048576
  wl 2 +104 .........  windows  0  0  0  0  0  0  0  0  0  BIST wrong beats 1048576 1048576 1048576 1048576 1048576 1048576 1048576 1048576 1048576
  wl 2 +105 .........  windows  0  0  0  0  0  0  0  0  0  BIST wrong beats 1048576 1048576 1048576 1048576 1048576 1048576 1048576 1048576 1048576
  wl 2 +106 .........  windows  0  0  0  0  0  0  0  0  0  BIST wrong beats 1048576 1048576 1048576 1048576 1048576 1048576 1048576 1048576 1048576
  wl 2 +107 .........  windows  0  0  0  0  0  0  0  0  0  BIST wrong beats 1048576 1048576 1048576 1048576 1048576 1048576 1048576 1048576 1048576
  wl 2 +108 .........  windows  0  0  0  0  0  0  0  0  0  BIST wrong beats 1048576 1048576 1048576 1048576 1048576 1048576 1048576 1048576 1048576
  wl 2 +109 .........  windows  0  0  0  0  0  0  0  0  0  BIST wrong beats 1048576 1048576 1048576 1048576 1048576 1048576 1048576 1048576 1048576
  wl 2 +110 .........  windows  0  0  0  0  0  0  0  0  0  BIST wrong beats 1048576 1048576 1048576 1048576 1048576 1048576 1048576 1048576 1048576
  wl 2 +111 .........  windows  0  0  0  0  0  0  0  0  0  BIST wrong beats 1048576 1048576 1048576 1048576 1048576 1048576 1048576 1048576 1048576
  wl 4 +  0 .........  windows  0  0  0  0  0  0  0  0  0  BIST wrong beats 1048576 1048576 1048576 1048576 1048576 1048576 9998 9998 1048576
  wl 4 +  1 .........  windows  0  0  0  0  0  0  0  0  0  BIST wrong beats 1048576 1048576 1048576 1048576 1048576 1048576 9999 9999 1048576
  wl 4 +  2 .........  windows  0  0  0  0  0  0  0  0  0  BIST wrong beats 1048576 1048576 1048576 1048576 1048576 1048576 9995 9995 1048576
  wl 4 +  3 .........  windows  0  0  0  0  0  0  0  0  0  BIST wrong beats 1048576 1048576 1048576 1048576 1048572 1048576 9998 9998 1048576
  wl 4 +  4 .........  windows  0  0  0  0  0  0  0  0  0  BIST wrong beats 1048576 1048576 1048576 1048576 1046326 1048576 10000 10001 1048576
  wl 4 +  5 .........  windows  0  0  0  0  0  0  0  0  0  BIST wrong beats 1048576 1048576 1048576 1048576 1048576 1048576 9996 20855 1048576
  wl 4 +  6 .........  windows  0  0  0  0  0  0  0  0  0  BIST wrong beats 1048576 1048576 1048576 1048576 1048576 1048576 9995 978626 1048576
  wl 4 +  7 .........  windows  0  0  0  0  0  0  0  0  0  BIST wrong beats 1048576 1048576 1048576 1048576 1048576 1048576 9998 1048576 1048576
  wl 4 +  8 .........  windows  0  0  0  0  0  0  0  0  0  BIST wrong beats 1048576 1048576 1048576 1048576 1048576 1048576 10004 1048576 1048533
  wl 4 +  9 .........  windows  0  0  0  0  0  0  0  0  0  BIST wrong beats 1048576 1048576 1048576 1048576 1048576 1048576 310617 1048576 1047281
  wl 4 + 10 .........  windows  0  0  0  0  0  0  0  0  0  BIST wrong beats 1048576 1048576 1048576 1048576 1048576 1048576 1048576 1048576 1045059
  wl 4 + 11 .........  windows  0  0  0  0  0  0  0  0  0  BIST wrong beats 1048576 1048576 1048576 1048576 1048576 1048576 1048576 1048576 1048561
  wl 4 + 12 .........  windows  0  0  0  0  0  0  0  0  0  BIST wrong beats 1048576 1048576 1048576 1048576 1048576 1048576 1048576 1048576 1048563
  wl 4 + 13 .........  windows  0  0  0  0  0  0  0  0  0  BIST wrong beats 1048576 1048576 1048576 1048576 1048576 1048576 1048576 1048576 1048558
  wl 4 + 14 .........  windows  0  0  0  0  0  0  0  0  0  BIST wrong beats 1048576 1048576 1048576 1048576 1048576 1048576 1048576 1048576 1044377
  wl 4 + 15 .........  windows  0  0  0  0  0  0  0  0  0  BIST wrong beats 1048576 1048576 1048576 1048576 1048576 1048576 1048576 1048576 1048561
  wl 4 + 16 .........  windows  0  0  0  0  0  0  0  0  0  BIST wrong beats 1048576 1048576 1048576 1048576 1048576 1048576 1048576 1048576 1044485
  wl 4 + 17 .........  windows  0  0  0  0  0  0  0  0  0  BIST wrong beats 1048576 1048576 1048576 1048576 1048576 1048576 1048576 1048576 1044559
  wl 4 + 18 .........  windows  0  0  0  0  0  0  0  0  0  BIST wrong beats 1048576 1048576 1048572 1048576 1048576 1048576 1048576 1048576 1048564
  wl 4 + 19 .........  windows  0  0  0  0  0  0  0  0  0  BIST wrong beats 1048576 1048576 1048248 1048576 1048576 1048576 1048576 1048576 1044518
  wl 4 + 20 .........  windows  0  0  0  0  0  0  0  0  0  BIST wrong beats 1048576 1048576 1032315 1048576 1048576 1048576 1048576 1048576 1048563
  wl 4 + 21 .........  windows  0  0  0  0  0  0  0  0  0  BIST wrong beats 1048576 1048576 585696 1048576 1048576 1048576 1048576 1048576 1048560
  wl 4 + 22 .........  windows  0  0  0  0  0  0  0  0  0  BIST wrong beats 1048576 1048576 393158 1048576 1048576 1048576 1048576 1048576 1044555
  wl 4 + 23 .........  windows  0  0  0  0  0  0  0  0  0  BIST wrong beats 1048576 1048576 1048504 1048576 1048576 1048576 1048576 1048576 1048576
  wl 4 + 24 .........  windows  0  0  0  0  0  0  0  0  0  BIST wrong beats 1048576 1048576 1048576 1048576 1048576 1048576 1048576 1048576 1048559
  wl 4 + 25 .........  windows  0  0  0  0  0  0  0  0  0  BIST wrong beats 1048576 1048576 1048576 1048576 1048576 1048576 1048576 1048576 1048557
  wl 4 + 26 .........  windows  0  0  0  0  0  0  0  0  0  BIST wrong beats 1048576 1048576 1048576 1048576 1048576 1048576 1048576 1048576 1048564
  wl 4 + 27 .........  windows  0  0  0  0  0  0  0  0  0  BIST wrong beats 1048576 1048576 1048576 1048576 1048576 1048576 1048576 1048576 1048560
  wl 4 + 28 .........  windows  0  0  0  0  0  0  0  0  0  BIST wrong beats 1048576 1048576 1048576 1048576 1048576 1048576 1048576 1048576 1044465
  wl 4 + 29 .........  windows  0  0  0  0  0  0  0  0  0  BIST wrong beats 1048576 1048576 1048576 1048576 1048576 1048576 1048576 1048576 1044526
  wl 4 + 30 .........  windows  0  0  0  0  0  0  0  0  0  BIST wrong beats 1048576 1048576 1048576 1048576 1048576 1048576 1048576 1048576 1044592
  wl 4 + 31 .........  windows  0  0  0  0  0  0  0  0  0  BIST wrong beats 1048576 1048576 1048576 1048576 1048576 1048576 1048576 1048576 1048576
  wl 4 + 32 .........  windows  0  0  0  0  0  0  0  0  0  BIST wrong beats 1048576 1048576 1048576 1048576 1048576 1048576 1048576 1048576 1048558
  wl 4 + 33 .........  windows  0  0  0  0  0  0  0  0  0  BIST wrong beats 1048576 1048576 1048576 1048576 1048576 1048576 1048576 1048576 1044486
  wl 4 + 34 .........  windows  0  0  0  0  0  0  0  0  0  BIST wrong beats 1048576 1048576 1048576 1048576 1048576 1048576 1048576 1048576 1048559
  wl 4 + 35 .........  windows  0  0  0  0  0  0  0  0  0  BIST wrong beats 1048576 1048576 1048576 1048576 1048576 1048576 1048576 1048576 1044457
  wl 4 + 36 .........  windows  0  0  0  0  0  0  0  0  0  BIST wrong beats 1048576 1048576 1048576 1048576 1048576 1048576 1048576 1048576 1048576
  wl 4 + 37 .........  windows  0  0  0  0  0  0  0  0  0  BIST wrong beats 1048576 1048576 1048576 1048576 1048576 1048576 1048576 1048576 1048562
  wl 4 + 38 .........  windows  0  0  0  0  0  0  0  0  0  BIST wrong beats 1048576 1048576 1048576 1048576 1048576 1048576 1048576 1048576 1048560
  wl 4 + 39 .........  windows  0  0  0  0  0  0  0  0  0  BIST wrong beats 1048576 1048576 1048576 1048576 1048576 1048576 1048576 1048576 1044565
  wl 4 + 40 .........  windows  0  0  0  0  0  0  0  0  0  BIST wrong beats 1048576 1048576 1048576 1048576 1048576 1048576 1048576 1048576 1048551
  wl 4 + 41 .........  windows  0  0  0  0  0  0  0  0  0  BIST wrong beats 1048576 1048576 1048576 1048576 1048576 1048576 1048576 1048576 1044472
  wl 4 + 42 .........  windows  0  0  0  0  0  0  0  0  0  BIST wrong beats 1048576 1048576 1048576 1048576 1048576 1048576 1048576 1048576 1048555
  wl 4 + 43 .........  windows  0  0  0  0  0  0  0  0  0  BIST wrong beats 1048576 1048576 1048576 1048576 1048576 1048576 1048576 1048576 1044509
  wl 4 + 44 .........  windows  0  0  0  0  0  0  0  0  0  BIST wrong beats 1048576 1048576 1048576 1048576 1048576 1048576 1048576 1048576 1044496
  wl 4 + 45 .........  windows  0  0  0  0  0  0  0  0  0  BIST wrong beats 1048576 1048576 1048576 1048576 1048576 1048576 1048576 1048576 1048558
  wl 4 + 46 .........  windows  0  0  0  0  0  0  0  0  0  BIST wrong beats 1048576 1048576 1048576 1048576 1048576 1048576 1048576 1048576 1048576
  wl 4 + 47 .........  windows  0  0  0  0  0  0  0  0  0  BIST wrong beats 1048576 1048576 1048576 1048576 1048576 1048576 1048576 1048576 1044530
  wl 4 + 48 .........  windows  0  0  0  0  0  0  0  0  0  BIST wrong beats 1048576 1048576 1048576 1048576 1048576 1048576 1048576 1048576 1044486
  wl 4 + 49 .........  windows  0  0  0  0  0  0  0  0  0  BIST wrong beats 1048576 1048576 1048576 1048576 1048576 1048576 1048576 1048576 1048562
  wl 4 + 50 .........  windows  0  0  0  0  0  0  0  0  0  BIST wrong beats 1048576 1048576 1048576 1048576 1048576 1048576 1048576 1048576 1048576
  wl 4 + 51 .........  windows  0  0  0  0  0  0  0  0  0  BIST wrong beats 1048576 1048576 1048576 1048576 1048576 1048576 1048576 1048576 1044583
  wl 4 + 52 .........  windows  0  0  0  0  0  0  0  0  0  BIST wrong beats 1048576 1048576 1048576 1048576 1048576 1048576 1048576 1048576 1048560
  wl 4 + 53 .........  windows  0  0  0  0  0  0  0  0  0  BIST wrong beats 1048576 1048576 1048576 1048576 1048576 1048576 1048576 1048576 1048576
  wl 4 + 54 .........  windows  0  0  0  0  0  0  0  0  0  BIST wrong beats 1048576 1048576 1048576 1048576 1048576 1048576 1048576 1048576 1048576
  wl 4 + 55 .........  windows  0  0  0  0  0  0  0  0  0  BIST wrong beats 1048576 1048576 1048576 1048576 1048576 1048576 1048576 1048576 1048576
  wl 4 + 56 .........  windows  0  0  0  0  0  0  0  0  0  BIST wrong beats 1048576 1048576 1048576 1048576 1048576 1048576 1048576 1048576 1048576
  wl 4 + 57 .........  windows  0  0  0  0  0  0  0  0  0  BIST wrong beats 1048576 1048576 1048576 1048576 1048576 1048576 1048576 1048576 1048576
  wl 4 + 58 .........  windows  0  0  0  0  0  0  0  0  0  BIST wrong beats 1048576 1048576 1048576 1048576 1048576 1048576 1048576 1048576 1048576
  wl 4 + 59 .........  windows  0  0  0  0  0  0  0  0  0  BIST wrong beats 1048576 1048576 1048576 1048576 1048576 1048576 1048576 1048576 1048576
  wl 4 + 60 .........  windows  0  0  0  0  0  0  0  0  0  BIST wrong beats 1048576 1048576 1048576 1048576 1048576 1048576 1048576 1048576 1048576
  wl 4 + 61 .........  windows  0  0  0  0  0  0  0  0  0  BIST wrong beats 1048576 1048576 1048576 1048576 1048576 1048576 1048576 1048576 1048576
  wl 4 + 62 .........  windows  0  0  0  0  0  0  0  0  0  BIST wrong beats 1048576 1048576 1048576 1048576 1048576 1048576 1048576 1048576 1048576
  wl 4 + 63 .........  windows  0  0  0  0  0  0  0  0  0  BIST wrong beats 1048576 1048576 1048576 1048576 1048576 1048576 1048576 1048576 1048576
  wl 4 + 64 .........  windows  0  0  0  0  0  0  0  0  0  BIST wrong beats 1048576 1048576 1048576 1048576 1048576 1048576 1048576 1048576 1048576
  wl 4 + 65 .........  windows  0  0  0  0  0  0  0  0  0  BIST wrong beats 1048576 1048576 1048576 1048576 1048576 1048576 1048576 1048576 1048576
  wl 4 + 66 .........  windows  0  0  0  0  0  0  0  0  0  BIST wrong beats 1048576 1048576 1048576 1048576 1048576 1048576 1048576 1048576 1048576
  wl 4 + 67 .........  windows  0  0  0  0  0  0  0  0  0  BIST wrong beats 1048576 1048576 1048576 1048576 1048576 1048576 1048576 1048576 1048576
  wl 4 + 68 .........  windows  0  0  0  0  0  0  0  0  0  BIST wrong beats 1048576 1048576 1048576 1048576 1048576 1048576 1048576 1048576 1048576
  wl 4 + 69 .........  windows  0  0  0  0  0  0  0  0  0  BIST wrong beats 1048576 1048576 1048576 1048576 1048576 1048576 1048576 1048576 1048576
  wl 4 + 70 .........  windows  0  0  0  0  0  0  0  0  0  BIST wrong beats 1048576 1048576 1048576 1048576 1048576 1048576 1048576 1048576 1048576
  wl 4 + 71 .........  windows  0  0  0  0  0  0  0  0  0  BIST wrong beats 1048576 1048576 1048576 1048576 1048576 1048576 1048576 1048576 1048576
  wl 4 + 72 .........  windows  0  0  0  0  0  0  0  0  0  BIST wrong beats 1048576 1048576 1048576 1048576 1048576 1048576 1048576 1048576 1048576
  wl 4 + 73 .........  windows  0  0  0  0  0  0  0  0  0  BIST wrong beats 1048576 1048576 1048576 1048576 1048576 1048576 1048576 1048576 1048576
  wl 4 + 74 .........  windows  0  0  0  0  0  0  0  0  0  BIST wrong beats 1048576 1048576 1048576 1048576 1048576 1048576 1048576 1048576 1048576
  wl 4 + 75 .........  windows  0  0  0  0  0  0  0  0  0  BIST wrong beats 1048576 1048576 1048576 1048576 1048576 1048576 1048576 1048576 1048576
  wl 4 + 76 .........  windows  0  0  0  0  0  0  0  0  0  BIST wrong beats 1048576 1048576 1048576 1048576 1048576 1048576 1048576 1048576 1048576
  wl 4 + 77 .........  windows  0  0  0  0  0  0  0  0  0  BIST wrong beats 1048576 1048576 1048576 1048576 1048576 1048576 1048576 1048576 1048576
  wl 4 + 78 .........  windows  0  0  0  0  0  0  0  0  0  BIST wrong beats 1048576 1048576 1048576 1048576 1048576 1048576 1048576 1048576 1048576
  wl 4 + 79 .........  windows  0  0  0  0  0  0  0  0  0  BIST wrong beats 1048576 1048576 1048576 1048576 1048576 1048576 1048576 1048576 1048576
  wl 4 + 80 .........  windows  0  0  0  0  0  0  0  0  0  BIST wrong beats 1048576 1048576 1048576 1048576 1048576 1048576 1048576 1048576 1048576
  wl 4 + 81 .........  windows  0  0  0  0  0  0  0  0  0  BIST wrong beats 1048576 1048576 1048576 1048576 1048576 1048576 1048576 1048576 1048576
  wl 4 + 82 .........  windows  0  0  0  0  0  0  0  0  0  BIST wrong beats 1048576 1048576 1048576 1048576 1048576 1048576 1048576 1048576 1048576
  wl 4 + 83 .........  windows  0  0  0  0  0  0  0  0  0  BIST wrong beats 1048576 1048576 1048576 1048576 1048576 1048576 1048576 1048576 1048576
  wl 4 + 84 .........  windows  0  0  0  0  0  0  0  0  0  BIST wrong beats 1048576 1048576 1048576 1048576 1048576 1048576 1048576 1048576 1048576
  wl 4 + 85 .........  windows  0  0  0  0  0  0  0  0  0  BIST wrong beats 1048576 1048576 1048576 1048576 1048576 1048576 1048576 1048576 1048576
  wl 4 + 86 .........  windows  0  0  0  0  0  0  0  0  0  BIST wrong beats 1048576 1048576 1048576 1048576 1048576 1048576 1048576 1048576 1048576
  wl 4 + 87 .........  windows  0  0  0  0  0  0  0  0  0  BIST wrong beats 1048576 1048576 1048576 1048576 1048576 1048576 1048576 1048576 1048576
  wl 4 + 88 .........  windows  0  0  0  0  0  0  0  0  0  BIST wrong beats 1048576 1048576 1048576 1048576 1048576 1048576 1048576 1048576 1048576
  wl 4 + 89 .........  windows  0  0  0  0  0  0  0  0  0  BIST wrong beats 1048576 1048576 1048576 1048576 1048576 1048576 1048576 1048576 1048576
  wl 4 + 90 .........  windows  0  0  0  0  0  0  0  0  0  BIST wrong beats 1048576 1048576 1048576 1048576 1048576 1048576 1048576 1048576 1048576
  wl 4 + 91 .........  windows  0  0  0  0  0  0  0  0  0  BIST wrong beats 1048576 1048576 1048576 1048576 1048576 1048576 1048576 1048576 1048576
  wl 4 + 92 .........  windows  0  0  0  0  0  0  0  0  0  BIST wrong beats 1048576 1048576 1048576 1048576 1048576 1048576 1048576 1048576 1048576
  wl 4 + 93 .........  windows  0  0  0  0  0  0  0  0  0  BIST wrong beats 1048576 1048576 1048576 1048576 1048576 1048576 1048576 1048576 1048576
  wl 4 + 94 .........  windows  0  0  0  0  0  0  0  0  0  BIST wrong beats 1048576 1048576 1048576 1048576 1048576 1048576 1048576 1048576 1048576
  wl 4 + 95 .........  windows  0  0  0  0  0  0  0  0  0  BIST wrong beats 1048576 1048576 1048576 1048576 1048576 1048576 1048576 1048576 1048576
  wl 4 + 96 .........  windows  0  0  0  0  0  0  0  0  0  BIST wrong beats 1048576 1048576 1048576 1048576 1048576 1048576 1048576 1048576 1048576
  wl 4 + 97 .........  windows  0  0  0  0  0  0  0  0  0  BIST wrong beats 1048576 1048576 1048576 1048576 1048576 1048576 1048576 1048576 1048576
  wl 4 + 98 .........  windows  0  0  0  0  0  0  0  0  0  BIST wrong beats 1048576 1048576 1048576 1048576 1048576 1048576 1048576 1048576 1048576
  wl 4 + 99 .........  windows  0  0  0  0  0  0  0  0  0  BIST wrong beats 1048576 1048576 1048576 1048576 1048576 1048576 1048576 1048576 1048576
  wl 4 +100 .........  windows  0  0  0  0  0  0  0  0  0  BIST wrong beats 1048576 1048576 1048576 1048576 1048576 1048576 1048576 1048576 1048576
  wl 4 +101 .........  windows  0  0  0  0  0  0  0  0  0  BIST wrong beats 1048576 1048576 1048576 1048576 1048576 1048576 1048487 1048576 1048576
  wl 4 +102 .........  windows  0  0  0  0  0  0  0  0  0  BIST wrong beats 1048576 1048576 1048576 1048576 1048576 1048576 1031019 1048576 1048576
  wl 4 +103 .........  windows  0  0  0  0  0  0  0  0  0  BIST wrong beats 1048576 1048576 1048576 1048576 1048576 1048576 806358 1048576 1048576
  wl 4 +104 .........  windows  0  0  0  0  0  0  0  0  0  BIST wrong beats 1048576 1048576 1048576 1048576 1048576 1048576 309527 1048576 1048576
  wl 4 +105 .........  windows  0  0  0  0  0  0  0  0  0  BIST wrong beats 1048576 1048576 1048576 1048576 1048576 1048576 10734 1047664 1048576
  wl 4 +106 .........  windows  0  0  0  0  0  0  0  0  0  BIST wrong beats 1048576 1048576 1048576 1048576 1048576 1048576 10006 995926 1048576
  wl 4 +107 .........  windows  0  0  0  0  0  0  0  0  0  BIST wrong beats 1048576 1048576 1048576 1048576 1048576 1048576 9997 519299 1048576
  wl 4 +108 .........  windows  0  0  0  0  0  0  0  0  0  BIST wrong beats 1048576 1048576 1048576 1048576 1048576 1048576 9994 61800 1048576
  wl 4 +109 .........  windows  0  0  0  0  0  0  0  0  0  BIST wrong beats 1048576 1048576 1048576 1048576 1048576 1048576 9995 11023 1048576
  wl 4 +110 .........  windows  0  0  0  0  0  0  0  0  0  BIST wrong beats 1048576 1048576 1048576 1048576 1048576 1048576 9998 10003 1048576
  wl 4 +111 .........  windows  0  0  0  0  0  0  0  0  0  BIST wrong beats 1048576 1048576 1048576 1048576 1048576 1048576 9994 9994 1048576
  wl 6 +  0 .........  windows  0  0  0  0  0  1  0  0  0  BIST wrong beats 1048576 1048576 1048576 1048576 1048576 591091 1048576 1048576 1048576
  wl 6 +  1 .........  windows  0  0  0  0  0 10  0  0  0  BIST wrong beats 1048576 1048576 1048576 1048576 1048576 9 1048576 1048576 1048576
  wl 6 +  2 .....#...  windows  0  0  0  0  0 10  0  0  0  BIST wrong beats 1048576 1048576 1048576 1048576 1048576 0 1048576 1048576 1048576
  wl 6 +  3 .....#...  windows  0  0  0  0  0 11  0  0  0  BIST wrong beats 1048576 1048576 1048576 1048576 1048576 0 1048576 1048576 1048576
  wl 6 +  4 .....#...  windows  0  0  0  0  0 11  0  0  0  BIST wrong beats 1048576 1048576 1048576 1048576 1048576 0 1048576 1048576 1048576
  wl 6 +  5 .....#...  windows  0  0  0  0  0 10  0  0  0  BIST wrong beats 1048576 1048576 1048576 1048576 1048576 0 1048576 1048576 1048576
  wl 6 +  6 .....#...  windows  0  0  0  0  0 11  0  0  0  BIST wrong beats 1048576 1048576 1048576 1048576 1048576 0 1048576 1048576 1048576
  wl 6 +  7 .....#...  windows  0  0  0  0  0 10  0  0  0  BIST wrong beats 1048576 1048576 1048576 1048576 1048576 0 1048576 1048576 1048576
  wl 6 +  8 .....#...  windows  0  0  0  0  0 10  0  0  0  BIST wrong beats 1048576 1048576 1048576 1048576 1048576 0 1048576 1048576 1048576
  wl 6 +  9 .....#...  windows  0  0  0  0  3 10  0  0  0  BIST wrong beats 1048576 1048576 1048576 1048576 433244 0 1048576 1048576 1048576
  wl 6 + 10 ....##...  windows  0  0  0  0 10 10  0  0  0  BIST wrong beats 1048576 1048576 1048576 1048576 0 0 1048576 1048576 1048576
  wl 6 + 11 ....##...  windows  0  0  0  0 10 10  0  0  0  BIST wrong beats 1048576 1048576 1048576 1048576 0 0 1048576 1048576 1048576
  wl 6 + 12 ....##...  windows  0  0  0  0 10 10  0 10  0  BIST wrong beats 1048576 1048576 1048576 1048576 0 0 1048576 14039 1048576
  wl 6 + 13 ....##.#.  windows  0  0  0  0 10  9  0 10  0  BIST wrong beats 1048576 1048576 1048576 1048576 0 0 1048576 0 1048576
  wl 6 + 14 ....##.#.  windows  0  0  0  0 10 10  9  9  0  BIST wrong beats 1048576 1048576 1048576 1048576 0 0 15216 0 1048576
  wl 6 + 15 ....####.  windows  0 10  0  0 10 10 10  9  0  BIST wrong beats 1048576 316581 1048576 1048576 0 0 0 0 1048576
  wl 6 + 16 .#..####.  windows  1 10  0  0  9 10  9 10  0  BIST wrong beats 609022 0 1048576 1048576 0 0 0 0 1048576
  wl 6 + 17 .#..####.  windows  0 10  0  0 10 10 10 10  0  BIST wrong beats 1048576 0 1048576 1048576 0 0 0 0 1048576
  wl 6 + 18 ##..####.  windows 10 10  0  0 10  9 10  9  0  BIST wrong beats 0 0 1048576 1048576 0 0 0 0 1048576
  wl 6 + 19 ##..####.  windows 10 10  0  0 10 10  9 10  0  BIST wrong beats 0 0 1048576 1048576 0 0 0 0 1048576
  wl 6 + 20 .#..####.  windows  0 10  0  0 10 10  9 10  0  BIST wrong beats 1048576 0 1048576 1048576 0 0 0 0 1048576
  wl 6 + 21 ##..####.  windows 10 10  0  0 10 10 10 10  0  BIST wrong beats 0 0 1048576 1048576 0 0 0 0 1048576
  wl 6 + 22 ##..####.  windows 10 11  0  0 10  9 10 10  0  BIST wrong beats 0 0 1048576 1048576 0 0 0 0 1048576
  wl 6 + 23 ##..####.  windows 11 11  0  0 10  9  9  9  0  BIST wrong beats 0 0 1048576 1048576 0 0 0 0 1048576
  wl 6 + 24 ##..####.  windows 10 10  0  0 10 10  9  9  0  BIST wrong beats 0 0 1048576 1048576 0 0 0 0 1048576
  wl 6 + 25 ##..####.  windows 10 10  0  0 10 10  9 10  0  BIST wrong beats 0 0 1048576 1048576 0 0 0 0 1048576
  wl 6 + 26 ##..####.  windows 10 10  0  0 10 10 10 10  0  BIST wrong beats 0 0 1048576 1048576 0 0 0 0 1048576
  wl 6 + 27 .#..####.  windows  0 11  8  0 10  9 10  9  0  BIST wrong beats 1048576 0 61156 1048576 0 0 0 0 1048576
  wl 6 + 28 ###.####.  windows 10 10  9  0 10 10  9 10  0  BIST wrong beats 0 0 0 1048576 0 0 0 0 1048576
  wl 6 + 29 ###.####.  windows 10 10  9  0 10 10  9 10  0  BIST wrong beats 0 0 0 1048576 0 0 0 0 1048576
  wl 6 + 30 ###.####.  windows 10 10  9  0 10 10 10 10  0  BIST wrong beats 0 0 0 1048576 0 0 0 0 1048576
  wl 6 + 31 ###.####.  windows 10 10  9  0 10 10 10 10  0  BIST wrong beats 0 0 0 1048576 0 0 0 0 1048576
  wl 6 + 32 ###.####.  windows 10 10  8  0 10 10 10 10  0  BIST wrong beats 0 0 0 1048576 0 0 0 0 1048576
  wl 6 + 33 ###.####.  windows 10 10  9  0 10 10 10 10  0  BIST wrong beats 0 0 0 1048576 0 0 0 0 1048576
  wl 6 + 34 ###.####.  windows 10 10  9  0 10 10  9 10  0  BIST wrong beats 0 0 0 1048576 0 0 0 0 1048576
  wl 6 + 35 ###.####.  windows 10  9  9  0 10 10 10 10  0  BIST wrong beats 0 0 0 1048576 0 0 0 0 1048576
  wl 6 + 36 ###.####.  windows  9 10  9  0 10 10 10 10  0  BIST wrong beats 0 0 0 1048576 0 0 0 0 1048576
  wl 6 + 37 ###.####.  windows 10 10  9  0 10  9 10 10  0  BIST wrong beats 0 0 0 1048576 0 0 0 0 1048576
  wl 6 + 38 ###.####.  windows 10 10  8  0 10 10 10  9  0  BIST wrong beats 0 0 0 1048576 0 0 0 0 1048576
  wl 6 + 39 ###.####.  windows  9  9  9  0  9 10 10 10  0  BIST wrong beats 0 0 0 1048576 0 0 0 0 1048576
  wl 6 + 40 ###.####.  windows  9  9  9  0  9 10 10 10  0  BIST wrong beats 0 0 0 1048576 0 0 0 0 1048576
  wl 6 + 41 ###.####.  windows 10 10  9  0 10  9 10 10  0  BIST wrong beats 0 0 0 1048576 0 0 0 0 1048576
  wl 6 + 42 ###.####.  windows 10 10 10  0 10 10 10 10  0  BIST wrong beats 0 0 0 1048576 0 0 0 0 1048576
  wl 6 + 43 ###.####.  windows 10 10 10  0 10 10 10 10  0  BIST wrong beats 0 0 0 1048576 0 0 0 0 1048576
  wl 6 + 44 ###.####.  windows 10 10  9  0 10 10 10 10  0  BIST wrong beats 0 0 0 1048576 0 0 0 0 1048576
  wl 6 + 45 ###.####.  windows 10  9  9  0 10 10 10 10  0  BIST wrong beats 0 0 0 1048576 0 0 0 0 1048576
  wl 6 + 46 ###.####.  windows  9 10  9  0 10 10 10 10  0  BIST wrong beats 0 0 0 1048576 0 0 0 0 1048576
  wl 6 + 47 ###.####.  windows 10 10 10  0 10 10 10 10  0  BIST wrong beats 0 0 0 1048576 0 0 0 0 1048576
  wl 6 + 48 ###.####.  windows 10 10 10  0 10 10 10 10  0  BIST wrong beats 0 0 0 1048576 0 0 0 0 1048576
  wl 6 + 49 ###.####.  windows 10  9  9  0 11 10 10 10  0  BIST wrong beats 0 0 0 1048576 0 0 0 0 1048576
  wl 6 + 50 ###.####.  windows 10 10  9  0 11 10 10 10  0  BIST wrong beats 0 0 0 1048576 0 0 0 0 1048576
  wl 6 + 51 ###.####.  windows 10 10  9  0 10 10 10 10  0  BIST wrong beats 0 0 0 1048576 0 0 0 0 1048576
  wl 6 + 52 ###.####.  windows 10 10  9  0 10 10 10 10  0  BIST wrong beats 0 0 0 1048576 0 0 0 0 1048576
  wl 6 + 53 ###.####.  windows  9  9  9  0 10 10  9 10  0  BIST wrong beats 0 0 0 1048576 0 0 0 0 1048576
  wl 6 + 54 ###.####.  windows 10 10  9  0 11 10 10 10  0  BIST wrong beats 0 0 0 1048576 0 0 0 0 1048576
  wl 6 + 55 ###.####.  windows 10 10  9  0 11 10 10 10  0  BIST wrong beats 0 0 0 1048576 0 0 0 0 1048576
  wl 6 + 56 .........  windows  0  0  0  0  0  0  0  0  0  BIST wrong beats 1048576 1048576 1048576 1048576 1048576 1048576 1048576 1048576 1048576
  wl 6 + 57 .........  windows  0  0  0  0  0  0  0  0  0  BIST wrong beats 1048576 1048576 1048576 1048576 1048576 1048576 1048576 1048576 1048576
  wl 6 + 58 .........  windows  0  0  0  0  0  0  0  0  0  BIST wrong beats 1048576 1048576 1048576 1048576 1048576 1048576 1048576 1048576 1048576
  wl 6 + 59 .........  windows  0  0  0  0  0  0  0  0  0  BIST wrong beats 1048576 1048576 1048576 1048576 1048576 1048576 1048576 1048576 1048576
  wl 6 + 60 .........  windows  0  0  0  0  0  0  0  0  0  BIST wrong beats 1048576 1048576 1048576 1048576 1048576 1048576 1048576 1048576 1048576
  wl 6 + 61 .........  windows  0  0  0  0  0  0  0  0  0  BIST wrong beats 1048576 1048576 1048576 1048576 1048576 1048576 1048576 1048576 1048576
  wl 6 + 62 .........  windows  0  0  0  0  0  0  0  0  0  BIST wrong beats 1048576 1048576 1048576 1048576 1048576 1048576 1048576 1048576 1048576
  wl 6 + 63 .........  windows  0  0  0  0  0  0  0  0  0  BIST wrong beats 1048576 1048576 1048576 1048576 1048576 1048576 1048576 1048576 1048576
  wl 6 + 64 .........  windows  0  0  0  0  0  0  0  0  0  BIST wrong beats 1048576 1048576 1048576 1048576 1048576 1048576 1048576 1048576 1048576
  wl 6 + 65 .........  windows  0  0  0  0  0  0  0  0  0  BIST wrong beats 1048576 1048576 1048576 1048576 1048576 1048576 1048576 1048576 1048576
  wl 6 + 66 .........  windows  0  0  0  0  0  0  0  0  0  BIST wrong beats 1048576 1048576 1048576 1048576 1048576 1048576 1048576 1048576 1048576
  wl 6 + 67 .........  windows  0  0  0  0  0  0  0  0  0  BIST wrong beats 1048576 1048576 1048576 1048576 1048576 1048576 1048576 1048576 1048576
  wl 6 + 68 .........  windows  0  0  0  0  0  0  0  0  0  BIST wrong beats 1048576 1048576 1048576 1048576 1048576 1048576 1048576 1048576 1048576
  wl 6 + 69 .........  windows  0  0  0  0  0  0  0  0  0  BIST wrong beats 1048576 1048576 1048576 1048576 1048576 1048576 1048576 1048576 1048576
  wl 6 + 70 .........  windows  0  0  0  0  0  0  0  0  0  BIST wrong beats 1048576 1048576 1048576 1048576 1048576 1048576 1048576 1048576 1048576
  wl 6 + 71 .........  windows  0  0  0  0  0  0  0  0  0  BIST wrong beats 1048576 1048576 1048576 1048576 1048576 1048576 1048576 1048576 1048576
  wl 6 + 72 .........  windows  0  0  0  0  0  0  0  0  0  BIST wrong beats 1048576 1048576 1048576 1048576 1048576 1048576 1048576 1048576 1048576
  wl 6 + 73 .........  windows  0  0  0  0  0  0  0  0  0  BIST wrong beats 1048576 1048576 1048576 1048576 1048576 1048576 1048576 1048576 1048576
  wl 6 + 74 .........  windows  0  0  0  0  0  0  0  0  0  BIST wrong beats 1048576 1048576 1048576 1048576 1048576 1048576 1048576 1048576 1048576
  wl 6 + 75 .........  windows  0  0  0  0  0  0  0  0  0  BIST wrong beats 1048576 1048576 1048576 1048576 1048576 1048576 1048576 1048576 1048576
  wl 6 + 76 .........  windows  0  0  0  0  0  0  0  0  0  BIST wrong beats 1048576 1048576 1048576 1048576 1048576 1048576 1048576 1048576 1048576
  wl 6 + 77 .........  windows  0  0  0  0  0  0  0  0  0  BIST wrong beats 1048576 1048576 1048576 1048576 1048576 1048576 1048576 1048576 1048576
  wl 6 + 78 .........  windows  0  0  0  0  0  0  0  0  0  BIST wrong beats 1048576 1048576 1048576 1048576 1048576 1048576 1048576 1048576 1048576
  wl 6 + 79 .........  windows  0  0  0  0  0  0  0  0  0  BIST wrong beats 1048576 1048576 1048576 1048576 1048576 1048576 1048576 1048576 1048576
  wl 6 + 80 .........  windows  0  0  0  0  0  0  0  0  0  BIST wrong beats 1048576 1048576 1048576 1048576 1048576 1048576 1048576 1048576 1048576
  wl 6 + 81 .........  windows  0  0  0  0  0  0  0  0  0  BIST wrong beats 1048576 1048576 1048576 1048576 1048576 1048576 1048576 1048576 1048576
  wl 6 + 82 .........  windows  0  0  0  0  0  0  0  0  0  BIST wrong beats 1048576 1048576 1048576 1048576 1048576 1048576 1048576 1048576 1048576
  wl 6 + 83 .........  windows  0  0  0  0  0  0  0  0  0  BIST wrong beats 1048576 1048576 1048576 1048576 1048576 1048576 1048576 1048576 1048576
  wl 6 + 84 .........  windows  0  0  0  0  0  0  0  0  0  BIST wrong beats 1048576 1048576 1048576 1048576 1048576 1048576 1048576 1048576 1048576
  wl 6 + 85 .........  windows  0  0  0  0  0  0  0  0  0  BIST wrong beats 1048576 1048576 1048576 1048576 1048576 1048576 1048576 1048576 1048576
  wl 6 + 86 .........  windows  0  0  0  0  0  0  0  0  0  BIST wrong beats 1048576 1048576 1048576 1048576 1048576 1048576 1048576 1048576 1048576
  wl 6 + 87 .........  windows  0  0  0  0  0  0  0  0  0  BIST wrong beats 1048576 1048576 1048576 1048576 1048576 1048576 1048576 1048576 1048576
  wl 6 + 88 .........  windows  0  0  0  0  0  0  0  0  0  BIST wrong beats 1048576 1048576 1048576 1048576 1048576 1048576 1048576 1048576 1048576
  wl 6 + 89 .........  windows  0  0  0  0  0  0  0  0  0  BIST wrong beats 1048576 1048576 1048576 1048576 1048576 1048576 1048576 1048576 1048576
  wl 6 + 90 .........  windows  0  0  0  0  0  0  0  0  0  BIST wrong beats 1048576 1048576 1048576 1048576 1048576 1048576 1048576 1048576 1048576
  wl 6 + 91 .........  windows  0  0  0  0  0  0  0  0  0  BIST wrong beats 1048576 1048576 1048576 1048576 1048576 1048576 1048576 1048576 1048576
  wl 6 + 92 .........  windows  0  0  0  0  0  0  0  0  0  BIST wrong beats 1048576 1048576 1048576 1048576 1048576 1048576 1048576 1048576 1048576
  wl 6 + 93 .........  windows  0  0  0  0  0  0  0  0  0  BIST wrong beats 1048576 1048576 1048576 1048576 1048576 1048576 1048576 1048576 1048576
  wl 6 + 94 .........  windows  0  0  0  0  0  0  0  0  0  BIST wrong beats 1048576 1048576 1048576 1048576 1048576 1048576 1048576 1048576 1048576
  wl 6 + 95 .........  windows  0  0  0  0  0  0  0  0  0  BIST wrong beats 1048576 1048576 1048576 1048576 1048576 1048576 1048576 1048576 1048576
  wl 6 + 96 .........  windows  0  0  0  0  0  0  0  0  0  BIST wrong beats 1048576 1048576 1048576 1048576 1048576 1048576 1048576 1048576 1048576
  wl 6 + 97 .........  windows  0  0  0  0  0  0  0  0  0  BIST wrong beats 1048576 1048576 1048576 1048576 1048576 1048576 1048576 1048576 1048576
  wl 6 + 98 .........  windows  0  0  0  0  0  0  0  0  0  BIST wrong beats 1048576 1048576 1048576 1048576 1048576 1048576 1048576 1048576 1048576
  wl 6 + 99 .........  windows  0  0  0  0  0  0  0  0  0  BIST wrong beats 1048576 1048576 1048576 1048576 1048576 1048576 1048576 1048576 1048576
  wl 6 +100 .........  windows  0  0  0  0  0  0  0  0  0  BIST wrong beats 1048576 1048576 1048576 1048576 1048576 1048576 1048576 1048576 1048576
  wl 6 +101 .........  windows  0  0  0  0  0  0  0  0  0  BIST wrong beats 1048576 1048576 1048576 1048576 1048576 1048576 1048576 1048576 1048576
  wl 6 +102 .........  windows  0  0  0  0  0  0  0  0  0  BIST wrong beats 1048576 1048576 1048576 1048576 1048576 1048576 1048576 1048576 1048576
  wl 6 +103 .........  windows  0  0  0  0  0  0  0  0  0  BIST wrong beats 1048576 1048576 1048576 1048576 1048576 1048576 1048576 1048576 1048576
  wl 6 +104 .........  windows  0  0  0  0  0  0  0  0  0  BIST wrong beats 1048576 1048576 1048576 1048576 1048576 1048576 1048576 1048576 1048576
  wl 6 +105 .........  windows  0  0  0  0  0  0  0  0  0  BIST wrong beats 1048576 1048576 1048576 1048576 1048576 1048576 1048576 1048576 1048576
  wl 6 +106 .........  windows  0  0  0  0  0  0  0  0  0  BIST wrong beats 1048576 1048576 1048576 1048576 1048576 1048576 1048576 1048576 1048576
  wl 6 +107 .........  windows  0  0  0  0  0  0  0  0  0  BIST wrong beats 1048576 1048576 1048576 1048576 1048576 1048576 1048576 1048576 1048576
  wl 6 +108 .........  windows  0  0  0  0  0  0  0  0  0  BIST wrong beats 1048576 1048576 1048576 1048576 1048576 1048576 1048576 1048576 1048576
  wl 6 +109 .........  windows  0  0  0  0  0  0  0  0  0  BIST wrong beats 1048576 1048576 1048576 1048576 1048576 1048576 1048576 1048576 1048576
  wl 6 +110 .........  windows  0  0  0  0  0  0  0  0  0  BIST wrong beats 1048576 1048576 1048576 1048576 1048576 1048576 1048576 1048576 1048576
  wl 6 +111 .........  windows  0  0  0  0  0  0  0  0  0  BIST wrong beats 1048576 1048576 1048576 1048576 1048576 1048576 1048576 1048576 1048576
per lane and write latency: the passing runs in steps from 0 (width in steps / ps; edges: steps from the run's end to half the beats wrong), FPGA 53.9 C, board 47.0 C
  m0 wl 0: +56..+73 (18 / 301 ps; edges 1 / 1), +86..+99 (14 / 234 ps; edges 1 / 1), +101..+110 (10 / 167 ps; edges 1 / 1), +78..+84 (7 / 117 ps; edges 1 / 1), +1..+2 (2 / 33 ps; edges 1 / 1), +6..+6 (1 / 17 ps; edges 1 / 1), +10..+10 (1 / 17 ps; edges 1 / 3), +76..+76 (1 / 17 ps; edges 1 / 1)
  m1 wl 0: +56..+120 (65 / 1088 ps; edges 1 / 2)
  m2 wl 0: +56..+133 (78 / 1306 ps; edges 1 / 2)
  m3 wl 0: none
  m4 wl 0: +56..+115 (60 / 1004 ps; edges 1 / 2)
  m5 wl 0: +56..+107 (52 / 871 ps; edges 1 / 3)
  m6 wl 0: +56..+120 (65 / 1088 ps; edges 1 / 2)
  m7 wl 0: +56..+116 (61 / 1021 ps; edges 1 / 2)
  m8 wl 0: none
  m0 wl 2: none
  m1 wl 2: none
  m2 wl 2: none
  m3 wl 2: none
  m4 wl 2: none
  m5 wl 2: none
  m6 wl 2: none
  m7 wl 2: none
  m8 wl 2: none
  m0 wl 4: none
  m1 wl 4: none
  m2 wl 4: none
  m3 wl 4: none
  m4 wl 4: none
  m5 wl 4: none
  m6 wl 4: none
  m7 wl 4: none
  m8 wl 4: none
  m0 wl 6: +28..+55 (28 / 469 ps; edges 1 / 1), +21..+26 (6 / 100 ps; edges 1 / 1), +18..+19 (2 / 33 ps; edges 1 / 1)
  m1 wl 6: +16..+55 (40 / 670 ps; edges 2 / 1)
  m2 wl 6: +28..+55 (28 / 469 ps; edges 2 / 1)
  m3 wl 6: none
  m4 wl 6: +10..+55 (46 / 770 ps; edges 2 / 1)
  m5 wl 6: +2..+55 (54 / 904 ps; edges 2 / 1)
  m6 wl 6: +15..+55 (41 / 686 ps; edges 2 / 1)
  m7 wl 6: +13..+55 (43 / 720 ps; edges 2 / 1)
  m8 wl 6: none
  group 0 (lanes [0, 1, 2, 3, 4, 5, 6, 7, 8]), best latency per lane: none
raw data: wscan_ch1.json
