ch1 lane 3 at CK 40 (write bitslips [6, 6, 6, -1, 6, 6, 6, 6, -1]): per bit, the taps that pass at each read bitslip ('#': no wrong read)
  dq24: b4 |#####...........................|  b5 |.......###########..............|  b6 |....................##########..|
  dq25: b4 |#######.........................|  b5 |........###########.............|  b6 |....................###########.|
  dq26: b4 |######..........................|  b5 |.......###########..............|  b6 |...................############.|
  dq27: b0 |....................###########.|  b6 |######..........................|  b7 |........##########..............|
  dq28: b4 |######..........................|  b5 |........##########..............|  b6 |....................##########..|
  dq29: b4 |#######.........................|  b5 |........###########.............|  b6 |....................###########.|
  dq30: b4 |######..........................|  b5 |.......###########..............|  b6 |...................###########..|
  dq31: b4 |######..........................|  b5 |........##########..............|  b6 |....................##########..|
ch1 lane 8 at CK 40 (write bitslips [6, 6, 6, -1, 6, 6, 6, 6, -1]): per bit, the taps that pass at each read bitslip ('#': no wrong read)
  dq64: b4 |#####...........................|  b5 |......###########...............|  b6 |...................##########...|
  dq65: b0 |...................##########...|  b6 |#####...........................|  b7 |......###########...............|
  dq66: b0 |..................###########...|  b6 |#####...........................|  b7 |......###########...............|
  dq67: b4 |#####...........................|  b5 |......###########...............|  b6 |..................###########...|  b7 |..............................##|
  dq68: b0 |..................###########...|  b6 |####............................|  b7 |......##########................|
  dq69: b0 |...................###########..|  b6 |#####...........................|  b7 |......###########...............|
  dq70: b0 |..................###########...|  b6 |#####...........................|  b7 |......###########...............|
  dq71: b0 |..................###########...|  b6 |#####...........................|  b7 |......###########...............|
ch1 lane 1 at CK 40 (write bitslips [6, 6, 6, -1, 6, 6, 6, 6, -1]): per bit, the taps that pass at each read bitslip ('#': no wrong read)
  dq8: b4 |########........................|  b5 |..........###########...........|  b6 |......................##########|
  dq9: b4 |#########.......................|  b5 |...........###########..........|  b6 |.......................#########|
  dq10: b4 |########........................|  b5 |..........###########...........|  b6 |......................##########|
  dq11: b4 |#########.......................|  b5 |..........###########...........|  b6 |.......................#########|
  dq12: b4 |########........................|  b5 |..........###########...........|  b6 |.......................#########|
  dq13: b4 |########........................|  b5 |..........###########...........|  b6 |......................##########|
  dq14: b4 |########........................|  b5 |..........##########............|  b6 |.....................###########|
  dq15: b4 |#########.......................|  b5 |...........###########..........|  b6 |.......................#########|
