scratch 0x12345678 (ok), bus errors 0, channels [0, 1], DQS phase steps ch0 15 (16.7 ps each, 112 per tCK), sys 133.33 MHz, CL 7 CWL 6, FPGA 54.4 C, board 47.5 C
temperature run: channels [0], 35 min of BIST, window rescans every 300 s (scan stride 1); LM73 at 0x4a
  0:00 FPGA 54.4 C, board 47.5 C
  0:12 channel 0 scan from step 15, FPGA 54.5 C, board 47.5 C:
    m0 .........................#########################################...............................................
    m1 ..................##.......######################################................................................
    m2 ....................#################.......#####################................................................
    m3 ...................######################.........##################.............................................
    m4 ......................#############################################..............................................
    m5 ....................###############################################..............................................
    m6 ....................###############################################..............................................
    m7 ......................############################################...............................................
    m8 ......................########################################...................................................
    common window 12 steps (201 ps); runs at its centre, step 15; write latency [0, 0, 0, 0, 6, 6, 6, 6, 6], read windows [9, 9, 9, 10, 10, 10, 11, 10, 9]
  1:12 FPGA 54.5 C, board 47.5 C; BIST passes 107, wrong beats in the last minute: ch0 0
  2:13 FPGA 54.8 C, board 47.8 C; BIST passes 214, wrong beats in the last minute: ch0 0
  3:13 FPGA 54.5 C, board 47.8 C; BIST passes 321, wrong beats in the last minute: ch0 0
  4:13 FPGA 54.9 C, board 47.8 C; BIST passes 428, wrong beats in the last minute: ch0 0
  5:13 FPGA 54.6 C, board 47.8 C; BIST passes 535, wrong beats in the last minute: ch0 0
  5:26 channel 0 rescan from its step 15, FPGA 54.8 C, board 47.8 C: common window 12 steps (201 ps), from -6 to +5 around the running phase
    m0 .........................#########################################...............................................
    m1 ..................##........#####################################................................................
    m2 ....................#################.......#####################................................................
    m3 ...................######################.........##################.............................................
    m4 ......................#############################################..............................................
    m5 ....................###############################################..............................................
    m6 ....................###############################################..............................................
    m7 ......................############################################...............................................
    m8 ......................########################################...................................................
  6:13 FPGA 55.0 C, board 47.8 C; BIST passes 619, wrong beats in the last minute: ch0 0
  7:13 FPGA 54.8 C, board 47.8 C; BIST passes 726, wrong beats in the last minute: ch0 0
  8:13 FPGA 54.5 C, board 47.8 C; BIST passes 833, wrong beats in the last minute: ch0 0
  9:13 FPGA 54.5 C, board 47.8 C; BIST passes 940, wrong beats in the last minute: ch0 0
 10:14 FPGA 54.6 C, board 47.8 C; BIST passes 1047, wrong beats in the last minute: ch0 0
 10:39 channel 0 rescan from its step 15, FPGA 54.5 C, board 47.8 C: common window 12 steps (201 ps), from -6 to +5 around the running phase
    m0 .........................#########################################...............................................
    m1 ..................##........#####################################................................................
    m2 ....................#################.......#####################................................................
    m3 ...................######################.........##################.............................................
    m4 ......................#############################################..............................................
    m5 ....................###############################################..............................................
    m6 ....................###############################################..............................................
    m7 ......................############################################...............................................
    m8 ......................########################################...................................................
 11:14 FPGA 54.6 C, board 47.8 C; BIST passes 1131, wrong beats in the last minute: ch0 0
 12:14 FPGA 54.5 C, board 47.8 C; BIST passes 1238, wrong beats in the last minute: ch0 0
 13:14 FPGA 54.6 C, board 47.8 C; BIST passes 1345, wrong beats in the last minute: ch0 0
 14:14 FPGA 54.6 C, board 47.8 C; BIST passes 1452, wrong beats in the last minute: ch0 0
 15:14 FPGA 54.5 C, board 47.8 C; BIST passes 1559, wrong beats in the last minute: ch0 0
 15:52 channel 0 rescan from its step 15, FPGA 54.6 C, board 47.8 C: common window 12 steps (201 ps), from -6 to +5 around the running phase
    m0 .........................#########################################...............................................
    m1 ..................##........#####################################................................................
    m2 ....................#################.......#####################................................................
    m3 ...................######################.........##################.............................................
    m4 ......................#############################################..............................................
    m5 ....................###############################################..............................................
    m6 ....................##############################################...............................................
    m7 ......................############################################...............................................
    m8 ......................########################################...................................................
 16:14 FPGA 54.6 C, board 47.8 C; BIST passes 1643, wrong beats in the last minute: ch0 0
 17:14 FPGA 54.5 C, board 47.8 C; BIST passes 1750, wrong beats in the last minute: ch0 0
 18:14 FPGA 54.9 C, board 47.8 C; BIST passes 1857, wrong beats in the last minute: ch0 0
 19:15 FPGA 54.6 C, board 47.8 C; BIST passes 1964, wrong beats in the last minute: ch0 0
 20:15 FPGA 54.6 C, board 47.8 C; BIST passes 2071, wrong beats in the last minute: ch0 0
 21:06 channel 0 rescan from its step 15, FPGA 54.6 C, board 47.8 C: common window 12 steps (201 ps), from -6 to +5 around the running phase
    m0 .........................#########################################...............................................
    m1 ..................##........#####################################................................................
    m2 ....................################........#####################................................................
    m3 ...................######################.........##################.............................................
    m4 ......................#############################################..............................................
    m5 ....................###############################################..............................................
    m6 ....................###############################################..............................................
    m7 ......................############################################...............................................
    m8 ......................########################################...................................................
 21:15 FPGA 55.0 C, board 47.8 C; BIST passes 2155, wrong beats in the last minute: ch0 0
 22:15 FPGA 54.5 C, board 47.8 C; BIST passes 2262, wrong beats in the last minute: ch0 0
 23:15 FPGA 54.8 C, board 47.8 C; BIST passes 2369, wrong beats in the last minute: ch0 0
 24:15 FPGA 54.6 C, board 47.8 C; BIST passes 2476, wrong beats in the last minute: ch0 0
 25:15 FPGA 54.9 C, board 47.8 C; BIST passes 2583, wrong beats in the last minute: ch0 0
 26:19 channel 0 rescan from its step 15, FPGA 54.5 C, board 47.8 C: common window 12 steps (201 ps), from -6 to +5 around the running phase
    m0 .........................#########################################...............................................
    m1 ..................##........#####################################................................................
    m2 ....................#################.......#####################................................................
    m3 ...................######################.........##################.............................................
    m4 ......................#############################################..............................................
    m5 ....................###############################################..............................................
    m6 ....................###############################################..............................................
    m7 ......................############################################...............................................
    m8 ......................########################################...................................................
 26:19 FPGA 54.6 C, board 47.8 C; BIST passes 2675, wrong beats in the last minute: ch0 0
 27:20 FPGA 54.6 C, board 47.8 C; BIST passes 2782, wrong beats in the last minute: ch0 0
 28:20 FPGA 54.8 C, board 47.8 C; BIST passes 2889, wrong beats in the last minute: ch0 0
 29:20 FPGA 54.6 C, board 47.8 C; BIST passes 2996, wrong beats in the last minute: ch0 0
 30:20 FPGA 54.6 C, board 47.8 C; BIST passes 3103, wrong beats in the last minute: ch0 0
 31:32 channel 0 rescan from its step 15, FPGA 54.8 C, board 47.8 C: common window 12 steps (201 ps), from -6 to +5 around the running phase
    m0 .........................#########################################...............................................
    m1 ..................##........#####################################................................................
    m2 ....................#################.......#####################................................................
    m3 ...................######################.........##################.............................................
    m4 ......................#############################################..............................................
    m5 ....................###############################################..............................................
    m6 ....................###############################################..............................................
    m7 ......................############################################...............................................
    m8 ......................########################################...................................................
 31:33 FPGA 54.6 C, board 47.8 C; BIST passes 3209, wrong beats in the last minute: ch0 0
 32:33 FPGA 54.4 C, board 47.8 C; BIST passes 3316, wrong beats in the last minute: ch0 0
 33:33 FPGA 54.6 C, board 47.8 C; BIST passes 3423, wrong beats in the last minute: ch0 0
 34:33 FPGA 54.5 C, board 47.8 C; BIST passes 3530, wrong beats in the last minute: ch0 0
 35:00 FPGA 54.5 C, board 47.8 C; done: 3578 BIST passes of 2 GiB per channel
channel 0: 3578 passes, 0 wrong beats (per lane [0, 0, 0, 0, 0, 0, 0, 0, 0]); common window 201 to 201 ps over 7 scans; the running phase stayed inside every window
      0.0 min:  12 steps ( 201 ps), margins -6 / +5 steps
      5.4 min:  12 steps ( 201 ps), margins -6 / +5 steps
     10.7 min:  12 steps ( 201 ps), margins -6 / +5 steps
     15.9 min:  12 steps ( 201 ps), margins -6 / +5 steps
     21.1 min:  12 steps ( 201 ps), margins -6 / +5 steps
     26.3 min:  12 steps ( 201 ps), margins -6 / +5 steps
     31.5 min:  12 steps ( 201 ps), margins -6 / +5 steps
temperature run: PASS
