forced write latency scan, channel 1, from step -48, every 1 steps (16.7 ps), 64 MiB BIST per step, FPGA 53.8 C, board 47.2 C
  wl 0 +  0 #########  windows 10 10  9 10 10 10  9  9 10  BIST wrong beats 0 0 0 0 0 0 0 0 0
  wl 0 +  1 #########  windows 10 10 10 10 10 10 10  9 10  BIST wrong beats 0 0 0 0 0 0 0 0 0
  wl 0 +  2 #########  windows 10  9 10 10 10 10  9 10 10  BIST wrong beats 0 0 0 0 0 0 0 0 0
  wl 0 +  3 #########  windows 10 10 10 10 10 10  9 10 10  BIST wrong beats 0 0 0 0 0 0 0 0 0
  wl 0 +  4 #########  windows 10 10  9 10 10 10 10 10 10  BIST wrong beats 0 0 0 0 0 0 0 0 0
  wl 0 +  5 #########  windows 10 10  9 10 10  9 10  9 10  BIST wrong beats 0 0 0 0 0 0 0 0 0
  wl 0 +  6 #########  windows 10 10 10 10 10 10  9 10 10  BIST wrong beats 0 0 0 0 0 0 0 0 0
  wl 0 +  7 #########  windows 10 10 10 10 10 10  9 10 10  BIST wrong beats 0 0 0 0 0 0 0 0 0
  wl 0 +  8 #########  windows 10 10 10 10 10 10 10 10 10  BIST wrong beats 0 0 0 0 0 0 0 0 0
  wl 0 +  9 #########  windows 10 10  9  9 10  9 10 10 10  BIST wrong beats 0 0 0 0 0 0 0 0 0
  wl 0 + 10 #########  windows 10 10 10 10 10 10 10 10  9  BIST wrong beats 0 0 0 0 0 0 0 0 0
  wl 0 + 11 #########  windows 11 11 10 10 10 10 10 10  9  BIST wrong beats 0 0 0 0 0 0 0 0 0
  wl 0 + 12 #########  windows 10 11 10 10 11 10 10 10  9  BIST wrong beats 0 0 0 0 0 0 0 0 0
  wl 0 + 13 #########  windows 10 10 10 10 10 10 10 10 10  BIST wrong beats 0 0 0 0 0 0 0 0 0
  wl 0 + 14 #########  windows 10 10  9 10 10  9 10 10  9  BIST wrong beats 0 0 0 0 0 0 0 0 0
  wl 0 + 15 #########  windows 10 10 10 10 10  9  9 10  9  BIST wrong beats 0 0 0 0 0 0 0 0 0
  wl 0 + 16 #########  windows 11 11 10  9 11 10 10 10 10  BIST wrong beats 0 0 0 0 0 0 0 0 0
  wl 0 + 17 #########  windows 10 10 10  9 11 10 10 10 10  BIST wrong beats 0 0 0 0 0 0 0 0 0
  wl 0 + 18 #########  windows 10 10 10  9 10 10 10 10 10  BIST wrong beats 0 0 0 0 0 0 0 0 0
  wl 0 + 19 #########  windows 10 10 10  9 10 10 10  9 10  BIST wrong beats 0 0 0 0 0 0 0 0 0
  wl 0 + 20 #########  windows 10 11  9 10 10 10  9 10  9  BIST wrong beats 0 0 0 0 0 0 0 0 0
  wl 0 + 21 #########  windows  9 10  9  9 10 10 10 10 10  BIST wrong beats 0 0 0 0 0 0 0 0 0
  wl 0 + 22 #########  windows 10 10  9  9 10 10 10 10 10  BIST wrong beats 0 0 0 0 0 0 0 0 0
  wl 0 + 23 #########  windows 10 10  9  9 10 10 10 10  9  BIST wrong beats 0 0 0 0 0 0 0 0 0
  wl 0 + 24 #########  windows 10 10  9 10 10 10 11 10  9  BIST wrong beats 0 0 0 0 0 0 0 0 0
  wl 0 + 25 #########  windows 10 10  9  9 10 10 10 10 10  BIST wrong beats 0 0 0 0 0 0 0 0 0
  wl 0 + 26 #########  windows  9 10  9  9 10 10 10 10 10  BIST wrong beats 0 0 0 0 0 0 0 0 0
  wl 0 + 27 #########  windows 10 10  9  9 10 10 10 10 10  BIST wrong beats 0 0 0 0 0 0 0 0 0
  wl 0 + 28 #########  windows 10 10 10  9 10 11 11 10  9  BIST wrong beats 0 0 0 0 0 0 0 0 0
  wl 0 + 29 #########  windows 10  9 10 10 10 11 10 10 10  BIST wrong beats 0 0 0 0 0 0 0 0 0
  wl 0 + 30 #########  windows  9  9 10 10 11 10 10 10 10  BIST wrong beats 0 0 0 0 0 0 0 0 0
  wl 0 + 31 #########  windows 10 10  9  9 11 10 10 10 10  BIST wrong beats 0 0 0 0 0 0 0 0 0
  wl 0 + 32 #########  windows 10 10  9  9 10 10 10 10 10  BIST wrong beats 0 0 0 0 0 0 0 0 0
  wl 0 + 33 #########  windows 10 10  9  9 10 10 10 10 10  BIST wrong beats 0 0 0 0 0 0 0 0 0
  wl 0 + 34 #########  windows  9  9 10 10 10 10 10 11 10  BIST wrong beats 0 0 0 0 0 0 0 0 0
  wl 0 + 35 #########  windows 10  9  9  9 10 10 10 10 10  BIST wrong beats 0 0 0 0 0 0 0 0 0
  wl 0 + 36 #########  windows 10 10  9  9 10 10 10 10 10  BIST wrong beats 0 0 0 0 0 0 0 0 0
  wl 0 + 37 ########.  windows 10 10 10  9 10 10 10 10 10  BIST wrong beats 0 0 0 0 0 0 0 0 39
  wl 0 + 38 ########.  windows 10 10 10  9 10 11 10 10  2  BIST wrong beats 0 0 0 0 0 0 0 0 199714
  wl 0 + 39 ########.  windows  9  9 10 10 10 11 11 10  0  BIST wrong beats 0 0 0 0 0 0 0 0 1048576
  wl 0 + 40 ########.  windows 10  9 10 10 10 11 11 10  0  BIST wrong beats 0 0 0 0 0 0 0 0 1048576
  wl 0 + 41 ########.  windows 10 10  9 11 10 10 10 11  0  BIST wrong beats 0 0 0 0 0 0 0 0 1048576
  wl 0 + 42 ########.  windows 10 10 10 10 10 11 10 11  0  BIST wrong beats 0 0 0 0 0 0 0 0 1048576
  wl 0 + 43 ########.  windows 10 10 10 10 10 11 10 11  0  BIST wrong beats 0 0 0 0 0 0 0 0 1048576
  wl 0 + 44 #####.##.  windows 10 10  9  9 11 10 10 10  0  BIST wrong beats 0 0 0 0 0 3 0 0 1048576
  wl 0 + 45 #####.##.  windows 10 10  9 10 11  3 10 10  0  BIST wrong beats 0 0 0 0 0 144634 0 0 1048576
  wl 0 + 46 #####.##.  windows 10 10 10 10 10  0  9 10  0  BIST wrong beats 0 0 0 0 0 1048576 0 0 1048576
  wl 0 + 47 #####.##.  windows 10 10  9 10 10  0  9 10  0  BIST wrong beats 0 0 0 0 0 1048576 0 0 1048576
  wl 0 + 48 ###.#.##.  windows 10 10  9 10 11  0  9  9  0  BIST wrong beats 0 0 0 750637 0 1048576 0 0 1048576
  wl 0 + 49 ###.#.##.  windows 10 10  9  0 11  0  9  9  0  BIST wrong beats 0 0 0 1048576 0 1048576 0 0 1048576
  wl 0 + 50 ###.#.##.  windows 10 10  9  0 10  0  9 10  0  BIST wrong beats 0 0 0 1048576 0 1048576 0 0 1048576
  wl 0 + 51 ###...##.  windows 10 10 10  0 10  0  9 10  0  BIST wrong beats 0 0 0 1048576 14 1048576 0 0 1048576
  wl 0 + 52 ###...##.  windows  9 10 10  0 10  0  9 10  0  BIST wrong beats 0 0 0 1048576 160471 1048576 0 0 1048576
  wl 0 + 53 ###...#..  windows 10 10 10  0 10  0 10  9  0  BIST wrong beats 0 0 0 1048576 1047490 1048576 0 3780 1048576
  wl 0 + 54 ###...#..  windows 10 10  9  0  0  0  9 10  0  BIST wrong beats 0 0 0 1048576 1048576 1048576 0 919318 1048576
  wl 0 + 55 ###...#..  windows 10 10  9  0  0  0  9  0  0  BIST wrong beats 0 0 0 1048576 1048576 1048576 0 1048576 1048576
  wl 0 + 56 ###......  windows 10 10 10  0  0  0 10  0  0  BIST wrong beats 0 0 0 1048576 1048576 1048576 1 1048576 1048576
  wl 0 + 57 ###......  windows 10 10 10  0  0  0 10  0  0  BIST wrong beats 0 0 0 1048576 1048576 1048576 166414 1048576 1048576
  wl 0 + 58 #.#......  windows 10 10 10  0  0  0  7  0  0  BIST wrong beats 0 70579 0 1048576 1048576 1048576 1047743 1048576 1048576
  wl 0 + 59 #.#......  windows 10  1 11  0  0  0  0  0  0  BIST wrong beats 0 1047708 0 1048576 1048576 1048576 1048576 1048576 1048576
  wl 0 + 60 ..#......  windows 10  0 10  0  0  0  0  0  0  BIST wrong beats 6138 1048576 0 1048576 1048576 1048576 1048576 1048576 1048576
  wl 0 + 61 ..#......  windows 10  0 10  0  0  0  0  0  0  BIST wrong beats 773795 1048576 0 1048576 1048576 1048576 1048576 1048576 1048576
  wl 0 + 62 ..#......  windows  0  0 10  0  0  0  0  0  0  BIST wrong beats 1048576 1048576 0 1048576 1048576 1048576 1048576 1048576 1048576
  wl 0 + 63 ..#......  windows  0  0 10  0  0  0  0  0  0  BIST wrong beats 1048576 1048576 0 1048576 1048576 1048576 1048576 1048576 1048576
  wl 0 + 64 ..#......  windows  0  0 10  0  0  0  0  0  0  BIST wrong beats 1048576 1048576 0 1048576 1048576 1048576 1048576 1048576 1048576
  wl 0 + 65 ..#......  windows  0  0 10  0  0  0  0  0  0  BIST wrong beats 1048576 1048576 0 1048576 1048576 1048576 1048576 1048576 1048576
  wl 0 + 66 ..#......  windows  0  0 10  0  0  0  0  0  0  BIST wrong beats 1048576 1048576 0 1048576 1048576 1048576 1048576 1048576 1048576
  wl 0 + 67 ..#......  windows  0  0 10  0  0  0  0  0  0  BIST wrong beats 1048576 1048576 0 1048576 1048576 1048576 1048576 1048576 1048576
  wl 0 + 68 ..#......  windows  0  0 10  0  0  0  0  0  0  BIST wrong beats 1048576 1048576 0 1048576 1048576 1048576 1048576 1048576 1048576
  wl 0 + 69 .........  windows  0  0 11  0  0  0  0  0  0  BIST wrong beats 1048576 1048576 7 1048576 1048576 1048576 1048576 1048576 1048576
  wl 0 + 70 .........  windows  0  0 10  0  0  0  0  0  0  BIST wrong beats 1048576 1048576 315794 1048576 1048576 1048576 1048576 1048576 1048576
  wl 0 + 71 .........  windows  0  0 10  0  0  0  0  0  0  BIST wrong beats 1048576 1048576 1046199 1048576 1048576 1048576 1048576 1048576 1048576
  wl 0 + 72 .........  windows  0  0  0  0  0  0  0  0  0  BIST wrong beats 1048576 1048576 1048576 1048576 1048576 1048576 1048576 1048576 1048576
  wl 0 + 73 .........  windows  0  0  0  0  0  0  0  0  0  BIST wrong beats 1048576 1048576 1048576 1048576 1048576 1048576 1048576 1048576 1048576
  wl 0 + 74 .........  windows  0  0  0  0  0  0  0  0  0  BIST wrong beats 1048576 1048576 1048576 1048576 1048576 1048576 1048576 1048576 1048576
  wl 0 + 75 .........  windows  0  0  0  0  0  0  0  0  0  BIST wrong beats 1048576 1048576 1048576 1048576 1048576 1048576 1048576 1048576 1048576
  wl 0 + 76 .........  windows  0  0  0  0  0  0  0  0  0  BIST wrong beats 1048576 1048576 1048576 1048576 1048576 1048576 1048576 1048576 1048576
  wl 0 + 77 .........  windows  0  0  0  0  0  0  0  0  0  BIST wrong beats 1048576 1048576 1048576 1048576 1048576 1048576 1048576 1048576 1048576
  wl 0 + 78 .........  windows  0  0  0  0  0  0  0  0  0  BIST wrong beats 1048576 1048576 1048576 1048576 1048576 1048576 1048576 1048576 1048576
  wl 0 + 79 .........  windows  0  0  0  0  0  0  0  0  0  BIST wrong beats 1048576 1048576 1048576 1048576 1048576 1048576 1048576 1048576 1048576
  wl 0 + 80 .........  windows  0  0  0  0  0  0  0  0  0  BIST wrong beats 1048576 1048576 1048576 1048576 1048576 1048576 1048576 1048576 1048576
  wl 0 + 81 .........  windows  0  0  0  0  0  0  0  0  0  BIST wrong beats 1048576 1048576 1048576 1048576 1048576 1048576 1048576 1048576 1048576
  wl 0 + 82 .........  windows  0  0  0  0  0  0  0  0  0  BIST wrong beats 1048576 1048576 1048576 1048576 1048576 1048576 1048576 1048576 1048576
  wl 0 + 83 .........  windows  0  0  0  0  0  0  0  0  0  BIST wrong beats 1048576 1048576 1048576 1048576 1048576 1048576 1048576 1048576 1048576
  wl 0 + 84 .........  windows  0  0  0  0  0  0  0  0  0  BIST wrong beats 1048576 1048576 1048576 1048576 1048576 1048576 1048576 1048576 1048576
  wl 0 + 85 .........  windows  0  0  0  0  0  0  0  0  0  BIST wrong beats 1048576 1048576 1048576 1048576 1048576 1048576 1048576 1048576 1048576
  wl 0 + 86 .........  windows  0  0  0  0  0  0  0  0  0  BIST wrong beats 1048576 1048576 1048576 1048576 1048576 1048576 1048576 1048576 1048576
  wl 0 + 87 .........  windows  0  0  0  0  0  0  0  0  0  BIST wrong beats 1048576 1048576 1048576 1048576 1048576 1048576 1048576 1048576 1048576
  wl 0 + 88 .........  windows  0  0  0  0  0  0  0  0  0  BIST wrong beats 1048576 1048576 1048576 1048576 1048576 1048576 1048576 1048576 1048576
  wl 0 + 89 .........  windows  0  0  0  0  0  0  0  0  0  BIST wrong beats 1048576 1048576 1048576 1048576 1048576 1048576 1048576 1048576 1048576
  wl 0 + 90 .........  windows  0  0  0  0  0  0  0  0  0  BIST wrong beats 1048576 1048576 1048576 1048576 1048576 1048576 1048576 1048576 1048576
  wl 0 + 91 .........  windows  0  0  0  0  0  0  0  0  0  BIST wrong beats 1048576 1048576 1048576 1048576 1048576 1048576 1048576 1048576 1048576
  wl 0 + 92 .........  windows  0  0  0  0  0  0  0  0  0  BIST wrong beats 1048576 1048576 1048576 1048576 1048576 1048576 1048576 1048576 1048576
  wl 0 + 93 .........  windows  0  0  0  0  0  0  0  0  0  BIST wrong beats 1048576 1048576 1048576 1048576 1048576 1048576 1048576 1048576 1048576
  wl 0 + 94 .........  windows  0  0  0  0  0  0  0  0  0  BIST wrong beats 1048576 1048576 1048576 1048576 1048576 1048576 1048576 1048576 1048576
  wl 0 + 95 .........  windows  0  0  0  0  0  0  0  0  0  BIST wrong beats 1048576 1048576 1048576 1048576 1048576 1048576 1048576 1048576 1048576
  wl 0 + 96 .........  windows  0  0  0  0  0  0  0  0  0  BIST wrong beats 1048576 1048576 1048576 1048576 1048576 1048576 1048576 1048576 1048576
  wl 0 + 97 .........  windows  0  0  0  0  0  0  0  0  0  BIST wrong beats 1048576 1048576 1048576 1048576 1048576 1048576 1048576 1048576 1048576
  wl 0 + 98 .........  windows  0  0  0  0  0  0  0  0  0  BIST wrong beats 1048576 1048576 1048576 1048576 1048576 1048576 1048576 1048576 1048576
  wl 0 + 99 .........  windows  0  0  0  0  0  0  0  0  0  BIST wrong beats 1048576 1048576 1048576 1048576 1048576 1048576 1048576 1048576 1048576
  wl 0 +100 .........  windows  0  0  0  0  0  0  0  0  0  BIST wrong beats 1048576 1048576 1048576 1048576 1048576 1048576 1048576 1048576 1048576
  wl 0 +101 .........  windows  0  0  0  0  0  0  0  0  0  BIST wrong beats 1048576 1048576 1048576 1048576 1048576 1048576 1048576 1048576 1048576
  wl 0 +102 .........  windows  0  0  0  0  0  0  0  0  0  BIST wrong beats 1048576 1048576 1048576 1048576 1048576 1048576 1048576 1048576 1048576
  wl 0 +103 .........  windows  0  0  0  0  0  0  0  0  0  BIST wrong beats 1048576 1048576 1048576 1048576 1048576 1048576 1048576 1048576 1048576
  wl 0 +104 #########  windows 10 10 10 10 10 11  9 10 11  BIST wrong beats 0 0 0 0 0 0 0 0 0
  wl 0 +105 #########  windows 10  9 10 10 10 10  9 10 10  BIST wrong beats 0 0 0 0 0 0 0 0 0
  wl 0 +106 #########  windows 10 10  9  9 11 10 10  9 10  BIST wrong beats 0 0 0 0 0 0 0 0 0
  wl 0 +107 #########  windows 10 10  9  9 10 10  9  9 10  BIST wrong beats 0 0 0 0 0 0 0 0 0
  wl 0 +108 #########  windows 10 10 10  9 10 10  9  9 10  BIST wrong beats 0 0 0 0 0 0 0 0 0
  wl 0 +109 #########  windows  9 10  9 10 10 11  9 10 10  BIST wrong beats 0 0 0 0 0 0 0 0 0
  wl 0 +110 #########  windows 10 10 10 10 11 11  9 10 11  BIST wrong beats 0 0 0 0 0 0 0 0 0
  wl 0 +111 #########  windows 10 10  9  9 10 10 10  9 10  BIST wrong beats 0 0 0 0 0 0 0 0 0
  wl 2 +  0 .........  windows  0  0  0  0  0  0  0  0  0  BIST wrong beats 10000 10000 10000 1048568 1048576 1048576 1048576 1048576 1048576
  wl 2 +  1 .........  windows  0  0  0  0  0  0  0  0  0  BIST wrong beats 9995 9995 9995 1048572 1048576 1048576 1048576 1048576 1048576
  wl 2 +  2 .........  windows  0  0  0  0  0  0  0  0  0  BIST wrong beats 1044541 9997 10000 1048576 1048576 1048576 1048576 1048576 1048576
  wl 2 +  3 .........  windows  0  0  0  0  0  0  0  0  0  BIST wrong beats 1044469 10000 10946 1048576 1048576 1048576 1048576 1048576 1048576
  wl 2 +  4 .........  windows  0  0  0  0  0  0  0  0  0  BIST wrong beats 10000 10000 35252 1048576 1048576 1048576 1048576 1048576 1048576
  wl 2 +  5 .........  windows  0  0  0  0  0  0  0  0  0  BIST wrong beats 9999 9999 153804 1048576 1048576 1048576 1048576 1048576 1048576
  wl 2 +  6 .........  windows  0  0  0  0  0  0  0  0  0  BIST wrong beats 9995 9995 926549 1048576 1048576 1048576 1048576 1048576 1048576
  wl 2 +  7 .........  windows  0  0  0  0  0  0  0  0  0  BIST wrong beats 9999 10000 1041890 1048576 1048576 1048576 1048576 1048576 1048576
  wl 2 +  8 .........  windows  0  0  0  0  0  0  0  0  0  BIST wrong beats 10251 10641 1048568 1048576 1048576 1048576 1048576 1048576 1048576
  wl 2 +  9 .........  windows  0  0  0  0  0  0  0  0  0  BIST wrong beats 1044609 36819 1048576 1048576 1048576 1048576 1048576 1048576 1048576
  wl 2 + 10 .........  windows  0  0  0  0  0  0  0  0  0  BIST wrong beats 195367 265824 1048576 1048576 1048576 1048576 1048576 1048576 1048576
  wl 2 + 11 .........  windows  0  0  0  0  0  0  0  0  0  BIST wrong beats 715486 726828 1048576 1048576 1048576 1048576 1048576 1048576 1048576
  wl 2 + 12 .........  windows  0  0  0  0  0  0  0  0  0  BIST wrong beats 1048034 985554 1048576 1048576 1048576 1048576 1048576 1048576 1048576
  wl 2 + 13 .........  windows  0  0  0  0  0  0  0  0  0  BIST wrong beats 1047336 1048270 1048576 1048576 1048576 1048576 1048576 1048576 1048576
  wl 2 + 14 .........  windows  0  0  0  0  0  0  0  0  0  BIST wrong beats 1048562 1048575 1048576 1048576 1048576 1048576 1048576 1048576 1048576
  wl 2 + 15 .........  windows  0  0  0  0  0  0  0  0  0  BIST wrong beats 1048576 1048575 1048576 1048576 1048576 1048576 1048576 1048576 1048576
  wl 2 + 16 .........  windows  0  0  0  0  0  0  0  0  0  BIST wrong beats 1048576 1048576 1048576 1048576 1048576 1048576 1048576 1048576 1048576
  wl 2 + 17 .........  windows  0  0  0  0  0  0  0  0  0  BIST wrong beats 1048576 1048576 1048576 1048576 1048576 1048576 1048576 1048576 1048576
  wl 2 + 18 .........  windows  0  0  0  0  0  0  0  0  0  BIST wrong beats 1048576 1048576 1048576 1048576 1048576 1048576 1048576 1048576 1048576
  wl 2 + 19 .........  windows  0  0  0  0  0  0  0  0  0  BIST wrong beats 1048576 1048576 1048576 1048576 1048576 1048576 1048576 1048576 1048576
  wl 2 + 20 .........  windows  0  0  0  0  0  0  0  0  0  BIST wrong beats 1048576 1048576 1048576 1048576 1048576 1048576 1048576 1048576 1048576
  wl 2 + 21 .........  windows  0  0  0  0  0  0  0  0  0  BIST wrong beats 1048576 1048576 1048576 1048576 1048576 1048576 1048576 1048576 1048576
  wl 2 + 22 .........  windows  0  0  0  0  0  0  0  0  0  BIST wrong beats 1048576 1048576 1048576 1048576 1048576 1048576 1048576 1048576 1048576
  wl 2 + 23 .........  windows  0  0  0  0  0  0  0  0  0  BIST wrong beats 1048576 1048576 1048576 1048576 1048576 1048576 1048576 1048576 1048576
  wl 2 + 24 .........  windows  0  0  0  0  0  0  0  0  0  BIST wrong beats 1048576 1048576 1048576 1048576 1048576 1048576 1048576 1048576 1048576
  wl 2 + 25 .........  windows  0  0  0  0  0  0  0  0  0  BIST wrong beats 1048576 1048576 1048576 1048576 1048576 1048576 1048576 1048576 1048576
  wl 2 + 26 .........  windows  0  0  0  0  0  0  0  0  0  BIST wrong beats 1048576 1048576 1048576 1048576 1048576 1048576 1048576 1048576 1048576
  wl 2 + 27 .........  windows  0  0  0  0  0  0  0  0  0  BIST wrong beats 1048576 1048576 1048576 1048576 1048576 1048576 1048576 1048576 1048576
  wl 2 + 28 .........  windows  0  0  0  0  0  0  0  0  0  BIST wrong beats 1048576 1048576 1048576 1048576 1048576 1048576 1048576 1048576 1048576
  wl 2 + 29 .........  windows  0  0  0  0  0  0  0  0  0  BIST wrong beats 1048576 1048576 1048576 1048576 1048576 1048576 1048576 1048576 1048576
  wl 2 + 30 .........  windows  0  0  0  0  0  0  0  0  0  BIST wrong beats 1048576 1048576 1048576 1048576 1048576 1048576 1048576 1048576 1048576
  wl 2 + 31 .........  windows  0  0  0  0  0  0  0  0  0  BIST wrong beats 1048576 1048576 1048576 1048576 1048576 1048576 1048576 1048576 1048576
  wl 2 + 32 .........  windows  0  0  0  0  0  0  0  0  0  BIST wrong beats 1048576 1048576 1048576 1048576 1048576 1048576 1048576 1048576 1048576
  wl 2 + 33 .........  windows  0  0  0  0  0  0  0  0  0  BIST wrong beats 1048576 1048576 1048576 1048576 1048576 1048576 1048576 1048576 1048576
  wl 2 + 34 .........  windows  0  0  0  0  0  0  0  0  0  BIST wrong beats 1048576 1048576 1048576 1048576 1048576 1048576 1048576 1048576 1048576
  wl 2 + 35 .........  windows  0  0  0  0  0  0  0  0  0  BIST wrong beats 1048576 1048576 1048576 1048576 1048576 1048576 1048576 1048576 1048576
  wl 2 + 36 .........  windows  0  0  0  0  0  0  0  0  0  BIST wrong beats 1048576 1048576 1048576 1048576 1048576 1048576 1048576 1048576 1048576
  wl 2 + 37 .........  windows  0  0  0  0  0  0  0  0  0  BIST wrong beats 1048576 1048576 1048576 1048576 1048576 1048576 1048576 1048576 1048576
  wl 2 + 38 .........  windows  0  0  0  0  0  0  0  0  0  BIST wrong beats 1048576 1048576 1048576 1048576 1048576 1048576 1048576 1048576 1048576
  wl 2 + 39 .........  windows  0  0  0  0  0  0  0  0  0  BIST wrong beats 1048576 1048576 1048576 1048576 1048576 1048576 1048576 1048576 1048576
  wl 2 + 40 .........  windows  0  0  0  0  0  0  0  0  0  BIST wrong beats 1048576 1048576 1048576 1048576 1048576 1048576 1048576 1048576 1048576
  wl 2 + 41 .........  windows  0  0  0  0  0  0  0  0  0  BIST wrong beats 1048576 1048576 1048576 1048576 1048576 1048576 1048576 1048576 1048576
  wl 2 + 42 .........  windows  0  0  0  0  0  0  0  0  0  BIST wrong beats 1048576 1048576 1048576 1048576 1048576 1048576 1048576 1048576 1048576
  wl 2 + 43 .........  windows  0  0  0  0  0  0  0  0  0  BIST wrong beats 1048576 1048576 1048576 1048576 1048576 1048576 1048576 1048576 1048576
  wl 2 + 44 .........  windows  0  0  0  0  0  0  0  0  0  BIST wrong beats 1048576 1048576 1048576 1048576 1048576 1048576 1048576 1048576 1048576
  wl 2 + 45 .........  windows  0  0  0  0  0  0  0  0  0  BIST wrong beats 1048576 1048576 1048576 1048576 1048576 1048576 1048576 1048576 1048576
  wl 2 + 46 .........  windows  0  0  0  0  0  0  0  0  0  BIST wrong beats 1048576 1048576 1048576 1048576 1048576 1048576 1048576 1048576 1048576
  wl 2 + 47 .........  windows  0  0  0  0  0  0  0  0  0  BIST wrong beats 1048576 1048576 1048576 1048576 1048576 1048576 1048576 1048576 1048576
  wl 2 + 48 .........  windows  0  0  0  0  0  0  0  0  0  BIST wrong beats 1048576 1048576 1048576 1048576 1048576 1048576 1048576 1048576 1048576
  wl 2 + 49 .........  windows  0  0  0  0  0  0  0  0  0  BIST wrong beats 1048576 1048576 1048576 1048576 1048576 1048547 1048576 1048576 1048576
  wl 2 + 50 .........  windows  0  0  0  0  0  0  0  0  0  BIST wrong beats 1048576 1048576 1048576 1048576 1048576 1041721 1048576 1048576 1048576
  wl 2 + 51 .........  windows  0  0  0  0  0  0  0  0  0  BIST wrong beats 1048576 1048576 1048576 1048576 1048576 867618 1048576 1048576 1048576
  wl 2 + 52 .........  windows  0  0  0  0  0  0  0  0  0  BIST wrong beats 1048576 1048576 1048576 1048576 1048576 387582 1048576 1048576 1048576
  wl 2 + 53 .........  windows  0  0  0  0  0  0  0  0  0  BIST wrong beats 1048576 1048576 1048576 1048576 1048576 98302 1048576 1048576 1048576
  wl 2 + 54 .........  windows  0  0  0  0  0  0  0  0  0  BIST wrong beats 1048576 1048576 1048576 1048576 1048576 21448 1048576 1048576 1048576
  wl 2 + 55 .........  windows  0  0  0  0  0  0  0  0  0  BIST wrong beats 1048576 1048576 1048576 1048576 1048576 10013 1048576 1048576 1048576
  wl 2 + 56 .........  windows  0  0  0  0  0  0  0  0  0  BIST wrong beats 1048576 1048576 1048576 1048576 1048575 9996 1048576 1048576 1048576
  wl 2 + 57 .........  windows  0  0  0  0  0  0  0  0  0  BIST wrong beats 1048576 1048576 1048576 1048576 899506 9997 1048576 1048576 1048576
  wl 2 + 58 .........  windows  0  0  0  0  0  0  0  0  0  BIST wrong beats 1048576 1048576 1048576 1048576 10002 9998 1048576 1048576 1048576
  wl 2 + 59 .........  windows  0  0  0  0  0  0  0  0  0  BIST wrong beats 1048576 1048576 1048576 1048576 9997 9997 1048576 1039551 1048576
  wl 2 + 60 .........  windows  0  0  0  0  0  0  0  0  0  BIST wrong beats 1048576 1048576 1048576 1048576 9995 9995 1048576 54875 1048576
  wl 2 + 61 .........  windows  0  0  0  0  0  0  0  0  0  BIST wrong beats 1048576 1048576 1048576 1048576 9995 9995 1048568 9995 1048576
  wl 2 + 62 .........  windows  0  0  0  0  0  0  0  0  0  BIST wrong beats 1048576 1048576 1048576 1048572 10001 10001 113304 10001 1048576
  wl 2 + 63 .........  windows  0  0  0  0  0  0  0  0  0  BIST wrong beats 1048576 1048576 1048576 1048575 9996 9996 9996 9996 1048576
  wl 2 + 64 .........  windows  0  0  0  0  0  0  0  0  0  BIST wrong beats 1048576 1048576 1048576 1048576 9999 9999 9999 9999 1048576
  wl 2 + 65 .........  windows  0  0  0  0  0  0  0  0  0  BIST wrong beats 1048576 1048576 1048576 1045196 9995 9995 9995 9995 1048576
  wl 2 + 66 .........  windows  0  0  0  0  0  0  0  0  0  BIST wrong beats 1048576 1048576 1048576 1044655 9993 9993 9993 9993 1048576
  wl 2 + 67 .........  windows  0  0  0  0  0  0  0  0  0  BIST wrong beats 1048576 1048576 1048576 1044577 10000 10000 10000 10000 1048576
  wl 2 + 68 .........  windows  0  0  0  0  0  0  0  0  0  BIST wrong beats 1048576 1048576 1048576 1044592 10000 10000 10000 10000 1048576
  wl 2 + 69 .........  windows  0  0  0  0  0  0  0  0  0  BIST wrong beats 1048576 1048576 1048576 1048552 9996 9996 9996 9996 1048576
  wl 2 + 70 .........  windows  0  0  0  0  0  0  0  0  0  BIST wrong beats 1048576 1048576 1048576 1044535 9996 9996 9996 9996 1048576
  wl 2 + 71 .........  windows  0  0  0  0  0  0  0  0  0  BIST wrong beats 1048576 1048576 1048576 1048564 9997 9997 9997 9997 1048576
  wl 2 + 72 .........  windows  0  0  0  0  0  0  0  0  0  BIST wrong beats 1048574 1048395 1048576 1044531 9998 9998 9998 9998 1048576
  wl 2 + 73 .........  windows  0  0  0  0  0  0  0  0  0  BIST wrong beats 1046578 995738 1048550 1044644 10000 10000 10000 10000 1048576
  wl 2 + 74 .........  windows  0  0  0  0  0  0  0  0  0  BIST wrong beats 971092 676843 985410 1044545 9999 9999 9999 9999 1048576
  wl 2 + 75 .........  windows  0  0  0  0  0  0  0  0  0  BIST wrong beats 639772 261087 117870 1044423 9993 9993 9993 9993 1048576
  wl 2 + 76 .........  windows  0  0  0  0  0  0  0  0  0  BIST wrong beats 25406 10260 9998 1044466 9998 9998 9998 9998 1048576
  wl 2 + 77 .........  windows  0  0  0  0  0  0  0  0  0  BIST wrong beats 11415 9996 9996 1044492 9996 9996 9996 9996 1048576
  wl 2 + 78 .........  windows  0  0  0  0  0  0  0  0  0  BIST wrong beats 1044467 9996 9996 1048576 9996 9996 9996 9996 1048576
  wl 2 + 79 .........  windows  0  0  0  0  0  0  0  0  0  BIST wrong beats 9997 9997 9997 1048559 9997 9997 9997 9997 1048576
  wl 2 + 80 .........  windows  0  0  0  0  0  0  0  0  0  BIST wrong beats 9998 9998 9998 1048564 9998 9998 9998 9998 1048576
  wl 2 + 81 .........  windows  0  0  0  0  0  0  0  0  0  BIST wrong beats 9998 9998 9998 1048559 9998 9998 9998 9998 1048576
  wl 2 + 82 .........  windows  0  0  0  0  0  0  0  0  0  BIST wrong beats 10000 10000 10000 1048558 10000 10000 10000 10000 1048576
  wl 2 + 83 .........  windows  0  0  0  0  0  0  0  0  0  BIST wrong beats 1044519 9997 9997 1048556 9997 9997 9997 9997 1048576
  wl 2 + 84 .........  windows  0  0  0  0  0  0  0  0  0  BIST wrong beats 9997 9997 9997 1044598 9997 9997 10002 9997 1048576
  wl 2 + 85 .........  windows  0  0  0  0  0  0  0  0  0  BIST wrong beats 9997 9997 9997 1044515 9997 9997 10790 9997 1048576
  wl 2 + 86 .........  windows  0  0  0  0  0  0  0  0  0  BIST wrong beats 9999 9999 9999 1048556 9999 9999 31793 9999 1048576
  wl 2 + 87 .........  windows  0  0  0  0  0  0  0  0  0  BIST wrong beats 9994 9994 9994 1048560 9994 9994 173236 9994 1048576
  wl 2 + 88 .........  windows  0  0  0  0  0  0  0  0  0  BIST wrong beats 9994 9994 9994 1048563 9994 9994 513577 9994 1048576
  wl 2 + 89 .........  windows  0  0  0  0  0  0  0  0  0  BIST wrong beats 9999 9999 9999 1048561 9999 9999 821709 10014 1048576
  wl 2 + 90 .........  windows  0  0  0  0  0  0  0  0  0  BIST wrong beats 9996 9996 9996 1044471 9996 9996 1037366 18140 1048576
  wl 2 + 91 .........  windows  0  0  0  0  0  0  0  0  0  BIST wrong beats 9994 9994 9994 1048555 9994 9994 1048312 91659 1048576
  wl 2 + 92 .........  windows  0  0  0  0  0  0  0  0  0  BIST wrong beats 9996 9996 9996 1044523 9996 9996 1048576 422164 1048576
  wl 2 + 93 .........  windows  0  0  0  0  0  0  0  0  0  BIST wrong beats 9995 9995 9995 1044479 9995 9995 1048576 849320 1048576
  wl 2 + 94 .........  windows  0  0  0  0  0  0  0  0  0  BIST wrong beats 10000 10000 10000 1044431 10000 10000 1048576 1029547 1048576
  wl 2 + 95 .........  windows  0  0  0  0  0  0  0  0  0  BIST wrong beats 9995 9995 9995 1044521 9995 9995 1048576 1048007 1048576
  wl 2 + 96 .........  windows  0  0  0  0  0  0  0  0  0  BIST wrong beats 9996 9996 9996 1044456 9996 9996 1048576 1048565 1048576
  wl 2 + 97 .........  windows  0  0  0  0  0  0  0  0  0  BIST wrong beats 9993 9993 9993 1048560 9993 9993 1048576 1048576 1048576
  wl 2 + 98 .........  windows  0  0  0  0  0  0  0  0  0  BIST wrong beats 9995 9995 9995 1048555 9995 10000 1048576 1048576 1048576
  wl 2 + 99 .........  windows  0  0  0  0  0  0  0  0  0  BIST wrong beats 9993 9993 9993 1048576 9993 10949 1048576 1048576 1048576
  wl 2 +100 .........  windows  0  0  0  0  0  0  0  0  0  BIST wrong beats 9999 9999 9999 1048561 10025 39189 1048576 1048576 1048576
  wl 2 +101 .........  windows  0  0  0  0  0  0  0  0  0  BIST wrong beats 9997 9997 9997 1044508 16280 247488 1048576 1048576 1048576
  wl 2 +102 .........  windows  0  0  0  0  0  0  0  0  0  BIST wrong beats 10000 10000 10000 1044507 104380 671546 1048576 1048576 1048576
  wl 2 +103 .........  windows  0  0  0  0  0  0  0  0  0  BIST wrong beats 9997 9997 9997 1044495 415228 976854 1048576 1048576 1048576
  wl 2 +104 .........  windows  0  0  0  0  0  0  0  0  0  BIST wrong beats 9995 9995 9995 9995 1037500 1048563 1048576 1048576 1048558
  wl 2 +105 .........  windows  0  0  0  0  0  0  0  0  0  BIST wrong beats 9995 9995 9995 9995 1048406 1048576 1048576 1048576 1048576
  wl 2 +106 .........  windows  0  0  0  0  0  0  0  0  0  BIST wrong beats 10000 10000 10000 1044474 1048576 1048576 1048576 1048576 1048576
  wl 2 +107 .........  windows  0  0  0  0  0  0  0  0  0  BIST wrong beats 9998 9998 9998 1044571 1048576 1048576 1048576 1048576 1048576
  wl 2 +108 .........  windows  0  0  0  0  0  0  0  0  0  BIST wrong beats 9996 9996 9996 1044518 1048576 1048576 1048576 1048576 1048576
  wl 2 +109 .........  windows  0  0  0  0  0  0  0  0  0  BIST wrong beats 9994 9994 9994 1044598 1048576 1048576 1048576 1048576 1048576
  wl 2 +110 .........  windows  0  0  0  0  0  0  0  0  0  BIST wrong beats 9998 9998 9998 1044564 1048576 1048576 1048576 1048576 1048576
  wl 2 +111 .........  windows  0  0  0  0  0  0  0  0  0  BIST wrong beats 9996 9996 9996 1046209 1048576 1048576 1048576 1048576 1048576
  wl 4 +  0 .........  windows  0  0  0  0  0  0  0  0  0  BIST wrong beats 1048576 1048576 1048576 1048576 1048576 1048576 1048576 1048576 1048576
  wl 4 +  1 .........  windows  0  0  0  0  0  0  0  0  0  BIST wrong beats 1048576 1048576 1048576 1048576 1048576 1048576 1048576 1048576 1048576
  wl 4 +  2 .........  windows  0  0  0  0  0  0  0  0  0  BIST wrong beats 1048576 1048576 1048576 1048576 1048576 1048576 1048576 1048576 1048576
  wl 4 +  3 .........  windows  0  0  0  0  0  0  0  0  0  BIST wrong beats 1048576 1048576 1048576 1048576 1048576 1048576 1048576 1048576 1048576
  wl 4 +  4 .........  windows  0  0  0  0  0  0  0  0  0  BIST wrong beats 1048576 1048576 1048576 1048576 1048576 1048576 1048576 1048576 1048576
  wl 4 +  5 .........  windows  0  0  0  0  0  0  0  0  0  BIST wrong beats 1048576 1048576 1048576 1048576 1048576 1048576 1048576 1048576 1048576
  wl 4 +  6 .........  windows  0  0  0  0  0  0  0  0  0  BIST wrong beats 1048576 1048576 1048576 1048576 1048576 1048576 1048576 1048576 1048576
  wl 4 +  7 .........  windows  0  0  0  0  0  0  0  0  0  BIST wrong beats 1048576 1048576 1048576 1048576 1048576 1048576 1048576 1048576 1048576
  wl 4 +  8 .........  windows  0  0  0  0  0  0  0  0  0  BIST wrong beats 1048576 1048576 1048576 1048576 1048576 1048576 1048576 1048576 1048576
  wl 4 +  9 .........  windows  0  0  0  0  0  0  0  0  0  BIST wrong beats 1048576 1048576 1048576 1048576 1048576 1048576 1048576 1048576 1048576
  wl 4 + 10 .........  windows  0  0  0  0  0  0  0  0  0  BIST wrong beats 1048576 1048576 1048576 1048576 1048576 1048576 1048576 1048576 1048576
  wl 4 + 11 .........  windows  0  0  0  0  0  0  0  0  0  BIST wrong beats 1048576 1048576 1048576 1048576 1048576 1048576 1048576 1048576 1048576
  wl 4 + 12 .........  windows  0  0  0  0  0  0  0  0  0  BIST wrong beats 1048576 1048576 1048576 1048576 1048576 1048576 1048576 1048576 1048576
  wl 4 + 13 .........  windows  0  0  0  0  0  0  0  0  0  BIST wrong beats 1048576 1048576 1048576 1048576 1048576 1048576 1048576 1048576 1048576
  wl 4 + 14 .........  windows  0  0  0  0  0  0  0  0  0  BIST wrong beats 1048576 1048576 1048576 1048576 1048576 1048576 1048576 1048576 1048576
  wl 4 + 15 .........  windows  0  0  0  0  0  0  0  0  0  BIST wrong beats 1048576 1048576 1048576 1048576 1048576 1048576 1048576 1048576 1048576
  wl 4 + 16 .........  windows  0  0  0  0  0  0  0  0  0  BIST wrong beats 1048576 1048576 1048576 1048576 1048576 1048576 1048576 1048576 1048576
  wl 4 + 17 .........  windows  0  0  0  0  0  0  0  0  0  BIST wrong beats 1048576 1048576 1048576 1048576 1048576 1048576 1048576 1048576 1048576
  wl 4 + 18 .........  windows  0  0  0  0  0  0  0  0  0  BIST wrong beats 1048576 1048576 1048576 1048576 1048576 1048576 1048576 1048576 1048576
  wl 4 + 19 .........  windows  0  0  0  0  0  0  0  0  0  BIST wrong beats 1048576 1048576 1048576 1048576 1048576 1048576 1048576 1048576 1048576
  wl 4 + 20 .........  windows  0  0  0  0  0  0  0  0  0  BIST wrong beats 1048576 1048576 1048576 1048576 1048576 1048576 1048576 1048576 1048576
  wl 4 + 21 .........  windows  0  0  0  0  0  0  0  0  0  BIST wrong beats 1048576 1048576 1048576 1048576 1048576 1048576 1048576 1048576 1048576
  wl 4 + 22 .........  windows  0  0  0  0  0  0  0  0  0  BIST wrong beats 1048576 1048576 1048576 1048576 1048576 1048576 1048576 1048576 1048576
  wl 4 + 23 .........  windows  0  0  0  0  0  0  0  0  0  BIST wrong beats 1048576 1048576 1048576 1048576 1048576 1048576 1048576 1048576 1048576
  wl 4 + 24 .........  windows  0  0  0  0  0  0  0  0  0  BIST wrong beats 1048576 1048576 1048576 1048576 1048576 1048576 1048576 1048576 1048576
  wl 4 + 25 .........  windows  0  0  0  0  0  0  0  0  0  BIST wrong beats 1048576 1048576 1048576 1048576 1048576 1048576 1048576 1048576 1048576
  wl 4 + 26 .........  windows  0  0  0  0  0  0  0  0  0  BIST wrong beats 1048576 1048576 1048576 1048576 1048576 1048576 1048576 1048576 1048576
  wl 4 + 27 .........  windows  0  0  0  0  0  0  0  0  0  BIST wrong beats 1048576 1048576 1048576 1048576 1048576 1048576 1048576 1048576 1048576
  wl 4 + 28 .........  windows  0  0  0  0  0  0  0  0  0  BIST wrong beats 1048576 1048576 1048576 1048576 1048576 1048576 1048576 1048576 1048576
  wl 4 + 29 .........  windows  0  0  0  0  0  0  0  0  0  BIST wrong beats 1048576 1048576 1048576 1048576 1048576 1048576 1048576 1048576 1048576
  wl 4 + 30 .........  windows  0  0  0  0  0  0  0  0  0  BIST wrong beats 1048576 1048576 1048576 1048576 1048576 1048576 1048576 1048576 1048576
  wl 4 + 31 .........  windows  0  0  0  0  0  0  0  0  0  BIST wrong beats 1048576 1048576 1048576 1048576 1048576 1048576 1048576 1048576 1048576
  wl 4 + 32 .........  windows  0  0  0  0  0  0  0  0  0  BIST wrong beats 1048576 1048576 1048576 1048576 1048576 1048576 1048576 1048576 1048576
  wl 4 + 33 .........  windows  0  0  0  0  0  0  0  0  0  BIST wrong beats 1048576 1048576 1048576 1048576 1048576 1048576 1048576 1048576 1048576
  wl 4 + 34 .........  windows  0  0  0  0  0  0  0  0  0  BIST wrong beats 1048576 1048576 1048576 1048576 1048576 1048576 1048576 1048576 1048576
  wl 4 + 35 .........  windows  0  0  0  0  0  0  0  0  0  BIST wrong beats 1048576 1048576 1048576 1048576 1048576 1048576 1048576 1048576 1048576
  wl 4 + 36 .........  windows  0  0  0  0  0  0  0  0  0  BIST wrong beats 1048576 1048576 1048576 1048576 1048576 1048576 1048576 1048576 1048576
  wl 4 + 37 .........  windows  0  0  0  0  0  0  0  0  0  BIST wrong beats 1048576 1048576 1048576 1048576 1048576 1048576 1048427 1048576 1048576
  wl 4 + 38 .........  windows  0  0  0  0  0  0  0  0  0  BIST wrong beats 1048576 1048576 1048576 1048576 1048576 1048576 1024477 1048576 1048576
  wl 4 + 39 .........  windows  0  0  0  0  0  0  0  0  0  BIST wrong beats 1048576 1048576 1048576 1048576 1048576 1048576 718714 1048576 1048576
  wl 4 + 40 .........  windows  0  0  0  0  0  0  0  0  0  BIST wrong beats 1048576 1048576 1048576 1048576 1048576 1048576 296801 1048576 1048576
  wl 4 + 41 .........  windows  0  0  0  0  0  0  0  0  0  BIST wrong beats 1048576 1048576 1048576 1048576 1048576 1048576 10501 1047166 1048576
  wl 4 + 42 .........  windows  0  0  0  0  0  0  0  0  0  BIST wrong beats 1048576 1048576 1048576 1048576 1048576 1048576 10000 980150 1048576
  wl 4 + 43 .........  windows  0  0  0  0  0  0  0  0  0  BIST wrong beats 1048576 1048576 1048576 1048576 1048576 1048576 9993 452915 1048576
  wl 4 + 44 .........  windows  0  0  0  0  0  0  0  0  0  BIST wrong beats 1048576 1048576 1048576 1048576 1048576 1048576 9998 44523 1048576
  wl 4 + 45 .........  windows  0  0  0  0  0  0  0  0  0  BIST wrong beats 1048576 1048576 1048576 1048576 1048576 1048576 9996 10486 1048576
  wl 4 + 46 .........  windows  0  0  0  0  0  0  0  0  0  BIST wrong beats 1048576 1048576 1048576 1048576 1048576 1048576 9995 9995 1048576
  wl 4 + 47 .........  windows  0  0  0  0  0  0  0  0  0  BIST wrong beats 1048576 1048576 1048576 1048576 1048576 1048576 9996 9996 1048576
  wl 4 + 48 .........  windows  0  0  0  0  0  0  0  0  0  BIST wrong beats 1048576 1048576 1048576 1048576 1048576 1048576 9995 9995 1048576
  wl 4 + 49 .........  windows  0  0  0  0  0  0  0  0  0  BIST wrong beats 1048576 1048576 1048576 1048576 1048576 1048576 9996 9996 1048576
  wl 4 + 50 .........  windows  0  0  0  0  0  0  0  0  0  BIST wrong beats 1048576 1048576 1048576 1048576 1048576 1048576 9996 9996 1048576
  wl 4 + 51 .........  windows  0  0  0  0  0  0  0  0  0  BIST wrong beats 1048576 1048576 1048576 1048576 1048562 1048576 9994 9994 1048576
  wl 4 + 52 .........  windows  0  0  0  0  0  0  0  0  0  BIST wrong beats 1048576 1048576 1048576 1048576 1046506 1048576 9996 10000 1048576
  wl 4 + 53 .........  windows  0  0  0  0  0  0  0  0  0  BIST wrong beats 1048576 1048576 1048576 1048576 1048576 1048576 9993 29370 1048576
  wl 4 + 54 .........  windows  0  0  0  0  0  0  0  0  0  BIST wrong beats 1048576 1048576 1048576 1048576 1048576 1048576 9994 1031786 1048576
  wl 4 + 55 .........  windows  0  0  0  0  0  0  0  0  0  BIST wrong beats 1048576 1048576 1048576 1048576 1048576 1048576 9999 1048576 1048571
  wl 4 + 56 .........  windows  0  0  0  0  0  0  0  0  0  BIST wrong beats 1048576 1048576 1048576 1048576 1048576 1048576 10077 1048576 1048512
  wl 4 + 57 .........  windows  0  0  0  0  0  0  0  0  0  BIST wrong beats 1048576 1048576 1048576 1048576 1048576 1048576 362671 1048576 1048563
  wl 4 + 58 .........  windows  0  0  0  0  0  0  0  0  0  BIST wrong beats 1048576 1048576 1048576 1048576 1048576 1048576 1048576 1048576 1045016
  wl 4 + 59 .........  windows  0  0  0  0  0  0  0  0  0  BIST wrong beats 1048576 1048576 1048576 1048576 1048576 1048576 1048576 1048576 1048576
  wl 4 + 60 .........  windows  0  0  0  0  0  0  0  0  0  BIST wrong beats 1048576 1048576 1048576 1048576 1048576 1048576 1048576 1048576 1048576
  wl 4 + 61 .........  windows  0  0  0  0  0  0  0  0  0  BIST wrong beats 1048576 1048576 1048576 1048576 1048576 1048576 1048576 1048576 1044372
  wl 4 + 62 .........  windows  0  0  0  0  0  0  0  0  0  BIST wrong beats 1048576 1048576 1048576 1048576 1048576 1048576 1048576 1048576 1048559
  wl 4 + 63 .........  windows  0  0  0  0  0  0  0  0  0  BIST wrong beats 1048576 1048576 1048576 1048576 1048576 1048576 1048576 1048576 1048563
  wl 4 + 64 .........  windows  0  0  0  0  0  0  0  0  0  BIST wrong beats 1048576 1048576 1048576 1048576 1048576 1048576 1048576 1048576 1048560
  wl 4 + 65 .........  windows  0  0  0  0  0  0  0  0  0  BIST wrong beats 1048576 1048576 1048576 1048576 1048576 1048576 1048576 1048576 1044471
  wl 4 + 66 .........  windows  0  0  0  0  0  0  0  0  0  BIST wrong beats 1048576 1048576 1048571 1048576 1048576 1048576 1048576 1048576 1048576
  wl 4 + 67 .........  windows  0  0  0  0  0  0  0  0  0  BIST wrong beats 1048576 1048576 1047253 1048576 1048576 1048576 1048576 1048576 1048576
  wl 4 + 68 .........  windows  0  0  0  0  0  0  0  0  0  BIST wrong beats 1048576 1048576 1020579 1048576 1048576 1048576 1048576 1048576 1044502
  wl 4 + 69 .........  windows  0  0  0  0  0  0  0  0  0  BIST wrong beats 1048576 1048576 502284 1048576 1048576 1048576 1048576 1048576 1044471
  wl 4 + 70 .........  windows  0  0  0  0  0  0  0  0  0  BIST wrong beats 1048576 1048576 525945 1048576 1048576 1048576 1048576 1048576 1048563
  wl 4 + 71 .........  windows  0  0  0  0  0  0  0  0  0  BIST wrong beats 1048576 1048576 1048571 1048576 1048576 1048576 1048576 1048576 1048576
  wl 4 + 72 .........  windows  0  0  0  0  0  0  0  0  0  BIST wrong beats 1048576 1048576 1048576 1048576 1048576 1048576 1048576 1048576 1048558
  wl 4 + 73 .........  windows  0  0  0  0  0  0  0  0  0  BIST wrong beats 1048576 1048576 1048576 1048576 1048576 1048576 1048576 1048576 1048576
  wl 4 + 74 .........  windows  0  0  0  0  0  0  0  0  0  BIST wrong beats 1048576 1048576 1048576 1048576 1048576 1048576 1048576 1048576 1044518
  wl 4 + 75 .........  windows  0  0  0  0  0  0  0  0  0  BIST wrong beats 1048576 1048576 1048576 1048576 1048576 1048576 1048576 1048576 1044467
  wl 4 + 76 .........  windows  0  0  0  0  0  0  0  0  0  BIST wrong beats 1048576 1048576 1048576 1048576 1048576 1048576 1048576 1048576 1044536
  wl 4 + 77 .........  windows  0  0  0  0  0  0  0  0  0  BIST wrong beats 1048576 1048576 1048576 1048576 1048576 1048576 1048576 1048576 1048576
  wl 4 + 78 .........  windows  0  0  0  0  0  0  0  0  0  BIST wrong beats 1048576 1048576 1048576 1048576 1048576 1048576 1048576 1048576 1048576
  wl 4 + 79 .........  windows  0  0  0  0  0  0  0  0  0  BIST wrong beats 1048576 1048576 1048576 1048576 1048576 1048576 1048576 1048576 1048576
  wl 4 + 80 .........  windows  0  0  0  0  0  0  0  0  0  BIST wrong beats 1048576 1048576 1048576 1048576 1048576 1048576 1048576 1048576 1048559
  wl 4 + 81 .........  windows  0  0  0  0  0  0  0  0  0  BIST wrong beats 1048576 1048576 1048576 1048576 1048576 1048576 1048576 1048576 1044544
  wl 4 + 82 .........  windows  0  0  0  0  0  0  0  0  0  BIST wrong beats 1048576 1048576 1048576 1048576 1048576 1048576 1048576 1048576 1048576
  wl 4 + 83 .........  windows  0  0  0  0  0  0  0  0  0  BIST wrong beats 1048576 1048576 1048576 1048576 1048576 1048576 1048576 1048576 1048576
  wl 4 + 84 .........  windows  0  0  0  0  0  0  0  0  0  BIST wrong beats 1048576 1048576 1048576 1048576 1048576 1048576 1048576 1048576 1044540
  wl 4 + 85 .........  windows  0  0  0  0  0  0  0  0  0  BIST wrong beats 1048576 1048576 1048576 1048576 1048576 1048576 1048576 1048576 1048553
  wl 4 + 86 .........  windows  0  0  0  0  0  0  0  0  0  BIST wrong beats 1048576 1048576 1048576 1048576 1048576 1048576 1048576 1048576 1048559
  wl 4 + 87 .........  windows  0  0  0  0  0  0  0  0  0  BIST wrong beats 1048576 1048576 1048576 1048576 1048576 1048576 1048576 1048576 1048576
  wl 4 + 88 .........  windows  0  0  0  0  0  0  0  0  0  BIST wrong beats 1048576 1048576 1048576 1048576 1048576 1048576 1048576 1048576 1044471
  wl 4 + 89 .........  windows  0  0  0  0  0  0  0  0  0  BIST wrong beats 1048576 1048576 1048576 1048576 1048576 1048576 1048576 1048576 1044532
  wl 4 + 90 .........  windows  0  0  0  0  0  0  0  0  0  BIST wrong beats 1048576 1048576 1048576 1048576 1048576 1048576 1048576 1048576 1044488
  wl 4 + 91 .........  windows  0  0  0  0  0  0  0  0  0  BIST wrong beats 1048576 1048576 1048576 1048576 1048576 1048576 1048576 1048576 1048559
  wl 4 + 92 .........  windows  0  0  0  0  0  0  0  0  0  BIST wrong beats 1048576 1048576 1048576 1048576 1048576 1048576 1048576 1048576 1044586
  wl 4 + 93 .........  windows  0  0  0  0  0  0  0  0  0  BIST wrong beats 1048576 1048576 1048576 1048576 1048576 1048576 1048576 1048576 1044563
  wl 4 + 94 .........  windows  0  0  0  0  0  0  0  0  0  BIST wrong beats 1048576 1048576 1048576 1048576 1048576 1048576 1048576 1048576 1044451
  wl 4 + 95 .........  windows  0  0  0  0  0  0  0  0  0  BIST wrong beats 1048576 1048576 1048576 1048576 1048576 1048576 1048576 1048576 1048568
  wl 4 + 96 .........  windows  0  0  0  0  0  0  0  0  0  BIST wrong beats 1048576 1048576 1048576 1048576 1048576 1048576 1048576 1048576 1044544
  wl 4 + 97 .........  windows  0  0  0  0  0  0  0  0  0  BIST wrong beats 1048576 1048576 1048576 1048576 1048576 1048576 1048576 1048576 1048556
  wl 4 + 98 .........  windows  0  0  0  0  0  0  0  0  0  BIST wrong beats 1048576 1048576 1048576 1048576 1048576 1048576 1048576 1048576 1044540
  wl 4 + 99 .........  windows  0  0  0  0  0  0  0  0  0  BIST wrong beats 1048576 1048576 1048576 1048576 1048576 1048576 1048576 1048576 1048562
  wl 4 +100 .........  windows  0  0  0  0  0  0  0  0  0  BIST wrong beats 1048576 1048576 1048576 1048576 1048576 1048576 1048576 1048576 1048576
  wl 4 +101 .........  windows  0  0  0  0  0  0  0  0  0  BIST wrong beats 1048576 1048576 1048576 1048576 1048576 1048576 1048576 1048576 1048576
  wl 4 +102 .........  windows  0  0  0  0  0  0  0  0  0  BIST wrong beats 1048576 1048576 1048576 1048576 1048576 1048576 1048576 1048576 1048576
  wl 4 +103 .........  windows  0  0  0  0  0  0  0  0  0  BIST wrong beats 1048576 1048576 1048576 1048576 1048576 1048576 1048576 1048576 1048576
  wl 4 +104 .........  windows  0  0  0  0  0  0  0  0  0  BIST wrong beats 1048576 1048576 1048576 1048576 1048576 1048576 1048576 1048576 1048576
  wl 4 +105 .........  windows  0  0  0  0  0  0  0  0  0  BIST wrong beats 1048576 1048576 1048576 1048576 1048576 1048576 1048576 1048576 1048576
  wl 4 +106 .........  windows  0  0  0  0  0  0  0  0  0  BIST wrong beats 1048576 1048576 1048576 1048576 1048576 1048576 1048576 1048576 1048576
  wl 4 +107 .........  windows  0  0  0  0  0  0  0  0  0  BIST wrong beats 1048576 1048576 1048576 1048576 1048576 1048576 1048576 1048576 1048576
  wl 4 +108 .........  windows  0  0  0  0  0  0  0  0  0  BIST wrong beats 1048576 1048576 1048576 1048576 1048576 1048576 1048576 1048576 1048576
  wl 4 +109 .........  windows  0  0  0  0  0  0  0  0  0  BIST wrong beats 1048576 1048576 1048576 1048576 1048576 1048576 1048576 1048576 1048576
  wl 4 +110 .........  windows  0  0  0  0  0  0  0  0  0  BIST wrong beats 1048576 1048576 1048576 1048576 1048576 1048576 1048576 1048576 1048576
  wl 4 +111 .........  windows  0  0  0  0  0  0  0  0  0  BIST wrong beats 1048576 1048576 1048576 1048576 1048576 1048576 1048576 1048576 1048576
  wl 6 +  0 .........  windows  0  0  0  0  0  0  0  0  0  BIST wrong beats 1048576 1048576 1048576 1048576 1048576 1048576 1048576 1048576 1048576
  wl 6 +  1 .........  windows  0  0  0  0  0  0  0  0  0  BIST wrong beats 1048576 1048576 1048576 1048576 1048576 1048576 1048576 1048576 1048576
  wl 6 +  2 .........  windows  0  0  0  0  0  0  0  0  0  BIST wrong beats 1048576 1048576 1048576 1048576 1048576 1048576 1048576 1048576 1048576
  wl 6 +  3 .........  windows  0  0  0  0  0  0  0  0  0  BIST wrong beats 1048576 1048576 1048576 1048576 1048576 1048576 1048576 1048576 1048576
  wl 6 +  4 .........  windows  0  0  0  0  0  0  0  0  0  BIST wrong beats 1048576 1048576 1048576 1048576 1048576 1048576 1048576 1048576 1048576
  wl 6 +  5 .........  windows  0  0  0  0  0  0  0  0  0  BIST wrong beats 1048576 1048576 1048576 1048576 1048576 1048576 1048576 1048576 1048576
  wl 6 +  6 .........  windows  0  0  0  0  0  0  0  0  0  BIST wrong beats 1048576 1048576 1048576 1048576 1048576 1048576 1048576 1048576 1048576
  wl 6 +  7 .........  windows  0  0  0  0  0  0  0  0  0  BIST wrong beats 1048576 1048576 1048576 1048576 1048576 1048576 1048576 1048576 1048576
  wl 6 +  8 .........  windows  0  0  0  0  0  0  0  0  0  BIST wrong beats 1048576 1048576 1048576 1048576 1048576 1048576 1048576 1048576 1048576
  wl 6 +  9 .........  windows  0  0  0  0  0  0  0  0  0  BIST wrong beats 1048576 1048576 1048576 1048576 1048576 1048576 1048576 1048576 1048576
  wl 6 + 10 .........  windows  0  0  0  0  0  0  0  0  0  BIST wrong beats 1048576 1048576 1048576 1048576 1048576 1048576 1048576 1048576 1048576
  wl 6 + 11 .........  windows  0  0  0  0  0  0  0  0  0  BIST wrong beats 1048576 1048576 1048576 1048576 1048576 1048576 1048576 1048576 1048576
  wl 6 + 12 .........  windows  0  0  0  0  0  0  0  0  0  BIST wrong beats 1048576 1048576 1048576 1048576 1048576 1048576 1048576 1048576 1048576
  wl 6 + 13 .........  windows  0  0  0  0  0  0  0  0  0  BIST wrong beats 1048576 1048576 1048576 1048576 1048576 1048576 1048576 1048576 1048576
  wl 6 + 14 .........  windows  0  0  0  0  0  0  0  0  0  BIST wrong beats 1048576 1048576 1048576 1048576 1048576 1048576 1048576 1048576 1048576
  wl 6 + 15 .........  windows  0  0  0  0  0  0  0  0  0  BIST wrong beats 1048576 1048576 1048576 1048576 1048576 1048576 1048576 1048576 1048576
  wl 6 + 16 .........  windows  0  0  0  0  0  0  0  0  0  BIST wrong beats 1048576 1048576 1048576 1048576 1048576 1048576 1048576 1048576 1048576
  wl 6 + 17 .........  windows  0  0  0  0  0  0  0  0  0  BIST wrong beats 1048576 1048576 1048576 1048576 1048576 1048576 1048576 1048576 1048576
  wl 6 + 18 .........  windows  0  0  0  0  0  0  0  0  0  BIST wrong beats 1048576 1048576 1048576 1048576 1048576 1048576 1048576 1048576 1048576
  wl 6 + 19 .........  windows  0  0  0  0  0  0  0  0  0  BIST wrong beats 1048576 1048576 1048576 1048576 1048576 1048576 1048576 1048576 1048576
  wl 6 + 20 .........  windows  0  0  0  0  0  0  0  0  0  BIST wrong beats 1048576 1048576 1048576 1048576 1048576 1048576 1048576 1048576 1048576
  wl 6 + 21 .........  windows  0  0  0  0  0  0  0  0  0  BIST wrong beats 1048576 1048576 1048576 1048576 1048576 1048576 1048576 1048576 1048576
  wl 6 + 22 .........  windows  0  0  0  0  0  0  0  0  0  BIST wrong beats 1048576 1048576 1048576 1048576 1048576 1048576 1048576 1048576 1048576
  wl 6 + 23 .........  windows  0  0  0  0  0  0  0  0  0  BIST wrong beats 1048576 1048576 1048576 1048576 1048576 1048576 1048576 1048576 1048576
  wl 6 + 24 .........  windows  0  0  0  0  0  0  0  0  0  BIST wrong beats 1048576 1048576 1048576 1048576 1048576 1048576 1048576 1048576 1048576
  wl 6 + 25 .........  windows  0  0  0  0  0  0  0  0  0  BIST wrong beats 1048576 1048576 1048576 1048576 1048576 1048576 1048576 1048576 1048576
  wl 6 + 26 .........  windows  0  0  0  0  0  0  0  0  0  BIST wrong beats 1048576 1048576 1048576 1048576 1048576 1048576 1048576 1048576 1048576
  wl 6 + 27 .........  windows  0  0  0  0  0  0  0  0  0  BIST wrong beats 1048576 1048576 1048576 1048576 1048576 1048576 1048576 1048576 1048576
  wl 6 + 28 .........  windows  0  0  0  0  0  0  0  0  0  BIST wrong beats 1048576 1048576 1048576 1048576 1048576 1048576 1048576 1048576 1048576
  wl 6 + 29 .........  windows  0  0  0  0  0  0  0  0  0  BIST wrong beats 1048576 1048576 1048576 1048576 1048576 1048576 1048576 1048576 1048576
  wl 6 + 30 .........  windows  0  0  0  0  0  0  0  0  0  BIST wrong beats 1048576 1048576 1048576 1048576 1048576 1048576 1048576 1048576 1048576
  wl 6 + 31 .........  windows  0  0  0  0  0  0  0  0  0  BIST wrong beats 1048576 1048576 1048576 1048576 1048576 1048576 1048576 1048576 1048576
  wl 6 + 32 .........  windows  0  0  0  0  0  0  0  0  0  BIST wrong beats 1048576 1048576 1048576 1048576 1048576 1048576 1048576 1048576 1048576
  wl 6 + 33 .........  windows  0  0  0  0  0  0  0  0  0  BIST wrong beats 1048576 1048576 1048576 1048576 1048576 1048576 1048576 1048576 1048576
  wl 6 + 34 .........  windows  0  0  0  0  0  0  0  0  0  BIST wrong beats 1048576 1048576 1048576 1048576 1048576 1048576 1048576 1048576 1048576
  wl 6 + 35 .........  windows  0  0  0  0  0  0  0  0  0  BIST wrong beats 1048576 1048576 1048576 1048576 1048576 1048576 1048576 1048576 1048576
  wl 6 + 36 .........  windows  0  0  0  0  0  0  0  0  0  BIST wrong beats 1048576 1048576 1048576 1048576 1048576 1048576 1048576 1048576 1048576
  wl 6 + 37 .........  windows  0  0  0  0  0  0  0  0  0  BIST wrong beats 1048576 1048576 1048576 1048576 1048576 1048576 1048576 1048576 1048576
  wl 6 + 38 .........  windows  0  0  0  0  0  0  0  0  0  BIST wrong beats 1048576 1048576 1048576 1048576 1048576 1048576 1048576 1048576 1048576
  wl 6 + 39 .........  windows  0  0  0  0  0  0  0  0  0  BIST wrong beats 1048576 1048576 1048576 1048576 1048576 1048576 1048576 1048576 1048576
  wl 6 + 40 .........  windows  0  0  0  0  0  0  0  0  0  BIST wrong beats 1048576 1048576 1048576 1048576 1048576 1048576 1048576 1048576 1048576
  wl 6 + 41 .........  windows  0  0  0  0  0  0  0  0  0  BIST wrong beats 1048576 1048576 1048576 1048576 1048576 1048576 1048576 1048576 1048576
  wl 6 + 42 .........  windows  0  0  0  0  0  0  0  0  1  BIST wrong beats 1048576 1048576 1048576 1048576 1048576 1048576 1048576 1048576 348675
  wl 6 + 43 .........  windows  0  0  0  0  0  0  0  0 11  BIST wrong beats 1048576 1048576 1048576 1048576 1048576 1048576 1048576 1048576 16
  wl 6 + 44 ........#  windows  0  0  0  0  0  0  0  0 11  BIST wrong beats 1048576 1048576 1048576 1048576 1048576 1048576 1048576 1048576 0
  wl 6 + 45 ........#  windows  0  0  0  0  0  0  0  0 10  BIST wrong beats 1048576 1048576 1048576 1048576 1048576 1048576 1048576 1048576 0
  wl 6 + 46 ........#  windows  0  0  0  0  0  0  0  0 10  BIST wrong beats 1048576 1048576 1048576 1048576 1048576 1048576 1048576 1048576 0
  wl 6 + 47 ........#  windows  0  0  0  0  0  0  0  0 10  BIST wrong beats 1048576 1048576 1048576 1048576 1048576 1048576 1048576 1048576 0
  wl 6 + 48 ........#  windows  0  0  0  0  0  2  0  0 11  BIST wrong beats 1048576 1048576 1048576 1048576 1048576 380187 1048576 1048576 0
  wl 6 + 49 ........#  windows  0  0  0  0  0 10  0  0 10  BIST wrong beats 1048576 1048576 1048576 1048576 1048576 1 1048576 1048576 0
  wl 6 + 50 .....#..#  windows  0  0  0  0  0 11  0  0 10  BIST wrong beats 1048576 1048576 1048576 1048576 1048576 0 1048576 1048576 0
  wl 6 + 51 .....#..#  windows  0  0  0 10  0 10  0  0 10  BIST wrong beats 1048576 1048576 1048576 22365 1048576 0 1048576 1048576 0
  wl 6 + 52 ...#.#..#  windows  0  0  0 10  0 11  0  0 11  BIST wrong beats 1048576 1048576 1048576 0 1048576 0 1048576 1048576 0
  wl 6 + 53 ...#.#..#  windows  0  0  0 10  0 11  0  0 11  BIST wrong beats 1048576 1048576 1048576 0 1048576 0 1048576 1048576 0
  wl 6 + 54 ...#.#..#  windows  0  0  0 10  0 10  0  0 10  BIST wrong beats 1048576 1048576 1048576 0 1048576 0 1048576 1048576 0
  wl 6 + 55 ...#.#..#  windows  0  0  0 10  0 10  0  0 10  BIST wrong beats 1048576 1048576 1048576 0 1048576 0 1048576 1048576 0
  wl 6 + 56 ...#.#..#  windows  0  0  0 10  0 10  0  0 10  BIST wrong beats 1048576 1048576 1048576 0 1048576 0 1048576 1048576 0
  wl 6 + 57 ...#.#..#  windows  0  0  0 10  2 10  0  0 10  BIST wrong beats 1048576 1048576 1048576 0 491616 0 1048576 1048576 0
  wl 6 + 58 ...###..#  windows  0  0  0 10 10 10  0  0 10  BIST wrong beats 1048576 1048576 1048576 0 0 0 1048576 1048576 0
  wl 6 + 59 ...###..#  windows  0  0  0 10 10 10  0  2 10  BIST wrong beats 1048576 1048576 1048576 0 0 0 1048576 867318 0
  wl 6 + 60 ...###..#  windows  0  0  0 10 11 10  0 10 10  BIST wrong beats 1048576 1048576 1048576 0 0 0 1048576 14283 0
  wl 6 + 61 ...###.##  windows  0  0  0 10 10 10  0 10 10  BIST wrong beats 1048576 1048576 1048576 0 0 0 1048576 0 0
  wl 6 + 62 ...###.##  windows  0  0  0 10 10 10 10  9 10  BIST wrong beats 1048576 1048576 1048576 0 0 0 22767 0 0
  wl 6 + 63 ...######  windows  0 10  0 10 10 10  9  9 10  BIST wrong beats 1048576 74929 1048576 0 0 0 0 0 0
  wl 6 + 64 .#.######  windows  1 10  0 10 11 10  9 10  9  BIST wrong beats 357497 0 1048576 0 0 0 0 0 0
  wl 6 + 65 .#.######  windows 10 11  0 10 10  9 10  9 10  BIST wrong beats 1 0 1048576 0 0 0 0 0 0
  wl 6 + 66 ##.######  windows 10 10  0 10 10  9 10  9 10  BIST wrong beats 0 0 1048576 0 0 0 0 0 0
  wl 6 + 67 ##.######  windows 10 10  0 10 10  9 10 10 10  BIST wrong beats 0 0 1048576 0 0 0 0 0 0
  wl 6 + 68 ##.######  windows 10 10  0 10 10 10  9 10  9  BIST wrong beats 0 0 1048576 0 0 0 0 0 0
  wl 6 + 69 ##.######  windows 10 10  0  9 10 10 10 10 10  BIST wrong beats 0 0 1048576 0 0 0 0 0 0
  wl 6 + 70 ##.######  windows 10 10  0  9 10 10  9 10 10  BIST wrong beats 0 0 1048576 0 0 0 0 0 0
  wl 6 + 71 ##.######  windows 10 11  0  9 10  9 10  9 10  BIST wrong beats 0 0 1048576 0 0 0 0 0 0
  wl 6 + 72 ##.######  windows 10 10  0 10 11 10  9 10  9  BIST wrong beats 0 0 1048576 0 0 0 0 0 0
  wl 6 + 73 ##.######  windows 10 10  0 10 10 10 10 10  9  BIST wrong beats 0 0 1048576 0 0 0 0 0 0
  wl 6 + 74 ##.######  windows 10 10  0 10 10 10 10 10  9  BIST wrong beats 0 0 1048576 0 0 0 0 0 0
  wl 6 + 75 ##.######  windows 11 11  8  9 10  9 10  9 10  BIST wrong beats 0 0 56279 0 0 0 0 0 0
  wl 6 + 76 #########  windows 10 10  9 10 10 10  9 10  9  BIST wrong beats 0 0 0 0 0 0 0 0 0
  wl 6 + 77 #########  windows 10 10  9 10 11 10 10 10  9  BIST wrong beats 0 0 0 0 0 0 0 0 0
  wl 6 + 78 #########  windows 10 10  9 10 10 10 10 10 10  BIST wrong beats 0 0 0 0 0 0 0 0 0
  wl 6 + 79 #########  windows 10 10  9  9 10 10 10 10 10  BIST wrong beats 0 0 0 0 0 0 0 0 0
  wl 6 + 80 #########  windows 10 10  8  9 10  9 10  9 10  BIST wrong beats 0 0 0 0 0 0 0 0 0
  wl 6 + 81 #########  windows 10 10  9 10 10 10  9 10  9  BIST wrong beats 0 0 0 0 0 0 0 0 0
  wl 6 + 82 #########  windows 10  9  9  9 10 10  9 10  9  BIST wrong beats 0 0 0 0 0 0 0 0 0
  wl 6 + 83 #########  windows  9  9  9 10 11 10 10 10 10  BIST wrong beats 0 0 0 0 0 0 0 0 0
  wl 6 + 84 #########  windows  9  9  9  9 11 10 10 10 10  BIST wrong beats 0 0 0 0 0 0 0 0 0
  wl 6 + 85 #########  windows 10 10  9 10 10  9 10 10 10  BIST wrong beats 0 0 0 0 0 0 0 0 0
  wl 6 + 86 #########  windows 10 10  9 10 10 10  9  9 10  BIST wrong beats 0 0 0 0 0 0 0 0 0
  wl 6 + 87 #########  windows 10  9  9 10 10 10  9 10 10  BIST wrong beats 0 0 0 0 0 0 0 0 0
  wl 6 + 88 #########  windows 10  9  9 10 11 10 10 10 10  BIST wrong beats 0 0 0 0 0 0 0 0 0
  wl 6 + 89 #########  windows 10 10  9 10 10  9 10 10 10  BIST wrong beats 0 0 0 0 0 0 0 0 0
  wl 6 + 90 #########  windows 10 10 10  9 10 10 10  9 10  BIST wrong beats 0 0 0 0 0 0 0 0 0
  wl 6 + 91 #########  windows 10 10  9 10 10 10  9 10  9  BIST wrong beats 0 0 0 0 0 0 0 0 0
  wl 6 + 92 #########  windows  9  9  9 10 10 10  9 10 10  BIST wrong beats 0 0 0 0 0 0 0 0 0
  wl 6 + 93 #########  windows 10 10  9 10 10 10 10 10 10  BIST wrong beats 0 0 0 0 0 0 0 0 0
  wl 6 + 94 #########  windows 10 10  9 10 11 10 10 10 10  BIST wrong beats 0 0 0 0 0 0 0 0 0
  wl 6 + 95 #########  windows 10 10 10  9 10 10 10 10 10  BIST wrong beats 0 0 0 0 0 0 0 0 0
  wl 6 + 96 #########  windows 10 10  9 10 10 10 10  9 10  BIST wrong beats 0 0 0 0 0 0 0 0 0
  wl 6 + 97 #########  windows  9 10  9 10 11 10 10 10 10  BIST wrong beats 0 0 0 0 0 0 0 0 0
  wl 6 + 98 #########  windows 10 10  9 10 10 10 10 10 10  BIST wrong beats 0 0 0 0 0 0 0 0 0
  wl 6 + 99 #########  windows 10 10  9  9 11 10 10 10 10  BIST wrong beats 0 0 0 0 0 0 0 0 0
  wl 6 +100 #########  windows 10 10  9 10 10 10 10 10 10  BIST wrong beats 0 0 0 0 0 0 0 0 0
  wl 6 +101 #########  windows 10 11  9 10 10 10  9 10 10  BIST wrong beats 0 0 0 0 0 0 0 0 0
  wl 6 +102 #########  windows  9 10  9 10 11 10  9 10 10  BIST wrong beats 0 0 0 0 0 0 0 0 0
  wl 6 +103 #########  windows 10 10  9 10 10 10  9 10 10  BIST wrong beats 0 0 0 0 0 0 0 0 0
  wl 6 +104 .........  windows  0  0  0  0  0  0  0  0  0  BIST wrong beats 1048576 1048576 1048576 1048576 1048576 1048576 1048576 1048576 1048576
  wl 6 +105 .........  windows  0  0  0  0  0  0  0  0  0  BIST wrong beats 1048576 1048576 1048576 1048576 1048576 1048576 1048576 1048576 1048576
  wl 6 +106 .........  windows  0  0  0  0  0  0  0  0  0  BIST wrong beats 1048576 1048576 1048576 1048576 1048576 1048576 1048576 1048576 1048576
  wl 6 +107 .........  windows  0  0  0  0  0  0  0  0  0  BIST wrong beats 1048576 1048576 1048576 1048576 1048576 1048576 1048576 1048576 1048576
  wl 6 +108 .........  windows  0  0  0  0  0  0  0  0  0  BIST wrong beats 1048576 1048576 1048576 1048576 1048576 1048576 1048576 1048576 1048576
  wl 6 +109 .........  windows  0  0  0  0  0  0  0  0  0  BIST wrong beats 1048576 1048576 1048576 1048576 1048576 1048576 1048576 1048576 1048576
  wl 6 +110 .........  windows  0  0  0  0  0  0  0  0  0  BIST wrong beats 1048576 1048576 1048576 1048576 1048576 1048576 1048576 1048576 1048576
  wl 6 +111 .........  windows  0  0  0  0  0  0  0  0  0  BIST wrong beats 1048576 1048576 1048576 1048576 1048576 1048576 1048576 1048576 1048576
per lane and write latency: the passing runs in steps from -48 (width in steps / ps; edges: steps from the run's end to half the beats wrong), FPGA 54.5 C, board 47.5 C
  m0 wl 0: +104..+171 (68 / 1138 ps; edges 1 / 2)
  m1 wl 0: +104..+169 (66 / 1105 ps; edges 1 / 2)
  m2 wl 0: +104..+180 (77 / 1289 ps; edges 1 / 3)
  m3 wl 0: +104..+159 (56 / 938 ps; edges 1 / 1)
  m4 wl 0: +104..+162 (59 / 988 ps; edges 1 / 3)
  m5 wl 0: +104..+155 (52 / 871 ps; edges 1 / 3)
  m6 wl 0: +104..+167 (64 / 1071 ps; edges 1 / 3)
  m7 wl 0: +104..+164 (61 / 1021 ps; edges 1 / 2)
  m8 wl 0: +104..+148 (45 / 753 ps; edges 1 / 3)
  m0 wl 2: none
  m1 wl 2: none
  m2 wl 2: none
  m3 wl 2: none
  m4 wl 2: none
  m5 wl 2: none
  m6 wl 2: none
  m7 wl 2: none
  m8 wl 2: none
  m0 wl 4: none
  m1 wl 4: none
  m2 wl 4: none
  m3 wl 4: none
  m4 wl 4: none
  m5 wl 4: none
  m6 wl 4: none
  m7 wl 4: none
  m8 wl 4: none
  m0 wl 6: +66..+103 (38 / 636 ps; edges 3 / 1)
  m1 wl 6: +64..+103 (40 / 670 ps; edges 2 / 1)
  m2 wl 6: +76..+103 (28 / 469 ps; edges 2 / 1)
  m3 wl 6: +52..+103 (52 / 871 ps; edges 2 / 1)
  m4 wl 6: +58..+103 (46 / 770 ps; edges 2 / 1)
  m5 wl 6: +50..+103 (54 / 904 ps; edges 3 / 1)
  m6 wl 6: +63..+103 (41 / 686 ps; edges 2 / 1)
  m7 wl 6: +61..+103 (43 / 720 ps; edges 2 / 1)
  m8 wl 6: +44..+103 (60 / 1004 ps; edges 3 / 1)
  group 0 (lanes [0, 1, 2, 3, 4, 5, 6, 7, 8]), best latency per lane: +76..+148 (73 / 1222 ps), +66..+68 (3 / 50 ps)
raw data: wscan_ch1.json
