forced write latency scan, channel 0, from step 42, every 1 steps (16.7 ps), 64 MiB BIST per step, FPGA 53.3 C, board 46.8 C
  wl 0 +  0 .........  windows  0  0  0  0  0  0  0  0  0  BIST wrong beats 1048576 1048576 1048576 1048576 1048576 1048576 1048576 1048576 1048576
  wl 0 +  1 .........  windows  0  0  0  0  0  0  0  0  0  BIST wrong beats 1048576 1048576 1048576 1048576 1048576 1048576 1048576 1048576 1048576
  wl 0 +  2 .........  windows  0  0  0  0  0  0  0  0  0  BIST wrong beats 1048576 1048576 1048576 1048576 1048576 1048576 1048576 1048576 1048576
  wl 0 +  3 .........  windows  0  0  0  0  0  0  0  0  0  BIST wrong beats 1048576 1048576 1048576 1048576 1048576 1048576 1048576 1048576 1048576
  wl 0 +  4 .........  windows  0  0  0  0  0  0  0  0  0  BIST wrong beats 1048576 1048576 1048576 1048576 1048576 1048576 1048576 1048576 1048576
  wl 0 +  5 .........  windows  0  0  0  0  0  0  0  0  0  BIST wrong beats 1048576 1048576 1048576 1048576 1048576 1048576 1048576 1048576 1048576
  wl 0 +  6 .........  windows  0  0  0  0  0  0  0  0  0  BIST wrong beats 1048576 1048576 1048576 1048576 1048576 1048576 1048576 1048576 1048576
  wl 0 +  7 .........  windows  0  0  0  0  0  0  0  0  0  BIST wrong beats 1048576 1048576 1048576 1048576 1048576 1048576 1048576 1048576 1048576
  wl 0 +  8 .........  windows  0  0  0  0  0  0  0  0  0  BIST wrong beats 1048576 1048576 1048576 1048576 1048576 1048576 1048576 1048576 1048576
  wl 0 +  9 .........  windows  0  0  0  0  0  0  0  0  0  BIST wrong beats 1048576 1048576 1048576 1048576 1048576 1048576 1048576 1048576 1048576
  wl 0 + 10 .........  windows  0  0  0  0  0  0  0  0  0  BIST wrong beats 1048576 1048576 1048576 1048576 1048576 1048576 1048576 1048576 1048576
  wl 0 + 11 .........  windows  0  0  0  0  0  0  0  0  0  BIST wrong beats 1048576 1048576 1048576 1048576 1048576 1048576 1048576 1048576 1048576
  wl 0 + 12 .........  windows  0  0  0  0  0  0  0  0  0  BIST wrong beats 1048576 1048576 1048576 1048576 1048576 1048576 1048576 1048576 1048576
  wl 0 + 13 .........  windows  0  0  0  0  0  0  0  0  0  BIST wrong beats 1048576 1048576 1048576 1048576 1048576 1048576 1048576 1048576 1048576
  wl 0 + 14 #########  windows 10  9 10 10 10 11 10 10 10  BIST wrong beats 0 0 0 0 0 0 0 0 0
  wl 0 + 15 #########  windows 10  9 10 10 10 11 11 10 10  BIST wrong beats 0 0 0 0 0 0 0 0 0
  wl 0 + 16 #########  windows 10 10 10 10 10 10 11 10 10  BIST wrong beats 0 0 0 0 0 0 0 0 0
  wl 0 + 17 #########  windows 10 10 10 10 10 11 10 10  9  BIST wrong beats 0 0 0 0 0 0 0 0 0
  wl 0 + 18 #########  windows 10  9 10 10 10 10 10  9 10  BIST wrong beats 0 0 0 0 0 0 0 0 0
  wl 0 + 19 #########  windows 10  9 10  9  9 10 10 10 10  BIST wrong beats 0 0 0 0 0 0 0 0 0
  wl 0 + 20 #########  windows 10  9 10 10 10 11 10 10 10  BIST wrong beats 0 0 0 0 0 0 0 0 0
  wl 0 + 21 #########  windows 10 10 10 10 10 10 11  9 10  BIST wrong beats 0 0 0 0 0 0 0 0 0
  wl 0 + 22 #########  windows 10 10 10 10 10 10 10 10  9  BIST wrong beats 0 0 0 0 0 0 0 0 0
  wl 0 + 23 #########  windows 10 10 10 10 10 10 10 10  9  BIST wrong beats 0 0 0 0 0 0 0 0 0
  wl 0 + 24 #########  windows 10  9 10 10 10 11 11 10 10  BIST wrong beats 0 0 0 0 0 0 0 0 0
  wl 0 + 25 #########  windows 10  9 10 10 10 11 11 10 10  BIST wrong beats 0 0 0 0 0 0 0 0 0
  wl 0 + 26 #########  windows  9  9 10 10  9 10 10 10  9  BIST wrong beats 0 0 0 0 0 0 0 0 0
  wl 0 + 27 #########  windows 11 10 10 10  9 10 10 10  9  BIST wrong beats 0 0 0 0 0 0 0 0 0
  wl 0 + 28 #########  windows 10  9 10 10  9 11 10  9 10  BIST wrong beats 0 0 0 0 0 0 0 0 0
  wl 0 + 29 #########  windows 10  9 10  9 10 10 10  9 10  BIST wrong beats 0 0 0 0 0 0 0 0 0
  wl 0 + 30 #########  windows 10 10 10 10 10 11 10  9 10  BIST wrong beats 0 0 0 0 0 0 0 0 0
  wl 0 + 31 ######.##  windows 11 10 10 10  9 10  8  9 10  BIST wrong beats 0 0 0 0 0 0 6289 0 0
  wl 0 + 32 ######.##  windows 10 10 10 10  9 10  0 10 10  BIST wrong beats 0 0 0 0 0 0 1048576 0 0
  wl 0 + 33 ######.##  windows 11 10 11 10  9 11  0  9 10  BIST wrong beats 0 0 0 0 0 0 1048576 0 0
  wl 0 + 34 ######.##  windows 10  9 10 10 10 11  0  9  9  BIST wrong beats 0 0 0 0 0 0 1048576 0 0
  wl 0 + 35 ######.##  windows 10 10 10 10 10 11  0  9  9  BIST wrong beats 0 0 0 0 0 0 1048576 0 0
  wl 0 + 36 ######.##  windows 11 10 10 10  9 10  0 10  9  BIST wrong beats 0 0 0 0 0 0 1048576 0 0
  wl 0 + 37 #####..##  windows 10 10 10 10  9 10  0 10 10  BIST wrong beats 0 0 0 0 0 120 1048576 0 0
  wl 0 + 38 #####..##  windows 10 10 11 10 10  1  0  9 10  BIST wrong beats 0 0 0 0 0 28745 1048576 0 0
  wl 0 + 39 #####..##  windows 10 11 11 11 10  0  0  9 10  BIST wrong beats 0 0 0 0 0 1048576 1048576 0 0
  wl 0 + 40 ####...##  windows 11 10 10 11 10  0  0  9 10  BIST wrong beats 0 0 0 0 1062 1048576 1048576 0 0
  wl 0 + 41 ####....#  windows 11 10 10 10  0  0  0  8  9  BIST wrong beats 0 0 0 0 1048576 1048576 1048576 3886 0
  wl 0 + 42 ####....#  windows 10 10 11 10  0  0  0  0 10  BIST wrong beats 0 0 0 0 1048576 1048576 1048576 1048576 0
  wl 0 + 43 ####....#  windows 10 10 11 11  0  0  0  0 10  BIST wrong beats 0 0 0 0 1048576 1048576 1048576 1048576 0
  wl 0 + 44 ####....#  windows 10  9 11 11  0  0  0  0  9  BIST wrong beats 0 0 0 0 1048576 1048576 1048576 1048576 0
  wl 0 + 45 ####.....  windows 11 10 10 10  0  0  0  0  9  BIST wrong beats 0 0 0 0 1048576 1048576 1048576 1048576 17
  wl 0 + 46 ####.....  windows 11 10 10 10  0  0  0  0  5  BIST wrong beats 0 0 0 0 1048576 1048576 1048576 1048576 57638
  wl 0 + 47 ####.....  windows 10 11 10 11  0  0  0  0  0  BIST wrong beats 0 0 0 0 1048576 1048576 1048576 1048576 1048576
  wl 0 + 48 ####.....  windows 10 10 10 11  0  0  0  0  0  BIST wrong beats 0 0 0 0 1048576 1048576 1048576 1048576 1048576
  wl 0 + 49 ####.....  windows 11 10 10 10  0  0  0  0  0  BIST wrong beats 0 0 0 0 1048576 1048576 1048576 1048576 1048576
  wl 0 + 50 ####.....  windows 11 10 10 10  0  0  0  0  0  BIST wrong beats 0 0 0 0 1048576 1048576 1048576 1048576 1048576
  wl 0 + 51 ####.....  windows 10 10 11 10  0  0  0  0  0  BIST wrong beats 0 0 0 0 1048576 1048576 1048576 1048576 1048576
  wl 0 + 52 ####.....  windows 10 11 11 10  0  0  0  0  0  BIST wrong beats 0 0 0 0 1048576 1048576 1048576 1048576 1048576
  wl 0 + 53 ####.....  windows 10 10 10 11  0  0  0  0  0  BIST wrong beats 0 0 0 0 1048576 1048576 1048576 1048576 1048576
  wl 0 + 54 ####.....  windows 11 10 10 10  0  0  0  0  0  BIST wrong beats 0 0 0 0 1048576 1048576 1048576 1048576 1048576
  wl 0 + 55 ####.....  windows 11 10 10 11  0  0  0  0  0  BIST wrong beats 0 0 0 0 1048576 1048576 1048576 1048576 1048576
  wl 0 + 56 ####.....  windows 10 10 10 10  0  0  0  0  0  BIST wrong beats 0 0 0 0 1048576 1048576 1048576 1048576 1048576
  wl 0 + 57 ####.....  windows 10 11 10 11  0  0  0  0  0  BIST wrong beats 0 0 0 0 1048576 1048576 1048576 1048576 1048576
  wl 0 + 58 ####.....  windows 10 11 10 10  0  0  0  0  0  BIST wrong beats 0 0 0 0 1048576 1048576 1048576 1048576 1048576
  wl 0 + 59 ####.....  windows 10 10 10 11  0  0  0  0  0  BIST wrong beats 0 0 0 0 1048576 1048576 1048576 1048576 1048576
  wl 0 + 60 ####.....  windows 10 10 10 10  0  0  0  0  0  BIST wrong beats 0 0 0 0 1048576 1048576 1048576 1048576 1048576
  wl 0 + 61 ####.....  windows 10 10 10 10  0  0  0  0  0  BIST wrong beats 0 0 0 0 1048576 1048576 1048576 1048576 1048576
  wl 0 + 62 ####.....  windows 10 10 10 10  0  0  0  0  0  BIST wrong beats 0 0 0 0 1048576 1048576 1048576 1048576 1048576
  wl 0 + 63 ####.....  windows 10 10 10 10  0  0  0  0  0  BIST wrong beats 0 0 0 0 1048576 1048576 1048576 1048576 1048576
  wl 0 + 64 ####.....  windows  9 10 10 10  0  0  0  0  0  BIST wrong beats 0 0 0 0 1048576 1048576 1048576 1048576 1048576
  wl 0 + 65 ###......  windows 10  9 10 10  0  0  0  0  0  BIST wrong beats 0 0 0 799 1048576 1048576 1048576 1048576 1048576
  wl 0 + 66 ###......  windows 10  9 10 10  0  0  0  0  0  BIST wrong beats 0 0 0 979350 1048576 1048576 1048576 1048576 1048576
  wl 0 + 67 ###......  windows 10  9 10  0  0  0  0  0  0  BIST wrong beats 0 0 0 1048576 1048576 1048576 1048576 1048576 1048576
  wl 0 + 68 ###......  windows 10  9 10  0  0  0  0  0  0  BIST wrong beats 0 0 0 1048576 1048576 1048576 1048576 1048576 1048576
  wl 0 + 69 ###......  windows 10 10 10  0  0  0  0  0  0  BIST wrong beats 0 0 0 1048576 1048576 1048576 1048576 1048576 1048576
  wl 0 + 70 ##.......  windows 10  9 10  0  0  0  0  0  0  BIST wrong beats 0 0 308 1048576 1048576 1048576 1048576 1048576 1048576
  wl 0 + 71 ##.......  windows 10  9 10  0  0  0  0  0  0  BIST wrong beats 0 0 903183 1048576 1048576 1048576 1048576 1048576 1048576
  wl 0 + 72 ##.......  windows 10 10  0  0  0  0  0  0  0  BIST wrong beats 0 0 1048576 1048576 1048576 1048576 1048576 1048576 1048576
  wl 0 + 73 ##.......  windows 10 10  0  0  0  0  0  0  0  BIST wrong beats 0 0 1048576 1048576 1048576 1048576 1048576 1048576 1048576
  wl 0 + 74 .#.......  windows  0 10  0  0  0  0  0  0  0  BIST wrong beats 1048576 0 1048576 1048576 1048576 1048576 1048576 1048576 1048576
  wl 0 + 75 ##.......  windows 10  9  0  0  0  0  0  0  0  BIST wrong beats 0 0 1048576 1048576 1048576 1048576 1048576 1048576 1048576
  wl 0 + 76 ##.......  windows 10  9  0  0  0  0  0  0  0  BIST wrong beats 0 0 1048576 1048576 1048576 1048576 1048576 1048576 1048576
  wl 0 + 77 ##.......  windows  9 10  0  0  0  0  0  0  0  BIST wrong beats 0 0 1048576 1048576 1048576 1048576 1048576 1048576 1048576
  wl 0 + 78 ##.......  windows 10 10  0  0  0  0  0  0  0  BIST wrong beats 0 0 1048576 1048576 1048576 1048576 1048576 1048576 1048576
  wl 0 + 79 ##.......  windows 10 10  0  0  0  0  0  0  0  BIST wrong beats 0 0 1048576 1048576 1048576 1048576 1048576 1048576 1048576
  wl 0 + 80 ##.......  windows 10  9  0  0  0  0  0  0  0  BIST wrong beats 0 0 1048576 1048576 1048576 1048576 1048576 1048576 1048576
  wl 0 + 81 ##.......  windows 10 10  0  0  0  0  0  0  0  BIST wrong beats 0 0 1048576 1048576 1048576 1048576 1048576 1048576 1048576
  wl 0 + 82 ##.......  windows 10 10  0  0  0  0  0  0  0  BIST wrong beats 0 0 1048576 1048576 1048576 1048576 1048576 1048576 1048576
  wl 0 + 83 ##.......  windows 10 10  0  0  0  0  0  0  0  BIST wrong beats 0 0 1048576 1048576 1048576 1048576 1048576 1048576 1048576
  wl 0 + 84 ##.......  windows 10 10  0  0  0  0  0  0  0  BIST wrong beats 0 0 1048576 1048576 1048576 1048576 1048576 1048576 1048576
  wl 0 + 85 ##.......  windows 10 10  0  0  0  0  0  0  0  BIST wrong beats 0 0 1048576 1048576 1048576 1048576 1048576 1048576 1048576
  wl 0 + 86 ##.......  windows 10 10  0  0  0  0  0  0  0  BIST wrong beats 0 0 1048576 1048576 1048576 1048576 1048576 1048576 1048576
  wl 0 + 87 #........  windows 11 10  0  0  0  0  0  0  0  BIST wrong beats 0 64564 1048576 1048576 1048576 1048576 1048576 1048576 1048576
  wl 0 + 88 #........  windows 10 10  0  0  0  0  0  0  0  BIST wrong beats 0 1043292 1048576 1048576 1048576 1048576 1048576 1048576 1048576
  wl 0 + 89 #........  windows 10  0  0  0  0  0  0  0  0  BIST wrong beats 0 1048576 1048576 1048576 1048576 1048576 1048576 1048576 1048576
  wl 0 + 90 .........  windows 10  0  0  0  0  0  0  0  0  BIST wrong beats 53 1048576 1048576 1048576 1048576 1048576 1048576 1048576 1048576
  wl 0 + 91 .........  windows 11  0  0  0  0  0  0  0  0  BIST wrong beats 965389 1048576 1048576 1048576 1048576 1048576 1048576 1048576 1048576
  wl 0 + 92 .........  windows  3  0  0  0  0  0  0  0  0  BIST wrong beats 1048225 1048576 1048576 1048576 1048576 1048576 1048576 1048576 1048576
  wl 0 + 93 .........  windows  0  0  0  0  0  0  0  0  0  BIST wrong beats 1048576 1048576 1048576 1048576 1048576 1048576 1048576 1048576 1048576
  wl 0 + 94 .........  windows  0  0  0  0  0  0  0  0  0  BIST wrong beats 1048576 1048576 1048576 1048576 1048576 1048576 1048576 1048576 1048576
  wl 0 + 95 .........  windows  0  0  0  0  0  0  0  0  0  BIST wrong beats 1048576 1048576 1048576 1048576 1048576 1048576 1048576 1048576 1048576
  wl 0 + 96 .........  windows  0  0  0  0  0  0  0  0  0  BIST wrong beats 1048576 1048576 1048576 1048576 1048576 1048576 1048576 1048576 1048576
  wl 0 + 97 .........  windows  0  0  0  0  0  0  0  0  0  BIST wrong beats 1048576 1048576 1048576 1048576 1048576 1048576 1048576 1048576 1048576
  wl 0 + 98 .........  windows  0  0  0  0  0  0  0  0  0  BIST wrong beats 1048576 1048576 1048576 1048576 1048576 1048576 1048576 1048576 1048576
  wl 0 + 99 .........  windows  0  0  0  0  0  0  0  0  0  BIST wrong beats 1048576 1048576 1048576 1048576 1048576 1048576 1048576 1048576 1048576
  wl 0 +100 .........  windows  0  0  0  0  0  0  0  0  0  BIST wrong beats 1048576 1048576 1048576 1048576 1048576 1048576 1048576 1048576 1048576
  wl 0 +101 .........  windows  0  0  0  0  0  0  0  0  0  BIST wrong beats 1048576 1048576 1048576 1048576 1048576 1048576 1048576 1048576 1048576
  wl 0 +102 .........  windows  0  0  0  0  0  0  0  0  0  BIST wrong beats 1048576 1048576 1048576 1048576 1048576 1048576 1048576 1048576 1048576
  wl 0 +103 .........  windows  0  0  0  0  0  0  0  0  0  BIST wrong beats 1048576 1048576 1048576 1048576 1048576 1048576 1048576 1048576 1048576
  wl 0 +104 .........  windows  0  0  0  0  0  0  0  0  0  BIST wrong beats 1048576 1048576 1048576 1048576 1048576 1048576 1048576 1048576 1048576
  wl 0 +105 .........  windows  0  0  0  0  0  0  0  0  0  BIST wrong beats 1048576 1048576 1048576 1048576 1048576 1048576 1048576 1048576 1048576
  wl 0 +106 .........  windows  0  0  0  0  0  0  0  0  0  BIST wrong beats 1048576 1048576 1048576 1048576 1048576 1048576 1048576 1048576 1048576
  wl 0 +107 .........  windows  0  0  0  0  0  0  0  0  0  BIST wrong beats 1048576 1048576 1048576 1048576 1048576 1048576 1048576 1048576 1048576
  wl 0 +108 .........  windows  0  0  0  0  0  0  0  0  0  BIST wrong beats 1048576 1048576 1048576 1048576 1048576 1048576 1048576 1048576 1048576
  wl 0 +109 .........  windows  0  0  0  0  0  0  0  0  0  BIST wrong beats 1048576 1048576 1048576 1048576 1048576 1048576 1048576 1048576 1048576
  wl 0 +110 .........  windows  0  0  0  0  0  0  0  0  0  BIST wrong beats 1048576 1048576 1048576 1048576 1048576 1048576 1048576 1048576 1048576
  wl 0 +111 .........  windows  0  0  0  0  0  0  0  0  0  BIST wrong beats 1048576 1048576 1048576 1048576 1048576 1048576 1048576 1048576 1048576
  wl 2 +  0 .........  windows  0  0  0  0  0  0  0  0  0  BIST wrong beats 10332 891988 9998 1014909 9998 9998 9998 9998 9998
  wl 2 +  1 .........  windows  0  0  0  0  0  0  0  0  0  BIST wrong beats 9997 450229 9997 532426 9997 9997 9997 9997 9997
  wl 2 +  2 .........  windows  0  0  0  0  0  0  0  0  0  BIST wrong beats 9994 35482 9994 44188 9994 9994 9994 9994 9994
  wl 2 +  3 .........  windows  0  0  0  0  0  0  0  0  0  BIST wrong beats 9996 10022 9996 10158 9996 9996 9996 9996 9996
  wl 2 +  4 .........  windows  0  0  0  0  0  0  0  0  0  BIST wrong beats 10001 10001 10001 10001 10001 10001 10001 10001 10001
  wl 2 +  5 .........  windows  0  0  0  0  0  0  0  0  0  BIST wrong beats 9993 9993 9993 9993 9993 9993 9993 9993 9993
  wl 2 +  6 .........  windows  0  0  0  0  0  0  0  0  0  BIST wrong beats 9995 9995 9995 9995 9995 9995 9995 9995 9995
  wl 2 +  7 .........  windows  0  0  0  0  0  0  0  0  0  BIST wrong beats 9992 9992 9992 9992 9992 9992 10062 9992 9992
  wl 2 +  8 .........  windows  0  0  0  0  0  0  0  0  0  BIST wrong beats 9994 9994 9994 9994 9994 9994 16760 9994 9994
  wl 2 +  9 .........  windows  0  0  0  0  0  0  0  0  0  BIST wrong beats 9992 9992 9992 9992 9992 9992 129973 9992 9992
  wl 2 + 10 .........  windows  0  0  0  0  0  0  0  0  0  BIST wrong beats 9997 9997 9997 9997 10018 9997 648086 9997 9997
  wl 2 + 11 .........  windows  0  0  0  0  0  0  0  0  0  BIST wrong beats 9992 9992 9992 9992 16983 9992 1013364 9992 9992
  wl 2 + 12 .........  windows  0  0  0  0  0  0  0  0  0  BIST wrong beats 9999 9999 9999 9999 104642 10034 1048140 9999 9999
  wl 2 + 13 .........  windows  0  0  0  0  0  0  0  0  0  BIST wrong beats 9999 9999 9999 9999 343525 11612 1048575 9999 9999
  wl 2 + 14 .........  windows  0  0  0  0  0  0  0  0  0  BIST wrong beats 9995 9995 9995 9995 1041865 443723 1048576 10800 9995
  wl 2 + 15 .........  windows  0  0  0  0  0  0  0  0  0  BIST wrong beats 9999 9999 9999 9999 1048558 918354 1048576 29269 9999
  wl 2 + 16 .........  windows  0  0  0  0  0  0  0  0  0  BIST wrong beats 9998 9998 9998 9998 1048576 1048078 1048576 196495 10000
  wl 2 + 17 .........  windows  0  0  0  0  0  0  0  0  0  BIST wrong beats 9996 9996 9996 9996 1048576 1048576 1048576 719601 10337
  wl 2 + 18 .........  windows  0  0  0  0  0  0  0  0  0  BIST wrong beats 9994 9994 9994 9994 1048576 1048576 1048576 1039317 35217
  wl 2 + 19 .........  windows  0  0  0  0  0  0  0  0  0  BIST wrong beats 9999 9999 9999 9999 1048576 1048576 1048576 1048567 255333
  wl 2 + 20 .........  windows  0  0  0  0  0  0  0  0  0  BIST wrong beats 9998 9998 9998 9998 1048576 1048576 1048576 1048576 656488
  wl 2 + 21 .........  windows  0  0  0  0  0  0  0  0  0  BIST wrong beats 9996 9996 9996 9996 1048576 1048576 1048576 1048576 1015341
  wl 2 + 22 .........  windows  0  0  0  0  0  0  0  0  0  BIST wrong beats 9998 9998 9998 9998 1048576 1048576 1048576 1048576 1046504
  wl 2 + 23 .........  windows  0  0  0  0  0  0  0  0  0  BIST wrong beats 9992 9992 9992 9992 1048576 1048576 1048576 1048576 1048573
  wl 2 + 24 .........  windows  0  0  0  0  0  0  0  0  0  BIST wrong beats 9999 9999 9999 9999 1048576 1048576 1048576 1048576 1048576
  wl 2 + 25 .........  windows  0  0  0  0  0  0  0  0  0  BIST wrong beats 10001 10001 10001 10001 1048576 1048576 1048576 1048576 1048576
  wl 2 + 26 .........  windows  0  0  0  0  0  0  0  0  0  BIST wrong beats 9993 9993 9993 9993 1048576 1048576 1048576 1048576 1048576
  wl 2 + 27 .........  windows  0  0  0  0  0  0  0  0  0  BIST wrong beats 10000 10000 10000 10000 1048576 1048576 1048576 1048576 1048576
  wl 2 + 28 .........  windows  0  0  0  0  0  0  0  0  0  BIST wrong beats 9997 9997 9997 9997 1048576 1048576 1048576 1048576 1048576
  wl 2 + 29 .........  windows  0  0  0  0  0  0  0  0  0  BIST wrong beats 9996 9996 9996 9996 1048576 1048576 1048576 1048576 1048576
  wl 2 + 30 .........  windows  0  0  0  0  0  0  0  0  0  BIST wrong beats 9996 9996 9996 9996 1048576 1048576 1048576 1048576 1048576
  wl 2 + 31 .........  windows  0  0  0  0  0  0  0  0  0  BIST wrong beats 10000 10000 10000 10000 1048576 1048576 1048576 1048576 1048576
  wl 2 + 32 .........  windows  0  0  0  0  0  0  0  0  0  BIST wrong beats 9993 9993 9993 9993 1048576 1048576 1048576 1048576 1048576
  wl 2 + 33 .........  windows  0  0  0  0  0  0  0  0  0  BIST wrong beats 9992 9992 9992 9992 1048576 1048576 1048576 1048576 1048576
  wl 2 + 34 .........  windows  0  0  0  0  0  0  0  0  0  BIST wrong beats 9995 9995 9995 9995 1048576 1048576 1048576 1048576 1048576
  wl 2 + 35 .........  windows  0  0  0  0  0  0  0  0  0  BIST wrong beats 9996 9996 9996 9996 1048576 1048576 1048576 1048576 1048576
  wl 2 + 36 .........  windows  0  0  0  0  0  0  0  0  0  BIST wrong beats 9998 9998 9998 9998 1048576 1048576 1048576 1048576 1048576
  wl 2 + 37 .........  windows  0  0  0  0  0  0  0  0  0  BIST wrong beats 9999 9999 9999 9999 1048576 1048576 1048576 1048576 1048576
  wl 2 + 38 .........  windows  0  0  0  0  0  0  0  0  0  BIST wrong beats 9999 9999 9999 9999 1048576 1048576 1048576 1048576 1048576
  wl 2 + 39 .........  windows  0  0  0  0  0  0  0  0  0  BIST wrong beats 9998 9998 9998 9998 1048576 1048576 1048576 1048576 1048576
  wl 2 + 40 .........  windows  0  0  0  0  0  0  0  0  0  BIST wrong beats 9994 9994 9994 9994 1048576 1048576 1048576 1048576 1048576
  wl 2 + 41 .........  windows  0  0  0  0  0  0  0  0  0  BIST wrong beats 9995 9995 9995 9995 1048576 1048576 1048576 1048576 1048576
  wl 2 + 42 .........  windows  0  0  0  0  0  0  0  0  0  BIST wrong beats 9997 9997 17534 9997 1048576 1048576 1048576 1048576 1048576
  wl 2 + 43 .........  windows  0  0  0  0  0  0  0  0  0  BIST wrong beats 9998 9998 36782 9998 1048576 1048576 1048576 1048576 1048576
  wl 2 + 44 .........  windows  0  0  0  0  0  0  0  0  0  BIST wrong beats 10000 10000 317618 10000 1048576 1048576 1048576 1048576 1048576
  wl 2 + 45 .........  windows  0  0  0  0  0  0  0  0  0  BIST wrong beats 10428 9995 940280 9995 1048576 1048576 1048576 1048576 1048576
  wl 2 + 46 .........  windows  0  0  0  0  0  0  0  0  0  BIST wrong beats 41339 9997 1047808 9997 1048576 1048576 1048576 1048576 1048576
  wl 2 + 47 .........  windows  0  0  0  0  0  0  0  0  0  BIST wrong beats 234064 10014 1048575 9994 1048576 1048576 1048576 1048576 1048576
  wl 2 + 48 .........  windows  0  0  0  0  0  0  0  0  0  BIST wrong beats 645606 12567 1048576 9998 1048576 1048576 1048576 1048576 1048576
  wl 2 + 49 .........  windows  0  0  0  0  0  0  0  0  0  BIST wrong beats 1047671 326822 1048576 28406 1048576 1048576 1048576 1048576 1048576
  wl 2 + 50 .........  windows  0  0  0  0  0  0  0  0  0  BIST wrong beats 1048509 572765 1048576 139024 1048576 1048576 1048576 1048576 1048576
  wl 2 + 51 .........  windows  0  0  0  0  0  0  0  0  0  BIST wrong beats 1048576 1009531 1048576 777628 1048576 1048576 1048576 1048576 1048576
  wl 2 + 52 .........  windows  0  0  0  0  0  0  0  0  0  BIST wrong beats 1048576 1047614 1048576 1042163 1048576 1048576 1048576 1048576 1048576
  wl 2 + 53 .........  windows  0  0  0  0  0  0  0  0  0  BIST wrong beats 1048576 1048576 1048576 1048574 1048576 1048576 1048576 1048576 1048576
  wl 2 + 54 .........  windows  0  0  0  0  0  0  0  0  0  BIST wrong beats 1048576 1048576 1048576 1048576 1048576 1048576 1048576 1048576 1048576
  wl 2 + 55 .........  windows  0  0  0  0  0  0  0  0  0  BIST wrong beats 1048576 1048576 1048576 1048576 1048576 1048576 1048576 1048576 1048576
  wl 2 + 56 .........  windows  0  0  0  0  0  0  0  0  0  BIST wrong beats 1048576 1048576 1048576 1048576 1048576 1048576 1048576 1048576 1048576
  wl 2 + 57 .........  windows  0  0  0  0  0  0  0  0  0  BIST wrong beats 1048576 1048576 1048576 1048576 1048576 1048576 1048576 1048576 1048576
  wl 2 + 58 .........  windows  0  0  0  0  0  0  0  0  0  BIST wrong beats 1048576 1048576 1048576 1048576 1048576 1048576 1048576 1048576 1048576
  wl 2 + 59 .........  windows  0  0  0  0  0  0  0  0  0  BIST wrong beats 1048576 1048576 1048576 1048576 1048576 1048576 1048576 1048576 1048576
  wl 2 + 60 .........  windows  0  0  0  0  0  0  0  0  0  BIST wrong beats 1048576 1048576 1048576 1048576 1048576 1048576 1048576 1048576 1048576
  wl 2 + 61 .........  windows  0  0  0  0  0  0  0  0  0  BIST wrong beats 1048576 1048576 1048576 1048576 1048576 1048576 1048576 1048576 1048576
  wl 2 + 62 .........  windows  0  0  0  0  0  0  0  0  0  BIST wrong beats 1048576 1048576 1048576 1048576 1048576 1048576 1048576 1048576 1048576
  wl 2 + 63 .........  windows  0  0  0  0  0  0  0  0  0  BIST wrong beats 1048576 1048576 1048576 1048576 1048576 1048576 1048576 1048576 1048576
  wl 2 + 64 .........  windows  0  0  0  0  0  0  0  0  0  BIST wrong beats 1048576 1048576 1048576 1048576 1048576 1048576 1048576 1048576 1048576
  wl 2 + 65 .........  windows  0  0  0  0  0  0  0  0  0  BIST wrong beats 1048576 1048576 1048576 1048576 1048576 1048576 1048576 1048576 1048576
  wl 2 + 66 .........  windows  0  0  0  0  0  0  0  0  0  BIST wrong beats 1048576 1048576 1048576 1048576 1048576 1048576 1048576 1048576 1048576
  wl 2 + 67 .........  windows  0  0  0  0  0  0  0  0  0  BIST wrong beats 1048576 1048576 1048576 1048576 1048576 1048576 1048576 1048576 1048576
  wl 2 + 68 .........  windows  0  0  0  0  0  0  0  0  0  BIST wrong beats 1048576 1048576 1048576 1048576 1048576 1048576 1048547 1048576 1048576
  wl 2 + 69 .........  windows  0  0  0  0  0  0  0  0  0  BIST wrong beats 1048576 1048576 1048576 1048576 1048576 1048576 1044834 1048576 1048576
  wl 2 + 70 .........  windows  0  0  0  0  0  0  0  0  0  BIST wrong beats 1048576 1048576 1048576 1048576 1048575 1048576 340806 1048576 1048576
  wl 2 + 71 .........  windows  0  0  0  0  0  0  0  0  0  BIST wrong beats 1048576 1048576 1048576 1048576 1048551 1048576 76908 1048576 1048576
  wl 2 + 72 .........  windows  0  0  0  0  0  0  0  0  0  BIST wrong beats 1048576 1048576 1048576 1048576 1043984 1048561 13100 1048576 1048576
  wl 2 + 73 .........  windows  0  0  0  0  0  0  0  0  0  BIST wrong beats 1048576 1048576 1048576 1048576 914328 1043657 9996 1048576 1048576
  wl 2 + 74 .........  windows  0  0  0  0  0  0  0  0  0  BIST wrong beats 1048576 1048576 1048576 1048576 454071 925620 9994 1048576 1048576
  wl 2 + 75 .........  windows  0  0  0  0  0  0  0  0  0  BIST wrong beats 1048576 1048576 1048576 1048576 110355 527211 9997 1048576 1048576
  wl 2 + 76 .........  windows  0  0  0  0  0  0  0  0  0  BIST wrong beats 1048576 1048576 1048576 1048576 16613 160332 10001 1048552 1048576
  wl 2 + 77 .........  windows  0  0  0  0  0  0  0  0  0  BIST wrong beats 1048576 1048576 1048576 1048576 10001 14712 9998 1033353 1048576
  wl 2 + 78 .........  windows  0  0  0  0  0  0  0  0  0  BIST wrong beats 1048576 1048576 1048576 1048576 9994 10300 9994 961782 1048576
  wl 2 + 79 .........  windows  0  0  0  0  0  0  0  0  0  BIST wrong beats 1048576 1048576 1048576 1048576 9998 9998 9998 478750 1048576
  wl 2 + 80 .........  windows  0  0  0  0  0  0  0  0  0  BIST wrong beats 1048576 1048576 1048576 1048576 9998 9998 9998 63055 1048575
  wl 2 + 81 .........  windows  0  0  0  0  0  0  0  0  0  BIST wrong beats 1048576 1048576 1048576 1048576 9995 9995 9995 10488 1048199
  wl 2 + 82 .........  windows  0  0  0  0  0  0  0  0  0  BIST wrong beats 1048576 1048576 1048576 1048576 9996 9996 9996 9997 1026081
  wl 2 + 83 .........  windows  0  0  0  0  0  0  0  0  0  BIST wrong beats 1048576 1048576 1048576 1048576 9998 9998 9998 9998 889252
  wl 2 + 84 .........  windows  0  0  0  0  0  0  0  0  0  BIST wrong beats 1048576 1048576 1048576 1048576 9997 9997 9997 9997 105172
  wl 2 + 85 .........  windows  0  0  0  0  0  0  0  0  0  BIST wrong beats 1048576 1048576 1048576 1048576 9997 9997 9997 9997 13413
  wl 2 + 86 .........  windows  0  0  0  0  0  0  0  0  0  BIST wrong beats 1048576 1048576 1048576 1048576 9995 9995 9995 9995 10020
  wl 2 + 87 .........  windows  0  0  0  0  0  0  0  0  0  BIST wrong beats 1048576 1048576 1048576 1048576 9997 9997 9997 9997 9997
  wl 2 + 88 .........  windows  0  0  0  0  0  0  0  0  0  BIST wrong beats 1048576 1048576 1048576 1048576 10001 10001 10001 10001 10001
  wl 2 + 89 .........  windows  0  0  0  0  0  0  0  0  0  BIST wrong beats 1048576 1048576 1048576 1048576 9996 9996 9996 9996 9996
  wl 2 + 90 .........  windows  0  0  0  0  0  0  0  0  0  BIST wrong beats 1048576 1048576 1048576 1048576 9998 9998 9998 9998 9998
  wl 2 + 91 .........  windows  0  0  0  0  0  0  0  0  0  BIST wrong beats 1048576 1048576 1048576 1048576 10002 10002 10002 10002 10002
  wl 2 + 92 .........  windows  0  0  0  0  0  0  0  0  0  BIST wrong beats 1048576 1048576 1048576 1048576 9995 9995 9995 9995 9995
  wl 2 + 93 .........  windows  0  0  0  0  0  0  0  0  0  BIST wrong beats 1048576 1048576 1048576 1048576 9995 9995 9995 9995 9995
  wl 2 + 94 .........  windows  0  0  0  0  0  0  0  0  0  BIST wrong beats 1048576 1048576 1048576 1048576 9998 9998 9998 9998 9998
  wl 2 + 95 .........  windows  0  0  0  0  0  0  0  0  0  BIST wrong beats 1048576 1048576 1048576 1048576 10000 10000 10000 10000 10000
  wl 2 + 96 .........  windows  0  0  0  0  0  0  0  0  0  BIST wrong beats 1048576 1048576 1048576 1048576 9995 9995 9995 9995 9995
  wl 2 + 97 .........  windows  0  0  0  0  0  0  0  0  0  BIST wrong beats 1048576 1048576 1048576 1048576 9997 9997 9997 9997 9997
  wl 2 + 98 .........  windows  0  0  0  0  0  0  0  0  0  BIST wrong beats 1048576 1048576 1048576 1048576 9993 9993 9993 9993 9993
  wl 2 + 99 .........  windows  0  0  0  0  0  0  0  0  0  BIST wrong beats 1048576 1048576 1048576 1048576 9996 9996 9996 9996 9996
  wl 2 +100 .........  windows  0  0  0  0  0  0  0  0  0  BIST wrong beats 1048576 1048576 1048576 1048576 9996 9996 9996 9996 9996
  wl 2 +101 .........  windows  0  0  0  0  0  0  0  0  0  BIST wrong beats 1048576 1048576 1048576 1048576 9997 9997 9997 9997 9997
  wl 2 +102 .........  windows  0  0  0  0  0  0  0  0  0  BIST wrong beats 1048576 1048576 1048576 1048576 9997 9997 9997 9997 9997
  wl 2 +103 .........  windows  0  0  0  0  0  0  0  0  0  BIST wrong beats 1048576 1048576 1048576 1048576 9996 9996 9996 9996 9996
  wl 2 +104 .........  windows  0  0  0  0  0  0  0  0  0  BIST wrong beats 1048576 1048576 1048574 1048576 9996 9996 9996 9996 9996
  wl 2 +105 .........  windows  0  0  0  0  0  0  0  0  0  BIST wrong beats 1048576 1048576 1023596 1048576 9997 9997 9997 9997 9997
  wl 2 +106 .........  windows  0  0  0  0  0  0  0  0  0  BIST wrong beats 1048576 1048576 845368 1048576 9995 9995 9995 9995 9995
  wl 2 +107 .........  windows  0  0  0  0  0  0  0  0  0  BIST wrong beats 1048565 1048576 383668 1048576 9997 9997 9997 9997 9997
  wl 2 +108 .........  windows  0  0  0  0  0  0  0  0  0  BIST wrong beats 1042361 1048576 44769 1048576 9998 9998 9998 9998 9998
  wl 2 +109 .........  windows  0  0  0  0  0  0  0  0  0  BIST wrong beats 834794 1048576 10050 1048576 9995 9995 9995 9995 9995
  wl 2 +110 .........  windows  0  0  0  0  0  0  0  0  0  BIST wrong beats 329885 1048551 9996 1048576 9996 9996 9996 9996 9996
  wl 2 +111 .........  windows  0  0  0  0  0  0  0  0  0  BIST wrong beats 55969 1045996 9995 1048413 9995 9995 9995 9995 9995
  wl 4 +  0 .........  windows  0  0  0  0  0  0  0  0  0  BIST wrong beats 1048576 1048576 1048576 1048576 1048576 1048576 1048576 1048576 1048576
  wl 4 +  1 .........  windows  0  0  0  0  0  0  0  0  0  BIST wrong beats 1048576 1048576 1048576 1048576 1048576 1048576 1048576 1048576 1048576
  wl 4 +  2 .........  windows  0  0  0  0  0  0  0  0  0  BIST wrong beats 1048576 1048576 1048576 1048576 1048576 1048576 1048576 1048576 1048576
  wl 4 +  3 .........  windows  0  0  0  0  0  0  0  0  0  BIST wrong beats 1048576 1048576 1048576 1048576 1048576 1048576 1048576 1048576 1048576
  wl 4 +  4 .........  windows  0  0  0  0  0  0  0  0  0  BIST wrong beats 1048576 1048576 1048576 1048576 1048576 1048576 1048576 1048576 1048576
  wl 4 +  5 .........  windows  0  0  0  0  0  0  0  0  0  BIST wrong beats 1048576 1048576 1048576 1048576 1048576 1048576 1048576 1048576 1048576
  wl 4 +  6 .........  windows  0  0  0  0  0  0  0  0  0  BIST wrong beats 1048576 1048576 1048576 1048576 1048576 1048576 1048576 1048576 1048576
  wl 4 +  7 .........  windows  0  0  0  0  0  0  0  0  0  BIST wrong beats 1048576 1048576 1048576 1048576 1048576 1048576 1048576 1048576 1048576
  wl 4 +  8 .........  windows  0  0  0  0  0  0  0  0  0  BIST wrong beats 1048576 1048576 1048576 1048576 1048576 1048576 1048576 1048576 1048576
  wl 4 +  9 .........  windows  0  0  0  0  0  0  0  0  0  BIST wrong beats 1048576 1048576 1048576 1048576 1048576 1048576 1048576 1048576 1048576
  wl 4 + 10 .........  windows  0  0  0  0  0  0  0  0  0  BIST wrong beats 1048576 1048576 1048576 1048576 1048576 1048576 1048576 1048576 1048576
  wl 4 + 11 .........  windows  0  0  0  0  0  0  0  0  0  BIST wrong beats 1048576 1048576 1048576 1048576 1048576 1048576 1048576 1048576 1048576
  wl 4 + 12 .........  windows  0  0  0  0  0  0  0  0  0  BIST wrong beats 1048576 1048576 1048576 1048576 1048576 1048576 1048576 1048576 1048576
  wl 4 + 13 .........  windows  0  0  0  0  0  0  0  0  0  BIST wrong beats 1048576 1048576 1048576 1048576 1048576 1048576 1048576 1048576 1048576
  wl 4 + 14 .........  windows  0  0  0  0  0  0  0  0  0  BIST wrong beats 1048576 1048576 1048576 1048576 1048576 1048576 1048576 1048576 1048576
  wl 4 + 15 .........  windows  0  0  0  0  0  0  0  0  0  BIST wrong beats 1048576 1048576 1048576 1048576 1048576 1048576 1048576 1048576 1048576
  wl 4 + 16 .........  windows  0  0  0  0  0  0  0  0  0  BIST wrong beats 1048576 1048576 1048576 1048576 1048576 1048576 1048576 1048576 1048576
  wl 4 + 17 .........  windows  0  0  0  0  0  0  0  0  0  BIST wrong beats 1048576 1048576 1048576 1048576 1048576 1048576 1048576 1048576 1048576
  wl 4 + 18 .........  windows  0  0  0  0  0  0  0  0  0  BIST wrong beats 1048576 1048576 1048576 1048576 1048576 1048576 1048576 1048576 1048576
  wl 4 + 19 .........  windows  0  0  0  0  0  0  0  0  0  BIST wrong beats 1048576 1048576 1048576 1048576 1048576 1048576 1048576 1048576 1048576
  wl 4 + 20 .........  windows  0  0  0  0  0  0  0  0  0  BIST wrong beats 1048576 1048576 1048576 1048576 1048576 1048576 1048576 1048576 1048576
  wl 4 + 21 .........  windows  0  0  0  0  0  0  0  0  0  BIST wrong beats 1048576 1048576 1048576 1048576 1048576 1048576 1048576 1048576 1048576
  wl 4 + 22 .........  windows  0  0  0  0  0  0  0  0  0  BIST wrong beats 1048576 1048576 1048576 1048576 1048576 1048576 1048576 1048576 1048576
  wl 4 + 23 .........  windows  0  0  0  0  0  0  0  0  0  BIST wrong beats 1048576 1048576 1048576 1048576 1048576 1048576 1048576 1048576 1048576
  wl 4 + 24 .........  windows  0  0  0  0  0  0  0  0  0  BIST wrong beats 1048576 1048576 1048576 1048576 1048576 1048576 1048576 1048576 1048576
  wl 4 + 25 .........  windows  0  0  0  0  0  0  0  0  0  BIST wrong beats 1048576 1048576 1048576 1048576 1048576 1048576 1048576 1048576 1048576
  wl 4 + 26 .........  windows  0  0  0  0  0  0  0  0  0  BIST wrong beats 1048576 1048576 1048576 1048576 1048576 1048576 1048576 1048576 1048576
  wl 4 + 27 .........  windows  0  0  0  0  0  0  0  0  0  BIST wrong beats 1048576 1048576 1048576 1048576 1048576 1048576 1048576 1048576 1048576
  wl 4 + 28 .........  windows  0  0  0  0  0  0  0  0  0  BIST wrong beats 1048576 1048576 1048576 1048576 1048576 1048576 1048576 1048576 1048576
  wl 4 + 29 .........  windows  0  0  0  0  0  0  0  0  0  BIST wrong beats 1048576 1048576 1048576 1048576 1048576 1048576 1048576 1048576 1048576
  wl 4 + 30 .........  windows  0  0  0  0  0  0  0  0  0  BIST wrong beats 1048576 1048576 1048576 1048576 1048576 1048576 1048576 1048576 1048576
  wl 4 + 31 .........  windows  0  0  0  0  0  0  0  0  0  BIST wrong beats 1048576 1048576 1048576 1048576 1048576 1048576 1048576 1048576 1048576
  wl 4 + 32 .........  windows  0  0  0  0  0  0  0  0  0  BIST wrong beats 1048576 1048576 1048576 1048576 1048576 1048576 1048576 1048576 1048576
  wl 4 + 33 .........  windows  0  0  0  0  0  0  0  0  0  BIST wrong beats 1048576 1048576 1048576 1048576 1048576 1048576 1048576 1048576 1048576
  wl 4 + 34 .........  windows  0  0  0  0  0  0  0  0  0  BIST wrong beats 1048576 1048576 1048576 1048576 1048576 1048576 1048576 1048576 1048576
  wl 4 + 35 .........  windows  0  0  0  0  0  0  0  0  0  BIST wrong beats 1048576 1048576 1048576 1048576 1048576 1048576 1048576 1048576 1048576
  wl 4 + 36 .........  windows  0  0  0  0  0  0  0  0  0  BIST wrong beats 1048576 1048576 1048576 1048576 1048576 1048576 1048576 1048576 1048576
  wl 4 + 37 .........  windows  0  0  0  0  0  0  0  0  0  BIST wrong beats 1048576 1048576 1048576 1048576 1048576 1048576 1048576 1048576 1048576
  wl 4 + 38 .........  windows  0  0  0  0  0  0  0  0  0  BIST wrong beats 1048576 1048576 1048576 1048576 1048576 1048576 1048576 1048576 1048576
  wl 4 + 39 .........  windows  0  0  0  0  0  0  0  0  0  BIST wrong beats 1048576 1048576 1048576 1048576 1048576 1048576 1048576 1048576 1048576
  wl 4 + 40 .........  windows  0  0  0  0  0  0  0  0  0  BIST wrong beats 1048576 1048576 1048576 1048576 1048576 1048576 1048576 1048576 1048576
  wl 4 + 41 .........  windows  0  0  0  0  0  0  0  0  0  BIST wrong beats 1048576 1048576 1048576 1048576 1048576 1048576 1048576 1048576 1048576
  wl 4 + 42 .........  windows  0  0  0  0  0  0  0  0  0  BIST wrong beats 1048576 1048576 1048576 1048576 1048576 1048576 1048576 1048576 1048576
  wl 4 + 43 .........  windows  0  0  0  0  0  0  0  0  0  BIST wrong beats 1048576 1048576 1048576 1048576 1048576 1048576 1048576 1048576 1048576
  wl 4 + 44 .........  windows  0  0  0  0  0  0  0  0  0  BIST wrong beats 1048576 1048576 1048576 1048576 1048576 1048576 1048576 1048576 1048576
  wl 4 + 45 .........  windows  0  0  0  0  0  0  0  0  0  BIST wrong beats 1048576 1048576 1048576 1048576 1048576 1048576 1048576 1048576 1048576
  wl 4 + 46 .........  windows  0  0  0  0  0  0  0  0  0  BIST wrong beats 1048576 1048576 1048576 1048576 1048576 1048576 1048576 1048576 1048576
  wl 4 + 47 .........  windows  0  0  0  0  0  0  0  0  0  BIST wrong beats 1048576 1048576 1048576 1048576 1048576 1048576 1048576 1048576 1048576
  wl 4 + 48 .........  windows  0  0  0  0  0  0  0  0  0  BIST wrong beats 1048576 1048576 1048576 1048576 1048576 1048576 1048576 1048576 1048576
  wl 4 + 49 .........  windows  0  0  0  0  0  0  0  0  0  BIST wrong beats 1048576 1048576 1048576 1048576 1048576 1048576 1048576 1048576 1048576
  wl 4 + 50 .........  windows  0  0  0  0  0  0  0  0  0  BIST wrong beats 1048576 1048576 1048576 1048576 1048576 1048576 1048576 1048576 1048576
  wl 4 + 51 .........  windows  0  0  0  0  0  0  0  0  0  BIST wrong beats 1048576 1048576 1048576 1048576 1048576 1048576 1048576 1048576 1048576
  wl 4 + 52 .........  windows  0  0  0  0  0  0  0  0  0  BIST wrong beats 1048576 1048576 1048576 1048576 1048576 1048576 1048576 1048576 1048576
  wl 4 + 53 .........  windows  0  0  0  0  0  0  0  0  0  BIST wrong beats 1048576 1048576 1048576 1048576 1048576 1048576 1048576 1048576 1048576
  wl 4 + 54 .........  windows  0  0  0  0  0  0  0  0  0  BIST wrong beats 1048576 1048576 1048576 1048576 1048576 1048576 1048576 1048576 1048576
  wl 4 + 55 .........  windows  0  0  0  0  0  0  0  0  0  BIST wrong beats 1048576 1048576 1048576 1048576 1048576 1048576 1048576 1048576 1048576
  wl 4 + 56 .........  windows  0  0  0  0  0  0  0  0  0  BIST wrong beats 1048576 1048576 1048576 1048576 1048576 1048576 1048576 1048576 1048576
  wl 4 + 57 .........  windows  0  0  0  0  0  0  0  0  0  BIST wrong beats 1048576 1048576 1048576 1048576 1048576 1048576 1048576 1048576 1048576
  wl 4 + 58 .........  windows  0  0  0  0  0  0  0  0  0  BIST wrong beats 1048576 1048576 1048576 1048576 1048576 1048576 1048576 1048576 1048576
  wl 4 + 59 .........  windows  0  0  0  0  0  0  0  0  0  BIST wrong beats 1048576 1048576 1048576 1048576 1048576 1048576 1048576 1048576 1048576
  wl 4 + 60 .........  windows  0  0  0  0  0  0  0  0  0  BIST wrong beats 1048576 1048576 1048576 1048576 1048576 1048576 1048576 1048576 1048576
  wl 4 + 61 .........  windows  0  0  0  0  0  0  0  0  0  BIST wrong beats 1048576 1048576 1048576 1048576 1048576 1048576 1048576 1048576 1048576
  wl 4 + 62 .........  windows  0  0  0  0  0  0  0  0  0  BIST wrong beats 1048576 1048576 1048576 1048576 1048576 1048576 1048576 1048576 1048576
  wl 4 + 63 .........  windows  0  0  0  0  0  0  0  0  0  BIST wrong beats 1048576 1048576 1048576 1048576 1048576 1048576 1048576 1048576 1048576
  wl 4 + 64 .........  windows  0  0  0  0  0  0  0  0  0  BIST wrong beats 1048576 1048576 1048576 1048576 1048576 1048576 1048576 1048576 1048576
  wl 4 + 65 .........  windows  0  0  0  0  0  0  0  0  0  BIST wrong beats 1048576 1048576 1048576 1048576 1048576 1048576 1048576 1048576 1048576
  wl 4 + 66 .........  windows  0  0  0  0  0  0  0  0  0  BIST wrong beats 1048576 1048576 1048576 1048576 1048576 1048576 1048576 1048576 1048576
  wl 4 + 67 .........  windows  0  0  0  0  0  0  0  0  0  BIST wrong beats 1048576 1048576 1048576 1048576 1048576 1048576 1048576 1048576 1048576
  wl 4 + 68 .........  windows  0  0  0  0  0  0  0  0  0  BIST wrong beats 1048576 1048576 1048576 1048576 1048576 1048576 1048576 1048576 1048576
  wl 4 + 69 .........  windows  0  0  0  0  0  0  0  0  0  BIST wrong beats 1048576 1048576 1048576 1048576 1048576 1048576 1048576 1048576 1048576
  wl 4 + 70 .........  windows  0  0  0  0  0  0  0  0  0  BIST wrong beats 1048576 1048576 1048576 1048576 1048576 1048576 1048576 1048576 1048576
  wl 4 + 71 .........  windows  0  0  0  0  0  0  0  0  0  BIST wrong beats 1048576 1048576 1048576 1048576 1048576 1048576 1048576 1048576 1048576
  wl 4 + 72 .........  windows  0  0  0  0  0  0  0  0  0  BIST wrong beats 1048576 1048576 1048576 1048576 1048576 1048576 1048576 1048576 1048576
  wl 4 + 73 .........  windows  0  0  0  0  0  0  0  0  0  BIST wrong beats 1048576 1048576 1048576 1048576 1048576 1048576 1048576 1048576 1048576
  wl 4 + 74 .........  windows  0  0  0  0  0  0  0  0  0  BIST wrong beats 1048576 1048576 1048576 1048576 1048576 1048576 1048576 1048576 1048576
  wl 4 + 75 .........  windows  0  0  0  0  0  0  0  0  0  BIST wrong beats 1048576 1048576 1048576 1048576 1048576 1048576 1048576 1048576 1048576
  wl 4 + 76 .........  windows  0  0  0  0  0  0  0  0  0  BIST wrong beats 1048576 1048576 1048576 1048576 1048576 1048576 1048576 1048576 1048576
  wl 4 + 77 .........  windows  0  0  0  0  0  0  0  0  0  BIST wrong beats 1048576 1048576 1048576 1048576 1048576 1048576 1048576 1048576 1048576
  wl 4 + 78 .........  windows  0  0  0  0  0  0  0  0  0  BIST wrong beats 1048576 1048576 1048576 1048576 1048576 1048576 1048576 1048576 1048576
  wl 4 + 79 .........  windows  0  0  0  0  0  0  0  0  0  BIST wrong beats 1048576 1048576 1048576 1048576 1048576 1048576 1048576 1048576 1048576
  wl 4 + 80 .........  windows  0  0  0  0  0  0  0  0  0  BIST wrong beats 1048576 1048576 1048576 1048576 1048576 1048576 1048576 1048576 1048576
  wl 4 + 81 .........  windows  0  0  0  0  0  0  0  0  0  BIST wrong beats 1048576 1048576 1048576 1048576 1048576 1048576 1048576 1048576 1048576
  wl 4 + 82 .........  windows  0  0  0  0  0  0  0  0  0  BIST wrong beats 1048576 1048576 1048576 1048576 1048576 1048576 1048576 1048576 1048576
  wl 4 + 83 .........  windows  0  0  0  0  0  0  0  0  0  BIST wrong beats 1048576 1048576 1048576 1048576 1048576 1048576 1048576 1048576 1048576
  wl 4 + 84 .........  windows  0  0  0  0  0  0  0  0  0  BIST wrong beats 1048576 1048576 1048576 1048576 1048576 1048576 1048576 1048576 1048576
  wl 4 + 85 .........  windows  0  0  0  0  0  0  0  0  0  BIST wrong beats 1048576 1048576 1048576 1048576 1048576 1048576 1048576 1048576 1048576
  wl 4 + 86 .........  windows  0  0  0  0  0  0  0  0  0  BIST wrong beats 1048576 1048576 1048576 1048576 1048576 1048576 1048576 1048576 1048576
  wl 4 + 87 .........  windows  0  0  0  0  0  0  0  0  0  BIST wrong beats 1048576 1048576 1048576 1048576 1048576 1048576 1048576 1048576 1048576
  wl 4 + 88 .........  windows  0  0  0  0  0  0  0  0  0  BIST wrong beats 1048576 1048576 1048576 1048576 1048576 1048576 1048576 1048576 1048576
  wl 4 + 89 .........  windows  0  0  0  0  0  0  0  0  0  BIST wrong beats 1048576 1048576 1048576 1048576 1048576 1048576 1048576 1048576 1048576
  wl 4 + 90 .........  windows  0  0  0  0  0  0  0  0  0  BIST wrong beats 1048576 1048576 1048576 1048576 1048576 1048576 1048576 1048576 1048576
  wl 4 + 91 .........  windows  0  0  0  0  0  0  0  0  0  BIST wrong beats 1048576 1048576 1048576 1048576 1048576 1048576 1048576 1048576 1048576
  wl 4 + 92 .........  windows  0  0  0  0  0  0  0  0  0  BIST wrong beats 1048576 1048576 1048576 1048576 1048576 1048576 1048576 1048576 1048576
  wl 4 + 93 .........  windows  0  0  0  0  0  0  0  0  0  BIST wrong beats 1048576 1048576 1048576 1048576 1048576 1048576 1048576 1048576 1048576
  wl 4 + 94 .........  windows  0  0  0  0  0  0  0  0  0  BIST wrong beats 1048576 1048576 1048576 1048576 1048576 1048576 1048576 1048576 1048576
  wl 4 + 95 .........  windows  0  0  0  0  0  0  0  0  0  BIST wrong beats 1048576 1048576 1048576 1048576 1048576 1048576 1048576 1048576 1048576
  wl 4 + 96 .........  windows  0  0  0  0  0  0  0  0  0  BIST wrong beats 1048576 1048576 1048576 1048576 1048576 1048576 1048576 1048576 1048576
  wl 4 + 97 .........  windows  0  0  0  0  0  0  0  0  0  BIST wrong beats 1048576 1048576 1048576 1048576 1048576 1048576 1048576 1048576 1048576
  wl 4 + 98 .........  windows  0  0  0  0  0  0  0  0  0  BIST wrong beats 1048576 1048576 1048576 1048576 1048576 1048576 1048576 1048576 1048576
  wl 4 + 99 .........  windows  0  0  0  0  0  0  0  0  0  BIST wrong beats 1048576 1048576 1048576 1048576 1048576 1048576 1048576 1048576 1048576
  wl 4 +100 .........  windows  0  0  0  0  0  0  0  0  0  BIST wrong beats 1048576 1048576 1048576 1048576 1048576 1048576 1048576 1048576 1048576
  wl 4 +101 .........  windows  0  0  0  0  0  0  0  0  0  BIST wrong beats 1048576 1048576 1048576 1048576 1048576 1048576 1048576 1048576 1048576
  wl 4 +102 .........  windows  0  0  0  0  0  0  0  0  0  BIST wrong beats 1048576 1048576 1048576 1048576 1048576 1048576 1048576 1048576 1048576
  wl 4 +103 .........  windows  0  0  0  0  0  0  0  0  0  BIST wrong beats 1048576 1048576 1048576 1048576 1048576 1048576 1048576 1048576 1048576
  wl 4 +104 .........  windows  0  0  0  0  0  0  0  0  0  BIST wrong beats 1048576 1048576 1048576 1048576 1048576 1048576 1048576 1048576 1048576
  wl 4 +105 .........  windows  0  0  0  0  0  0  0  0  0  BIST wrong beats 1048576 1048576 1048576 1048576 1048576 1048576 1048576 1048576 1048576
  wl 4 +106 .........  windows  0  0  0  0  0  0  0  0  0  BIST wrong beats 1048576 1048576 1048576 1048576 1048576 1048576 1048576 1048576 1048576
  wl 4 +107 .........  windows  0  0  0  0  0  0  0  0  0  BIST wrong beats 1048576 1048576 1048576 1048576 1048576 1048576 1048576 1048576 1048576
  wl 4 +108 .........  windows  0  0  0  0  0  0  0  0  0  BIST wrong beats 1048576 1048576 1048576 1048576 1048576 1048576 1048576 1048576 1048576
  wl 4 +109 .........  windows  0  0  0  0  0  0  0  0  0  BIST wrong beats 1048576 1048576 1048576 1048576 1048576 1048576 1048576 1048576 1048576
  wl 4 +110 .........  windows  0  0  0  0  0  0  0  0  0  BIST wrong beats 1048576 1048576 1048576 1048576 1048576 1048576 1048576 1048576 1048576
  wl 4 +111 .........  windows  0  0  0  0  0  0  0  0  0  BIST wrong beats 1048576 1048576 1048576 1048576 1048576 1048576 1048576 1048576 1048576
  wl 6 +  0 #########  windows 10 10 10 10 10 10 10 10  9  BIST wrong beats 0 0 0 0 0 0 0 0 0
  wl 6 +  1 #########  windows 10 11 11 11  9 11 11 10 10  BIST wrong beats 0 0 0 0 0 0 0 0 0
  wl 6 +  2 #########  windows 10 11 10 11  9 11 11  9 10  BIST wrong beats 0 0 0 0 0 0 0 0 0
  wl 6 +  3 #########  windows 10 10 10 11  9 10 11  9 10  BIST wrong beats 0 0 0 0 0 0 0 0 0
  wl 6 +  4 #########  windows 10 10 10 11 10 11 10 10  9  BIST wrong beats 0 0 0 0 0 0 0 0 0
  wl 6 +  5 #########  windows 10 10 10 10  9 10 11 10 10  BIST wrong beats 0 0 0 0 0 0 0 0 0
  wl 6 +  6 #########  windows 10 10 11 10  9 10 11 10 10  BIST wrong beats 0 0 0 0 0 0 0 0 0
  wl 6 +  7 #########  windows 10  9 10 10  9 11 11  9  9  BIST wrong beats 0 0 0 0 0 0 0 0 0
  wl 6 +  8 #########  windows 10 10 10 10 10 10 10  9  9  BIST wrong beats 0 0 0 0 0 0 0 0 0
  wl 6 +  9 #########  windows 11 10 10 10 10 10 10 10  9  BIST wrong beats 0 0 0 0 0 0 0 0 0
  wl 6 + 10 #########  windows 10 10 11 10  9 10 11 10 10  BIST wrong beats 0 0 0 0 0 0 0 0 0
  wl 6 + 11 #########  windows 10  9 10 10 10 11 11  9 10  BIST wrong beats 0 0 0 0 0 0 0 0 0
  wl 6 + 12 #########  windows 10  9 10 10 10 11 11  9 10  BIST wrong beats 0 0 0 0 0 0 0 0 0
  wl 6 + 13 #########  windows  9  9 10 10 10 10 11 10  9  BIST wrong beats 0 0 0 0 0 0 0 0 0
  wl 6 + 14 .........  windows  0  0  0  0  0  0  0  0  0  BIST wrong beats 1048576 1048576 1048576 1048576 1048576 1048576 1048576 1048576 1048576
  wl 6 + 15 .........  windows  0  0  0  0  0  0  0  0  0  BIST wrong beats 1048576 1048576 1048576 1048576 1048576 1048576 1048576 1048576 1048576
  wl 6 + 16 .........  windows  0  0  0  0  0  0  0  0  0  BIST wrong beats 1048576 1048576 1048576 1048576 1048576 1048576 1048576 1048576 1048576
  wl 6 + 17 .........  windows  0  0  0  0  0  0  0  0  0  BIST wrong beats 1048576 1048576 1048576 1048576 1048576 1048576 1048576 1048576 1048576
  wl 6 + 18 .........  windows  0  0  0  0  0  0  0  0  0  BIST wrong beats 1048576 1048576 1048576 1048576 1048576 1048576 1048576 1048576 1048576
  wl 6 + 19 .........  windows  0  0  0  0  0  0  0  0  0  BIST wrong beats 1048576 1048576 1048576 1048576 1048576 1048576 1048576 1048576 1048576
  wl 6 + 20 .........  windows  0  0  0  0  0  0  0  0  0  BIST wrong beats 1048576 1048576 1048576 1048576 1048576 1048576 1048576 1048576 1048576
  wl 6 + 21 .........  windows  0  0  0  0  0  0  0  0  0  BIST wrong beats 1048576 1048576 1048576 1048576 1048576 1048576 1048576 1048576 1048576
  wl 6 + 22 .........  windows  0  0  0  0  0  0  0  0  0  BIST wrong beats 1048576 1048576 1048576 1048576 1048576 1048576 1048576 1048576 1048576
  wl 6 + 23 .........  windows  0  0  0  0  0  0  0  0  0  BIST wrong beats 1048576 1048576 1048576 1048576 1048576 1048576 1048576 1048576 1048576
  wl 6 + 24 .........  windows  0  0  0  0  0  0  0  0  0  BIST wrong beats 1048576 1048576 1048576 1048576 1048576 1048576 1048576 1048576 1048576
  wl 6 + 25 .........  windows  0  0  0  0  0  0  0  0  0  BIST wrong beats 1048576 1048576 1048576 1048576 1048576 1048576 1048576 1048576 1048576
  wl 6 + 26 .........  windows  0  0  0  0  0  0  0  0  0  BIST wrong beats 1048576 1048576 1048576 1048576 1048576 1048576 1048576 1048576 1048576
  wl 6 + 27 .........  windows  0  0  0  0  0  0  0  0  0  BIST wrong beats 1048576 1048576 1048576 1048576 1048576 1048576 1048576 1048576 1048576
  wl 6 + 28 .........  windows  0  0  0  0  0  0  0  0  0  BIST wrong beats 1048576 1048576 1048576 1048576 1048576 1048576 1048576 1048576 1048576
  wl 6 + 29 .........  windows  0  0  0  0  0  0  0  0  0  BIST wrong beats 1048576 1048576 1048576 1048576 1048576 1048576 1048576 1048576 1048576
  wl 6 + 30 .........  windows  0  0  0  0  0  0  0  0  0  BIST wrong beats 1048576 1048576 1048576 1048576 1048576 1048576 1048576 1048576 1048576
  wl 6 + 31 .........  windows  0  0  0  0  0  0  0  0  0  BIST wrong beats 1048576 1048576 1048576 1048576 1048576 1048576 1048576 1048576 1048576
  wl 6 + 32 .........  windows  0  0  0  0  0  0  0  0  0  BIST wrong beats 1048576 1048576 1048576 1048576 1048576 1048576 1048576 1048576 1048576
  wl 6 + 33 .........  windows  0  0  0  0  0  0  0  0  0  BIST wrong beats 1048576 1048576 1048576 1048576 1048576 1048576 1048576 1048576 1048576
  wl 6 + 34 .........  windows  0  0  0  0  0  0  0  0  0  BIST wrong beats 1048576 1048576 1048576 1048576 1048576 1048576 1048576 1048576 1048576
  wl 6 + 35 .........  windows  0  0  0  0  0  0  0  0  0  BIST wrong beats 1048576 1048576 1048576 1048576 1048576 1048576 1048576 1048576 1048576
  wl 6 + 36 .........  windows  0  0  0  0  0  0 11  0  0  BIST wrong beats 1048576 1048576 1048576 1048576 1048576 1048576 8898 1048576 1048576
  wl 6 + 37 ......#..  windows  0  0  0  0  0  0 10  0  0  BIST wrong beats 1048576 1048576 1048576 1048576 1048576 1048576 0 1048576 1048576
  wl 6 + 38 ......#..  windows  0  0  0  0  0  0 11  0  0  BIST wrong beats 1048576 1048576 1048576 1048576 1048576 1048576 0 1048576 1048576
  wl 6 + 39 ......#..  windows  0  0  0  0  0  0 11  0  0  BIST wrong beats 1048576 1048576 1048576 1048576 1048576 1048576 0 1048576 1048576
  wl 6 + 40 ......#..  windows  0  0  0  0  0  0 11  0  0  BIST wrong beats 1048576 1048576 1048576 1048576 1048576 1048576 0 1048576 1048576
  wl 6 + 41 ......#..  windows  0  0  0  0  0  0 11  0  0  BIST wrong beats 1048576 1048576 1048576 1048576 1048576 1048576 0 1048576 1048576
  wl 6 + 42 ......#..  windows  0  0  0  0  0 10 11  0  0  BIST wrong beats 1048576 1048576 1048576 1048576 1048576 3891 0 1048576 1048576
  wl 6 + 43 .....##..  windows  0  0  0  0  0 10 11  0  0  BIST wrong beats 1048576 1048576 1048576 1048576 1048576 0 0 1048576 1048576
  wl 6 + 44 .....##..  windows  0  0  0  0  3 11 11  9  0  BIST wrong beats 1048576 1048576 1048576 1048576 236787 0 0 112685 1048576
  wl 6 + 45 ....####.  windows  0  0  0  0  9 11 11  9  0  BIST wrong beats 1048576 1048576 1048576 1048576 0 0 0 0 1048576
  wl 6 + 46 ....####.  windows  0  0  0  0  9 10 10 10  0  BIST wrong beats 1048576 1048576 1048576 1048576 0 0 0 0 1048576
  wl 6 + 47 ....####.  windows  0  0  0  0 10 11 11 10  0  BIST wrong beats 1048576 1048576 1048576 1048576 0 0 0 0 1048576
  wl 6 + 48 ....####.  windows  0  0  0  0 10 11 11  9  0  BIST wrong beats 1048576 1048576 1048576 1048576 0 0 0 0 1048576
  wl 6 + 49 ....####.  windows  0  0  0  0  9 10 10 10  0  BIST wrong beats 1048576 1048576 1048576 1048576 0 0 0 0 1048576
  wl 6 + 50 ....####.  windows  0  0  0  0  9 10 10 10  0  BIST wrong beats 1048576 1048576 1048576 1048576 0 0 0 0 1048576
  wl 6 + 51 ....####.  windows  0  0  0  0  9 10 10 10  7  BIST wrong beats 1048576 1048576 1048576 1048576 0 0 0 0 45785
  wl 6 + 52 ....#####  windows  0  0  0  0 10 11 11 10 10  BIST wrong beats 1048576 1048576 1048576 1048576 0 0 0 0 0
  wl 6 + 53 ....#####  windows  0  0  0  0 10 11 11  9 10  BIST wrong beats 1048576 1048576 1048576 1048576 0 0 0 0 0
  wl 6 + 54 ....#####  windows  0  0  0  0 10 10 11 10  9  BIST wrong beats 1048576 1048576 1048576 1048576 0 0 0 0 0
  wl 6 + 55 ....#####  windows  0  0  0  0  9 11 10 10  9  BIST wrong beats 1048576 1048576 1048576 1048576 0 0 0 0 0
  wl 6 + 56 ....#####  windows  0  0  0  0  9 11 10 10 10  BIST wrong beats 1048576 1048576 1048576 1048576 0 0 0 0 0
  wl 6 + 57 ....#####  windows  0  0  0  0 10 10 10 10 10  BIST wrong beats 1048576 1048576 1048576 1048576 0 0 0 0 0
  wl 6 + 58 ....#####  windows  0  0  0  0 10 11 11  9 10  BIST wrong beats 1048576 1048576 1048576 1048576 0 0 0 0 0
  wl 6 + 59 ....#####  windows  0  0  0  0 10 10 10  9  9  BIST wrong beats 1048576 1048576 1048576 1048576 0 0 0 0 0
  wl 6 + 60 ....#####  windows  0  0  0  0  9 11 11 10  9  BIST wrong beats 1048576 1048576 1048576 1048576 0 0 0 0 0
  wl 6 + 61 ....#####  windows  0  0  0  0 10 11 11 10 10  BIST wrong beats 1048576 1048576 1048576 1048576 0 0 0 0 0
  wl 6 + 62 ....#####  windows  0  0  0  0 10 11 11  9 10  BIST wrong beats 1048576 1048576 1048576 1048576 0 0 0 0 0
  wl 6 + 63 ....#####  windows  0  0  0  0 10 11 11 10 10  BIST wrong beats 1048576 1048576 1048576 1048576 0 0 0 0 0
  wl 6 + 64 ....#####  windows  0  0  0  0 10 10 11 10  9  BIST wrong beats 1048576 1048576 1048576 1048576 0 0 0 0 0
  wl 6 + 65 ....#####  windows  0  0  0  0 10 10 10 10 10  BIST wrong beats 1048576 1048576 1048576 1048576 0 0 0 0 0
  wl 6 + 66 ....#####  windows  0  0  0  0 10 11 11 10 10  BIST wrong beats 1048576 1048576 1048576 1048576 0 0 0 0 0
  wl 6 + 67 ....#####  windows  0  0  0  0 10 11 11 10 10  BIST wrong beats 1048576 1048576 1048576 1048576 0 0 0 0 0
  wl 6 + 68 ....#####  windows  0  0  0  0 10 11 11  9 10  BIST wrong beats 1048576 1048576 1048576 1048576 0 0 0 0 0
  wl 6 + 69 ....#####  windows  0  0  0  0 10 10 11  9 10  BIST wrong beats 1048576 1048576 1048576 1048576 0 0 0 0 0
  wl 6 + 70 ....#####  windows  0  0  0  1 10 11 11 10 10  BIST wrong beats 1048576 1048576 1048576 1044988 0 0 0 0 0
  wl 6 + 71 ....#####  windows  0  0  0 10 10 11 11  9 10  BIST wrong beats 1048576 1048576 1048576 373713 0 0 0 0 0
  wl 6 + 72 ...######  windows  0  0  0 10 10 10 11  9 10  BIST wrong beats 1048576 1048576 1048576 0 0 0 0 0 0
  wl 6 + 73 ....#####  windows  0  0  0  0 10 10 10 10 10  BIST wrong beats 1048576 1048576 1048576 1048576 0 0 0 0 0
  wl 6 + 74 ....##.##  windows  0  0  0  0 10 11  0 10 10  BIST wrong beats 1048576 1048576 1048576 1048576 0 0 1048576 0 0
  wl 6 + 75 ....#####  windows  0  0  0  0 10 11 11 10 10  BIST wrong beats 1048576 1048576 1048576 1048576 0 0 0 0 0
  wl 6 + 76 ...######  windows  0  0 10 10 10 11 10 10 10  BIST wrong beats 1048576 1048576 789339 0 0 0 0 0 0
  wl 6 + 77 ...######  windows  0  0 10 10 10 11 11 10 10  BIST wrong beats 1048576 1048576 57 0 0 0 0 0 0
  wl 6 + 78 ..#######  windows  0  0 10 10 10 11 11 10  9  BIST wrong beats 1048576 1048576 0 0 0 0 0 0 0
  wl 6 + 79 ..#######  windows  0  0 10 10 10 10 10 10  9  BIST wrong beats 1048576 1048576 0 0 0 0 0 0 0
  wl 6 + 80 ..#######  windows  0  0 10 10  9 10 10 10 10  BIST wrong beats 1048576 1048576 0 0 0 0 0 0 0
  wl 6 + 81 ..#######  windows  0  0 10 10  9 11 10  9 10  BIST wrong beats 1048576 1048576 0 0 0 0 0 0 0
  wl 6 + 82 ..#######  windows  0  0 10 10  9 11 11 10 10  BIST wrong beats 1048576 1048576 0 0 0 0 0 0 0
  wl 6 + 83 ..#######  windows  0  0 10 10  9 10 10  9 10  BIST wrong beats 1048576 1048576 0 0 0 0 0 0 0
  wl 6 + 84 ..#######  windows  0  0 10 11  9 11 11  9 10  BIST wrong beats 1048576 1048576 0 0 0 0 0 0 0
  wl 6 + 85 ..#######  windows  0  0 10 11  9 10 11  9 10  BIST wrong beats 1048576 1048576 0 0 0 0 0 0 0
  wl 6 + 86 ..#######  windows  0  0 10 10  9 10 11  9 10  BIST wrong beats 1048576 1048576 0 0 0 0 0 0 0
  wl 6 + 87 ..#######  windows  0  0 10 10  9 10 10  9  9  BIST wrong beats 1048576 1048576 0 0 0 0 0 0 0
  wl 6 + 88 ..#######  windows  0  0 10 10  9 10 10  9 10  BIST wrong beats 1048576 1048576 0 0 0 0 0 0 0
  wl 6 + 89 ..#######  windows  0  0 10 11  9 10 10  9 10  BIST wrong beats 1048576 1048576 0 0 0 0 0 0 0
  wl 6 + 90 ..#######  windows  0  0 10 11  9 10 11  9  9  BIST wrong beats 1048576 1048576 0 0 0 0 0 0 0
  wl 6 + 91 ..#######  windows  0  0 10 10 10 11 11  9  9  BIST wrong beats 1048576 1048576 0 0 0 0 0 0 0
  wl 6 + 92 ..#######  windows  0  1 11 10  9 10 11 10  9  BIST wrong beats 1048576 1002672 0 0 0 0 0 0 0
  wl 6 + 93 ..#######  windows  0 10 11 10  9 10 10  9  9  BIST wrong beats 1048576 9019 0 0 0 0 0 0 0
  wl 6 + 94 .########  windows  0 10 10 11  9 10 11  9  9  BIST wrong beats 1048576 0 0 0 0 0 0 0 0
  wl 6 + 95 .########  windows  0 10 10 10 10 11 11  9  9  BIST wrong beats 1048576 0 0 0 0 0 0 0 0
  wl 6 + 96 .########  windows 10 10 10 10 10 11 10  9  9  BIST wrong beats 306344 0 0 0 0 0 0 0 0
  wl 6 + 97 .########  windows 10 10 10 10  9 10 10 10  9  BIST wrong beats 74 0 0 0 0 0 0 0 0
  wl 6 + 98 #########  windows 10 10 10 11  9 10 11  9 10  BIST wrong beats 0 0 0 0 0 0 0 0 0
  wl 6 + 99 #########  windows 11 10 10 10 10 10 11  9  9  BIST wrong beats 0 0 0 0 0 0 0 0 0
  wl 6 +100 #########  windows 11 10 11 10 10 10 10 10  9  BIST wrong beats 0 0 0 0 0 0 0 0 0
  wl 6 +101 #########  windows 10 10 11 10 10 10 10 10  9  BIST wrong beats 0 0 0 0 0 0 0 0 0
  wl 6 +102 #########  windows 10 11 11 10  9 10 10 10 10  BIST wrong beats 0 0 0 0 0 0 0 0 0
  wl 6 +103 #########  windows 11 11 11 11  9 10 11 10 10  BIST wrong beats 0 0 0 0 0 0 0 0 0
  wl 6 +104 #########  windows 10 11 10 11  9 10 11  9  9  BIST wrong beats 0 0 0 0 0 0 0 0 0
  wl 6 +105 #########  windows 11 10 10 10 10 11 11  9 10  BIST wrong beats 0 0 0 0 0 0 0 0 0
  wl 6 +106 #########  windows 11 10 10 10 10 10 10  9  9  BIST wrong beats 0 0 0 0 0 0 0 0 0
  wl 6 +107 #########  windows 10 10 11 10  9 10 10 10  9  BIST wrong beats 0 0 0 0 0 0 0 0 0
  wl 6 +108 #########  windows 10 11 11 11  9 10 11 10 10  BIST wrong beats 0 0 0 0 0 0 0 0 0
  wl 6 +109 #########  windows 11 10 10 11 10 10 11  9 10  BIST wrong beats 0 0 0 0 0 0 0 0 0
  wl 6 +110 #########  windows 11 10 10 11 10 10 11  9 10  BIST wrong beats 0 0 0 0 0 0 0 0 0
  wl 6 +111 #########  windows 11 10 10 11 10 10 10 10  9  BIST wrong beats 0 0 0 0 0 0 0 0 0
per lane and write latency: the passing runs in steps from 42 (width in steps / ps; edges: steps from the run's end to half the beats wrong), FPGA 53.3 C, board 46.8 C
  m0 wl 0: +14..+73 (60 / 1004 ps; edges 1 / 1), +75..+89 (15 / 251 ps; edges 1 / 2)
  m1 wl 0: +14..+86 (73 / 1222 ps; edges 1 / 2)
  m2 wl 0: +14..+69 (56 / 938 ps; edges 1 / 2)
  m3 wl 0: +14..+64 (51 / 854 ps; edges 1 / 2)
  m4 wl 0: +14..+39 (26 / 435 ps; edges 1 / 2)
  m5 wl 0: +14..+36 (23 / 385 ps; edges 1 / 3)
  m6 wl 0: +14..+30 (17 / 285 ps; edges 1 / 2)
  m7 wl 0: +14..+40 (27 / 452 ps; edges 1 / 2)
  m8 wl 0: +14..+44 (31 / 519 ps; edges 1 / 3)
  m0 wl 2: none
  m1 wl 2: none
  m2 wl 2: none
  m3 wl 2: none
  m4 wl 2: none
  m5 wl 2: none
  m6 wl 2: none
  m7 wl 2: none
  m8 wl 2: none
  m0 wl 4: none
  m1 wl 4: none
  m2 wl 4: none
  m3 wl 4: none
  m4 wl 4: none
  m5 wl 4: none
  m6 wl 4: none
  m7 wl 4: none
  m8 wl 4: none
  m0 wl 6: +98..+125 (28 / 469 ps; edges 3 / 1)
  m1 wl 6: +94..+125 (32 / 536 ps; edges 2 / 1)
  m2 wl 6: +78..+125 (48 / 804 ps; edges 2 / 1)
  m3 wl 6: +76..+125 (50 / 837 ps; edges 1 / 1), +72..+72 (1 / 17 ps; edges 2 / 1)
  m4 wl 6: +45..+125 (81 / 1356 ps; edges 2 / 1)
  m5 wl 6: +43..+125 (83 / 1390 ps; edges 2 / 1)
  m6 wl 6: +75..+125 (51 / 854 ps; edges 1 / 1), +37..+73 (37 / 619 ps; edges 2 / 1)
  m7 wl 6: +45..+125 (81 / 1356 ps; edges 2 / 1)
  m8 wl 6: +52..+125 (74 / 1239 ps; edges 2 / 1)
  group 0 (lanes [0, 1, 2, 3, 4, 5, 6, 7, 8]), best latency per lane: +98..+142 (45 / 753 ps), +52..+64 (13 / 218 ps), +78..+86 (9 / 151 ps)
raw data: wscan_ch0.json
