==== ch0 lane 7, CK phase step 40
  write bitslip 6: lane 7 wrong bits per read bitslip (rows) and tap (0-31; '#' none, 1-9, '+' more); lane 6 for comparison
    b0 |++++++++++++++++++++++++++++++++|   |................................|
    b1 |++++++++++++++++++++++++++++++++|   |................................|
    b2 |++++++++++++++++++++++++++++++++|   |................................|
    b3 |++++++++++++++++++++++++++++++++|   |................................|
    b4 |++++++++++++++++++++++++++++++++|   |##########......................|
    b5 |++++++++++++++++++++++++++++++++|   |............###########.........|
    b6 |++++++++++++++++++++++++++++++++|   |.........................#######|
    b7 |++++++++++++++++++++++++++++++++|   |................................|
    least bad: bitslip 4 tap 10 (21 wrong bits over the seeds); marked beats read: lane 7 31 22 13 64 75 46 57 a8   lane 6 11 22 33 44 55 66 77 88
  write bitslip 0: lane 7 wrong bits per read bitslip (rows) and tap (0-31; '#' none, 1-9, '+' more); lane 6 for comparison
    b0 |++++++++++++++++++++++++++++++++|   |................................|
    b1 |++++++++++++++++++++++++++++++++|   |................................|
    b2 |++++++++++++++++++++++++++++++++|   |................................|
    b3 |++++++++++++++++++++++++++++++++|   |................................|
    b4 |++++++++++++++++++++++++++++++++|   |................................|
    b5 |++++++++++++++++++++++++++++++++|   |................................|
    b6 |++++++++++++++++++++++++++++++++|   |................................|
    b7 |++++++++++++++++++++++++++++++++|   |................................|
    least bad: bitslip 2 tap 6 (41 wrong bits over the seeds); marked beats read: lane 7 fc 30 33 44 75 46 57 a8   lane 6 77 88 11 22 22 22 37 3f
  write bitslip 2: lane 7 wrong bits per read bitslip (rows) and tap (0-31; '#' none, 1-9, '+' more); lane 6 for comparison
    b0 |++++++++++++++++++++++++++++++++|   |................................|
    b1 |++++++++++++++++++++++++++++++++|   |................................|
    b2 |++++++++++++++++++++++++++++++++|   |................................|
    b3 |++++++++++++++++++++++++++++++++|   |................................|
    b4 |++++++++++++++++++++++++++++++++|   |................................|
    b5 |++++++++++++++++++++++++++++++++|   |................................|
    b6 |++++++++++++++++++++++++++++++++|   |................................|
    b7 |++++++++++++++++++++++++++++++++|   |................................|
    least bad: bitslip 1 tap 18 (55 wrong bits over the seeds); marked beats read: lane 7 e8 e8 e8 30 65 46 57 a8   lane 6 11 22 33 44 44 44 05 15
  write bitslip 4: lane 7 wrong bits per read bitslip (rows) and tap (0-31; '#' none, 1-9, '+' more); lane 6 for comparison
    b0 |++++++++++++++++++++++++++++++++|   |................................|
    b1 |++++++++++++++++++++++++++++++++|   |................................|
    b2 |++++++++++++++++++++++++++++++++|   |................................|
    b3 |++++++++++++++++++++++++++++++++|   |................................|
    b4 |++++++++++++++++++++++++++++++++|   |................................|
    b5 |++++++++++++++++++++++++++++++++|   |................................|
    b6 |++++++++++++++++++++++++++++++++|   |................................|
    b7 |++++++++++++++++++++++++++++++++|   |................................|
    least bad: bitslip 0 tap 26 (40 wrong bits over the seeds); marked beats read: lane 7 31 02 13 64 75 46 56 66   lane 6 33 44 55 66 66 66 77 3f
write latency: m0:6 m1:6 m2:6 m3:6 m4:6 m5:6 m6:6 m7:- m8:6
  wb0:  0  0  0  0  0  0  0  0  0  (widest read window per lane, taps)
  wb2:  0  0  0  0  0  0  0  0  0  (widest read window per lane, taps)
  wb4:  0  0  0  0  0  0  0  0  0  (widest read window per lane, taps)
  wb6: 10 10 10 10 10 10 10  0 10  (widest read window per lane, taps)
read leveling:
  m0: b4 |00000000111111111100000000000000| window 10 taps (781 ps), tap 13
  m1: b4 |00000000011111111110000000000000| window 10 taps (781 ps), tap 14
  m2: b5 |00000000000000000000111111111100| window 10 taps (781 ps), tap 25
  m3: b4 |00000000011111111110000000000000| window 10 taps (781 ps), tap 14
  m4: b4 |11111111110000000000000000000000| window 10 taps (781 ps), tap 5
  m5: b4 |01111111111000000000000000000000| window 10 taps (781 ps), tap 6
  m6: b4 |11111111110000000000000000000000| window 10 taps (781 ps), tap 5
  m7: b0 |00000000000000000000000000000000| window 0 taps (0 ps)
  m8: b4 |00111111111100000000000000000000| window 10 taps (781 ps), tap 7
  check at the chosen taps: errors per lane [0, 0, 0, 0, 0, 0, 0, 84, 0]
  BIST 64 MiB: wrong beats per lane [0, 0, 0, 0, 0, 0, 0, 1048576, 0]; wrong bits per lane m0:00 m1:00 m2:00 m3:00 m4:00 m5:00 m6:00 m7:ff m8:00
==== ch1 lane 8, CK phase step 40
  write bitslip 6: lane 8 wrong bits per read bitslip (rows) and tap (0-31; '#' none, 1-9, '+' more); lane 7 for comparison
    b0 |++++++++++++++++++++++++++++++++|   |................................|
    b1 |++++++++++++++++++++++++++++++++|   |................................|
    b2 |++++++++++++++++++++++++++++++++|   |................................|
    b3 |++++++++++++++++++++++++++++++++|   |................................|
    b4 |++++++++++++++++++++++++++++++++|   |#########.......................|
    b5 |++++++++++++++++++++++++++++++++|   |...........##########...........|
    b6 |++++++++++++++++++++++++++++++++|   |........................########|
    b7 |++++++++++++++++++++++++++++++++|   |................................|
    least bad: bitslip 6 tap 30 (23 wrong bits over the seeds); marked beats read: lane 8 91 20 31 46 57 64 75 0a   lane 7 11 22 33 44 55 66 77 88
  write bitslip 0: lane 8 wrong bits per read bitslip (rows) and tap (0-31; '#' none, 1-9, '+' more); lane 7 for comparison
    b0 |++++++++++++++++++++++++++++++++|   |................................|
    b1 |++++++++++++++++++++++++++++++++|   |................................|
    b2 |++++++++++++++++++++++++++++++++|   |................................|
    b3 |++++++++++++++++++++++++++++++++|   |................................|
    b4 |++++++++++++++++++++++++++++++++|   |................................|
    b5 |++++++++++++++++++++++++++++++++|   |................................|
    b6 |++++++++++++++++++++++++++++++++|   |................................|
    b7 |++++++++++++++++++++++++++++++++|   |................................|
    least bad: bitslip 4 tap 30 (39 wrong bits over the seeds); marked beats read: lane 8 bd 80 b1 44 57 64 75 0a   lane 7 77 88 11 22 32 ff ff ff
  write bitslip 2: lane 8 wrong bits per read bitslip (rows) and tap (0-31; '#' none, 1-9, '+' more); lane 7 for comparison
    b0 |++++++++++++++++++++++++++++++++|   |................................|
    b1 |++++++++++++++++++++++++++++++++|   |................................|
    b2 |++++++++++++++++++++++++++++++++|   |................................|
    b3 |++++++++++++++++++++++++++++++++|   |................................|
    b4 |++++++++++++++++++++++++++++++++|   |................................|
    b5 |++++++++++++++++++++++++++++++++|   |................................|
    b6 |++++++++++++++++++++++++++++++++|   |................................|
    b7 |++++++++++++++++++++++++++++++++|   |................................|
    least bad: bitslip 0 tap 6 (55 wrong bits over the seeds); marked beats read: lane 8 13 a0 31 46 46 65 65 2d   lane 7 11 22 33 44 56 fb ff ff
  write bitslip 4: lane 8 wrong bits per read bitslip (rows) and tap (0-31; '#' none, 1-9, '+' more); lane 7 for comparison
    b0 |++++++++++++++++++++++++++++++++|   |................................|
    b1 |++++++++++++++++++++++++++++++++|   |................................|
    b2 |++++++++++++++++++++++++++++++++|   |................................|
    b3 |++++++++++++++++++++++++++++++++|   |................................|
    b4 |++++++++++++++++++++++++++++++++|   |................................|
    b5 |++++++++++++++++++++++++++++++++|   |................................|
    b6 |++++++++++++++++++++++++++++++++|   |................................|
    b7 |++++++++++++++++++++++++++++++++|   |................................|
    least bad: bitslip 7 tap 14 (35 wrong bits over the seeds); marked beats read: lane 8 33 a0 31 46 77 64 74 66   lane 7 33 44 55 66 76 ff ff ff
write latency: m0:6 m1:6 m2:6 m3:6 m4:6 m5:6 m6:6 m7:6 m8:-
  wb0:  0  0  0  0  0  0  0  0  0  (widest read window per lane, taps)
  wb2:  0  0  0  0  0  0  0  0  0  (widest read window per lane, taps)
  wb4:  0  0  0  0  0  0  0  0  0  (widest read window per lane, taps)
  wb6: 10 10  9 10 11 10  9 10  0  (widest read window per lane, taps)
read leveling:
  m0: b4 |00000011111111110000000000000000| window 10 taps (781 ps), tap 11
  m1: b4 |00000011111111110000000000000000| window 10 taps (781 ps), tap 11
  m2: b4 |00000111111111000000000000000000| window 9 taps (703 ps), tap 9
  m3: b4 |00011111111110000000000000000000| window 10 taps (781 ps), tap 8
  m4: b4 |01111111111100000000000000000000| window 11 taps (859 ps), tap 6
  m5: b4 |01111111111000000000000000000000| window 10 taps (781 ps), tap 6
  m6: b5 |00000000000111111111000000000000| window 9 taps (703 ps), tap 15
  m7: b5 |00000000000111111111100000000000| window 10 taps (781 ps), tap 16
  m8: b0 |00000000000000000000000000000000| window 0 taps (0 ps)
  check at the chosen taps: errors per lane [0, 0, 0, 0, 0, 0, 0, 0, 97]
  BIST 64 MiB: wrong beats per lane [0, 0, 0, 0, 0, 0, 0, 0, 1048576]; wrong bits per lane m0:00 m1:00 m2:00 m3:00 m4:00 m5:00 m6:00 m7:00 m8:ff
