scratch 0x12345678 (ok), bus errors 0, channels [0, 1], DQS phase steps ch0 0, ch1 0 (16.7 ps each, 112 per tCK), sys 133.33 MHz, CL 7 CWL 6, FPGA 53.2 C, board 47.0 C
temperature run: channels [0, 1], 35 min of BIST, window rescans every 300 s (scan stride 1); LM73 at 0x4a
  0:00 FPGA 53.2 C, board 47.0 C
  0:12 channel 0 scan from step 0, FPGA 53.2 C, board 47.0 C:
    m0 ........................................#########################################................................
    m1 .................................##.......######################################.................................
    m2 ...................................#################.......#####################.................................
    m3 ..................................######################.........##################..............................
    m4 .....................................#############################################...............................
    m5 ...................................###############################################...............................
    m6 ...................................###############################################...............................
    m7 ....................................#############################################................................
    m8 .....................................########################################....................................
    common window 12 steps (201 ps); runs at its centre, step 15; write latency [0, 0, 0, 0, 6, 6, 6, 6, 6], read windows [9, 9, 9, 10, 10, 10, 11, 9, 9]
  0:26 channel 1 scan from step 0, FPGA 53.4 C, board 47.0 C:
    m0 .........................................................................#################.......................
    m1 ...........................................................................###############.......................
    m2 ...............................................................##########################........................
    m3 .............................................................###....................########.....................
    m4 .................................................................................#########.......................
    m5 ..............................................................######...................###.......................
    m6 .............................................................................#############.......................
    m7 ...............................................................................#########.........................
    m8 ..............................................................############.......................................
channel 1: no DQS phase works for every lane: FAIL
