forced write latency scan, channel 0, from step 15, every 1 steps (16.7 ps), 64 MiB BIST per step, FPGA 54.5 C, board 47.5 C
  wl 0 +  0 ####.....  windows  9 10  9 10  0  0  0  0  0  BIST wrong beats 0 0 0 0 1048576 1048576 1048576 1048576 1048576
  wl 0 +  1 ####.....  windows 10 10  9 10  0  0  0  0  0  BIST wrong beats 0 0 0 0 1048576 1048576 1048576 1048576 1048576
  wl 0 +  2 ####.....  windows  9 10  9 10  0  0  0  0  0  BIST wrong beats 0 0 0 0 1048576 1048576 1048576 1048576 1048576
  wl 0 +  3 ####.....  windows 10  9  9 10  0  0  0  0  0  BIST wrong beats 0 0 0 0 1048576 1048576 1048576 1048576 1048576
  wl 0 +  4 ####.....  windows  9 10  9 10  0  0  0  0  0  BIST wrong beats 0 0 0 0 1048576 1048576 1048576 1048576 1048576
  wl 0 +  5 ####.....  windows 10  9  9 10  0  0  0  0  0  BIST wrong beats 0 0 0 0 1048576 1048576 1048576 1048576 1048576
  wl 0 +  6 ####.....  windows  9  9 10 10  0  0  0  0  0  BIST wrong beats 0 0 0 0 1048576 1048576 1048576 1048576 1048576
  wl 0 +  7 ####.....  windows 10  9 10 10  0  0  0  0  0  BIST wrong beats 0 0 0 0 1048576 1048576 1048576 1048576 1048576
  wl 0 +  8 ####.....  windows  9  9  9 10  0  0  0  0  0  BIST wrong beats 0 0 0 0 1048576 1048576 1048576 1048576 1048576
  wl 0 +  9 #..#.....  windows  9 10 10 10  0  0  0  0  0  BIST wrong beats 0 1784 386 0 1048576 1048576 1048576 1048576 1048576
  wl 0 + 10 ...#.....  windows  9  9  0 10  0  0  0  0  0  BIST wrong beats 6158 143446 1048576 0 1048576 1048576 1048576 1048576 1048576
  wl 0 + 11 ...#.....  windows 10  0  0 10  0  0  0  0  0  BIST wrong beats 138945 1048576 1048576 0 1048576 1048576 1048576 1048576 1048576
  wl 0 + 12 .........  windows  0  0  0  0  0  0  0  0  2  BIST wrong beats 1048576 1048576 1048576 1048576 1048576 1048576 1048576 1048576 1045852
  wl 0 + 13 .........  windows  0  0  0  0  0  0  0  0  0  BIST wrong beats 1048576 1048576 1048576 1048576 1048576 1048576 1048576 1048576 1048576
  wl 0 + 14 .........  windows  0  0  0  0  0  0  0  0  0  BIST wrong beats 1048576 1048576 1048576 1048576 1048576 1048576 1048576 1048576 1048576
  wl 0 + 15 .........  windows  0  0  0  0  0  0  0  0  0  BIST wrong beats 1048576 1048576 1048576 1048576 1048576 1048576 1048576 1048576 1048576
  wl 0 + 16 .........  windows  0  0  0  0  0  0  0  0  0  BIST wrong beats 1048576 1048576 1048576 1048576 1048576 1048576 1048576 1048576 1048576
  wl 0 + 17 .........  windows  0  0  0  0  0  0  0  0  0  BIST wrong beats 1048576 1048576 1048576 1048576 1048576 1048576 1048576 1048576 1048576
  wl 0 + 18 .........  windows  0  0  0  0  0  0  0  0  0  BIST wrong beats 1048576 1048576 1048576 1048576 1048576 1048576 1048576 1048576 1048576
  wl 0 + 19 .........  windows  0  0  0  0  0  0  0  0  0  BIST wrong beats 1048576 1048576 1048576 1048576 1048576 1048576 1048576 1048576 1048576
  wl 0 + 20 .........  windows  0  0  0  0  0  0  0  0  0  BIST wrong beats 1048576 1048576 1048576 1048576 1048576 1048576 1048576 1048576 1048576
  wl 0 + 21 .........  windows  0  0  0  0  0  0  0  0  0  BIST wrong beats 1048576 1048576 1048576 1048576 1048576 1048576 1048576 1048576 1048576
  wl 0 + 22 .........  windows  0  0  0  0  0  0  0  0  0  BIST wrong beats 1048576 1048576 1048576 1048576 1048576 1048576 1048576 1048576 1048576
  wl 0 + 23 .........  windows  0  0  0  0  0  0  0  0  0  BIST wrong beats 1048576 1048576 1048576 1048576 1048576 1048576 1048576 1048576 1048576
  wl 0 + 24 .........  windows  0  0  0  0  0  0  0  0  0  BIST wrong beats 1048576 1048576 1048576 1048576 1048576 1048576 1048576 1048576 1048576
  wl 0 + 25 .........  windows  0  0  0  0  0  0  0  0  0  BIST wrong beats 1048576 1048576 1048576 1048576 1048576 1048576 1048576 1048576 1048576
  wl 0 + 26 .........  windows  0  0  0  0  0  0  0  0  0  BIST wrong beats 1048576 1048576 1048576 1048576 1048576 1048576 1048576 1048576 1048576
  wl 0 + 27 .........  windows  0  0  0  0  0  0  0  0  0  BIST wrong beats 1048576 1048576 1048576 1048576 1048576 1048576 1048576 1048576 1048576
  wl 0 + 28 .........  windows  0  0  0  0  0  0  0  0  0  BIST wrong beats 1048576 1048576 1048576 1048576 1048576 1048576 1048576 1048576 1048576
  wl 0 + 29 .........  windows  0  0  0  0  0  0  0  0  0  BIST wrong beats 1048576 1048576 1048576 1048576 1048576 1048576 1048576 1048576 1048576
  wl 0 + 30 .........  windows  0  0  0  0  0  0  0  0  0  BIST wrong beats 1048576 1048576 1048576 1048576 1048576 1048576 1048576 1048576 1048576
  wl 0 + 31 .........  windows  0  0  0  0  0  0  0  0  0  BIST wrong beats 1048576 1048576 1048576 1048576 1048576 1048576 1048576 1048576 1048576
  wl 0 + 32 .........  windows  0  0  0  0  0  0  0  0  0  BIST wrong beats 1048576 1048576 1048576 1048576 1048576 1048576 1048576 1048576 1048576
  wl 0 + 33 .........  windows  0  0  0  0  0  0  0  0  0  BIST wrong beats 1048576 1048576 1048576 1048576 1048576 1048576 1048576 1048576 1048576
  wl 0 + 34 .........  windows  0  0  0  0  0  0  0  0  0  BIST wrong beats 1048576 1048576 1048576 1048576 1048576 1048576 1048576 1048576 1048576
  wl 0 + 35 .........  windows  0  0  0  0  0  0  0  0  0  BIST wrong beats 1048576 1048576 1048576 1048576 1048576 1048576 1048576 1048576 1048576
  wl 0 + 36 .........  windows  0  0  0  0  0  0  0  0  0  BIST wrong beats 1048576 1048576 1048576 1048576 1048576 1048576 1048576 1048576 1048576
  wl 0 + 37 .........  windows  0  0  0  0  0  0  0  0  0  BIST wrong beats 1048576 1048576 1048576 1048576 1048576 1048576 1048576 1048576 1048576
  wl 0 + 38 .........  windows  0  0  0  0  0  0  0  0  0  BIST wrong beats 1048576 1048576 1048576 1048576 1048576 1048576 1048576 1048576 1048576
  wl 0 + 39 .........  windows  0  0  0  0  0  0  0  0  0  BIST wrong beats 1048576 1048576 1048576 1048576 1048576 1048576 1048576 1048576 1048576
  wl 0 + 40 .........  windows  0  0  0  0  0  0  0  0  0  BIST wrong beats 1048576 1048576 1048576 1048576 1048576 1048576 1048576 1048576 1048576
  wl 0 + 41 .........  windows  0  0  0  0  0  0  0  0  0  BIST wrong beats 1048576 1048576 1048576 1048576 1048576 1048576 1048576 1048576 1048576
  wl 0 + 42 .........  windows  0  0  0  0  0  0  0  0  0  BIST wrong beats 1048576 1048576 1048576 1048576 1048576 1048576 1048576 1048576 1048576
  wl 0 + 43 .........  windows  0  0  0  0  0  0  0  0  0  BIST wrong beats 1048576 1048576 1048576 1048576 1048576 1048576 1048576 1048576 1048576
  wl 0 + 44 .........  windows  0  0  0  0  0  0  0  0  0  BIST wrong beats 1048576 1048576 1048576 1048576 1048576 1048576 1048576 1048576 1048576
  wl 0 + 45 .........  windows  0  0  0  0  0  0  0  0  0  BIST wrong beats 1048576 1048576 1048576 1048576 1048576 1048576 1048576 1048576 1048576
  wl 0 + 46 .........  windows  0  0  0  0  0  0  0  0  0  BIST wrong beats 1048576 1048576 1048576 1048576 1048576 1048576 1048576 1048576 1048576
  wl 0 + 47 .........  windows  0  0  0  0  0  0  0  0  0  BIST wrong beats 1048576 1048576 1048576 1048576 1048576 1048576 1048576 1048576 1048576
  wl 0 + 48 .........  windows  0  0  0  0  0  0  0  0  0  BIST wrong beats 1048576 1048576 1048576 1048576 1048576 1048576 1048576 1048576 1048576
  wl 0 + 49 .........  windows  0  0  0  0  0  0  0  0  0  BIST wrong beats 1048576 1048576 1048576 1048576 1048576 1048576 1048576 1048576 1048576
  wl 0 + 50 .........  windows  0  0  0  0  0  0  0  0  0  BIST wrong beats 1048576 1048576 1048576 1048576 1048576 1048576 1048576 1048576 1048576
  wl 0 + 51 .........  windows  0  0  0  0  0  0  0  0  0  BIST wrong beats 1048576 1048576 1048576 1048576 1048576 1048576 1048576 1048576 1048576
  wl 0 + 52 .........  windows  0  0  0  0  0  0  0  0  0  BIST wrong beats 1048576 1048576 1048576 1048576 1048576 1048576 1048576 1048576 1048576
  wl 0 + 53 .........  windows  0  0  0  0  0  0  0  0  0  BIST wrong beats 1048576 1048576 1048576 1048576 1048576 1048576 1048576 1048576 1048576
  wl 0 + 54 .........  windows  0  0  0  0  0  0  0  0  0  BIST wrong beats 1048576 1048576 1048576 1048576 1048576 1048576 1048576 1048576 1048576
  wl 0 + 55 .........  windows  0  0  0  0  0  0  0  0  0  BIST wrong beats 1048576 1048576 1048576 1048576 1048576 1048576 1048576 1048576 1048576
  wl 0 + 56 .........  windows  0  0  0  0  0  0  0  0  0  BIST wrong beats 1048576 1048576 1048576 1048576 1048576 1048576 1048576 1048576 1048576
  wl 0 + 57 .........  windows  0  0  0  0  0  0  0  0  0  BIST wrong beats 1048576 1048576 1048576 1048576 1048576 1048576 1048576 1048576 1048576
  wl 0 + 58 .........  windows  0  0  0  0  0  0  0  0  0  BIST wrong beats 1048576 1048576 1048576 1048576 1048576 1048576 1048576 1048576 1048576
  wl 0 + 59 .........  windows  0  0  0  0  0  0  0  0  0  BIST wrong beats 1048576 1048576 1048576 1048576 1048576 1048576 1048576 1048576 1048576
  wl 0 + 60 .........  windows  0  0  0  0  0  0  0  0  0  BIST wrong beats 1048576 1048576 1048576 1048576 1048576 1048576 1048576 1048576 1048576
  wl 0 + 61 .........  windows  0  0  0  0  0  0  0  0  0  BIST wrong beats 1048576 1048576 1048576 1048576 1048576 1048576 1048576 1048576 1048576
  wl 0 + 62 .........  windows  0  0  0  0  0  0  0  0  0  BIST wrong beats 1048576 1048576 1048576 1048576 1048576 1048576 1048576 1048576 1048576
  wl 0 + 63 .........  windows  0  0  0  0  0  0  0  0  0  BIST wrong beats 1048576 1048576 1048576 1048576 1048576 1048576 1048576 1048576 1048576
  wl 0 + 64 .........  windows  0  0  0  0  0  0  0  0  0  BIST wrong beats 1048576 1048576 1048576 1048576 1048576 1048576 1048576 1048576 1048576
  wl 0 + 65 .........  windows  0  0  0  0  0  0  0  0  0  BIST wrong beats 1048576 1048576 1048576 1048576 1048576 1048576 1048576 1048576 1048576
  wl 0 + 66 .........  windows  0  0  0  0  0  0  0  0  0  BIST wrong beats 1048576 1048576 1048576 1048576 1048576 1048576 1048576 1048576 1048576
  wl 0 + 67 .........  windows  0  0  0  0  0  0  0  0  0  BIST wrong beats 1048576 1048576 1048576 1048576 1048576 1048576 1048576 1048576 1048576
  wl 0 + 68 .........  windows  0  0  0  0  0  0  0  0  0  BIST wrong beats 1048576 1048576 1048576 1048576 1048576 1048576 1048576 1048576 1048576
  wl 0 + 69 .........  windows  0  0  0  0  0  0  0  0  0  BIST wrong beats 1048576 1048576 1048576 1048576 1048576 1048576 1048576 1048576 1048576
  wl 0 + 70 .........  windows  0  0  0  0  0  0  0  0  0  BIST wrong beats 1048576 1048576 1048576 1048576 1048576 1048576 1048576 1048576 1048576
  wl 0 + 71 .........  windows  0  0  0  0  0  0  0  0  0  BIST wrong beats 1048576 1048576 1048576 1048576 1048576 1048576 1048576 1048576 1048576
  wl 0 + 72 .........  windows  0  0  0  0  0  0  0  0  0  BIST wrong beats 1048576 1048576 1048576 1048576 1048576 1048576 1048576 1048576 1048576
  wl 0 + 73 .........  windows  0  0  0  0  0  0  0  0  0  BIST wrong beats 1048576 1048576 1048576 1048576 1048576 1048576 1048576 1048576 1048576
  wl 0 + 74 .........  windows  0  0  0  0  0  0  0  0  0  BIST wrong beats 1048576 1048576 1048576 1048576 1048576 1048576 1048576 1048576 1048576
  wl 0 + 75 .........  windows  0  0  0  0  0  0  0  0  0  BIST wrong beats 1048576 1048576 1048576 1048576 1048576 1048576 1048576 1048576 1048576
  wl 0 + 76 .........  windows  0  0  0  0  0  0  0  0  0  BIST wrong beats 1048576 1048576 1048576 1048576 1048576 1048576 1048576 1048576 1048576
  wl 0 + 77 .........  windows  0  0  0  0  0  0  0  0  0  BIST wrong beats 1048576 1048576 1048576 1048576 1048576 1048576 1048576 1048576 1048576
  wl 0 + 78 .........  windows 10  0  0  0  0  0  0  0  0  BIST wrong beats 1034790 1048576 1048576 1048576 1048576 1048576 1048576 1048576 1048576
  wl 0 + 79 .........  windows  9  0  0  0  0  0  0  0  0  BIST wrong beats 140388 1048576 1048576 1048576 1048576 1048576 1048576 1048576 1048576
  wl 0 + 80 .........  windows  9  0  0  0  0  0  0  0  0  BIST wrong beats 6 1048576 1048576 1048576 1048576 1048576 1048576 1048576 1048576
  wl 0 + 81 #........  windows 10  9  0  0  0  0  0  0  0  BIST wrong beats 0 1048024 1048576 1048576 1048576 1048576 1048576 1048576 1048576
  wl 0 + 82 #........  windows  9 10  0  0  0  0  0  0  0  BIST wrong beats 0 1025722 1048576 1048576 1048576 1048576 1048576 1048576 1048576
  wl 0 + 83 #........  windows 10 10  0  0  0  0  0  0  0  BIST wrong beats 0 1 1048576 1048576 1048576 1048576 1048576 1048576 1048576
  wl 0 + 84 ##.......  windows  9 10  0  0  0  0  0  0  0  BIST wrong beats 0 0 1048576 1048576 1048576 1048576 1048576 1048576 1048576
  wl 0 + 85 ##.......  windows  9  9  0  0  0  0  0  0  0  BIST wrong beats 0 0 1048576 1048576 1048576 1048576 1048576 1048576 1048576
  wl 0 + 86 ##.......  windows 10  9  0  0  0  0  0  0  0  BIST wrong beats 0 0 1048576 1048576 1048576 1048576 1048576 1048576 1048576
  wl 0 + 87 ##.......  windows  9  9  0  0  0  0  0  0  0  BIST wrong beats 0 0 1048576 1048576 1048576 1048576 1048576 1048576 1048576
  wl 0 + 88 ##.......  windows 10 10  0  0  0  0  0  0  0  BIST wrong beats 0 0 1048576 1048576 1048576 1048576 1048576 1048576 1048576
  wl 0 + 89 ##.......  windows 10  9  0  0  0  0  0  0  0  BIST wrong beats 0 0 1048576 1048576 1048576 1048576 1048576 1048576 1048576
  wl 0 + 90 ##.......  windows 10  9  0  0  0  0  0  0  0  BIST wrong beats 0 0 1048576 1048576 1048576 1048576 1048576 1048576 1048576
  wl 0 + 91 ##.......  windows 10  9  0  0  0  0  0  0  0  BIST wrong beats 0 0 1048576 1048576 1048576 1048576 1048576 1048576 1048576
  wl 0 + 92 ##.......  windows 10 10  0  0  0  0  0  0  0  BIST wrong beats 0 0 1048576 1048576 1048576 1048576 1048576 1048576 1048576
  wl 0 + 93 ##.......  windows 10  9  0  0  0  0  0  0  0  BIST wrong beats 0 0 1048576 1048576 1048576 1048576 1048576 1048576 1048576
  wl 0 + 94 ##.......  windows 10  9  0  0  0  0  0  0  0  BIST wrong beats 0 0 1048576 1048576 1048576 1048576 1048576 1048576 1048576
  wl 0 + 95 ##.......  windows  9  9  0  0  0  0  0  0  0  BIST wrong beats 0 0 1048576 1048576 1048576 1048576 1048576 1048576 1048576
  wl 0 + 96 ##.......  windows 10  9  0  0  0  0  0  0  0  BIST wrong beats 0 0 1048576 1048576 1048576 1048576 1048576 1048576 1048576
  wl 0 + 97 ##.......  windows  9  9  9  0  0  0  0  0  0  BIST wrong beats 0 0 1048488 1048576 1048576 1048576 1048576 1048576 1048576
  wl 0 + 98 ##.......  windows 10  9  9  0  0  0  0  0  0  BIST wrong beats 0 0 926184 1048576 1048576 1048576 1048576 1048576 1048576
  wl 0 + 99 ##.......  windows  9  9  9  0  0  0  0  0  0  BIST wrong beats 0 0 61 1048576 1048576 1048576 1048576 1048576 1048576
  wl 0 +100 ###......  windows 10  9  9  0  0  0  0  0  0  BIST wrong beats 0 0 0 1048576 1048576 1048576 1048576 1048576 1048576
  wl 0 +101 ###......  windows 10 10 10  0  0  0  0  0  0  BIST wrong beats 0 0 0 1048576 1048576 1048576 1048576 1048576 1048576
  wl 0 +102 ###......  windows  9  9  9  0  0  0  0  0  0  BIST wrong beats 0 0 0 1048576 1048576 1048576 1048576 1048576 1048576
  wl 0 +103 ###......  windows 10  9  9  2  0  0  0  0  0  BIST wrong beats 0 0 0 1048395 1048576 1048576 1048576 1048576 1048576
  wl 0 +104 ###......  windows 10  9  9 10  0  0  0  0  0  BIST wrong beats 0 0 0 148439 1048576 1048576 1048576 1048576 1048576
  wl 0 +105 ###......  windows 10 10  9 10  0  0  0  0  0  BIST wrong beats 0 0 0 401 1048576 1048576 1048576 1048576 1048576
  wl 0 +106 ####.....  windows  9  9  9 10  0  0  0  0  0  BIST wrong beats 0 0 0 0 1048576 1048576 1048576 1048576 1048576
  wl 0 +107 ####.....  windows 10 10  9 10  0  0  0  0  0  BIST wrong beats 0 0 0 0 1048576 1048576 1048576 1048576 1048576
  wl 0 +108 ####.....  windows  9  9  9 10  0  0  0  0  0  BIST wrong beats 0 0 0 0 1048576 1048576 1048576 1048576 1048576
  wl 0 +109 ####.....  windows  9 10  9 10  0  0  0  0  0  BIST wrong beats 0 0 0 0 1048576 1048576 1048576 1048576 1048576
  wl 0 +110 ####.....  windows  9 10 10 10  0  0  0  0  0  BIST wrong beats 0 0 0 0 1048576 1048576 1048576 1048576 1048576
  wl 0 +111 ####.....  windows  9 10  9 10  0  0  0  0  0  BIST wrong beats 0 0 0 0 1048576 1048576 1048576 1048576 1048576
  wl 6 +  0 ....#####  windows  0  0  0  0  9 10 10 10  9  BIST wrong beats 1048576 1048576 1048576 1048576 0 0 0 0 0
  wl 6 +  1 ....#####  windows  0  0  0  0 10 11 11  9 10  BIST wrong beats 1048576 1048576 1048576 1048576 0 0 0 0 0
  wl 6 +  2 ....#####  windows  0  0  0  0 10 10 10 10  9  BIST wrong beats 1048576 1048576 1048576 1048576 0 0 0 0 0
  wl 6 +  3 ....#####  windows  0  0  0  0  9 11 10 10  9  BIST wrong beats 1048576 1048576 1048576 1048576 0 0 0 0 0
  wl 6 +  4 ....#####  windows  0  0  0  0 10 10 11 10  9  BIST wrong beats 1048576 1048576 1048576 1048576 0 0 0 0 0
  wl 6 +  5 ....#####  windows  0  0  0  0 10 10 11 10  9  BIST wrong beats 1048576 1048576 1048576 1048576 0 0 0 0 0
  wl 6 +  6 ....####.  windows  0  0  0  0 10 10 11 10  9  BIST wrong beats 1048576 1048576 1048576 1048576 0 0 0 0 537
  wl 6 +  7 ....####.  windows  0  0  0  0  9 10 11 10  3  BIST wrong beats 1048576 1048576 1048576 1048576 0 0 0 0 408228
  wl 6 +  8 ....####.  windows  0  0  0  0  9 10 10 10  0  BIST wrong beats 1048576 1048576 1048576 1048576 0 0 0 0 1048576
  wl 6 +  9 ....####.  windows  0  0  0  0 10 10 11 10  0  BIST wrong beats 1048576 1048576 1048576 1048576 0 0 0 0 1048576
  wl 6 + 10 ....###..  windows  0  0  0  0 10 10 11 10  0  BIST wrong beats 1048576 1048576 1048576 1048576 0 0 0 1058 1048576
  wl 6 + 11 .........  windows  0  0  0  0  9 10 10 10  0  BIST wrong beats 1048576 1048576 1048576 1048576 74 158 1247 31881 1048576
  wl 6 + 12 .........  windows  0  0  0  0  9  9 11 10  0  BIST wrong beats 1048576 1048576 1048576 1048576 67614 126117 115063 395609 1048576
  wl 6 + 13 .........  windows  0  0  0  0  0  0  0  0  0  BIST wrong beats 1048576 1048576 1048576 1048576 1048576 1048576 1048576 1048576 1048576
  wl 6 + 14 .........  windows  0  0  0  0  0  0  0  0  0  BIST wrong beats 1048576 1048576 1048576 1048576 1048576 1048576 1048576 1048576 1048576
  wl 6 + 15 .........  windows  0  0  0  0  0  0  0  0  0  BIST wrong beats 1048576 1048576 1048576 1048576 1048576 1048576 1048576 1048576 1048576
  wl 6 + 16 .........  windows  0  0  0  0  0  0  0  0  0  BIST wrong beats 1048576 1048576 1048576 1048576 1048576 1048576 1048576 1048576 1048576
  wl 6 + 17 .........  windows  0  0  0  0  0  0  0  0  0  BIST wrong beats 1048576 1048576 1048576 1048576 1048576 1048576 1048576 1048576 1048576
  wl 6 + 18 .........  windows  0  0  0  0  0  0  0  0  0  BIST wrong beats 1048576 1048576 1048576 1048576 1048576 1048576 1048576 1048576 1048576
  wl 6 + 19 .........  windows  0  0  0  0  0  0  0  0  0  BIST wrong beats 1048576 1048576 1048576 1048576 1048576 1048576 1048576 1048576 1048576
  wl 6 + 20 .........  windows  0  0  0  0  0  0  0  0  0  BIST wrong beats 1048576 1048576 1048576 1048576 1048576 1048576 1048576 1048576 1048576
  wl 6 + 21 .........  windows  0  0  0  0  0  0  0  0  0  BIST wrong beats 1048576 1048576 1048576 1048576 1048576 1048576 1048576 1048576 1048576
  wl 6 + 22 .........  windows  0  0  0  0  0  0  0  0  0  BIST wrong beats 1048576 1048576 1048576 1048576 1048576 1048576 1048576 1048576 1048576
  wl 6 + 23 .........  windows  0  0  0  0  0  0  0  0  0  BIST wrong beats 1048576 1048576 1048576 1048576 1048576 1048576 1048576 1048576 1048576
  wl 6 + 24 .........  windows  0  0  0  0  0  0  0  0  0  BIST wrong beats 1048576 1048576 1048576 1048576 1048576 1048576 1048576 1048576 1048576
  wl 6 + 25 .........  windows  0  0  0  0  0  0  0  0  0  BIST wrong beats 1048576 1048576 1048576 1048576 1048576 1048576 1048576 1048576 1048576
  wl 6 + 26 .........  windows  0  0  0  0  0  0  0  0  0  BIST wrong beats 1048576 1048576 1048576 1048576 1048576 1048576 1048576 1048576 1048576
  wl 6 + 27 .........  windows  0  0  0  0  0  0  0  0  0  BIST wrong beats 1048576 1048576 1048576 1048576 1048576 1048576 1048576 1048576 1048576
  wl 6 + 28 .........  windows  0  0  0  0  0  0  0  0  0  BIST wrong beats 1048576 1048576 1048576 1048576 1048576 1048576 1048576 1048576 1048576
  wl 6 + 29 .........  windows  0  0  0  0  0  0  0  0  0  BIST wrong beats 1048576 1048576 1048576 1048576 1048576 1048576 1048576 1048576 1048576
  wl 6 + 30 .........  windows  0  0  0  0  0  0  0  0  0  BIST wrong beats 1048576 1048576 1048576 1048576 1048576 1048576 1048576 1048576 1048576
  wl 6 + 31 .........  windows  0  0  0  0  0  0  0  0  0  BIST wrong beats 1048576 1048576 1048576 1048576 1048576 1048576 1048576 1048576 1048576
  wl 6 + 32 .........  windows  0  0  0  0  0  0  0  0  0  BIST wrong beats 1048576 1048576 1048576 1048576 1048576 1048576 1048576 1048576 1048576
  wl 6 + 33 .........  windows  0  0  0  0  0  0  0  0  0  BIST wrong beats 1048576 1048576 1048576 1048576 1048576 1048576 1048576 1048576 1048576
  wl 6 + 34 .........  windows  0  0  0  0  0  0  0  0  0  BIST wrong beats 1048576 1048576 1048576 1048576 1048576 1048576 1048576 1048576 1048576
  wl 6 + 35 .........  windows  0  0  0  0  0  0  0  0  0  BIST wrong beats 1048576 1048576 1048576 1048576 1048576 1048576 1048576 1048576 1048576
  wl 6 + 36 .........  windows  0  0  0  0  0  0  0  0  0  BIST wrong beats 1048576 1048576 1048576 1048576 1048576 1048576 1048576 1048576 1048576
  wl 6 + 37 .........  windows  0  0  0  0  0  0  0  0  0  BIST wrong beats 1048576 1048576 1048576 1048576 1048576 1048576 1048576 1048576 1048576
  wl 6 + 38 .........  windows  0  0  0  0  0  0  0  0  0  BIST wrong beats 1048576 1048576 1048576 1048576 1048576 1048576 1048576 1048576 1048576
  wl 6 + 39 .........  windows  0  0  0  0  0  0  0  0  0  BIST wrong beats 1048576 1048576 1048576 1048576 1048576 1048576 1048576 1048576 1048576
  wl 6 + 40 .........  windows  0  0  0  0  0  0  0  0  0  BIST wrong beats 1048576 1048576 1048576 1048576 1048576 1048576 1048576 1048576 1048576
  wl 6 + 41 .........  windows  0  0  0  0  0  0  0  0  0  BIST wrong beats 1048576 1048576 1048576 1048576 1048576 1048576 1048576 1048576 1048576
  wl 6 + 42 .........  windows  0  0  0  0  0  0  0  0  0  BIST wrong beats 1048576 1048576 1048576 1048576 1048576 1048576 1048576 1048576 1048576
  wl 6 + 43 .........  windows  0  0  0  0  0  0  0  0  0  BIST wrong beats 1048576 1048576 1048576 1048576 1048576 1048576 1048576 1048576 1048576
  wl 6 + 44 .........  windows  0  0  0  0  0  0  0  0  0  BIST wrong beats 1048576 1048576 1048576 1048576 1048576 1048576 1048576 1048576 1048576
  wl 6 + 45 .........  windows  0  0  0  0  0  0  0  0  0  BIST wrong beats 1048576 1048576 1048576 1048576 1048576 1048576 1048576 1048576 1048576
  wl 6 + 46 .........  windows  0  0  0  0  0  0  0  0  0  BIST wrong beats 1048576 1048576 1048576 1048576 1048576 1048576 1048576 1048576 1048576
  wl 6 + 47 .........  windows  0  0  0  0  0  0  0  0  0  BIST wrong beats 1048576 1048576 1048576 1048576 1048576 1048576 1048576 1048576 1048576
  wl 6 + 48 .........  windows  0  0  0  0  0  0  0  0  0  BIST wrong beats 1048576 1048576 1048576 1048576 1048576 1048576 1048576 1048576 1048576
  wl 6 + 49 .........  windows  0  0  0  0  0  0  0  0  0  BIST wrong beats 1048576 1048576 1048576 1048576 1048576 1048576 1048576 1048576 1048576
  wl 6 + 50 .........  windows  0  0  0  0  0  0  0  0  0  BIST wrong beats 1048576 1048576 1048576 1048576 1048576 1048576 1048576 1048576 1048576
  wl 6 + 51 .........  windows  0  0  0  0  0  0  0  0  0  BIST wrong beats 1048576 1048576 1048576 1048576 1048576 1048576 1048576 1048576 1048576
  wl 6 + 52 .........  windows  0  0  0  0  0  0  0  0  0  BIST wrong beats 1048576 1048576 1048576 1048576 1048576 1048576 1048576 1048576 1048576
  wl 6 + 53 .........  windows  0  0  0  0  0  0  0  0  0  BIST wrong beats 1048576 1048576 1048576 1048576 1048576 1048576 1048576 1048576 1048576
  wl 6 + 54 .........  windows  0  0  0  0  0  0  0  0  0  BIST wrong beats 1048576 1048576 1048576 1048576 1048576 1048576 1048576 1048576 1048576
  wl 6 + 55 .........  windows  0  0  0  0  0  0  0  0  0  BIST wrong beats 1048576 1048576 1048576 1048576 1048576 1048576 1048576 1048576 1048576
  wl 6 + 56 .........  windows  0  0  0  0  0  0  0  0  0  BIST wrong beats 1048576 1048576 1048576 1048576 1048576 1048576 1048576 1048576 1048576
  wl 6 + 57 .........  windows  0  0  0  0  0  0  0  0  0  BIST wrong beats 1048576 1048576 1048576 1048576 1048576 1048576 1048576 1048576 1048576
  wl 6 + 58 .........  windows  0  0  0  0  0  0  0  0  0  BIST wrong beats 1048576 1048576 1048576 1048576 1048576 1048576 1048576 1048576 1048576
  wl 6 + 59 .........  windows  0  0  0  0  0  0  0  0  0  BIST wrong beats 1048576 1048576 1048576 1048576 1048576 1048576 1048576 1048576 1048576
  wl 6 + 60 .........  windows  0  0  0  0  0  0  0  0  0  BIST wrong beats 1048576 1048576 1048576 1048576 1048576 1048576 1048576 1048576 1048576
  wl 6 + 61 .........  windows  0  0  0  0  0  0  0  0  0  BIST wrong beats 1048576 1048576 1048576 1048576 1048576 1048576 1048576 1048576 1048576
  wl 6 + 62 .........  windows  0  0  0  0  0  0  0  0  0  BIST wrong beats 1048576 1048576 1048576 1048576 1048576 1048576 1048576 1048576 1048576
  wl 6 + 63 .........  windows  0  0  0  0  0  0  0  0  0  BIST wrong beats 1048576 1048576 1048576 1048576 1048576 1048576 1048576 1048576 1048576
  wl 6 + 64 .........  windows  0  0  0  0  0  0  0  0  0  BIST wrong beats 1048576 1048576 1048576 1048576 1048576 1048576 1048576 1048576 1048576
  wl 6 + 65 .........  windows  0  0  0  0  0  0  0  0  0  BIST wrong beats 1048576 1048576 1048576 1048576 1048576 1048576 1048576 1048576 1048576
  wl 6 + 66 .........  windows  0  0  0  0  0  0  0  0  0  BIST wrong beats 1048576 1048576 1048576 1048576 1048576 1048576 1048576 1048576 1048576
  wl 6 + 67 .........  windows  0  0  0  0  0  0  0  0  0  BIST wrong beats 1048576 1048576 1048576 1048576 1048576 1048576 1048576 1048576 1048576
  wl 6 + 68 .........  windows  0  0  0  0  0  0  0  0  0  BIST wrong beats 1048576 1048576 1048576 1048576 1048576 1048576 1048576 1048576 1048576
  wl 6 + 69 .........  windows  0  0  0  0  0  0  0  0  0  BIST wrong beats 1048576 1048576 1048576 1048576 1048576 1048576 1048576 1048576 1048576
  wl 6 + 70 .........  windows  0  0  0  0  0  0  0  0  0  BIST wrong beats 1048576 1048576 1048576 1048576 1048576 1048576 1048576 1048576 1048576
  wl 6 + 71 .........  windows  0  0  0  0  0  0  0  0  0  BIST wrong beats 1048576 1048576 1048576 1048576 1048576 1048576 1048576 1048576 1048576
  wl 6 + 72 .........  windows  0  0  0  0  0  0  0  0  0  BIST wrong beats 1048576 1048576 1048576 1048576 1048576 1048576 1048576 1048576 1048576
  wl 6 + 73 .........  windows  0  9  0  0  0  0  0  0  0  BIST wrong beats 1048576 6518 1048576 1048576 1048576 1048576 1048576 1048576 1048576
  wl 6 + 74 .........  windows  0  9  9 10  0  0  7  0  0  BIST wrong beats 1048576 1 50402 1074 1048576 1048576 4382 1048576 1048576
  wl 6 + 75 .#.#..#..  windows  0  9  9 10  0 10 10 10  0  BIST wrong beats 1048576 0 1548 0 1048576 19100 0 55250 1048576
  wl 6 + 76 ..##.##..  windows  0  9  9 10  6 10 10 10 10  BIST wrong beats 1048576 526234 0 0 6660 0 0 263 1358
  wl 6 + 77 ..##.##..  windows  0  5  9 10 10 10 10 10 10  BIST wrong beats 1048576 907604 0 0 206 0 0 8 73
  wl 6 + 78 ..#######  windows  0  0  9 10 10 11 11  9  9  BIST wrong beats 1048576 1048576 0 0 0 0 0 0 0
  wl 6 + 79 ..#######  windows  0  0  9 10  9 10 10 10  9  BIST wrong beats 1048576 1048576 0 0 0 0 0 0 0
  wl 6 + 80 ..#######  windows  0  0  9 10 10 10 10 10 10  BIST wrong beats 1048576 1048576 0 0 0 0 0 0 0
  wl 6 + 81 ..#######  windows  0  0  9 10 10 10 10 10 10  BIST wrong beats 1048576 1048576 0 0 0 0 0 0 0
  wl 6 + 82 ..#######  windows  0  0  9 10 10 10 10 10 10  BIST wrong beats 1048576 1048576 0 0 0 0 0 0 0
  wl 6 + 83 ..#######  windows  0  0  9 10 10 10 10 10 10  BIST wrong beats 1048576 1048576 0 0 0 0 0 0 0
  wl 6 + 84 ..#######  windows  0  0  9 10  9 10 10 10 10  BIST wrong beats 1048576 1048576 0 0 0 0 0 0 0
  wl 6 + 85 ..#######  windows  0  0  9  9  9 11 10 10  9  BIST wrong beats 1048576 1048576 0 0 0 0 0 0 0
  wl 6 + 86 ..#######  windows  0  0 10  9  9 10 10 10 10  BIST wrong beats 1048576 1048576 0 0 0 0 0 0 0
  wl 6 + 87 ..#######  windows  0  0  9 10 10 11 11 10  9  BIST wrong beats 1048576 1048576 0 0 0 0 0 0 0
  wl 6 + 88 ..#######  windows  0  0 10 10 10 10 11 10  9  BIST wrong beats 1048576 1048576 0 0 0 0 0 0 0
  wl 6 + 89 ..#######  windows  0  0 10 10 10 10 10 10  9  BIST wrong beats 1048576 1048576 0 0 0 0 0 0 0
  wl 6 + 90 ..#######  windows  0  0  9 10  9 10 10 10 10  BIST wrong beats 1048576 1048576 0 0 0 0 0 0 0
  wl 6 + 91 ..#######  windows  0  0  9 10 10 11 11 10 10  BIST wrong beats 1048576 1048576 0 0 0 0 0 0 0
  wl 6 + 92 ..#######  windows  0  0  9 10 10 11 10 10  9  BIST wrong beats 1048576 1048576 0 0 0 0 0 0 0
  wl 6 + 93 ...######  windows  0  0  9 10  9 11 10 10  9  BIST wrong beats 1048576 1048576 156431 0 0 0 0 0 0
  wl 6 + 94 ...######  windows  0  0  4 10 10 10 10 10  9  BIST wrong beats 1048576 1048576 989195 0 0 0 0 0 0
  wl 6 + 95 ...######  windows  0  0  0 10  9 10 10 10 10  BIST wrong beats 1048576 1048576 1048576 0 0 0 0 0 0
  wl 6 + 96 ...######  windows  0  0  0 10 10 10 10  9  9  BIST wrong beats 1048576 1048576 1048576 0 0 0 0 0 0
  wl 6 + 97 ....#####  windows  0  0  0 10 10 10 11 10  9  BIST wrong beats 1048576 1048576 1048576 7533 0 0 0 0 0
  wl 6 + 98 ....#####  windows  0  0  0 10 10 10 10 10  9  BIST wrong beats 1048576 1048576 1048576 519114 0 0 0 0 0
  wl 6 + 99 ....#####  windows  0  0  0  1 10 10 11 10  9  BIST wrong beats 1048576 1048576 1048576 1043264 0 0 0 0 0
  wl 6 +100 ....#####  windows  0  0  0  0 10 10 11 10  9  BIST wrong beats 1048576 1048576 1048576 1048576 0 0 0 0 0
  wl 6 +101 ....#####  windows  0  0  0  0  9 11 10 10  9  BIST wrong beats 1048576 1048576 1048576 1048576 0 0 0 0 0
  wl 6 +102 ....#####  windows  0  0  0  0 10 11 11 10  9  BIST wrong beats 1048576 1048576 1048576 1048576 0 0 0 0 0
  wl 6 +103 ....#####  windows  0  0  0  0 10 10 11 10  9  BIST wrong beats 1048576 1048576 1048576 1048576 0 0 0 0 0
  wl 6 +104 ....#####  windows  0  0  0  0 10 10 11 10  9  BIST wrong beats 1048576 1048576 1048576 1048576 0 0 0 0 0
  wl 6 +105 ....#####  windows  0  0  0  0 10 10 11 10 10  BIST wrong beats 1048576 1048576 1048576 1048576 0 0 0 0 0
  wl 6 +106 ....#####  windows  0  0  0  0 10 10 11 10  9  BIST wrong beats 1048576 1048576 1048576 1048576 0 0 0 0 0
  wl 6 +107 ....#####  windows  0  0  0  0 10 10 11 10 10  BIST wrong beats 1048576 1048576 1048576 1048576 0 0 0 0 0
  wl 6 +108 ....#####  windows  0  0  0  0 10 10 11 10 10  BIST wrong beats 1048576 1048576 1048576 1048576 0 0 0 0 0
  wl 6 +109 ....#####  windows  0  0  0  0 10 11 11 10  9  BIST wrong beats 1048576 1048576 1048576 1048576 0 0 0 0 0
  wl 6 +110 ....#####  windows  0  0  0  0 10 10 10 10 10  BIST wrong beats 1048576 1048576 1048576 1048576 0 0 0 0 0
  wl 6 +111 ....#####  windows  0  0  0  0 10 11 11 10  9  BIST wrong beats 1048576 1048576 1048576 1048576 0 0 0 0 0
per lane and write latency: the passing runs in steps from 15 (width in steps / ps; edges: steps from the run's end to half the beats wrong), FPGA 54.6 C, board 47.8 C
  m0 wl 0: +81..+121 (41 / 686 ps; edges 3 / 3)
  m1 wl 0: +84..+120 (37 / 619 ps; edges 2 / 3)
  m2 wl 0: +100..+120 (21 / 352 ps; edges 2 / 2)
  m3 wl 0: +106..+123 (18 / 301 ps; edges 3 / 1)
  m4 wl 0: none
  m5 wl 0: none
  m6 wl 0: none
  m7 wl 0: none
  m8 wl 0: none
  m0 wl 6: none
  m1 wl 6: +75..+75 (1 / 17 ps; edges 3 / 1)
  m2 wl 6: +76..+92 (17 / 285 ps; edges 3 / 2)
  m3 wl 6: +75..+96 (22 / 368 ps; edges 2 / 3)
  m4 wl 6: +78..+122 (45 / 753 ps; edges 3 / 3)
  m5 wl 6: +76..+122 (47 / 787 ps; edges 2 / 3)
  m6 wl 6: +75..+122 (48 / 804 ps; edges 2 / 3)
  m7 wl 6: +78..+121 (44 / 737 ps; edges 4 / 4)
  m8 wl 6: +78..+117 (40 / 670 ps; edges 3 / 3)
raw data: wscan_ch0.json
