scratch 0x12345678 (ok), bus errors 0, channels [0, 1], DQS phase steps ch0 50 (16.7 ps each, 112 per tCK), sys 133.33 MHz, CL 7 CWL 6, FPGA 54.8 C, board 47.8 C
ch0 write clocks: groups [0, 0, 0, 0, 0, 0, 0, 0, 0], group 1 offset 0 x 1/8 VCO (CLKOUT3..6 static phases {3: 0, 4: 4, 5: 0, 6: 4}), MMCM locked 1
temperature run: channels [0], 35 min of BIST, window rescans every 300 s (scan stride 1); LM73 at 0x4a
  0:00 FPGA 54.6 C, board 47.8 C
  0:12 ch0 group 0 (lanes [0, 1, 2, 3, 4, 5, 6, 7, 8]): 27 steps (452 ps) around +41
  0:12 ch0 all lanes: 27 steps (452 ps) around +41
  0:12 channel 0 scan from step 0, FPGA 54.8 C, board 47.8 C:
    m0 g0 ############################################################.###############........#############################
    m1 g0 #########################################################################.......#################################
    m2 g0 ########################################################........#################################################
    m3 g0 ###################################################.......#...###################################################
    m4 g0 ##########################.....##################################################################################
    m5 g0 #######################......####################################################################################
    m6 g0 ################.......#####################################.##################################################.#
    m7 g0 ##########################.....##################################################################################
    m8 g0 ###############################.......###########################################################################
    common window 27 steps (452 ps); runs at its centre, step 41; write latency [6, 6, 6, 6, 6, 6, 6, 6, 6], read windows [11, 10, 10, 10, 10, 10, 10, 10, 9]
  1:13 FPGA 54.8 C, board 47.8 C; BIST passes 107, wrong beats in the last minute: ch0 0
  2:13 FPGA 54.4 C, board 47.8 C; BIST passes 214, wrong beats in the last minute: ch0 0
  3:13 FPGA 54.5 C, board 47.8 C; BIST passes 321, wrong beats in the last minute: ch0 0
  4:13 FPGA 54.6 C, board 47.8 C; BIST passes 428, wrong beats in the last minute: ch0 0
  5:13 FPGA 54.8 C, board 47.8 C; BIST passes 535, wrong beats in the last minute: ch0 0
  5:26 channel 0 rescan from its step 41, FPGA 54.8 C, board 47.8 C: common window 44 steps (737 ps), from -13 to +30 around the running phase; groups 0 44 steps (-13..+30)
    m0 g0 ###################.###############........######################################################################
    m1 g0 ################################.......##########################################################################
    m2 g0 ###############........##########################################################################################
    m3 g0 ##########.......#...############################################################################################
    m4 g0 #################################################################################################.....###########
    m5 g0 ##############################################################################################......#############
    m6 g0 ###################.###################################################################.......###################
    m7 g0 #################################################################################################.....###########
    m8 g0 ######################################################################################################.......####
  6:13 FPGA 54.8 C, board 47.8 C; BIST passes 619, wrong beats in the last minute: ch0 0
  7:13 FPGA 54.8 C, board 47.8 C; BIST passes 726, wrong beats in the last minute: ch0 0
  8:13 FPGA 54.8 C, board 47.8 C; BIST passes 833, wrong beats in the last minute: ch0 0
  9:13 FPGA 54.5 C, board 47.8 C; BIST passes 940, wrong beats in the last minute: ch0 0
 10:13 FPGA 54.6 C, board 47.5 C; BIST passes 1047, wrong beats in the last minute: ch0 0
 10:39 channel 0 rescan from its step 41, FPGA 54.8 C, board 47.5 C: common window 44 steps (737 ps), from -13 to +30 around the running phase; groups 0 44 steps (-13..+30)
    m0 g0 ###################.###############........######################################################################
    m1 g0 ################################.......##########################################################################
    m2 g0 ###############........##########################################################################################
    m3 g0 ##########...........############################################################################################
    m4 g0 #################################################################################################.....###########
    m5 g0 ##############################################################################################......#############
    m6 g0 #######################################################################################.......###################
    m7 g0 #################################################################################################.....###########
    m8 g0 ######################################################################################################.......####
 11:14 FPGA 54.5 C, board 47.5 C; BIST passes 1131, wrong beats in the last minute: ch0 0
 12:14 FPGA 54.3 C, board 47.5 C; BIST passes 1238, wrong beats in the last minute: ch0 0
 13:14 FPGA 54.8 C, board 47.5 C; BIST passes 1345, wrong beats in the last minute: ch0 0
 14:14 FPGA 54.9 C, board 47.8 C; BIST passes 1452, wrong beats in the last minute: ch0 0
 15:14 FPGA 55.1 C, board 48.0 C; BIST passes 1559, wrong beats in the last minute: ch0 0
 15:52 channel 0 rescan from its step 41, FPGA 55.0 C, board 47.8 C: common window 25 steps (419 ps), from -13 to +11 around the running phase; groups 0 25 steps (-13..+11)
    m0 g0 ###################.###############........######################################################################
    m1 g0 ################################.......##########################################################################
    m2 g0 ###############........##########################################################################################
    m3 g0 ##########.......#...###############################################.############################################
    m4 g0 #################################################################################################.....###########
    m5 g0 ##############################################################################################......#############
    m6 g0 ###################.####################################################################......###################
    m7 g0 #################################################################################################.....###########
    m8 g0 ######################################################################################################.......####
 16:14 FPGA 55.0 C, board 48.0 C; BIST passes 1643, wrong beats in the last minute: ch0 0
 17:14 FPGA 55.1 C, board 48.0 C; BIST passes 1750, wrong beats in the last minute: ch0 0
 18:14 FPGA 55.0 C, board 48.0 C; BIST passes 1857, wrong beats in the last minute: ch0 0
 19:14 FPGA 55.2 C, board 48.0 C; BIST passes 1964, wrong beats in the last minute: ch0 0
 20:15 FPGA 55.0 C, board 48.0 C; BIST passes 2071, wrong beats in the last minute: ch0 0
 21:06 channel 0 rescan from its step 41, FPGA 55.2 C, board 48.0 C: common window 44 steps (737 ps), from -13 to +30 around the running phase; groups 0 44 steps (-13..+30)
    m0 g0 ###################.###############........######################################################################
    m1 g0 ################################.......##########################################################################
    m2 g0 ###############........##########################################################################################
    m3 g0 ##########.......#...############################################################################################
    m4 g0 #################################################################################################.....###########
    m5 g0 ##############################################################################################......#############
    m6 g0 #######################################################################################.......###################
    m7 g0 #################################################################################################.....###########
    m8 g0 ######################################################################################################.......####
 21:15 FPGA 55.1 C, board 48.0 C; BIST passes 2155, wrong beats in the last minute: ch0 0
 22:15 FPGA 55.0 C, board 48.0 C; BIST passes 2262, wrong beats in the last minute: ch0 0
 23:15 FPGA 55.2 C, board 48.0 C; BIST passes 2369, wrong beats in the last minute: ch0 0
 24:15 FPGA 54.9 C, board 48.0 C; BIST passes 2476, wrong beats in the last minute: ch0 0
 25:16 FPGA 55.0 C, board 48.0 C; BIST passes 2583, wrong beats in the last minute: ch0 0
 26:19 channel 0 rescan from its step 41, FPGA 55.0 C, board 48.0 C: common window 45 steps (753 ps), from -13 to +31 around the running phase; groups 0 45 steps (-13..+31)
    m0 g0 ###################.###############........######################################################################
    m1 g0 ################################.......##########################################################################
    m2 g0 ###############........##########################################################################################
    m3 g0 ##########.......#...############################################################################################
    m4 g0 #################################################################################################.....###########
    m5 g0 ##############################################################################################......#############
    m6 g0 ########################################################################################......###################
    m7 g0 #################################################################################################.....###########
    m8 g0 ######################################################################################################.......####
 26:20 FPGA 55.1 C, board 48.0 C; BIST passes 2674, wrong beats in the last minute: ch0 0
 27:20 FPGA 55.1 C, board 48.0 C; BIST passes 2781, wrong beats in the last minute: ch0 0
 28:20 FPGA 54.8 C, board 48.0 C; BIST passes 2888, wrong beats in the last minute: ch0 0
