forced write latency scan, channel 1, from step 0, every 1 steps (16.7 ps), 64 MiB BIST per step, FPGA 54.5 C, board 47.5 C
  wl 0 +  0 .........  windows  0  0  9  0  0  0  0  0  0  BIST wrong beats 1048576 1048576 166070 1048576 1048576 1048576 1048576 1048576 1048576
  wl 0 +  1 .........  windows  0  0 10  0  0  0  0  0  0  BIST wrong beats 1048576 1048576 85344 1048576 1048576 1048576 1048576 1048576 1048576
  wl 0 +  2 .........  windows  0  0  8  0  0  0  0  0  0  BIST wrong beats 1048576 1048576 29319 1048576 1048576 1048576 1048576 1048576 1048576
  wl 0 +  3 .........  windows  0  0  9  0  0  0  0  0  0  BIST wrong beats 1048576 1048576 7070 1048576 1048576 1048576 1048576 1048576 1048576
  wl 0 +  4 .........  windows  0  0  9  0  0  0  0  0  0  BIST wrong beats 1048576 1048576 1094 1048576 1048576 1048576 1048576 1048576 1048576
  wl 0 +  5 .........  windows  0  0  9  0  0  0  0  0  0  BIST wrong beats 1048576 1048576 152 1048576 1048576 1048576 1048576 1048576 1048576
  wl 0 +  6 .........  windows  1  0  9  0  0  0  0  0  0  BIST wrong beats 753253 1048576 21 1048576 1048576 1048576 1048576 1048576 1048576
  wl 0 +  7 ..#......  windows  2  0  9  0  0  0  0  0  0  BIST wrong beats 382982 1048576 0 1048576 1048576 1048576 1048576 1048576 1048576
  wl 0 +  8 ..#......  windows  3  0 10  0  0  0  0  0  0  BIST wrong beats 276736 1048576 0 1048576 1048576 1048576 1048576 1048576 1048576
  wl 0 +  9 ..#......  windows  3  0  9  0  0  0  1  0  0  BIST wrong beats 138140 1048576 0 1048576 1048576 1048576 825434 1048576 1048576
  wl 0 + 10 ..#......  windows  6  2  9  0  0  0  2  0  0  BIST wrong beats 54788 311562 0 1048576 1048576 1048576 654499 1048576 1048576
  wl 0 + 11 ..#......  windows 10  4  9  0  0  0  5  1  0  BIST wrong beats 19579 167296 0 1048576 1048576 1048576 482996 995492 1048576
  wl 0 + 12 ..#......  windows 10  4  9  0  0  0  3  1  0  BIST wrong beats 6986 85491 0 1048576 1048576 1048576 318900 926161 1048576
  wl 0 + 13 ..#......  windows 10 10 10  0  0  0  6  1  0  BIST wrong beats 2040 38391 0 1048576 1048576 1048576 194846 840885 1048576
  wl 0 + 14 ..#......  windows 10 10  9  0  1  0  9  2  0  BIST wrong beats 525 15421 0 1048576 872455 1048576 99829 702874 1048576
  wl 0 + 15 ..#......  windows 10 10  9  0  1  0  9  3  0  BIST wrong beats 103 4604 0 1048576 737156 1048576 41283 517951 1048576
  wl 0 + 16 ..#......  windows 10 10  9  0  5  0  9  9  0  BIST wrong beats 2 866 0 1048576 530643 1048576 12851 313451 1048576
  wl 0 + 17 ..#......  windows 10 10  9  0  5  0  9 10  0  BIST wrong beats 1 166 0 1048576 305587 1048576 2754 147743 1048576
  wl 0 + 18 #.#......  windows 10 10  9  0  9  0  9  9  0  BIST wrong beats 0 6 0 1048576 134761 1048576 358 49835 1048576
  wl 0 + 19 ###......  windows 10 10  9  1  7  0  9  8  0  BIST wrong beats 0 0 0 805501 56116 1048576 42 16282 1048576
  wl 0 + 20 ###......  windows 10 10  9  1 10  0  9 10  0  BIST wrong beats 0 0 0 663223 22586 1048576 1 5727 1048576
  wl 0 + 21 ###...#..  windows 10 10  9  6 11  0  9  9  0  BIST wrong beats 0 0 0 227567 770 1048576 0 69 1048576
  wl 0 + 22 ###...#..  windows 10 10  9  3 10  1  9 10  0  BIST wrong beats 0 0 0 126531 200 648858 0 30 1048576
  wl 0 + 23 ###...#..  windows 10 10  9  9 10  1  9  9  0  BIST wrong beats 0 0 0 52484 23 455284 0 3 1048576
  wl 0 + 24 ###...##.  windows 10 10  9  9 10  6  9  9  0  BIST wrong beats 0 0 0 16195 1 266100 0 0 1048576
  wl 0 + 25 ###.#.##.  windows 10 10  9  9 10  6  9 10  0  BIST wrong beats 0 0 0 3874 0 132057 0 0 1048576
  wl 0 + 26 ###.#.##.  windows 10 10  9  9 11 10  9  9  0  BIST wrong beats 0 0 0 915 0 58202 0 0 1048576
  wl 0 + 27 ###.#.##.  windows 10 10  9  9 10 10  9  9  0  BIST wrong beats 0 0 0 310 0 25203 0 0 1048576
  wl 0 + 28 #####.##.  windows 10 10  9  9 10 10  9  9  1  BIST wrong beats 0 0 0 0 0 840 0 0 638927
  wl 0 + 29 #####.##.  windows 10 10  9 10 11 10  9  9  1  BIST wrong beats 0 0 0 0 0 231 0 0 476411
  wl 0 + 30 #####.##.  windows 10 10  9  9 10 10  9 10  8  BIST wrong beats 0 0 0 0 0 67 0 0 285464
  wl 0 + 31 #####.##.  windows 10 10  9 10 10 10  9  9  6  BIST wrong beats 0 0 0 0 0 1 0 0 140925
  wl 0 + 32 #######..  windows 10 10  9  9 10 10  9  9  8  BIST wrong beats 0 0 0 0 0 0 0 5 58878
  wl 0 + 33 ...####..  windows 10 10  9  9 10 10  9  9 10  BIST wrong beats 6 7 6 0 0 0 0 86 20297
  wl 0 + 34 .........  windows 10 10  9  9 11 10  9  9 10  BIST wrong beats 59 44 60 1 4 4 10 291 8260
  wl 0 + 35 .........  windows 10 10 10 10 10 10  9 10 10  BIST wrong beats 92 73 129 2 2 7 15 843 2763
  wl 0 + 36 .........  windows 10 10  9 10 10 10  9 10 10  BIST wrong beats 278 261 334 11 29 34 59 1793 987
  wl 0 + 37 .........  windows 10 10  9  9 10 10  9 10 10  BIST wrong beats 1052 1034 1255 54 81 155 244 6470 106
  wl 0 + 38 .........  windows 10 10  9  9 10 10  9  9 10  BIST wrong beats 6928 6606 7338 640 1016 1581 2001 27106 207
  wl 0 + 39 .........  windows 10 10  8 10 10  8  9  9 10  BIST wrong beats 20728 19642 21534 2118 3366 5143 6654 71077 667
  wl 0 + 40 .........  windows 10 10  9  9 10 10  9  4 10  BIST wrong beats 62997 51142 56409 8877 12864 18309 24670 150358 3260
  wl 0 + 41 .........  windows  6  6  2  7  6  3  6  2  6  BIST wrong beats 109387 103965 108880 22128 30805 41300 49648 252301 9232
  wl 0 + 42 .........  windows  2  4  1  5  4  2  3  1  6  BIST wrong beats 368665 352851 358261 129020 156370 193761 222072 1012629 67671
  wl 0 + 43 .........  windows  1  2  1  2  2  2  2  0  4  BIST wrong beats 539507 511277 523538 237388 278219 331920 384303 1048576 137384
  wl 0 + 44 .........  windows  1  1  0  2  2  0  1  1  3  BIST wrong beats 745956 718908 1048576 429281 480435 1048576 604001 911451 286755
  wl 0 + 45 .........  windows  0  0  0  0  0  0  1  0  1  BIST wrong beats 1048576 1048576 1048576 1048576 1048576 1048576 790250 1048576 492507
  wl 0 + 46 .........  windows  0  0  0  1  0  0  0  0  1  BIST wrong beats 1048576 1048576 1048576 818444 1048576 1048576 1048576 1048576 685338
  wl 0 + 47 .........  windows  0  0  0  0  0  0  0  0  0  BIST wrong beats 1048576 1048576 1048576 1048576 1048576 1048576 1048576 1048576 1048576
  wl 0 + 48 .........  windows  0  0  0  0  0  0  0  0  0  BIST wrong beats 1048576 1048576 1048576 1048576 1048576 1048576 1048576 1048576 1048576
  wl 0 + 49 .........  windows  0  0  0  0  0  0  0  0  0  BIST wrong beats 1048576 1048576 1048576 1048576 1048576 1048576 1048576 1048576 1048576
  wl 0 + 50 .........  windows  0  0  0  0  0  0  0  0  0  BIST wrong beats 1048576 1048576 1048576 1048576 1048576 1048576 1048576 1048576 1048576
  wl 0 + 51 .........  windows  0  0  0  0  0  0  0  0  0  BIST wrong beats 1048576 1048576 1048576 1048576 1048576 1048576 1048576 1048576 1048576
  wl 0 + 52 .........  windows  0  0  0  0  0  0  0  0  0  BIST wrong beats 1048576 1048576 1048576 1048576 1048576 1048576 1048576 1048576 1048576
  wl 0 + 53 .........  windows  0  0  0  0  0  0  0  0  0  BIST wrong beats 1048576 1048576 1048576 1048576 1048576 1048576 1048576 1048576 1048576
  wl 0 + 54 .........  windows  0  0  0  0  0  0  0  0  0  BIST wrong beats 1048576 1048576 1048576 1048576 1048576 1048576 1048576 1048576 1048576
  wl 0 + 55 .........  windows  0  0  0  0  0  0  0  0  0  BIST wrong beats 1048576 1048576 1048576 1048576 1048576 1048576 1048576 1048576 1048576
  wl 0 + 56 .........  windows  0  0  0  0  0  0  0  0  0  BIST wrong beats 1048576 1048576 1048576 1048576 1048576 1048576 1048576 1048576 1048576
  wl 0 + 57 .........  windows  0  0  0  0  0  0  0  0  0  BIST wrong beats 1048576 1048576 1048576 1048576 1048576 1048576 1048576 1048576 1048576
  wl 0 + 58 .........  windows  0  0  0  0  0  0  0  0  0  BIST wrong beats 1048576 1048576 1048576 1048576 1048576 1048576 1048576 1048576 1048576
  wl 0 + 59 .........  windows  0  0  0  0  0  0  0  0  0  BIST wrong beats 1048576 1048576 1048576 1048576 1048576 1048576 1048576 1048576 1048576
  wl 0 + 60 .........  windows  0  0  0  0  0  0  0  0  0  BIST wrong beats 1048576 1048576 1048576 1048576 1048576 1048576 1048576 1048576 1048576
  wl 0 + 61 .........  windows  0  0  0  0  0  0  0  0  0  BIST wrong beats 1048576 1048576 1048576 1048576 1048576 1048576 1048576 1048576 1048576
  wl 0 + 62 .........  windows  0  0  0  0  0  0  0  0  0  BIST wrong beats 1048576 1048576 1048576 1048576 1048576 1048576 1048576 1048576 1048576
  wl 0 + 63 .........  windows  0  0  0  0  0  0  0  0  0  BIST wrong beats 1048576 1048576 1048576 1048576 1048576 1048576 1048576 1048576 1048576
  wl 0 + 64 .........  windows  0  0  0  0  0  0  0  0  0  BIST wrong beats 1048576 1048576 1048576 1048576 1048576 1048576 1048576 1048576 1048576
  wl 0 + 65 .........  windows  0  0  0  0  0  0  0  0  0  BIST wrong beats 1048576 1048576 1048576 1048576 1048576 1048576 1048576 1048576 1048576
  wl 0 + 66 .........  windows  0  0  0  0  0  0  0  0  0  BIST wrong beats 1048576 1048576 1048576 1048576 1048576 1048576 1048576 1048576 1048576
  wl 0 + 67 .........  windows  0  0  0  0  0  0  0  0  0  BIST wrong beats 1048576 1048576 1048576 1048576 1048576 1048576 1048576 1048576 1048576
  wl 0 + 68 .........  windows  0  0  0  0  0  0  0  0  0  BIST wrong beats 1048576 1048576 1048576 1048576 1048576 1048576 1048576 1048576 1048576
  wl 0 + 69 .........  windows  0  0  0  0  0  0  0  0  0  BIST wrong beats 1048576 1048576 1048576 1048576 1048576 1048576 1048576 1048576 1048576
  wl 0 + 70 .........  windows  0  0  0  0  0  0  0  0  0  BIST wrong beats 1048576 1048576 1048576 1048576 1048576 1048576 1048576 1048576 1048576
  wl 0 + 71 .........  windows  0  0  0  0  0  0  0  0  0  BIST wrong beats 1048576 1048576 1048576 1048576 1048576 1048576 1048576 1048576 1048576
  wl 0 + 72 .........  windows  0  0  0  0  0  0  0  0  0  BIST wrong beats 1048576 1048576 1048576 1048576 1048576 1048576 1048576 1048576 1048576
  wl 0 + 73 .........  windows  0  0  0  0  0  0  0  0  0  BIST wrong beats 1048576 1048576 1048576 1048576 1048576 1048576 1048576 1048576 1048576
  wl 0 + 74 .........  windows  0  0  0  0  0  0  0  0  0  BIST wrong beats 1048576 1048576 1048576 1048576 1048576 1048576 1048576 1048576 1048576
  wl 0 + 75 .........  windows  0  0  0  0  0  0  0  0  0  BIST wrong beats 1048576 1048576 1048576 1048576 1048576 1048576 1048576 1048576 1048576
  wl 0 + 76 .........  windows  0  0  0  0  0  0  0  0  0  BIST wrong beats 1048576 1048576 1048576 1048576 1048576 1048576 1048576 1048576 1048576
  wl 0 + 77 .........  windows  0  0  0  0  0  0  0  0  0  BIST wrong beats 1048576 1048576 1048576 1048576 1048576 1048576 1048576 1048576 1048576
  wl 0 + 78 .........  windows  0  0  0  0  0  0  0  0  0  BIST wrong beats 1048576 1048576 1048576 1048576 1048576 1048576 1048576 1048576 1048576
  wl 0 + 79 .........  windows  0  0  0  0  0  0  0  0  0  BIST wrong beats 1048576 1048576 1048576 1048576 1048576 1048576 1048576 1048576 1048576
  wl 0 + 80 .........  windows  0  0  0  0  0  0  0  0  0  BIST wrong beats 1048576 1048576 1048576 1048576 1048576 1048576 1048576 1048576 1048576
  wl 0 + 81 .........  windows  0  0  0  0  0  0  0  0  0  BIST wrong beats 1048576 1048576 1048576 1048576 1048576 1048576 1048576 1048576 1048576
  wl 0 + 82 .........  windows  0  0  0  0  0  0  0  0  0  BIST wrong beats 1048576 1048576 1048576 1048576 1048576 1048576 1048576 1048576 1048576
  wl 0 + 83 .........  windows  0  0  0  0  0  0  0  0  0  BIST wrong beats 1048576 1048576 1048576 1048576 1048576 1048576 1048576 1048576 1048576
  wl 0 + 84 .........  windows  0  0  0  0  0  0  0  0  0  BIST wrong beats 1048576 1048576 1048576 1048576 1048576 1048576 1048576 1048576 1048576
  wl 0 + 85 .........  windows  0  0  0  0  0  0  0  0  0  BIST wrong beats 1048576 1048576 1048576 1048576 1048576 1048576 1048576 1048576 1048576
  wl 0 + 86 .........  windows  0  0  0  0  0  0  0  0  0  BIST wrong beats 1048576 1048576 1048576 1048576 1048576 1048576 1048576 1048576 1048576
  wl 0 + 87 .........  windows  0  0  0  0  0  0  0  0  0  BIST wrong beats 1048576 1048576 1048576 1048576 1048576 1048576 1048576 1048576 1048576
  wl 0 + 88 .........  windows  0  0  0  0  0  0  0  0  0  BIST wrong beats 1048576 1048576 1048576 1048576 1048576 1048576 1048576 1048576 1048576
  wl 0 + 89 .........  windows  0  0  0  0  0  0  0  0  0  BIST wrong beats 1048576 1048576 1048576 1048576 1048576 1048576 1048576 1048576 1048576
  wl 0 + 90 .........  windows  0  0  0  0  0  0  0  0  0  BIST wrong beats 1048576 1048576 1048576 1048576 1048576 1048576 1048576 1048576 1048576
  wl 0 + 91 .........  windows  0  0  0  0  0  0  0  0  0  BIST wrong beats 1048576 1048576 1048576 1048576 1048576 1048576 1048576 1048576 1048576
  wl 0 + 92 .........  windows  0  0  0  0  0  0  0  0  0  BIST wrong beats 1048576 1048576 1048576 1048576 1048576 1048576 1048576 1048576 1048576
  wl 0 + 93 .........  windows  0  0  0  0  0  0  0  0  0  BIST wrong beats 1048576 1048576 1048576 1048576 1048576 1048576 1048576 1048576 1048576
  wl 0 + 94 .........  windows  0  0  0  0  0  0  0  0  0  BIST wrong beats 1048576 1048576 1048576 1048576 1048576 1048576 1048576 1048576 1048576
  wl 0 + 95 .........  windows  0  0  0  0  0  0  0  0  0  BIST wrong beats 1048576 1048576 1048576 1048576 1048576 1048576 1048576 1048576 1048576
  wl 0 + 96 .........  windows  0  0  0  0  0  0  0  0  0  BIST wrong beats 1048576 1048576 1048576 1048576 1048576 1048576 1048576 1048576 1048576
  wl 0 + 97 .........  windows  0  0  0  0  0  0  0  0  0  BIST wrong beats 1048576 1048576 1048576 1048576 1048576 1048576 1048576 1048576 1048576
  wl 0 + 98 .........  windows  0  0  0  0  0  0  0  0  0  BIST wrong beats 1048576 1048576 1048576 1048576 1048576 1048576 1048576 1048576 1048576
  wl 0 + 99 .........  windows  0  0  0  0  0  0  0  0  0  BIST wrong beats 1048576 1048576 1048576 1048576 1048576 1048576 1048576 1048576 1048576
  wl 0 +100 .........  windows  0  0  0  0  0  0  0  0  0  BIST wrong beats 1048576 1048576 1048576 1048576 1048576 1048576 1048576 1048576 1048576
  wl 0 +101 .........  windows  0  0  0  0  0  0  0  0  0  BIST wrong beats 1048576 1048576 1048576 1048576 1048576 1048576 1048576 1048576 1048576
  wl 0 +102 .........  windows  0  0  0  0  0  0  0  0  0  BIST wrong beats 1048576 1048576 1048576 1048576 1048576 1048576 1048576 1048576 1048576
  wl 0 +103 .........  windows  0  0  0  0  0  0  0  0  0  BIST wrong beats 1048576 1048576 1048576 1048576 1048576 1048576 1048576 1048576 1048576
  wl 0 +104 .........  windows  0  0  0  0  0  0  0  0  0  BIST wrong beats 1048576 1048576 1048576 1048576 1048576 1048576 1048576 1048576 1048576
  wl 0 +105 .........  windows  0  0  0  0  0  0  0  0  0  BIST wrong beats 1048576 1048576 1048576 1048576 1048576 1048576 1048576 1048576 1048576
  wl 0 +106 .........  windows  0  0  0  0  0  0  0  0  0  BIST wrong beats 1048576 1048576 1048576 1048576 1048576 1048576 1048576 1048576 1048576
  wl 0 +107 .........  windows  0  0  0  0  0  0  0  0  0  BIST wrong beats 1048576 1048576 1048576 1048576 1048576 1048576 1048576 1048576 1048576
  wl 0 +108 .........  windows  0  0  1  0  0  0  0  0  0  BIST wrong beats 1048576 1048576 882030 1048576 1048576 1048576 1048576 1048576 1048576
  wl 0 +109 .........  windows  0  0  1  0  0  0  0  0  0  BIST wrong beats 1048576 1048576 740585 1048576 1048576 1048576 1048576 1048576 1048576
  wl 0 +110 .........  windows  0  0  2  0  0  0  0  0  0  BIST wrong beats 1048576 1048576 559861 1048576 1048576 1048576 1048576 1048576 1048576
  wl 0 +111 .........  windows  0  0  4  0  0  0  0  0  0  BIST wrong beats 1048576 1048576 414149 1048576 1048576 1048576 1048576 1048576 1048576
  wl 6 +  0 .........  windows 10 10  0  9 10 10  9 10  9  BIST wrong beats 16620 12813 1048576 14718 24358 13193 5515 522 28137
  wl 6 +  1 .........  windows 10 10  0  9 11 10  9  9 10  BIST wrong beats 34649 8808 1048576 4752 8586 4242 4301 130 9533
  wl 6 +  2 .........  windows  6 10  0  9 10 10  9  9 10  BIST wrong beats 87252 17633 1048576 989 2112 847 8899 203 2235
  wl 6 +  3 .........  windows  3  5  0  9 10 10  6 10  9  BIST wrong beats 207290 60429 1048576 130 357 122 37246 1195 330
  wl 6 +  4 .........  windows  2  2  0  9 10 10  4 10 10  BIST wrong beats 391333 151820 1048576 1 146 1 102482 6012 19
  wl 6 +  5 .........  windows  1  2  0  9 10 10  4 10 10  BIST wrong beats 587850 288315 1048576 1 665 1 219261 21788 3
  wl 6 +  6 ...#.#..#  windows  0  1  0  9 10 10  2  8 10  BIST wrong beats 1048576 448311 1048576 0 2880 0 349054 57598 0
  wl 6 +  7 ...#.#..#  windows  0  0  0  9 10 10  0  2 10  BIST wrong beats 1048576 1048576 1048576 0 28116 0 1048576 242878 0
  wl 6 +  8 ...#.#..#  windows  0  0  0  9  5 10  0  2 10  BIST wrong beats 1048576 1048576 1048576 0 50644 0 1048576 339348 0
  wl 6 +  9 .....#..#  windows  0  0  0 10  7 10  0  1 10  BIST wrong beats 1048576 1048576 1048576 1 120100 0 1048576 522236 0
  wl 6 + 10 .....#..#  windows  0  0  0 10  1 10  0  0 10  BIST wrong beats 1048576 1048576 1048576 80 283596 0 1048576 1048576 0
  wl 6 + 11 .....#..#  windows  0  0  0 10  1 10  0  0 10  BIST wrong beats 1048576 1048576 1048576 85 395498 0 1048576 1048576 0
  wl 6 + 12 .....#..#  windows  0  0  0  9  1 10  0  0 10  BIST wrong beats 1048576 1048576 1048576 773 563614 0 1048576 1048576 0
  wl 6 + 13 ........#  windows  0  0  0  9  1 10  0  0 10  BIST wrong beats 1048576 1048576 1048576 2555 697152 55 1048576 1048576 0
  wl 6 + 14 ........#  windows  0  0  0  9  0 10  0  0 10  BIST wrong beats 1048576 1048576 1048576 10209 1048576 327 1048576 1048576 0
  wl 6 + 15 ........#  windows  0  0  0  9  0 10  0  0 10  BIST wrong beats 1048576 1048576 1048576 28067 1048576 1597 1048576 1048576 0
  wl 6 + 16 ........#  windows  0  0  0  5  0 10  0  0 10  BIST wrong beats 1048576 1048576 1048576 74733 1048576 6434 1048576 1048576 0
  wl 6 + 17 ........#  windows  0  0  0  2  0  9  0  0 10  BIST wrong beats 1048576 1048576 1048576 190659 1048576 26730 1048576 1048576 0
  wl 6 + 18 .........  windows  0  0  0  1  0  5  0  0 10  BIST wrong beats 1048576 1048576 1048576 376797 1048576 85079 1048576 1048576 10
  wl 6 + 19 .........  windows  0  0  0  1  0  4  0  0 10  BIST wrong beats 1048576 1048576 1048576 586436 1048576 200432 1048576 1048576 8
  wl 6 + 20 .........  windows  0  0  0  0  0  2  0  0 10  BIST wrong beats 1048576 1048576 1048576 1048576 1048576 327876 1048576 1048576 73
  wl 6 + 21 .........  windows  0  0  0  0  0  0  0  0  9  BIST wrong beats 1048576 1048576 1048576 1048576 1048576 1048576 1048576 1048576 3968
  wl 6 + 22 .........  windows  0  0  0  0  0  1  0  0 10  BIST wrong beats 1048576 1048576 1048576 1048576 1048576 886967 1048576 1048576 13132
  wl 6 + 23 .........  windows  0  0  0  0  0  0  0  0  7  BIST wrong beats 1048576 1048576 1048576 1048576 1048576 1048576 1048576 1048576 39488
  wl 6 + 24 .........  windows  0  0  0  0  0  0  0  0  5  BIST wrong beats 1048576 1048576 1048576 1048576 1048576 1048576 1048576 1048576 95508
  wl 6 + 25 .........  windows  0  0  0  0  0  0  0  0  5  BIST wrong beats 1048576 1048576 1048576 1048576 1048576 1048576 1048576 1048576 208833
  wl 6 + 26 .........  windows  0  0  0  0  0  0  0  0  2  BIST wrong beats 1048576 1048576 1048576 1048576 1048576 1048576 1048576 1048576 355526
  wl 6 + 27 .........  windows  0  0  0  0  0  0  0  0  1  BIST wrong beats 1048576 1048576 1048576 1048576 1048576 1048576 1048576 1048576 502458
  wl 6 + 28 .........  windows  0  0  0  0  0  0  0  0  0  BIST wrong beats 1048576 1048576 1048576 1048576 1048576 1048576 1048576 1048576 1048576
  wl 6 + 29 .........  windows  0  0  0  0  0  0  0  0  0  BIST wrong beats 1048576 1048576 1048576 1048576 1048576 1048576 1048576 1048576 1048576
  wl 6 + 30 .........  windows  0  0  0  0  0  0  0  0  0  BIST wrong beats 1048576 1048576 1048576 1048576 1048576 1048576 1048576 1048576 1048576
  wl 6 + 31 .........  windows  0  0  0  0  0  0  0  0  0  BIST wrong beats 1048576 1048576 1048576 1048576 1048576 1048576 1048576 1048576 1048576
  wl 6 + 32 .........  windows  0  0  0  0  0  0  0  0  0  BIST wrong beats 1048576 1048576 1048576 1048576 1048576 1048576 1048576 1048576 1048576
  wl 6 + 33 .........  windows  0  0  0  0  0  0  0  0  0  BIST wrong beats 1048576 1048576 1048576 1048576 1048576 1048576 1048576 1048576 1048576
  wl 6 + 34 .........  windows  0  0  0  0  0  0  0  0  0  BIST wrong beats 1048576 1048576 1048576 1048576 1048576 1048576 1048576 1048576 1048576
  wl 6 + 35 .........  windows  0  0  0  0  0  0  0  0  0  BIST wrong beats 1048576 1048576 1048576 1048576 1048576 1048576 1048576 1048576 1048576
  wl 6 + 36 .........  windows  0  0  0  0  0  0  0  0  0  BIST wrong beats 1048576 1048576 1048576 1048576 1048576 1048576 1048576 1048576 1048576
  wl 6 + 37 .........  windows  0  0  0  0  0  0  0  0  0  BIST wrong beats 1048576 1048576 1048576 1048576 1048576 1048576 1048576 1048576 1048576
  wl 6 + 38 .........  windows  0  0  0  0  0  0  0  0  0  BIST wrong beats 1048576 1048576 1048576 1048576 1048576 1048576 1048576 1048576 1048576
  wl 6 + 39 .........  windows  0  0  0  0  0  0  0  0  0  BIST wrong beats 1048576 1048576 1048576 1048576 1048576 1048576 1048576 1048576 1048576
  wl 6 + 40 .........  windows  0  0  0  0  0  0  0  0  0  BIST wrong beats 1048576 1048576 1048576 1048576 1048576 1048576 1048576 1048576 1048576
  wl 6 + 41 .........  windows  0  0  0  0  0  0  0  0  0  BIST wrong beats 1048576 1048576 1048576 1048576 1048576 1048576 1048576 1048576 1048576
  wl 6 + 42 .........  windows  0  0  0  0  0  0  0  0  0  BIST wrong beats 1048576 1048576 1048576 1048576 1048576 1048576 1048576 1048576 1048576
  wl 6 + 43 .........  windows  0  0  0  0  0  0  0  0  0  BIST wrong beats 1048576 1048576 1048576 1048576 1048576 1048576 1048576 1048576 1048576
  wl 6 + 44 .........  windows  0  0  0  0  0  0  0  0  0  BIST wrong beats 1048576 1048576 1048576 1048576 1048576 1048576 1048576 1048576 1048576
  wl 6 + 45 .........  windows  0  0  0  0  0  0  0  0  0  BIST wrong beats 1048576 1048576 1048576 1048576 1048576 1048576 1048576 1048576 1048576
  wl 6 + 46 .........  windows  0  0  0  0  0  0  0  0  0  BIST wrong beats 1048576 1048576 1048576 1048576 1048576 1048576 1048576 1048576 1048576
  wl 6 + 47 .........  windows  0  0  0  0  0  0  0  0  0  BIST wrong beats 1048576 1048576 1048576 1048576 1048576 1048576 1048576 1048576 1048576
  wl 6 + 48 .........  windows  0  0  0  0  0  0  0  0  0  BIST wrong beats 1048576 1048576 1048576 1048576 1048576 1048576 1048576 1048576 1048576
  wl 6 + 49 .........  windows  0  0  0  0  0  0  0  0  0  BIST wrong beats 1048576 1048576 1048576 1048576 1048576 1048576 1048576 1048576 1048576
  wl 6 + 50 .........  windows  0  0  0  0  0  0  0  0  0  BIST wrong beats 1048576 1048576 1048576 1048576 1048576 1048576 1048576 1048576 1048576
  wl 6 + 51 .........  windows  0  0  0  0  0  0  0  0  0  BIST wrong beats 1048576 1048576 1048576 1048576 1048576 1048576 1048576 1048576 1048576
  wl 6 + 52 .........  windows  0  0  0  0  0  0  0  0  0  BIST wrong beats 1048576 1048576 1048576 1048576 1048576 1048576 1048576 1048576 1048576
  wl 6 + 53 .........  windows  0  0  0  0  0  0  0  0  0  BIST wrong beats 1048576 1048576 1048576 1048576 1048576 1048576 1048576 1048576 1048576
  wl 6 + 54 .........  windows  0  0  0  0  0  0  0  0  0  BIST wrong beats 1048576 1048576 1048576 1048576 1048576 1048576 1048576 1048576 1048576
  wl 6 + 55 .........  windows  0  0  0  0  0  0  0  0  0  BIST wrong beats 1048576 1048576 1048576 1048576 1048576 1048576 1048576 1048576 1048576
  wl 6 + 56 .........  windows  0  0  0  0  0  0  0  0  0  BIST wrong beats 1048576 1048576 1048576 1048576 1048576 1048576 1048576 1048576 1048576
  wl 6 + 57 .........  windows  0  0  0  0  0  0  0  0  0  BIST wrong beats 1048576 1048576 1048576 1048576 1048576 1048576 1048576 1048576 1048576
  wl 6 + 58 .........  windows  0  0  0  0  0  0  0  0  0  BIST wrong beats 1048576 1048576 1048576 1048576 1048576 1048576 1048576 1048576 1048576
  wl 6 + 59 .........  windows  0  0  0  0  0  0  0  0  0  BIST wrong beats 1048576 1048576 1048576 1048576 1048576 1048576 1048576 1048576 1048576
  wl 6 + 60 .........  windows  0  0  0  0  0  0  0  0  0  BIST wrong beats 1048576 1048576 1048576 1048576 1048576 1048576 1048576 1048576 1048576
  wl 6 + 61 .........  windows  0  0  0  0  0  0  0  0  0  BIST wrong beats 1048576 1048576 1048576 1048576 1048576 1048576 1048576 1048576 1048576
  wl 6 + 62 .........  windows  0  0  0  0  0  0  0  0  0  BIST wrong beats 1048576 1048576 1048576 1048576 1048576 1048576 1048576 1048576 1048576
  wl 6 + 63 .........  windows  0  0  0  0  0  0  0  0  0  BIST wrong beats 1048576 1048576 1048576 1048576 1048576 1048576 1048576 1048576 1048576
  wl 6 + 64 .........  windows  0  0  0  0  0  0  0  0  0  BIST wrong beats 1048576 1048576 1048576 1048576 1048576 1048576 1048576 1048576 1048576
  wl 6 + 65 .........  windows  0  0  0  0  0  0  0  0  0  BIST wrong beats 1048576 1048576 1048576 1048576 1048576 1048576 1048576 1048576 1048576
  wl 6 + 66 .........  windows  0  0  0  0  0  0  0  0  0  BIST wrong beats 1048576 1048576 1048576 1048576 1048576 1048576 1048576 1048576 1048576
  wl 6 + 67 .........  windows  0  0  0  0  0  0  0  0  0  BIST wrong beats 1048576 1048576 1048576 1048576 1048576 1048576 1048576 1048576 1048576
  wl 6 + 68 .........  windows  0  0  0  0  0  0  0  0  0  BIST wrong beats 1048576 1048576 1048576 1048576 1048576 1048576 1048576 1048576 1048576
  wl 6 + 69 .........  windows  0  0  0  0  0  0  0  0  0  BIST wrong beats 1048576 1048576 1048576 1048576 1048576 1048576 1048576 1048576 1048576
  wl 6 + 70 .........  windows  0  0  0  0  0  0  0  0  0  BIST wrong beats 1048576 1048576 1048576 1048576 1048576 1048576 1048576 1048576 1048576
  wl 6 + 71 .........  windows  0  0  0  0  0  0  0  0  0  BIST wrong beats 1048576 1048576 1048576 1048576 1048576 1048576 1048576 1048576 1048576
  wl 6 + 72 .........  windows  0  0  0  0  0  0  0  0  0  BIST wrong beats 1048576 1048576 1048576 1048576 1048576 1048576 1048576 1048576 1048576
  wl 6 + 73 .........  windows  0  0  0  0  0  0  0  0  0  BIST wrong beats 1048576 1048576 1048576 1048576 1048576 1048576 1048576 1048576 1048576
  wl 6 + 74 .........  windows  0  0  0  0  0  0  0  0  0  BIST wrong beats 1048576 1048576 1048576 1048576 1048576 1048576 1048576 1048576 1048576
  wl 6 + 75 .........  windows  0  0  0  0  0  0  0  0  0  BIST wrong beats 1048576 1048576 1048576 1048576 1048576 1048576 1048576 1048576 1048576
  wl 6 + 76 .........  windows  0  0  0  0  0  0  0  0  0  BIST wrong beats 1048576 1048576 1048576 1048576 1048576 1048576 1048576 1048576 1048576
  wl 6 + 77 .........  windows  0  0  0  0  0  0  0  0  0  BIST wrong beats 1048576 1048576 1048576 1048576 1048576 1048576 1048576 1048576 1048576
  wl 6 + 78 .........  windows  0  0  0  0  0  0  0  0  0  BIST wrong beats 1048576 1048576 1048576 1048576 1048576 1048576 1048576 1048576 1048576
  wl 6 + 79 .........  windows  0  0  0  0  0  0  0  0  0  BIST wrong beats 1048576 1048576 1048576 1048576 1048576 1048576 1048576 1048576 1048576
  wl 6 + 80 .........  windows  0  0  0  0  0  0  0  0  0  BIST wrong beats 1048576 1048576 1048576 1048576 1048576 1048576 1048576 1048576 1048576
  wl 6 + 81 .........  windows  0  0  0  0  0  0  0  0  0  BIST wrong beats 1048576 1048576 1048576 1048576 1048576 1048576 1048576 1048576 1048576
  wl 6 + 82 .........  windows  0  0  0  0  0  0  0  0  0  BIST wrong beats 1048576 1048576 1048576 1048576 1048576 1048576 1048576 1048576 1048576
  wl 6 + 83 .........  windows  0  0  0  0  0  0  0  0  0  BIST wrong beats 1048576 1048576 1048576 1048576 1048576 1048576 1048576 1048576 1048576
  wl 6 + 84 .........  windows  0  0  0  0  0  0  0  0  0  BIST wrong beats 1048576 1048576 1048576 1048576 1048576 1048576 1048576 1048576 1048576
  wl 6 + 85 .........  windows  0  0  0  0  0  0  0  0  0  BIST wrong beats 1048576 1048576 1048576 1048576 1048576 1048576 1048576 1048576 1048576
  wl 6 + 86 .........  windows  0  0  0  0  0  0  0  0  0  BIST wrong beats 1048576 1048576 1048576 1048576 1048576 1048576 1048576 1048576 1048576
  wl 6 + 87 .........  windows  0  0  0  0  0  0  0  0  0  BIST wrong beats 1048576 1048576 1048576 1048576 1048576 1048576 1048576 1048576 1048576
  wl 6 + 88 .........  windows  0  0  0  0  0  0  0  0  0  BIST wrong beats 1048576 1048576 1048576 1048576 1048576 1048576 1048576 1048576 1048576
  wl 6 + 89 .........  windows  0  0  0  0  0  0  0  0  0  BIST wrong beats 1048576 1048576 1048576 1048576 1048576 1048576 1048576 1048576 1048576
  wl 6 + 90 .........  windows  0  0  0  0  0  0  0  0  0  BIST wrong beats 1048576 1048576 1048576 1048576 1048576 1048576 1048576 1048576 1048576
  wl 6 + 91 .........  windows  0  0  0  0  0  0  0  0  0  BIST wrong beats 1048576 1048576 1048576 1048576 1048576 1048576 1048576 1048576 1048576
  wl 6 + 92 .........  windows  0  0  0  0  0  0  0  0  0  BIST wrong beats 1048576 1048576 1048576 1048576 1048576 1048576 1048576 1048576 1048576
  wl 6 + 93 .........  windows  0  0  0  0  0  0  0  0  0  BIST wrong beats 1048576 1048576 1048576 1048576 1048576 1048576 1048576 1048576 1048576
  wl 6 + 94 .........  windows  0  0  0  0  0  0  0  0  0  BIST wrong beats 1048576 1048576 1048576 1048576 1048576 1048576 1048576 1048576 1048576
  wl 6 + 95 .........  windows  0  0  0  0  0  0  0  0  0  BIST wrong beats 1048576 1048576 1048576 1048576 1048576 1048576 1048576 1048576 1048576
  wl 6 + 96 .........  windows  0  0  0  0  0  0  0  0  0  BIST wrong beats 1048576 1048576 1048576 1048576 1048576 1048576 1048576 1048576 1048576
  wl 6 + 97 .........  windows  0  0  0  0  0  0  0  0  0  BIST wrong beats 1048576 1048576 1048576 1048576 1048576 1048576 1048576 1048576 1048576
  wl 6 + 98 .........  windows  0  0  0  0  0  0  0  0  0  BIST wrong beats 1048576 1048576 1048576 1048576 1048576 1048576 1048576 1048576 1048576
  wl 6 + 99 .........  windows  0  0  0  0  0  0  0  0  0  BIST wrong beats 1048576 1048576 1048576 1048576 1048576 1048576 1048576 1048576 1048576
  wl 6 +100 .........  windows  0  0  0  0  0  0  0  0  0  BIST wrong beats 1048576 1048576 1048576 1048576 1048576 1048576 1048576 1048576 1048576
  wl 6 +101 .........  windows  0  0  0  0  0  0  0  0  0  BIST wrong beats 1048576 1048576 1048576 1048576 1048576 1048576 1048576 1048576 1048576
  wl 6 +102 .........  windows  0  0  0  0  0  0  0  0  0  BIST wrong beats 1048576 1048576 1048576 1048576 1048576 1048576 1048576 1048576 1048576
  wl 6 +103 .........  windows  0  0  0  0  0  0  0  0  0  BIST wrong beats 1048576 1048576 1048576 1048576 1048576 1048576 1048576 1048576 1048576
  wl 6 +104 .........  windows  0  0  0  0  0  0  0  0  0  BIST wrong beats 1048576 1048576 1048576 1048576 1048576 1048576 1048576 1048576 1048576
  wl 6 +105 .........  windows  0  0  0  0  0  0  1  1  0  BIST wrong beats 1048576 1048576 1048576 1048576 1048576 1048576 734728 479613 1048576
  wl 6 +106 .........  windows  1  0  0  0  0  1  1  1  0  BIST wrong beats 605357 1048576 1048576 1048576 1048576 746546 585462 322674 1048576
  wl 6 +107 .........  windows  1  1  0  1  0  1  1  3  0  BIST wrong beats 629470 742942 1048576 608337 1048576 588187 418363 190132 1048576
  wl 6 +108 .........  windows  3  2  0  1  1  1  2  5  0  BIST wrong beats 260196 378179 1048576 418637 474550 395908 247689 88624 1048576
  wl 6 +109 .........  windows  5  3  0  2  1  2  3  6  1  BIST wrong beats 132279 215918 1048576 246955 299426 231529 127977 34089 344556
  wl 6 +110 .........  windows  9  8  0  5  3  9  8  9  3  BIST wrong beats 60236 109602 1048576 129466 168059 118578 59058 11959 197474
  wl 6 +111 .........  windows 10 10  0  7  4  9  9  9  4  BIST wrong beats 29616 57117 1048576 69867 99092 64238 28482 4362 115796
per lane and write latency: the passing runs in steps from 0 (width in steps / ps; edges: steps from the run's end to half the beats wrong), FPGA 54.5 C, board 47.5 C
  m0 wl 0: +18..+32 (15 / 251 ps; edges 12 / 11)
  m1 wl 0: +19..+32 (14 / 234 ps; edges 10 / 12)
  m2 wl 0: +7..+32 (26 / 435 ps; edges 9 / 12)
  m3 wl 0: +28..+33 (6 / 100 ps; edges 8 / 12)
  m4 wl 0: +25..+33 (9 / 151 ps; edges 9 / 12)
  m5 wl 0: +32..+33 (2 / 33 ps; edges 10 / 11)
  m6 wl 0: +21..+33 (13 / 218 ps; edges 11 / 11)
  m7 wl 0: +24..+31 (8 / 134 ps; edges 10 / 11)
  m8 wl 0: none
  m0 wl 6: none
  m1 wl 6: none
  m2 wl 6: none
  m3 wl 6: +6..+8 (3 / 50 ps; edges 11 / 11)
  m4 wl 6: none
  m5 wl 6: +6..+12 (7 / 117 ps; edges 11 / 9)
  m6 wl 6: none
  m7 wl 6: none
  m8 wl 6: +6..+17 (12 / 201 ps; edges 10 / 11)
raw data: wscan_ch1.json
